2025-08-31 20:14:39,016 - ProximalNewton: lam=15, n_grid=200, cd_sweeps=2, basis_order=0, n_samples=3200, K=3201
2025-08-31 20:14:47,379 - Iter   0: obj=0.000000, change=7.18e-01, α=1.000, ‖θ[1:]‖₁=1.564, num_selected_knots=279
2025-08-31 20:14:53,672 - Iter   1: obj=-15.196981, change=4.76e-01, α=1.000, ‖θ[1:]‖₁=1.606, num_selected_knots=222
2025-08-31 20:15:00,070 - Iter   2: obj=-27.040704, change=1.84e-01, α=1.000, ‖θ[1:]‖₁=1.831, num_selected_knots=206
2025-08-31 20:15:06,722 - Iter   3: obj=-32.798504, change=5.41e-02, α=1.000, ‖θ[1:]‖₁=1.605, num_selected_knots=153
2025-08-31 20:15:13,370 - Iter   4: obj=-38.065354, change=7.69e-02, α=1.000, ‖θ[1:]‖₁=1.436, num_selected_knots=122
2025-08-31 20:15:19,812 - Iter   5: obj=-40.221771, change=3.25e-02, α=1.000, ‖θ[1:]‖₁=1.445, num_selected_knots=106
2025-08-31 20:15:26,149 - Iter   6: obj=-40.937849, change=2.25e-02, α=1.000, ‖θ[1:]‖₁=1.469, num_selected_knots=92
2025-08-31 20:15:32,597 - Iter   7: obj=-41.468693, change=1.61e-02, α=1.000, ‖θ[1:]‖₁=1.463, num_selected_knots=77
2025-08-31 20:15:39,605 - Iter   8: obj=-41.787024, change=1.22e-02, α=1.000, ‖θ[1:]‖₁=1.459, num_selected_knots=71
2025-08-31 20:15:45,891 - Iter   9: obj=-41.930998, change=4.40e-03, α=1.000, ‖θ[1:]‖₁=1.458, num_selected_knots=67
2025-08-31 20:15:52,258 - Iter  10: obj=-42.021297, change=4.37e-03, α=1.000, ‖θ[1:]‖₁=1.456, num_selected_knots=66
2025-08-31 20:15:58,779 - Iter  11: obj=-42.093653, change=4.13e-03, α=1.000, ‖θ[1:]‖₁=1.454, num_selected_knots=60
2025-08-31 20:16:05,243 - Iter  12: obj=-42.144578, change=3.84e-03, α=1.000, ‖θ[1:]‖₁=1.450, num_selected_knots=59
2025-08-31 20:16:11,670 - Iter  13: obj=-42.187648, change=3.68e-03, α=1.000, ‖θ[1:]‖₁=1.444, num_selected_knots=59
2025-08-31 20:16:18,052 - Iter  14: obj=-42.228197, change=5.31e-03, α=1.000, ‖θ[1:]‖₁=1.437, num_selected_knots=59
2025-08-31 20:16:24,950 - Iter  15: obj=-42.268961, change=6.68e-03, α=1.000, ‖θ[1:]‖₁=1.430, num_selected_knots=57
2025-08-31 20:16:32,082 - Iter  16: obj=-42.304811, change=8.14e-03, α=1.000, ‖θ[1:]‖₁=1.422, num_selected_knots=57
2025-08-31 20:16:38,825 - Iter  17: obj=-42.336583, change=7.29e-03, α=1.000, ‖θ[1:]‖₁=1.413, num_selected_knots=55
2025-08-31 20:16:45,557 - Iter  18: obj=-42.366438, change=5.63e-03, α=1.000, ‖θ[1:]‖₁=1.407, num_selected_knots=52
2025-08-31 20:16:52,357 - Iter  19: obj=-42.393650, change=4.18e-03, α=1.000, ‖θ[1:]‖₁=1.405, num_selected_knots=49
2025-08-31 20:16:59,519 - Iter  20: obj=-42.414534, change=3.97e-03, α=1.000, ‖θ[1:]‖₁=1.405, num_selected_knots=49
2025-08-31 20:17:05,932 - Iter  21: obj=-42.433714, change=3.80e-03, α=1.000, ‖θ[1:]‖₁=1.408, num_selected_knots=47
2025-08-31 20:17:12,605 - Iter  22: obj=-42.452582, change=3.70e-03, α=1.000, ‖θ[1:]‖₁=1.412, num_selected_knots=46
2025-08-31 20:17:19,056 - Iter  23: obj=-42.466331, change=3.62e-03, α=1.000, ‖θ[1:]‖₁=1.416, num_selected_knots=46
2025-08-31 20:17:25,153 - Iter  24: obj=-42.477977, change=3.55e-03, α=1.000, ‖θ[1:]‖₁=1.419, num_selected_knots=45
2025-08-31 20:17:31,669 - Iter  25: obj=-42.489247, change=2.72e-03, α=1.000, ‖θ[1:]‖₁=1.422, num_selected_knots=44
2025-08-31 20:17:38,103 - Iter  26: obj=-42.499825, change=3.03e-03, α=1.000, ‖θ[1:]‖₁=1.424, num_selected_knots=44
2025-08-31 20:17:44,134 - Iter  27: obj=-42.507876, change=2.29e-03, α=1.000, ‖θ[1:]‖₁=1.426, num_selected_knots=44
2025-08-31 20:17:50,644 - Iter  28: obj=-42.515227, change=2.27e-03, α=1.000, ‖θ[1:]‖₁=1.428, num_selected_knots=44
2025-08-31 20:17:56,843 - Iter  29: obj=-42.522311, change=1.57e-03, α=1.000, ‖θ[1:]‖₁=1.429, num_selected_knots=43
2025-08-31 20:18:03,969 - Iter  30: obj=-42.527813, change=1.37e-03, α=1.000, ‖θ[1:]‖₁=1.430, num_selected_knots=43
2025-08-31 20:18:10,186 - Iter  31: obj=-42.532520, change=1.22e-03, α=1.000, ‖θ[1:]‖₁=1.430, num_selected_knots=43
2025-08-31 20:18:16,311 - Iter  32: obj=-42.537214, change=1.16e-03, α=1.000, ‖θ[1:]‖₁=1.430, num_selected_knots=43
2025-08-31 20:18:22,644 - Iter  33: obj=-42.541907, change=1.17e-03, α=1.000, ‖θ[1:]‖₁=1.429, num_selected_knots=42
2025-08-31 20:18:29,204 - Iter  34: obj=-42.546678, change=1.14e-03, α=1.000, ‖θ[1:]‖₁=1.429, num_selected_knots=41
2025-08-31 20:18:35,797 - Iter  35: obj=-42.551296, change=1.12e-03, α=1.000, ‖θ[1:]‖₁=1.429, num_selected_knots=41
2025-08-31 20:18:42,556 - Iter  36: obj=-42.555701, change=1.12e-03, α=1.000, ‖θ[1:]‖₁=1.429, num_selected_knots=41
2025-08-31 20:18:49,005 - Iter  37: obj=-42.559940, change=1.13e-03, α=1.000, ‖θ[1:]‖₁=1.429, num_selected_knots=40
2025-08-31 20:18:55,668 - Iter  38: obj=-42.563497, change=1.14e-03, α=1.000, ‖θ[1:]‖₁=1.429, num_selected_knots=39
2025-08-31 20:19:03,583 - Iter  39: obj=-42.566935, change=1.16e-03, α=1.000, ‖θ[1:]‖₁=1.429, num_selected_knots=39
2025-08-31 20:19:09,817 - Iter  40: obj=-42.570492, change=1.16e-03, α=1.000, ‖θ[1:]‖₁=1.430, num_selected_knots=39
2025-08-31 20:19:16,297 - Iter  41: obj=-42.574215, change=1.18e-03, α=1.000, ‖θ[1:]‖₁=1.431, num_selected_knots=38
2025-08-31 20:19:22,654 - Iter  42: obj=-42.578102, change=1.20e-03, α=1.000, ‖θ[1:]‖₁=1.432, num_selected_knots=38
2025-08-31 20:19:29,213 - Iter  43: obj=-42.581776, change=1.23e-03, α=1.000, ‖θ[1:]‖₁=1.433, num_selected_knots=37
2025-08-31 20:19:35,741 - Iter  44: obj=-42.585398, change=1.25e-03, α=1.000, ‖θ[1:]‖₁=1.434, num_selected_knots=37
2025-08-31 20:19:43,117 - Iter  45: obj=-42.588089, change=1.28e-03, α=1.000, ‖θ[1:]‖₁=1.435, num_selected_knots=37
2025-08-31 20:19:49,738 - Iter  46: obj=-42.590772, change=1.30e-03, α=1.000, ‖θ[1:]‖₁=1.436, num_selected_knots=37
2025-08-31 20:19:56,068 - Iter  47: obj=-42.593460, change=1.31e-03, α=1.000, ‖θ[1:]‖₁=1.437, num_selected_knots=37
2025-08-31 20:20:02,290 - Iter  48: obj=-42.596155, change=1.33e-03, α=1.000, ‖θ[1:]‖₁=1.438, num_selected_knots=37
2025-08-31 20:20:08,443 - Iter  49: obj=-42.598861, change=1.35e-03, α=1.000, ‖θ[1:]‖₁=1.439, num_selected_knots=37
2025-08-31 20:20:14,684 - Iter  50: obj=-42.601580, change=1.37e-03, α=1.000, ‖θ[1:]‖₁=1.440, num_selected_knots=37
2025-08-31 20:20:21,145 - Iter  51: obj=-42.604314, change=1.39e-03, α=1.000, ‖θ[1:]‖₁=1.441, num_selected_knots=37
2025-08-31 20:20:27,713 - Iter  52: obj=-42.607143, change=1.41e-03, α=1.000, ‖θ[1:]‖₁=1.441, num_selected_knots=37
2025-08-31 20:20:34,043 - Iter  53: obj=-42.610102, change=1.43e-03, α=1.000, ‖θ[1:]‖₁=1.442, num_selected_knots=37
2025-08-31 20:20:40,923 - Iter  54: obj=-42.613195, change=1.45e-03, α=1.000, ‖θ[1:]‖₁=1.443, num_selected_knots=36
2025-08-31 20:20:47,702 - Iter  55: obj=-42.616425, change=1.34e-03, α=1.000, ‖θ[1:]‖₁=1.444, num_selected_knots=36
2025-08-31 20:20:54,464 - Iter  56: obj=-42.619757, change=1.33e-03, α=1.000, ‖θ[1:]‖₁=1.444, num_selected_knots=36
2025-08-31 20:21:00,533 - Iter  57: obj=-42.623707, change=1.74e-03, α=1.000, ‖θ[1:]‖₁=1.445, num_selected_knots=35
2025-08-31 20:21:06,506 - Iter  58: obj=-42.628227, change=1.65e-03, α=1.000, ‖θ[1:]‖₁=1.445, num_selected_knots=35
2025-08-31 20:21:12,799 - Iter  59: obj=-42.632452, change=1.46e-03, α=1.000, ‖θ[1:]‖₁=1.446, num_selected_knots=35
2025-08-31 20:21:18,986 - Iter  60: obj=-42.636659, change=1.32e-03, α=1.000, ‖θ[1:]‖₁=1.446, num_selected_knots=34
2025-08-31 20:21:25,194 - Iter  61: obj=-42.641058, change=1.29e-03, α=1.000, ‖θ[1:]‖₁=1.446, num_selected_knots=33
2025-08-31 20:21:31,616 - Iter  62: obj=-42.644866, change=1.27e-03, α=1.000, ‖θ[1:]‖₁=1.446, num_selected_knots=33
2025-08-31 20:21:37,793 - Iter  63: obj=-42.648083, change=1.27e-03, α=1.000, ‖θ[1:]‖₁=1.447, num_selected_knots=33
2025-08-31 20:21:43,775 - Iter  64: obj=-42.651213, change=1.28e-03, α=1.000, ‖θ[1:]‖₁=1.447, num_selected_knots=33
2025-08-31 20:21:49,968 - Iter  65: obj=-42.654312, change=1.28e-03, α=1.000, ‖θ[1:]‖₁=1.447, num_selected_knots=33
2025-08-31 20:21:56,109 - Iter  66: obj=-42.657391, change=1.25e-03, α=1.000, ‖θ[1:]‖₁=1.447, num_selected_knots=33
2025-08-31 20:22:02,137 - Iter  67: obj=-42.660446, change=1.25e-03, α=1.000, ‖θ[1:]‖₁=1.448, num_selected_knots=33
2025-08-31 20:22:08,165 - Iter  68: obj=-42.663620, change=1.24e-03, α=1.000, ‖θ[1:]‖₁=1.448, num_selected_knots=33
2025-08-31 20:22:14,200 - Iter  69: obj=-42.667162, change=1.23e-03, α=1.000, ‖θ[1:]‖₁=1.448, num_selected_knots=33
2025-08-31 20:22:21,118 - Iter  70: obj=-42.671167, change=1.22e-03, α=1.000, ‖θ[1:]‖₁=1.449, num_selected_knots=32
2025-08-31 20:22:27,766 - Iter  71: obj=-42.675619, change=1.22e-03, α=1.000, ‖θ[1:]‖₁=1.449, num_selected_knots=31
2025-08-31 20:22:33,934 - Iter  72: obj=-42.680003, change=1.20e-03, α=1.000, ‖θ[1:]‖₁=1.449, num_selected_knots=31
2025-08-31 20:22:40,128 - Iter  73: obj=-42.684168, change=1.20e-03, α=1.000, ‖θ[1:]‖₁=1.450, num_selected_knots=31
2025-08-31 20:22:46,483 - Iter  74: obj=-42.688237, change=1.21e-03, α=1.000, ‖θ[1:]‖₁=1.450, num_selected_knots=30
2025-08-31 20:22:52,674 - Iter  75: obj=-42.692219, change=1.24e-03, α=1.000, ‖θ[1:]‖₁=1.450, num_selected_knots=30
2025-08-31 20:22:59,293 - Iter  76: obj=-42.696106, change=1.21e-03, α=1.000, ‖θ[1:]‖₁=1.450, num_selected_knots=30
2025-08-31 20:23:05,709 - Iter  77: obj=-42.699934, change=1.20e-03, α=1.000, ‖θ[1:]‖₁=1.451, num_selected_knots=30
2025-08-31 20:23:12,245 - Iter  78: obj=-42.703694, change=1.21e-03, α=1.000, ‖θ[1:]‖₁=1.451, num_selected_knots=29
2025-08-31 20:23:18,781 - Iter  79: obj=-42.707432, change=1.20e-03, α=1.000, ‖θ[1:]‖₁=1.453, num_selected_knots=30
2025-08-31 20:23:25,125 - Iter  80: obj=-42.710636, change=1.17e-03, α=1.000, ‖θ[1:]‖₁=1.455, num_selected_knots=30
2025-08-31 20:23:31,370 - Iter  81: obj=-42.713726, change=1.23e-03, α=1.000, ‖θ[1:]‖₁=1.457, num_selected_knots=30
2025-08-31 20:23:37,439 - Iter  82: obj=-42.716760, change=1.22e-03, α=1.000, ‖θ[1:]‖₁=1.458, num_selected_knots=30
2025-08-31 20:23:43,569 - Iter  83: obj=-42.719732, change=1.19e-03, α=1.000, ‖θ[1:]‖₁=1.460, num_selected_knots=30
2025-08-31 20:23:49,577 - Iter  84: obj=-42.722639, change=1.17e-03, α=1.000, ‖θ[1:]‖₁=1.461, num_selected_knots=30
2025-08-31 20:23:55,978 - Iter  85: obj=-42.725484, change=1.16e-03, α=1.000, ‖θ[1:]‖₁=1.462, num_selected_knots=30
2025-08-31 20:24:02,367 - Iter  86: obj=-42.728271, change=1.16e-03, α=1.000, ‖θ[1:]‖₁=1.462, num_selected_knots=30
2025-08-31 20:24:08,957 - Iter  87: obj=-42.731004, change=1.17e-03, α=1.000, ‖θ[1:]‖₁=1.463, num_selected_knots=30
2025-08-31 20:24:15,199 - Iter  88: obj=-42.733688, change=1.18e-03, α=1.000, ‖θ[1:]‖₁=1.464, num_selected_knots=30
2025-08-31 20:24:21,332 - Iter  89: obj=-42.736329, change=1.19e-03, α=1.000, ‖θ[1:]‖₁=1.464, num_selected_knots=30
2025-08-31 20:24:27,478 - Iter  90: obj=-42.738930, change=1.19e-03, α=1.000, ‖θ[1:]‖₁=1.465, num_selected_knots=30
2025-08-31 20:24:33,898 - Iter  91: obj=-42.741496, change=1.20e-03, α=1.000, ‖θ[1:]‖₁=1.465, num_selected_knots=30
2025-08-31 20:24:40,112 - Iter  92: obj=-42.744030, change=1.20e-03, α=1.000, ‖θ[1:]‖₁=1.465, num_selected_knots=30
2025-08-31 20:24:46,311 - Iter  93: obj=-42.746533, change=1.21e-03, α=1.000, ‖θ[1:]‖₁=1.466, num_selected_knots=30
2025-08-31 20:24:52,461 - Iter  94: obj=-42.749008, change=1.21e-03, α=1.000, ‖θ[1:]‖₁=1.466, num_selected_knots=30
2025-08-31 20:24:58,470 - Iter  95: obj=-42.751456, change=1.21e-03, α=1.000, ‖θ[1:]‖₁=1.466, num_selected_knots=30
2025-08-31 20:25:04,572 - Iter  96: obj=-42.753879, change=1.10e-03, α=1.000, ‖θ[1:]‖₁=1.467, num_selected_knots=29
2025-08-31 20:25:10,642 - Iter  97: obj=-42.756258, change=6.61e-04, α=1.000, ‖θ[1:]‖₁=1.468, num_selected_knots=30
2025-08-31 20:25:16,672 - Iter  98: obj=-42.757948, change=6.28e-04, α=1.000, ‖θ[1:]‖₁=1.468, num_selected_knots=30
2025-08-31 20:25:22,563 - Iter  99: obj=-42.759405, change=6.28e-04, α=1.000, ‖θ[1:]‖₁=1.469, num_selected_knots=29
2025-08-31 20:25:28,491 - Iter 100: obj=-42.760781, change=6.22e-04, α=1.000, ‖θ[1:]‖₁=1.469, num_selected_knots=29
2025-08-31 20:25:34,498 - Iter 101: obj=-42.762050, change=6.14e-04, α=1.000, ‖θ[1:]‖₁=1.470, num_selected_knots=29
2025-08-31 20:25:40,611 - Iter 102: obj=-42.763231, change=6.09e-04, α=1.000, ‖θ[1:]‖₁=1.470, num_selected_knots=29
2025-08-31 20:25:46,716 - Iter 103: obj=-42.764333, change=6.03e-04, α=1.000, ‖θ[1:]‖₁=1.470, num_selected_knots=29
2025-08-31 20:25:52,816 - Iter 104: obj=-42.765376, change=5.96e-04, α=1.000, ‖θ[1:]‖₁=1.471, num_selected_knots=29
2025-08-31 20:25:58,823 - Iter 105: obj=-42.766373, change=5.88e-04, α=1.000, ‖θ[1:]‖₁=1.471, num_selected_knots=29
2025-08-31 20:26:04,887 - Iter 106: obj=-42.767331, change=5.80e-04, α=1.000, ‖θ[1:]‖₁=1.471, num_selected_knots=29
2025-08-31 20:26:10,852 - Iter 107: obj=-42.768255, change=5.72e-04, α=1.000, ‖θ[1:]‖₁=1.472, num_selected_knots=28
2025-08-31 20:26:16,978 - Iter 108: obj=-42.769150, change=5.64e-04, α=1.000, ‖θ[1:]‖₁=1.472, num_selected_knots=28
2025-08-31 20:26:23,107 - Iter 109: obj=-42.770028, change=5.39e-04, α=1.000, ‖θ[1:]‖₁=1.473, num_selected_knots=28
2025-08-31 20:26:29,085 - Iter 110: obj=-42.771145, change=9.09e-04, α=1.000, ‖θ[1:]‖₁=1.476, num_selected_knots=28
2025-08-31 20:26:35,316 - Iter 111: obj=-42.772078, change=8.25e-04, α=1.000, ‖θ[1:]‖₁=1.478, num_selected_knots=28
2025-08-31 20:26:41,326 - Iter 112: obj=-42.772908, change=7.59e-04, α=1.000, ‖θ[1:]‖₁=1.480, num_selected_knots=28
2025-08-31 20:26:47,316 - Iter 113: obj=-42.773661, change=7.04e-04, α=1.000, ‖θ[1:]‖₁=1.482, num_selected_knots=28
2025-08-31 20:26:53,361 - Iter 114: obj=-42.774354, change=6.59e-04, α=1.000, ‖θ[1:]‖₁=1.484, num_selected_knots=28
2025-08-31 20:26:59,315 - Iter 115: obj=-42.774998, change=6.21e-04, α=1.000, ‖θ[1:]‖₁=1.486, num_selected_knots=28
2025-08-31 20:27:05,465 - Iter 116: obj=-42.775598, change=5.87e-04, α=1.000, ‖θ[1:]‖₁=1.487, num_selected_knots=28
2025-08-31 20:27:11,441 - Iter 117: obj=-42.776159, change=5.57e-04, α=1.000, ‖θ[1:]‖₁=1.489, num_selected_knots=28
2025-08-31 20:27:17,696 - Iter 118: obj=-42.776684, change=5.30e-04, α=1.000, ‖θ[1:]‖₁=1.490, num_selected_knots=28
2025-08-31 20:27:23,903 - Iter 119: obj=-42.777178, change=5.06e-04, α=1.000, ‖θ[1:]‖₁=1.491, num_selected_knots=28
2025-08-31 20:27:30,085 - Iter 120: obj=-42.777642, change=4.83e-04, α=1.000, ‖θ[1:]‖₁=1.492, num_selected_knots=28
2025-08-31 20:27:36,282 - Iter 121: obj=-42.778079, change=4.63e-04, α=1.000, ‖θ[1:]‖₁=1.493, num_selected_knots=28
2025-08-31 20:27:42,413 - Iter 122: obj=-42.778491, change=4.44e-04, α=1.000, ‖θ[1:]‖₁=1.494, num_selected_knots=28
2025-08-31 20:27:48,527 - Iter 123: obj=-42.778881, change=4.26e-04, α=1.000, ‖θ[1:]‖₁=1.495, num_selected_knots=28
2025-08-31 20:27:54,685 - Iter 124: obj=-42.779250, change=4.09e-04, α=1.000, ‖θ[1:]‖₁=1.496, num_selected_knots=28
2025-08-31 20:28:00,717 - Iter 125: obj=-42.779600, change=3.93e-04, α=1.000, ‖θ[1:]‖₁=1.497, num_selected_knots=28
2025-08-31 20:28:06,901 - Iter 126: obj=-42.779933, change=3.78e-04, α=1.000, ‖θ[1:]‖₁=1.498, num_selected_knots=28
2025-08-31 20:28:13,038 - Iter 127: obj=-42.780250, change=3.64e-04, α=1.000, ‖θ[1:]‖₁=1.499, num_selected_knots=28
2025-08-31 20:28:19,206 - Iter 128: obj=-42.780553, change=3.50e-04, α=1.000, ‖θ[1:]‖₁=1.499, num_selected_knots=28
2025-08-31 20:28:25,196 - Iter 129: obj=-42.780841, change=3.37e-04, α=1.000, ‖θ[1:]‖₁=1.500, num_selected_knots=28
2025-08-31 20:28:31,136 - Iter 130: obj=-42.781117, change=3.25e-04, α=1.000, ‖θ[1:]‖₁=1.501, num_selected_knots=28
2025-08-31 20:28:37,170 - Iter 131: obj=-42.781382, change=3.13e-04, α=1.000, ‖θ[1:]‖₁=1.501, num_selected_knots=28
2025-08-31 20:28:43,325 - Iter 132: obj=-42.781637, change=3.02e-04, α=1.000, ‖θ[1:]‖₁=1.502, num_selected_knots=28
2025-08-31 20:28:49,432 - Iter 133: obj=-42.781881, change=2.91e-04, α=1.000, ‖θ[1:]‖₁=1.502, num_selected_knots=28
2025-08-31 20:28:55,768 - Iter 134: obj=-42.782117, change=2.80e-04, α=1.000, ‖θ[1:]‖₁=1.503, num_selected_knots=28
2025-08-31 20:29:01,909 - Iter 135: obj=-42.782344, change=2.72e-04, α=1.000, ‖θ[1:]‖₁=1.503, num_selected_knots=28
2025-08-31 20:29:08,072 - Iter 136: obj=-42.782564, change=2.66e-04, α=1.000, ‖θ[1:]‖₁=1.504, num_selected_knots=28
2025-08-31 20:29:14,471 - Iter 137: obj=-42.782777, change=2.60e-04, α=1.000, ‖θ[1:]‖₁=1.504, num_selected_knots=28
2025-08-31 20:29:20,384 - Iter 138: obj=-42.782983, change=2.54e-04, α=1.000, ‖θ[1:]‖₁=1.505, num_selected_knots=28
2025-08-31 20:29:26,556 - Iter 139: obj=-42.783184, change=2.48e-04, α=1.000, ‖θ[1:]‖₁=1.505, num_selected_knots=28
2025-08-31 20:29:32,442 - Iter 140: obj=-42.783379, change=2.42e-04, α=1.000, ‖θ[1:]‖₁=1.505, num_selected_knots=28
2025-08-31 20:29:38,521 - Iter 141: obj=-42.783569, change=2.36e-04, α=1.000, ‖θ[1:]‖₁=1.506, num_selected_knots=28
2025-08-31 20:29:44,529 - Iter 142: obj=-42.783754, change=2.36e-04, α=1.000, ‖θ[1:]‖₁=1.506, num_selected_knots=28
2025-08-31 20:29:50,629 - Iter 143: obj=-42.783935, change=2.37e-04, α=1.000, ‖θ[1:]‖₁=1.506, num_selected_knots=28
2025-08-31 20:29:56,865 - Iter 144: obj=-42.784112, change=2.38e-04, α=1.000, ‖θ[1:]‖₁=1.506, num_selected_knots=28
2025-08-31 20:30:02,924 - Iter 145: obj=-42.784285, change=2.38e-04, α=1.000, ‖θ[1:]‖₁=1.507, num_selected_knots=28
2025-08-31 20:30:09,363 - Iter 146: obj=-42.784455, change=2.39e-04, α=1.000, ‖θ[1:]‖₁=1.507, num_selected_knots=28
2025-08-31 20:30:15,695 - Iter 147: obj=-42.784621, change=2.39e-04, α=1.000, ‖θ[1:]‖₁=1.507, num_selected_knots=28
2025-08-31 20:30:21,967 - Iter 148: obj=-42.784785, change=2.39e-04, α=1.000, ‖θ[1:]‖₁=1.507, num_selected_knots=28
2025-08-31 20:30:28,053 - Iter 149: obj=-42.784946, change=2.39e-04, α=1.000, ‖θ[1:]‖₁=1.507, num_selected_knots=28
2025-08-31 20:30:34,201 - Iter 150: obj=-42.785104, change=2.39e-04, α=1.000, ‖θ[1:]‖₁=1.508, num_selected_knots=28
2025-08-31 20:30:40,324 - Iter 151: obj=-42.785260, change=2.39e-04, α=1.000, ‖θ[1:]‖₁=1.508, num_selected_knots=28
2025-08-31 20:30:46,487 - Iter 152: obj=-42.785413, change=2.38e-04, α=1.000, ‖θ[1:]‖₁=1.508, num_selected_knots=28
2025-08-31 20:30:52,505 - Iter 153: obj=-42.785565, change=2.38e-04, α=1.000, ‖θ[1:]‖₁=1.508, num_selected_knots=28
2025-08-31 20:30:58,626 - Iter 154: obj=-42.785714, change=2.37e-04, α=1.000, ‖θ[1:]‖₁=1.508, num_selected_knots=28
2025-08-31 20:31:04,717 - Iter 155: obj=-42.785861, change=2.36e-04, α=1.000, ‖θ[1:]‖₁=1.508, num_selected_knots=28
2025-08-31 20:31:11,312 - Iter 156: obj=-42.786006, change=2.35e-04, α=1.000, ‖θ[1:]‖₁=1.508, num_selected_knots=28
2025-08-31 20:31:17,591 - Iter 157: obj=-42.786149, change=2.34e-04, α=1.000, ‖θ[1:]‖₁=1.508, num_selected_knots=28
2025-08-31 20:31:23,694 - Iter 158: obj=-42.786291, change=2.32e-04, α=1.000, ‖θ[1:]‖₁=1.508, num_selected_knots=28
2025-08-31 20:31:29,953 - Iter 159: obj=-42.786431, change=2.31e-04, α=1.000, ‖θ[1:]‖₁=1.508, num_selected_knots=28
2025-08-31 20:31:36,130 - Iter 160: obj=-42.786569, change=2.30e-04, α=1.000, ‖θ[1:]‖₁=1.508, num_selected_knots=28
2025-08-31 20:31:42,414 - Iter 161: obj=-42.786706, change=2.28e-04, α=1.000, ‖θ[1:]‖₁=1.508, num_selected_knots=28
2025-08-31 20:31:48,414 - Iter 162: obj=-42.786841, change=2.27e-04, α=1.000, ‖θ[1:]‖₁=1.508, num_selected_knots=28
2025-08-31 20:31:54,513 - Iter 163: obj=-42.786975, change=2.25e-04, α=1.000, ‖θ[1:]‖₁=1.508, num_selected_knots=28
2025-08-31 20:32:00,696 - Iter 164: obj=-42.787107, change=2.23e-04, α=1.000, ‖θ[1:]‖₁=1.508, num_selected_knots=28
2025-08-31 20:32:06,795 - Iter 165: obj=-42.787238, change=2.21e-04, α=1.000, ‖θ[1:]‖₁=1.508, num_selected_knots=28
2025-08-31 20:32:13,089 - Iter 166: obj=-42.787367, change=2.19e-04, α=1.000, ‖θ[1:]‖₁=1.508, num_selected_knots=28
2025-08-31 20:32:19,661 - Iter 167: obj=-42.787495, change=2.18e-04, α=1.000, ‖θ[1:]‖₁=1.508, num_selected_knots=28
2025-08-31 20:32:25,932 - Iter 168: obj=-42.787621, change=2.16e-04, α=1.000, ‖θ[1:]‖₁=1.508, num_selected_knots=28
2025-08-31 20:32:32,073 - Iter 169: obj=-42.787746, change=2.14e-04, α=1.000, ‖θ[1:]‖₁=1.508, num_selected_knots=28
2025-08-31 20:32:38,515 - Iter 170: obj=-42.787869, change=2.12e-04, α=1.000, ‖θ[1:]‖₁=1.508, num_selected_knots=28
2025-08-31 20:32:44,686 - Iter 171: obj=-42.787991, change=2.12e-04, α=1.000, ‖θ[1:]‖₁=1.508, num_selected_knots=28
2025-08-31 20:32:51,202 - Iter 172: obj=-42.788112, change=2.11e-04, α=1.000, ‖θ[1:]‖₁=1.507, num_selected_knots=28
2025-08-31 20:32:57,443 - Iter 173: obj=-42.788231, change=2.10e-04, α=1.000, ‖θ[1:]‖₁=1.507, num_selected_knots=28
2025-08-31 20:33:03,799 - Iter 174: obj=-42.788348, change=2.10e-04, α=1.000, ‖θ[1:]‖₁=1.507, num_selected_knots=28
2025-08-31 20:33:09,977 - Iter 175: obj=-42.788465, change=2.09e-04, α=1.000, ‖θ[1:]‖₁=1.507, num_selected_knots=28
2025-08-31 20:33:16,353 - Iter 176: obj=-42.788579, change=2.08e-04, α=1.000, ‖θ[1:]‖₁=1.507, num_selected_knots=28
2025-08-31 20:33:22,697 - Iter 177: obj=-42.788693, change=2.07e-04, α=1.000, ‖θ[1:]‖₁=1.507, num_selected_knots=28
2025-08-31 20:33:28,831 - Iter 178: obj=-42.788805, change=2.06e-04, α=1.000, ‖θ[1:]‖₁=1.507, num_selected_knots=28
2025-08-31 20:33:35,232 - Iter 179: obj=-42.788915, change=2.05e-04, α=1.000, ‖θ[1:]‖₁=1.507, num_selected_knots=28
2025-08-31 20:33:41,336 - Iter 180: obj=-42.789024, change=2.04e-04, α=1.000, ‖θ[1:]‖₁=1.506, num_selected_knots=28
2025-08-31 20:33:47,669 - Iter 181: obj=-42.789131, change=2.03e-04, α=1.000, ‖θ[1:]‖₁=1.506, num_selected_knots=28
2025-08-31 20:33:53,720 - Iter 182: obj=-42.789237, change=2.02e-04, α=1.000, ‖θ[1:]‖₁=1.506, num_selected_knots=28
2025-08-31 20:33:59,649 - Iter 183: obj=-42.789342, change=2.00e-04, α=1.000, ‖θ[1:]‖₁=1.506, num_selected_knots=28
2025-08-31 20:34:05,835 - Iter 184: obj=-42.789444, change=1.99e-04, α=1.000, ‖θ[1:]‖₁=1.506, num_selected_knots=28
2025-08-31 20:34:12,023 - Iter 185: obj=-42.789546, change=1.98e-04, α=1.000, ‖θ[1:]‖₁=1.506, num_selected_knots=28
2025-08-31 20:34:18,263 - Iter 186: obj=-42.789646, change=1.96e-04, α=1.000, ‖θ[1:]‖₁=1.505, num_selected_knots=28
2025-08-31 20:34:24,243 - Iter 187: obj=-42.789744, change=1.95e-04, α=1.000, ‖θ[1:]‖₁=1.505, num_selected_knots=28
2025-08-31 20:34:30,349 - Iter 188: obj=-42.789840, change=1.93e-04, α=1.000, ‖θ[1:]‖₁=1.505, num_selected_knots=28
2025-08-31 20:34:36,484 - Iter 189: obj=-42.789936, change=1.91e-04, α=1.000, ‖θ[1:]‖₁=1.505, num_selected_knots=28
2025-08-31 20:34:42,451 - Iter 190: obj=-42.790029, change=1.90e-04, α=1.000, ‖θ[1:]‖₁=1.505, num_selected_knots=28
2025-08-31 20:34:49,349 - Iter 191: obj=-42.790121, change=1.88e-04, α=1.000, ‖θ[1:]‖₁=1.505, num_selected_knots=28
2025-08-31 20:34:56,308 - Iter 192: obj=-42.790212, change=1.86e-04, α=1.000, ‖θ[1:]‖₁=1.504, num_selected_knots=28
2025-08-31 20:35:02,577 - Iter 193: obj=-42.790300, change=1.85e-04, α=1.000, ‖θ[1:]‖₁=1.504, num_selected_knots=28
2025-08-31 20:35:09,395 - Iter 194: obj=-42.790388, change=1.83e-04, α=1.000, ‖θ[1:]‖₁=1.504, num_selected_knots=28
2025-08-31 20:35:15,853 - Iter 195: obj=-42.790473, change=1.81e-04, α=1.000, ‖θ[1:]‖₁=1.504, num_selected_knots=28
2025-08-31 20:35:22,007 - Iter 196: obj=-42.790557, change=1.79e-04, α=1.000, ‖θ[1:]‖₁=1.504, num_selected_knots=28
2025-08-31 20:35:27,977 - Iter 197: obj=-42.790640, change=1.78e-04, α=1.000, ‖θ[1:]‖₁=1.503, num_selected_knots=28
2025-08-31 20:35:33,945 - Iter 198: obj=-42.790721, change=1.76e-04, α=1.000, ‖θ[1:]‖₁=1.503, num_selected_knots=28
2025-08-31 20:35:39,935 - Iter 199: obj=-42.790800, change=1.74e-04, α=1.000, ‖θ[1:]‖₁=1.503, num_selected_knots=28
2025-08-31 20:35:46,401 - Iter 200: obj=-42.790878, change=1.72e-04, α=1.000, ‖θ[1:]‖₁=1.503, num_selected_knots=28
2025-08-31 20:35:53,006 - Iter 201: obj=-42.790954, change=1.70e-04, α=1.000, ‖θ[1:]‖₁=1.503, num_selected_knots=28
2025-08-31 20:35:59,578 - Iter 202: obj=-42.791028, change=1.68e-04, α=1.000, ‖θ[1:]‖₁=1.502, num_selected_knots=28
2025-08-31 20:36:06,203 - Iter 203: obj=-42.791101, change=1.67e-04, α=1.000, ‖θ[1:]‖₁=1.502, num_selected_knots=28
2025-08-31 20:36:13,038 - Iter 204: obj=-42.791173, change=1.65e-04, α=1.000, ‖θ[1:]‖₁=1.502, num_selected_knots=28
2025-08-31 20:36:19,925 - Iter 205: obj=-42.791242, change=1.63e-04, α=1.000, ‖θ[1:]‖₁=1.502, num_selected_knots=28
2025-08-31 20:36:26,686 - Iter 206: obj=-42.791311, change=1.61e-04, α=1.000, ‖θ[1:]‖₁=1.502, num_selected_knots=28
2025-08-31 20:36:33,196 - Iter 207: obj=-42.791377, change=1.59e-04, α=1.000, ‖θ[1:]‖₁=1.501, num_selected_knots=28
2025-08-31 20:36:39,648 - Iter 208: obj=-42.791443, change=1.57e-04, α=1.000, ‖θ[1:]‖₁=1.501, num_selected_knots=28
2025-08-31 20:36:45,955 - Iter 209: obj=-42.791506, change=1.55e-04, α=1.000, ‖θ[1:]‖₁=1.501, num_selected_knots=28
2025-08-31 20:36:52,556 - Iter 210: obj=-42.791569, change=1.53e-04, α=1.000, ‖θ[1:]‖₁=1.501, num_selected_knots=28
2025-08-31 20:36:58,900 - Iter 211: obj=-42.791629, change=1.51e-04, α=1.000, ‖θ[1:]‖₁=1.500, num_selected_knots=28
2025-08-31 20:37:05,026 - Iter 212: obj=-42.791689, change=1.49e-04, α=1.000, ‖θ[1:]‖₁=1.500, num_selected_knots=28
2025-08-31 20:37:11,266 - Iter 213: obj=-42.791746, change=1.47e-04, α=1.000, ‖θ[1:]‖₁=1.500, num_selected_knots=28
2025-08-31 20:37:17,536 - Iter 214: obj=-42.791803, change=1.45e-04, α=1.000, ‖θ[1:]‖₁=1.500, num_selected_knots=28
2025-08-31 20:37:23,688 - Iter 215: obj=-42.791858, change=1.43e-04, α=1.000, ‖θ[1:]‖₁=1.500, num_selected_knots=28
2025-08-31 20:37:29,971 - Iter 216: obj=-42.791911, change=1.41e-04, α=1.000, ‖θ[1:]‖₁=1.499, num_selected_knots=28
2025-08-31 20:37:36,021 - Iter 217: obj=-42.791963, change=1.40e-04, α=1.000, ‖θ[1:]‖₁=1.499, num_selected_knots=28
2025-08-31 20:37:42,089 - Iter 218: obj=-42.792014, change=1.38e-04, α=1.000, ‖θ[1:]‖₁=1.499, num_selected_knots=28
2025-08-31 20:37:48,224 - Iter 219: obj=-42.792063, change=1.36e-04, α=1.000, ‖θ[1:]‖₁=1.499, num_selected_knots=28
2025-08-31 20:37:54,410 - Iter 220: obj=-42.792111, change=1.34e-04, α=1.000, ‖θ[1:]‖₁=1.499, num_selected_knots=28
2025-08-31 20:38:00,677 - Iter 221: obj=-42.792158, change=1.32e-04, α=1.000, ‖θ[1:]‖₁=1.498, num_selected_knots=28
2025-08-31 20:38:06,754 - Iter 222: obj=-42.792204, change=1.30e-04, α=1.000, ‖θ[1:]‖₁=1.498, num_selected_knots=28
2025-08-31 20:38:13,041 - Iter 223: obj=-42.792248, change=1.28e-04, α=1.000, ‖θ[1:]‖₁=1.498, num_selected_knots=28
2025-08-31 20:38:19,083 - Iter 224: obj=-42.792291, change=1.26e-04, α=1.000, ‖θ[1:]‖₁=1.498, num_selected_knots=28
2025-08-31 20:38:25,253 - Iter 225: obj=-42.792333, change=1.24e-04, α=1.000, ‖θ[1:]‖₁=1.497, num_selected_knots=28
2025-08-31 20:38:31,667 - Iter 226: obj=-42.792373, change=1.23e-04, α=1.000, ‖θ[1:]‖₁=1.497, num_selected_knots=28
2025-08-31 20:38:37,823 - Iter 227: obj=-42.792413, change=1.23e-04, α=1.000, ‖θ[1:]‖₁=1.497, num_selected_knots=28
2025-08-31 20:38:44,040 - Iter 228: obj=-42.792451, change=1.22e-04, α=1.000, ‖θ[1:]‖₁=1.497, num_selected_knots=28
2025-08-31 20:38:50,301 - Iter 229: obj=-42.792488, change=1.22e-04, α=1.000, ‖θ[1:]‖₁=1.497, num_selected_knots=28
2025-08-31 20:38:56,520 - Iter 230: obj=-42.792524, change=1.21e-04, α=1.000, ‖θ[1:]‖₁=1.496, num_selected_knots=28
2025-08-31 20:39:02,637 - Iter 231: obj=-42.792559, change=1.20e-04, α=1.000, ‖θ[1:]‖₁=1.496, num_selected_knots=27
2025-08-31 20:39:08,825 - Iter 232: obj=-42.792594, change=1.20e-04, α=1.000, ‖θ[1:]‖₁=1.496, num_selected_knots=27
2025-08-31 20:39:14,920 - Iter 233: obj=-42.792627, change=1.19e-04, α=1.000, ‖θ[1:]‖₁=1.496, num_selected_knots=27
2025-08-31 20:39:21,059 - Iter 234: obj=-42.792659, change=1.18e-04, α=1.000, ‖θ[1:]‖₁=1.496, num_selected_knots=27
2025-08-31 20:39:27,200 - Iter 235: obj=-42.792690, change=1.24e-04, α=1.000, ‖θ[1:]‖₁=1.495, num_selected_knots=27
2025-08-31 20:39:33,234 - Iter 236: obj=-42.792721, change=1.31e-04, α=1.000, ‖θ[1:]‖₁=1.495, num_selected_knots=27
2025-08-31 20:39:39,104 - Iter 237: obj=-42.792752, change=1.28e-04, α=1.000, ‖θ[1:]‖₁=1.495, num_selected_knots=27
2025-08-31 20:39:45,008 - Iter 238: obj=-42.792782, change=1.24e-04, α=1.000, ‖θ[1:]‖₁=1.495, num_selected_knots=27
2025-08-31 20:39:51,125 - Iter 239: obj=-42.792812, change=1.20e-04, α=1.000, ‖θ[1:]‖₁=1.495, num_selected_knots=27
2025-08-31 20:39:57,136 - Iter 240: obj=-42.792841, change=1.15e-04, α=1.000, ‖θ[1:]‖₁=1.495, num_selected_knots=27
2025-08-31 20:40:03,228 - Iter 241: obj=-42.792870, change=1.10e-04, α=1.000, ‖θ[1:]‖₁=1.494, num_selected_knots=27
2025-08-31 20:40:09,167 - Iter 242: obj=-42.792899, change=1.05e-04, α=1.000, ‖θ[1:]‖₁=1.494, num_selected_knots=27
2025-08-31 20:40:15,116 - Iter 243: obj=-42.792927, change=9.96e-05, α=1.000, ‖θ[1:]‖₁=1.494, num_selected_knots=27
2025-08-31 20:40:15,116 - Converged at iteration 243
2025-08-31 20:40:15,127 - Final: obj=-42.792927, selected_knots=27, iterations=244
