2025-08-31 21:00:46,713 - ProximalNewton: lam=0.5, n_grid=200, cd_sweeps=2, basis_order=1, n_samples=3200, K=3202
2025-08-31 21:01:10,544 - Iter   0: obj=0.000000, change=3.77e-01, α=1.000, ‖θ[1:]‖₁=1.823, num_selected_knots=2421
2025-08-31 21:01:14,418 - Iter   1: obj=-19.881750, change=2.65e-01, α=1.000, ‖θ[1:]‖₁=3.191, num_selected_knots=2519
2025-08-31 21:01:19,167 - Iter   2: obj=-34.732163, change=1.57e-01, α=1.000, ‖θ[1:]‖₁=3.844, num_selected_knots=2473
2025-08-31 21:01:22,601 - Iter   3: obj=-39.006648, change=7.34e-02, α=1.000, ‖θ[1:]‖₁=4.128, num_selected_knots=2429
2025-08-31 21:01:25,976 - Iter   4: obj=-39.929156, change=3.42e-02, α=1.000, ‖θ[1:]‖₁=4.244, num_selected_knots=2388
2025-08-31 21:01:29,541 - Iter   5: obj=-40.134749, change=1.54e-02, α=1.000, ‖θ[1:]‖₁=4.284, num_selected_knots=2345
2025-08-31 21:01:33,022 - Iter   6: obj=-40.178912, change=1.31e-02, α=1.000, ‖θ[1:]‖₁=4.286, num_selected_knots=2288
2025-08-31 21:01:36,543 - Iter   7: obj=-40.187326, change=2.62e-03, α=1.000, ‖θ[1:]‖₁=4.309, num_selected_knots=2258
2025-08-31 21:01:44,517 - Iter   8: obj=-40.189279, change=5.92e-03, α=1.000, ‖θ[1:]‖₁=4.301, num_selected_knots=2216
2025-08-31 21:01:52,348 - Iter   9: obj=-40.196842, change=7.71e-03, α=1.000, ‖θ[1:]‖₁=4.278, num_selected_knots=2154
2025-08-31 21:01:56,365 - Iter  10: obj=-40.211092, change=7.93e-03, α=1.000, ‖θ[1:]‖₁=4.251, num_selected_knots=2092
2025-08-31 21:02:02,920 - Iter  11: obj=-40.226989, change=7.69e-03, α=1.000, ‖θ[1:]‖₁=4.224, num_selected_knots=2037
2025-08-31 21:02:06,370 - Iter  12: obj=-40.241542, change=6.98e-03, α=1.000, ‖θ[1:]‖₁=4.199, num_selected_knots=1969
2025-08-31 21:02:10,115 - Iter  13: obj=-40.253617, change=6.12e-03, α=1.000, ‖θ[1:]‖₁=4.177, num_selected_knots=1906
2025-08-31 21:02:14,041 - Iter  14: obj=-40.263193, change=5.17e-03, α=1.000, ‖θ[1:]‖₁=4.160, num_selected_knots=1854
2025-08-31 21:02:21,864 - Iter  15: obj=-40.270541, change=4.46e-03, α=1.000, ‖θ[1:]‖₁=4.144, num_selected_knots=1783
2025-08-31 21:02:25,218 - Iter  16: obj=-40.276383, change=6.54e-03, α=1.000, ‖θ[1:]‖₁=4.131, num_selected_knots=1706
2025-08-31 21:02:28,650 - Iter  17: obj=-40.281413, change=9.07e-03, α=1.000, ‖θ[1:]‖₁=4.119, num_selected_knots=1644
2025-08-31 21:02:32,079 - Iter  18: obj=-40.285950, change=8.50e-03, α=1.000, ‖θ[1:]‖₁=4.110, num_selected_knots=1582
2025-08-31 21:02:36,011 - Iter  19: obj=-40.289713, change=1.01e-02, α=1.000, ‖θ[1:]‖₁=4.104, num_selected_knots=1537
2025-08-31 21:02:44,025 - Iter  20: obj=-40.292913, change=7.48e-03, α=1.000, ‖θ[1:]‖₁=4.098, num_selected_knots=1471
2025-08-31 21:02:48,085 - Iter  21: obj=-40.295838, change=5.38e-03, α=1.000, ‖θ[1:]‖₁=4.094, num_selected_knots=1410
2025-08-31 21:02:54,477 - Iter  22: obj=-40.298603, change=1.02e-02, α=1.000, ‖θ[1:]‖₁=4.091, num_selected_knots=1350
2025-08-31 21:02:58,036 - Iter  23: obj=-40.301372, change=5.95e-03, α=1.000, ‖θ[1:]‖₁=4.090, num_selected_knots=1287
2025-08-31 21:03:01,811 - Iter  24: obj=-40.304896, change=8.69e-03, α=1.000, ‖θ[1:]‖₁=4.089, num_selected_knots=1242
2025-08-31 21:03:05,278 - Iter  25: obj=-40.308601, change=5.29e-03, α=1.000, ‖θ[1:]‖₁=4.090, num_selected_knots=1200
2025-08-31 21:03:09,032 - Iter  26: obj=-40.312398, change=7.12e-03, α=1.000, ‖θ[1:]‖₁=4.092, num_selected_knots=1149
2025-08-31 21:03:14,489 - Iter  27: obj=-40.316281, change=9.21e-03, α=1.000, ‖θ[1:]‖₁=4.094, num_selected_knots=1117
2025-08-31 21:03:17,877 - Iter  28: obj=-40.320189, change=6.36e-03, α=1.000, ‖θ[1:]‖₁=4.097, num_selected_knots=1088
2025-08-31 21:03:21,398 - Iter  29: obj=-40.324373, change=8.53e-03, α=1.000, ‖θ[1:]‖₁=4.101, num_selected_knots=1055
2025-08-31 21:03:32,811 - Iter  30: obj=-40.329163, change=6.64e-03, α=1.000, ‖θ[1:]‖₁=4.105, num_selected_knots=1022
2025-08-31 21:03:41,066 - Iter  31: obj=-40.336591, change=7.90e-03, α=1.000, ‖θ[1:]‖₁=4.111, num_selected_knots=995
2025-08-31 21:03:44,536 - Iter  32: obj=-40.343879, change=8.33e-03, α=1.000, ‖θ[1:]‖₁=4.117, num_selected_knots=982
2025-08-31 21:03:48,267 - Iter  33: obj=-40.351074, change=8.09e-03, α=1.000, ‖θ[1:]‖₁=4.124, num_selected_knots=944
2025-08-31 21:03:54,872 - Iter  34: obj=-40.358282, change=7.79e-03, α=1.000, ‖θ[1:]‖₁=4.132, num_selected_knots=928
2025-08-31 21:03:58,456 - Iter  35: obj=-40.365425, change=7.62e-03, α=1.000, ‖θ[1:]‖₁=4.140, num_selected_knots=911
2025-08-31 21:04:02,370 - Iter  36: obj=-40.372400, change=7.04e-03, α=1.000, ‖θ[1:]‖₁=4.147, num_selected_knots=887
2025-08-31 21:04:05,611 - Iter  37: obj=-40.379363, change=6.59e-03, α=1.000, ‖θ[1:]‖₁=4.155, num_selected_knots=867
2025-08-31 21:04:08,917 - Iter  38: obj=-40.386449, change=6.47e-03, α=1.000, ‖θ[1:]‖₁=4.163, num_selected_knots=854
2025-08-31 21:04:13,039 - Iter  39: obj=-40.393595, change=6.35e-03, α=1.000, ‖θ[1:]‖₁=4.172, num_selected_knots=832
2025-08-31 21:04:16,447 - Iter  40: obj=-40.400757, change=5.78e-03, α=1.000, ‖θ[1:]‖₁=4.180, num_selected_knots=811
2025-08-31 21:04:19,841 - Iter  41: obj=-40.408884, change=1.13e-02, α=1.000, ‖θ[1:]‖₁=4.188, num_selected_knots=803
2025-08-31 21:04:23,414 - Iter  42: obj=-40.420470, change=1.29e-02, α=1.000, ‖θ[1:]‖₁=4.198, num_selected_knots=800
2025-08-31 21:04:26,869 - Iter  43: obj=-40.431444, change=1.26e-02, α=1.000, ‖θ[1:]‖₁=4.209, num_selected_knots=791
2025-08-31 21:04:30,331 - Iter  44: obj=-40.441917, change=1.21e-02, α=1.000, ‖θ[1:]‖₁=4.218, num_selected_knots=785
2025-08-31 21:04:33,760 - Iter  45: obj=-40.452007, change=7.51e-03, α=1.000, ‖θ[1:]‖₁=4.227, num_selected_knots=769
2025-08-31 21:04:37,255 - Iter  46: obj=-40.461839, change=9.30e-03, α=1.000, ‖θ[1:]‖₁=4.235, num_selected_knots=756
2025-08-31 21:04:40,661 - Iter  47: obj=-40.471265, change=1.17e-02, α=1.000, ‖θ[1:]‖₁=4.242, num_selected_knots=743
2025-08-31 21:04:44,122 - Iter  48: obj=-40.480162, change=1.17e-02, α=1.000, ‖θ[1:]‖₁=4.249, num_selected_knots=735
2025-08-31 21:04:47,708 - Iter  49: obj=-40.488859, change=7.64e-03, α=1.000, ‖θ[1:]‖₁=4.256, num_selected_knots=727
2025-08-31 21:04:51,385 - Iter  50: obj=-40.497235, change=1.14e-02, α=1.000, ‖θ[1:]‖₁=4.261, num_selected_knots=720
2025-08-31 21:04:55,121 - Iter  51: obj=-40.505245, change=8.11e-03, α=1.000, ‖θ[1:]‖₁=4.266, num_selected_knots=711
2025-08-31 21:04:58,794 - Iter  52: obj=-40.513079, change=7.45e-03, α=1.000, ‖θ[1:]‖₁=4.271, num_selected_knots=701
2025-08-31 21:05:02,307 - Iter  53: obj=-40.520663, change=7.76e-03, α=1.000, ‖θ[1:]‖₁=4.274, num_selected_knots=686
2025-08-31 21:05:05,879 - Iter  54: obj=-40.527965, change=1.09e-02, α=1.000, ‖θ[1:]‖₁=4.278, num_selected_knots=682
2025-08-31 21:05:12,379 - Iter  55: obj=-40.534947, change=1.08e-02, α=1.000, ‖θ[1:]‖₁=4.281, num_selected_knots=675
2025-08-31 21:05:15,929 - Iter  56: obj=-40.541804, change=1.06e-02, α=1.000, ‖θ[1:]‖₁=4.284, num_selected_knots=668
2025-08-31 21:05:19,742 - Iter  57: obj=-40.548437, change=9.09e-03, α=1.000, ‖θ[1:]‖₁=4.286, num_selected_knots=661
2025-08-31 21:05:23,394 - Iter  58: obj=-40.554860, change=1.03e-02, α=1.000, ‖θ[1:]‖₁=4.288, num_selected_knots=653
2025-08-31 21:05:27,029 - Iter  59: obj=-40.561100, change=7.52e-03, α=1.000, ‖θ[1:]‖₁=4.290, num_selected_knots=646
2025-08-31 21:05:30,518 - Iter  60: obj=-40.567170, change=9.96e-03, α=1.000, ‖θ[1:]‖₁=4.291, num_selected_knots=637
2025-08-31 21:05:37,527 - Iter  61: obj=-40.573031, change=9.95e-03, α=1.000, ‖θ[1:]‖₁=4.293, num_selected_knots=633
2025-08-31 21:05:40,975 - Iter  62: obj=-40.578820, change=8.73e-03, α=1.000, ‖θ[1:]‖₁=4.294, num_selected_knots=624
2025-08-31 21:05:44,590 - Iter  63: obj=-40.584528, change=6.45e-03, α=1.000, ‖θ[1:]‖₁=4.295, num_selected_knots=615
2025-08-31 21:05:48,180 - Iter  64: obj=-40.590105, change=9.56e-03, α=1.000, ‖θ[1:]‖₁=4.295, num_selected_knots=606
2025-08-31 21:05:51,802 - Iter  65: obj=-40.595479, change=9.38e-03, α=1.000, ‖θ[1:]‖₁=4.296, num_selected_knots=599
2025-08-31 21:05:58,286 - Iter  66: obj=-40.600644, change=9.14e-03, α=1.000, ‖θ[1:]‖₁=4.296, num_selected_knots=594
2025-08-31 21:06:01,798 - Iter  67: obj=-40.605666, change=9.09e-03, α=1.000, ‖θ[1:]‖₁=4.296, num_selected_knots=587
2025-08-31 21:06:05,153 - Iter  68: obj=-40.610643, change=8.90e-03, α=1.000, ‖θ[1:]‖₁=4.296, num_selected_knots=581
2025-08-31 21:06:08,648 - Iter  69: obj=-40.615483, change=7.57e-03, α=1.000, ‖θ[1:]‖₁=4.296, num_selected_knots=575
2025-08-31 21:06:12,189 - Iter  70: obj=-40.620223, change=8.70e-03, α=1.000, ‖θ[1:]‖₁=4.296, num_selected_knots=568
2025-08-31 21:06:15,799 - Iter  71: obj=-40.624849, change=7.86e-03, α=1.000, ‖θ[1:]‖₁=4.296, num_selected_knots=563
2025-08-31 21:06:19,251 - Iter  72: obj=-40.629380, change=8.45e-03, α=1.000, ‖θ[1:]‖₁=4.295, num_selected_knots=558
2025-08-31 21:06:22,693 - Iter  73: obj=-40.633823, change=4.97e-03, α=1.000, ‖θ[1:]‖₁=4.294, num_selected_knots=548
2025-08-31 21:06:26,430 - Iter  74: obj=-40.638185, change=8.30e-03, α=1.000, ‖θ[1:]‖₁=4.293, num_selected_knots=544
2025-08-31 21:06:29,954 - Iter  75: obj=-40.642434, change=8.07e-03, α=1.000, ‖θ[1:]‖₁=4.293, num_selected_knots=538
2025-08-31 21:06:33,695 - Iter  76: obj=-40.646527, change=8.04e-03, α=1.000, ‖θ[1:]‖₁=4.291, num_selected_knots=535
2025-08-31 21:06:37,155 - Iter  77: obj=-40.650541, change=7.92e-03, α=1.000, ‖θ[1:]‖₁=4.290, num_selected_knots=533
2025-08-31 21:06:40,628 - Iter  78: obj=-40.654543, change=7.82e-03, α=1.000, ‖θ[1:]‖₁=4.289, num_selected_knots=528
2025-08-31 21:06:44,247 - Iter  79: obj=-40.658470, change=7.69e-03, α=1.000, ‖θ[1:]‖₁=4.288, num_selected_knots=521
2025-08-31 21:06:52,735 - Iter  80: obj=-40.662307, change=7.63e-03, α=1.000, ‖θ[1:]‖₁=4.286, num_selected_knots=514
2025-08-31 21:06:56,547 - Iter  81: obj=-40.666051, change=7.52e-03, α=1.000, ‖θ[1:]‖₁=4.285, num_selected_knots=511
2025-08-31 21:06:59,982 - Iter  82: obj=-40.669708, change=7.41e-03, α=1.000, ‖θ[1:]‖₁=4.283, num_selected_knots=505
2025-08-31 21:07:07,704 - Iter  83: obj=-40.673310, change=5.86e-03, α=1.000, ‖θ[1:]‖₁=4.281, num_selected_knots=499
2025-08-31 21:07:11,307 - Iter  84: obj=-40.676814, change=7.14e-03, α=1.000, ‖θ[1:]‖₁=4.280, num_selected_knots=498
2025-08-31 21:07:14,974 - Iter  85: obj=-40.680097, change=7.12e-03, α=1.000, ‖θ[1:]‖₁=4.278, num_selected_knots=494
2025-08-31 21:07:18,923 - Iter  86: obj=-40.683381, change=7.00e-03, α=1.000, ‖θ[1:]‖₁=4.276, num_selected_knots=491
2025-08-31 21:07:22,511 - Iter  87: obj=-40.686658, change=6.98e-03, α=1.000, ‖θ[1:]‖₁=4.274, num_selected_knots=488
2025-08-31 21:07:26,050 - Iter  88: obj=-40.689898, change=5.95e-03, α=1.000, ‖θ[1:]‖₁=4.272, num_selected_knots=482
2025-08-31 21:07:29,531 - Iter  89: obj=-40.693136, change=6.85e-03, α=1.000, ‖θ[1:]‖₁=4.270, num_selected_knots=479
2025-08-31 21:07:33,083 - Iter  90: obj=-40.696330, change=6.78e-03, α=1.000, ‖θ[1:]‖₁=4.268, num_selected_knots=474
2025-08-31 21:07:36,737 - Iter  91: obj=-40.699486, change=4.68e-03, α=1.000, ‖θ[1:]‖₁=4.266, num_selected_knots=466
2025-08-31 21:07:40,275 - Iter  92: obj=-40.702603, change=6.61e-03, α=1.000, ‖θ[1:]‖₁=4.264, num_selected_knots=462
2025-08-31 21:07:43,875 - Iter  93: obj=-40.705602, change=6.58e-03, α=1.000, ‖θ[1:]‖₁=4.261, num_selected_knots=458
2025-08-31 21:07:47,504 - Iter  94: obj=-40.708597, change=6.48e-03, α=1.000, ‖θ[1:]‖₁=4.259, num_selected_knots=456
2025-08-31 21:07:50,985 - Iter  95: obj=-40.711538, change=6.35e-03, α=1.000, ‖θ[1:]‖₁=4.257, num_selected_knots=454
2025-08-31 21:07:57,004 - Iter  96: obj=-40.714447, change=6.33e-03, α=1.000, ‖θ[1:]‖₁=4.255, num_selected_knots=451
2025-08-31 21:08:00,646 - Iter  97: obj=-40.717302, change=6.30e-03, α=1.000, ‖θ[1:]‖₁=4.252, num_selected_knots=447
2025-08-31 21:08:04,122 - Iter  98: obj=-40.720130, change=6.19e-03, α=1.000, ‖θ[1:]‖₁=4.250, num_selected_knots=439
2025-08-31 21:08:07,949 - Iter  99: obj=-40.722858, change=5.64e-03, α=1.000, ‖θ[1:]‖₁=4.248, num_selected_knots=437
2025-08-31 21:08:13,925 - Iter 100: obj=-40.725383, change=5.64e-03, α=1.000, ‖θ[1:]‖₁=4.245, num_selected_knots=438
2025-08-31 21:08:17,336 - Iter 101: obj=-40.727792, change=5.62e-03, α=1.000, ‖θ[1:]‖₁=4.243, num_selected_knots=433
2025-08-31 21:08:20,612 - Iter 102: obj=-40.730176, change=5.60e-03, α=1.000, ‖θ[1:]‖₁=4.241, num_selected_knots=430
2025-08-31 21:08:24,091 - Iter 103: obj=-40.732524, change=5.59e-03, α=1.000, ‖θ[1:]‖₁=4.238, num_selected_knots=430
2025-08-31 21:08:27,566 - Iter 104: obj=-40.734870, change=5.57e-03, α=1.000, ‖θ[1:]‖₁=4.236, num_selected_knots=428
2025-08-31 21:08:31,002 - Iter 105: obj=-40.737209, change=5.56e-03, α=1.000, ‖θ[1:]‖₁=4.234, num_selected_knots=425
2025-08-31 21:08:34,416 - Iter 106: obj=-40.739539, change=5.55e-03, α=1.000, ‖θ[1:]‖₁=4.231, num_selected_knots=424
2025-08-31 21:08:38,083 - Iter 107: obj=-40.741851, change=5.53e-03, α=1.000, ‖θ[1:]‖₁=4.229, num_selected_knots=421
2025-08-31 21:08:41,673 - Iter 108: obj=-40.744155, change=5.52e-03, α=1.000, ‖θ[1:]‖₁=4.226, num_selected_knots=416
2025-08-31 21:08:45,095 - Iter 109: obj=-40.746448, change=5.51e-03, α=1.000, ‖θ[1:]‖₁=4.224, num_selected_knots=412
2025-08-31 21:08:52,321 - Iter 110: obj=-40.748714, change=5.49e-03, α=1.000, ‖θ[1:]‖₁=4.221, num_selected_knots=409
2025-08-31 21:08:56,026 - Iter 111: obj=-40.750967, change=4.28e-03, α=1.000, ‖θ[1:]‖₁=4.219, num_selected_knots=407
2025-08-31 21:08:59,857 - Iter 112: obj=-40.753197, change=5.36e-03, α=1.000, ‖θ[1:]‖₁=4.216, num_selected_knots=402
2025-08-31 21:09:03,466 - Iter 113: obj=-40.755384, change=5.33e-03, α=1.000, ‖θ[1:]‖₁=4.214, num_selected_knots=399
2025-08-31 21:09:07,208 - Iter 114: obj=-40.757552, change=5.31e-03, α=1.000, ‖θ[1:]‖₁=4.211, num_selected_knots=395
2025-08-31 21:09:11,500 - Iter 115: obj=-40.759702, change=5.22e-03, α=1.000, ‖θ[1:]‖₁=4.209, num_selected_knots=389
2025-08-31 21:09:19,264 - Iter 116: obj=-40.761805, change=5.21e-03, α=1.000, ‖θ[1:]‖₁=4.206, num_selected_knots=382
2025-08-31 21:09:23,039 - Iter 117: obj=-40.763877, change=5.14e-03, α=1.000, ‖θ[1:]‖₁=4.204, num_selected_knots=378
2025-08-31 21:09:26,698 - Iter 118: obj=-40.765910, change=5.13e-03, α=1.000, ‖θ[1:]‖₁=4.201, num_selected_knots=374
2025-08-31 21:09:30,246 - Iter 119: obj=-40.767908, change=5.07e-03, α=1.000, ‖θ[1:]‖₁=4.199, num_selected_knots=372
2025-08-31 21:09:33,859 - Iter 120: obj=-40.769866, change=5.04e-03, α=1.000, ‖θ[1:]‖₁=4.196, num_selected_knots=369
2025-08-31 21:09:37,730 - Iter 121: obj=-40.771795, change=4.55e-03, α=1.000, ‖θ[1:]‖₁=4.194, num_selected_knots=364
2025-08-31 21:09:41,351 - Iter 122: obj=-40.773696, change=4.69e-03, α=1.000, ‖θ[1:]‖₁=4.192, num_selected_knots=362
2025-08-31 21:09:50,048 - Iter 123: obj=-40.775422, change=4.68e-03, α=1.000, ‖θ[1:]‖₁=4.189, num_selected_knots=362
2025-08-31 21:09:53,834 - Iter 124: obj=-40.777130, change=4.67e-03, α=1.000, ‖θ[1:]‖₁=4.187, num_selected_knots=361
2025-08-31 21:09:57,644 - Iter 125: obj=-40.778834, change=4.66e-03, α=1.000, ‖θ[1:]‖₁=4.185, num_selected_knots=360
2025-08-31 21:10:05,893 - Iter 126: obj=-40.780538, change=4.65e-03, α=1.000, ‖θ[1:]‖₁=4.182, num_selected_knots=358
2025-08-31 21:10:09,351 - Iter 127: obj=-40.782241, change=4.64e-03, α=1.000, ‖θ[1:]‖₁=4.180, num_selected_knots=354
2025-08-31 21:10:12,806 - Iter 128: obj=-40.783896, change=4.63e-03, α=1.000, ‖θ[1:]‖₁=4.177, num_selected_knots=353
2025-08-31 21:10:16,383 - Iter 129: obj=-40.785547, change=4.62e-03, α=1.000, ‖θ[1:]‖₁=4.175, num_selected_knots=351
2025-08-31 21:10:19,951 - Iter 130: obj=-40.787196, change=4.62e-03, α=1.000, ‖θ[1:]‖₁=4.173, num_selected_knots=349
2025-08-31 21:10:23,861 - Iter 131: obj=-40.788843, change=4.61e-03, α=1.000, ‖θ[1:]‖₁=4.170, num_selected_knots=348
2025-08-31 21:10:27,320 - Iter 132: obj=-40.790489, change=4.45e-03, α=1.000, ‖θ[1:]‖₁=4.168, num_selected_knots=344
2025-08-31 21:10:30,792 - Iter 133: obj=-40.792118, change=4.44e-03, α=1.000, ‖θ[1:]‖₁=4.166, num_selected_knots=340
2025-08-31 21:10:34,375 - Iter 134: obj=-40.793685, change=4.43e-03, α=1.000, ‖θ[1:]‖₁=4.163, num_selected_knots=336
2025-08-31 21:10:37,868 - Iter 135: obj=-40.795254, change=4.41e-03, α=1.000, ‖θ[1:]‖₁=4.161, num_selected_knots=334
2025-08-31 21:10:41,487 - Iter 136: obj=-40.796874, change=4.39e-03, α=1.000, ‖θ[1:]‖₁=4.159, num_selected_knots=333
2025-08-31 21:10:45,056 - Iter 137: obj=-40.798558, change=4.30e-03, α=1.000, ‖θ[1:]‖₁=4.157, num_selected_knots=332
2025-08-31 21:10:53,518 - Iter 138: obj=-40.800215, change=4.29e-03, α=1.000, ‖θ[1:]‖₁=4.155, num_selected_knots=328
2025-08-31 21:10:56,898 - Iter 139: obj=-40.801846, change=4.28e-03, α=1.000, ‖θ[1:]‖₁=4.153, num_selected_knots=326
2025-08-31 21:11:00,609 - Iter 140: obj=-40.803445, change=4.23e-03, α=1.000, ‖θ[1:]‖₁=4.151, num_selected_knots=325
2025-08-31 21:11:04,447 - Iter 141: obj=-40.805031, change=4.14e-03, α=1.000, ‖θ[1:]‖₁=4.149, num_selected_knots=323
2025-08-31 21:11:07,687 - Iter 142: obj=-40.806575, change=4.14e-03, α=1.000, ‖θ[1:]‖₁=4.148, num_selected_knots=321
2025-08-31 21:11:11,272 - Iter 143: obj=-40.808096, change=4.13e-03, α=1.000, ‖θ[1:]‖₁=4.146, num_selected_knots=318
2025-08-31 21:11:14,538 - Iter 144: obj=-40.809600, change=4.12e-03, α=1.000, ‖θ[1:]‖₁=4.144, num_selected_knots=316
2025-08-31 21:11:18,591 - Iter 145: obj=-40.811087, change=4.07e-03, α=1.000, ‖θ[1:]‖₁=4.143, num_selected_knots=313
2025-08-31 21:11:26,084 - Iter 146: obj=-40.812552, change=4.00e-03, α=1.000, ‖θ[1:]‖₁=4.141, num_selected_knots=309
2025-08-31 21:11:29,240 - Iter 147: obj=-40.814105, change=3.98e-03, α=1.000, ‖θ[1:]‖₁=4.140, num_selected_knots=305
2025-08-31 21:11:32,367 - Iter 148: obj=-40.815686, change=3.96e-03, α=1.000, ‖θ[1:]‖₁=4.138, num_selected_knots=305
2025-08-31 21:11:35,508 - Iter 149: obj=-40.817193, change=3.84e-03, α=1.000, ‖θ[1:]‖₁=4.137, num_selected_knots=303
2025-08-31 21:11:38,622 - Iter 150: obj=-40.818671, change=3.84e-03, α=1.000, ‖θ[1:]‖₁=4.136, num_selected_knots=303
2025-08-31 21:11:41,874 - Iter 151: obj=-40.820104, change=3.83e-03, α=1.000, ‖θ[1:]‖₁=4.135, num_selected_knots=303
2025-08-31 21:11:45,054 - Iter 152: obj=-40.821520, change=3.83e-03, α=1.000, ‖θ[1:]‖₁=4.134, num_selected_knots=301
2025-08-31 21:11:48,184 - Iter 153: obj=-40.822912, change=3.83e-03, α=1.000, ‖θ[1:]‖₁=4.133, num_selected_knots=301
2025-08-31 21:11:51,644 - Iter 154: obj=-40.824275, change=3.76e-03, α=1.000, ‖θ[1:]‖₁=4.132, num_selected_knots=299
2025-08-31 21:11:59,292 - Iter 155: obj=-40.825617, change=3.76e-03, α=1.000, ‖θ[1:]‖₁=4.132, num_selected_knots=298
2025-08-31 21:12:02,620 - Iter 156: obj=-40.826945, change=3.76e-03, α=1.000, ‖θ[1:]‖₁=4.131, num_selected_knots=298
2025-08-31 21:12:05,953 - Iter 157: obj=-40.828264, change=3.75e-03, α=1.000, ‖θ[1:]‖₁=4.130, num_selected_knots=296
2025-08-31 21:12:09,498 - Iter 158: obj=-40.829565, change=3.60e-03, α=1.000, ‖θ[1:]‖₁=4.129, num_selected_knots=294
2025-08-31 21:12:12,949 - Iter 159: obj=-40.830811, change=3.60e-03, α=1.000, ‖θ[1:]‖₁=4.129, num_selected_knots=294
2025-08-31 21:12:16,812 - Iter 160: obj=-40.832019, change=3.59e-03, α=1.000, ‖θ[1:]‖₁=4.128, num_selected_knots=293
2025-08-31 21:12:24,585 - Iter 161: obj=-40.833215, change=3.59e-03, α=1.000, ‖θ[1:]‖₁=4.128, num_selected_knots=293
2025-08-31 21:12:28,036 - Iter 162: obj=-40.834401, change=3.59e-03, α=1.000, ‖θ[1:]‖₁=4.127, num_selected_knots=293
2025-08-31 21:12:31,462 - Iter 163: obj=-40.835582, change=3.59e-03, α=1.000, ‖θ[1:]‖₁=4.127, num_selected_knots=292
2025-08-31 21:12:34,906 - Iter 164: obj=-40.836755, change=3.58e-03, α=1.000, ‖θ[1:]‖₁=4.126, num_selected_knots=289
2025-08-31 21:12:38,658 - Iter 165: obj=-40.837911, change=3.58e-03, α=1.000, ‖θ[1:]‖₁=4.126, num_selected_knots=287
2025-08-31 21:12:42,502 - Iter 166: obj=-40.839054, change=3.52e-03, α=1.000, ‖θ[1:]‖₁=4.125, num_selected_knots=286
2025-08-31 21:12:45,937 - Iter 167: obj=-40.840173, change=3.52e-03, α=1.000, ‖θ[1:]‖₁=4.125, num_selected_knots=285
2025-08-31 21:12:49,503 - Iter 168: obj=-40.841280, change=3.51e-03, α=1.000, ‖θ[1:]‖₁=4.124, num_selected_knots=284
2025-08-31 21:12:53,235 - Iter 169: obj=-40.842375, change=3.46e-03, α=1.000, ‖θ[1:]‖₁=4.124, num_selected_knots=282
2025-08-31 21:12:56,855 - Iter 170: obj=-40.843461, change=3.45e-03, α=1.000, ‖θ[1:]‖₁=4.123, num_selected_knots=282
2025-08-31 21:13:04,251 - Iter 171: obj=-40.844526, change=3.45e-03, α=1.000, ‖θ[1:]‖₁=4.123, num_selected_knots=281
2025-08-31 21:13:07,676 - Iter 172: obj=-40.845577, change=3.45e-03, α=1.000, ‖θ[1:]‖₁=4.122, num_selected_knots=281
2025-08-31 21:13:11,453 - Iter 173: obj=-40.846620, change=3.43e-03, α=1.000, ‖θ[1:]‖₁=4.122, num_selected_knots=280
2025-08-31 21:13:15,378 - Iter 174: obj=-40.847660, change=3.41e-03, α=1.000, ‖θ[1:]‖₁=4.122, num_selected_knots=277
2025-08-31 21:13:18,944 - Iter 175: obj=-40.848687, change=3.39e-03, α=1.000, ‖θ[1:]‖₁=4.121, num_selected_knots=275
2025-08-31 21:13:22,831 - Iter 176: obj=-40.849679, change=3.39e-03, α=1.000, ‖θ[1:]‖₁=4.121, num_selected_knots=275
2025-08-31 21:13:26,426 - Iter 177: obj=-40.850660, change=3.19e-03, α=1.000, ‖θ[1:]‖₁=4.121, num_selected_knots=274
2025-08-31 21:13:29,944 - Iter 178: obj=-40.851623, change=3.19e-03, α=1.000, ‖θ[1:]‖₁=4.120, num_selected_knots=268
2025-08-31 21:13:33,612 - Iter 179: obj=-40.852565, change=3.19e-03, α=1.000, ‖θ[1:]‖₁=4.120, num_selected_knots=268
2025-08-31 21:13:37,252 - Iter 180: obj=-40.853479, change=3.18e-03, α=1.000, ‖θ[1:]‖₁=4.120, num_selected_knots=268
2025-08-31 21:13:40,880 - Iter 181: obj=-40.854390, change=3.18e-03, α=1.000, ‖θ[1:]‖₁=4.119, num_selected_knots=267
2025-08-31 21:13:44,419 - Iter 182: obj=-40.855300, change=3.18e-03, α=1.000, ‖θ[1:]‖₁=4.119, num_selected_knots=266
2025-08-31 21:13:48,026 - Iter 183: obj=-40.856208, change=3.18e-03, α=1.000, ‖θ[1:]‖₁=4.119, num_selected_knots=266
2025-08-31 21:13:51,610 - Iter 184: obj=-40.857113, change=3.17e-03, α=1.000, ‖θ[1:]‖₁=4.118, num_selected_knots=265
2025-08-31 21:13:55,091 - Iter 185: obj=-40.858006, change=3.17e-03, α=1.000, ‖θ[1:]‖₁=4.118, num_selected_knots=265
2025-08-31 21:13:58,789 - Iter 186: obj=-40.858893, change=3.17e-03, α=1.000, ‖θ[1:]‖₁=4.118, num_selected_knots=265
2025-08-31 21:14:02,344 - Iter 187: obj=-40.859777, change=3.16e-03, α=1.000, ‖θ[1:]‖₁=4.117, num_selected_knots=264
2025-08-31 21:14:05,893 - Iter 188: obj=-40.860655, change=3.16e-03, α=1.000, ‖θ[1:]‖₁=4.117, num_selected_knots=264
2025-08-31 21:14:09,423 - Iter 189: obj=-40.861503, change=3.16e-03, α=1.000, ‖θ[1:]‖₁=4.117, num_selected_knots=264
2025-08-31 21:14:12,941 - Iter 190: obj=-40.862349, change=3.15e-03, α=1.000, ‖θ[1:]‖₁=4.117, num_selected_knots=262
2025-08-31 21:14:16,574 - Iter 191: obj=-40.863189, change=3.06e-03, α=1.000, ‖θ[1:]‖₁=4.116, num_selected_knots=260
2025-08-31 21:14:20,173 - Iter 192: obj=-40.864002, change=3.06e-03, α=1.000, ‖θ[1:]‖₁=4.116, num_selected_knots=259
2025-08-31 21:14:23,740 - Iter 193: obj=-40.864785, change=3.05e-03, α=1.000, ‖θ[1:]‖₁=4.116, num_selected_knots=257
2025-08-31 21:14:27,299 - Iter 194: obj=-40.865565, change=3.05e-03, α=1.000, ‖θ[1:]‖₁=4.116, num_selected_knots=256
2025-08-31 21:14:30,792 - Iter 195: obj=-40.866344, change=3.05e-03, α=1.000, ‖θ[1:]‖₁=4.115, num_selected_knots=256
2025-08-31 21:14:34,393 - Iter 196: obj=-40.867122, change=3.01e-03, α=1.000, ‖θ[1:]‖₁=4.115, num_selected_knots=254
2025-08-31 21:14:37,992 - Iter 197: obj=-40.867878, change=3.01e-03, α=1.000, ‖θ[1:]‖₁=4.115, num_selected_knots=254
2025-08-31 21:14:41,541 - Iter 198: obj=-40.868623, change=3.01e-03, α=1.000, ‖θ[1:]‖₁=4.115, num_selected_knots=252
2025-08-31 21:14:45,082 - Iter 199: obj=-40.869367, change=2.80e-03, α=1.000, ‖θ[1:]‖₁=4.114, num_selected_knots=251
2025-08-31 21:14:48,751 - Iter 200: obj=-40.870090, change=2.80e-03, α=1.000, ‖θ[1:]‖₁=4.114, num_selected_knots=251
2025-08-31 21:14:52,828 - Iter 201: obj=-40.870804, change=2.80e-03, α=1.000, ‖θ[1:]‖₁=4.114, num_selected_knots=250
2025-08-31 21:14:56,521 - Iter 202: obj=-40.871517, change=2.80e-03, α=1.000, ‖θ[1:]‖₁=4.114, num_selected_knots=250
2025-08-31 21:15:00,148 - Iter 203: obj=-40.872229, change=2.79e-03, α=1.000, ‖θ[1:]‖₁=4.114, num_selected_knots=250
2025-08-31 21:15:03,739 - Iter 204: obj=-40.872939, change=2.79e-03, α=1.000, ‖θ[1:]‖₁=4.113, num_selected_knots=250
2025-08-31 21:15:07,333 - Iter 205: obj=-40.873649, change=2.79e-03, α=1.000, ‖θ[1:]‖₁=4.113, num_selected_knots=250
2025-08-31 21:15:13,216 - Iter 206: obj=-40.874358, change=2.78e-03, α=1.000, ‖θ[1:]‖₁=4.113, num_selected_knots=248
2025-08-31 21:15:16,772 - Iter 207: obj=-40.875055, change=2.78e-03, α=1.000, ‖θ[1:]‖₁=4.113, num_selected_knots=248
2025-08-31 21:15:20,238 - Iter 208: obj=-40.875746, change=2.78e-03, α=1.000, ‖θ[1:]‖₁=4.112, num_selected_knots=248
2025-08-31 21:15:23,753 - Iter 209: obj=-40.876437, change=2.78e-03, α=1.000, ‖θ[1:]‖₁=4.112, num_selected_knots=248
2025-08-31 21:15:27,389 - Iter 210: obj=-40.877126, change=2.77e-03, α=1.000, ‖θ[1:]‖₁=4.112, num_selected_knots=247
2025-08-31 21:15:31,318 - Iter 211: obj=-40.877811, change=2.77e-03, α=1.000, ‖θ[1:]‖₁=4.112, num_selected_knots=247
2025-08-31 21:15:34,867 - Iter 212: obj=-40.878490, change=2.77e-03, α=1.000, ‖θ[1:]‖₁=4.112, num_selected_knots=247
2025-08-31 21:15:38,513 - Iter 213: obj=-40.879169, change=2.77e-03, α=1.000, ‖θ[1:]‖₁=4.111, num_selected_knots=247
2025-08-31 21:15:42,080 - Iter 214: obj=-40.879846, change=2.76e-03, α=1.000, ‖θ[1:]‖₁=4.111, num_selected_knots=246
2025-08-31 21:15:45,641 - Iter 215: obj=-40.880519, change=2.72e-03, α=1.000, ‖θ[1:]‖₁=4.111, num_selected_knots=245
2025-08-31 21:15:50,186 - Iter 216: obj=-40.881184, change=2.71e-03, α=1.000, ‖θ[1:]‖₁=4.111, num_selected_knots=244
2025-08-31 21:15:53,928 - Iter 217: obj=-40.881823, change=2.71e-03, α=1.000, ‖θ[1:]‖₁=4.111, num_selected_knots=242
2025-08-31 21:15:57,621 - Iter 218: obj=-40.882460, change=2.50e-03, α=1.000, ‖θ[1:]‖₁=4.110, num_selected_knots=240
2025-08-31 21:16:01,320 - Iter 219: obj=-40.883070, change=2.50e-03, α=1.000, ‖θ[1:]‖₁=4.110, num_selected_knots=240
2025-08-31 21:16:04,979 - Iter 220: obj=-40.883672, change=2.50e-03, α=1.000, ‖θ[1:]‖₁=4.110, num_selected_knots=236
2025-08-31 21:16:08,607 - Iter 221: obj=-40.884272, change=2.49e-03, α=1.000, ‖θ[1:]‖₁=4.110, num_selected_knots=235
2025-08-31 21:16:12,310 - Iter 222: obj=-40.884868, change=2.49e-03, α=1.000, ‖θ[1:]‖₁=4.110, num_selected_knots=233
2025-08-31 21:16:15,914 - Iter 223: obj=-40.885455, change=2.49e-03, α=1.000, ‖θ[1:]‖₁=4.109, num_selected_knots=233
2025-08-31 21:16:19,507 - Iter 224: obj=-40.886038, change=2.49e-03, α=1.000, ‖θ[1:]‖₁=4.109, num_selected_knots=233
2025-08-31 21:16:23,188 - Iter 225: obj=-40.886621, change=2.48e-03, α=1.000, ‖θ[1:]‖₁=4.109, num_selected_knots=232
2025-08-31 21:16:26,888 - Iter 226: obj=-40.887202, change=2.48e-03, α=1.000, ‖θ[1:]‖₁=4.109, num_selected_knots=231
2025-08-31 21:16:30,489 - Iter 227: obj=-40.887783, change=2.48e-03, α=1.000, ‖θ[1:]‖₁=4.109, num_selected_knots=230
2025-08-31 21:16:34,227 - Iter 228: obj=-40.888360, change=2.48e-03, α=1.000, ‖θ[1:]‖₁=4.108, num_selected_knots=227
2025-08-31 21:16:37,888 - Iter 229: obj=-40.888933, change=2.47e-03, α=1.000, ‖θ[1:]‖₁=4.108, num_selected_knots=227
2025-08-31 21:16:41,509 - Iter 230: obj=-40.889492, change=2.47e-03, α=1.000, ‖θ[1:]‖₁=4.108, num_selected_knots=226
2025-08-31 21:16:49,787 - Iter 231: obj=-40.890050, change=2.47e-03, α=1.000, ‖θ[1:]‖₁=4.108, num_selected_knots=226
2025-08-31 21:16:53,576 - Iter 232: obj=-40.890607, change=2.47e-03, α=1.000, ‖θ[1:]‖₁=4.108, num_selected_knots=224
2025-08-31 21:16:57,356 - Iter 233: obj=-40.891159, change=2.46e-03, α=1.000, ‖θ[1:]‖₁=4.108, num_selected_knots=223
2025-08-31 21:17:03,621 - Iter 234: obj=-40.891703, change=2.46e-03, α=1.000, ‖θ[1:]‖₁=4.107, num_selected_knots=223
2025-08-31 21:17:07,124 - Iter 235: obj=-40.892247, change=2.46e-03, α=1.000, ‖θ[1:]‖₁=4.107, num_selected_knots=223
2025-08-31 21:17:11,044 - Iter 236: obj=-40.892790, change=2.46e-03, α=1.000, ‖θ[1:]‖₁=4.107, num_selected_knots=223
2025-08-31 21:17:14,769 - Iter 237: obj=-40.893332, change=2.46e-03, α=1.000, ‖θ[1:]‖₁=4.107, num_selected_knots=223
2025-08-31 21:17:18,369 - Iter 238: obj=-40.893873, change=2.45e-03, α=1.000, ‖θ[1:]‖₁=4.107, num_selected_knots=222
2025-08-31 21:17:21,982 - Iter 239: obj=-40.894414, change=2.41e-03, α=1.000, ‖θ[1:]‖₁=4.107, num_selected_knots=220
2025-08-31 21:17:25,536 - Iter 240: obj=-40.894948, change=2.41e-03, α=1.000, ‖θ[1:]‖₁=4.106, num_selected_knots=219
2025-08-31 21:17:31,248 - Iter 241: obj=-40.895475, change=2.41e-03, α=1.000, ‖θ[1:]‖₁=4.106, num_selected_knots=219
2025-08-31 21:17:34,759 - Iter 242: obj=-40.896001, change=2.38e-03, α=1.000, ‖θ[1:]‖₁=4.106, num_selected_knots=216
2025-08-31 21:17:38,337 - Iter 243: obj=-40.896525, change=2.37e-03, α=1.000, ‖θ[1:]‖₁=4.106, num_selected_knots=214
2025-08-31 21:17:41,890 - Iter 244: obj=-40.897036, change=2.37e-03, α=1.000, ‖θ[1:]‖₁=4.106, num_selected_knots=213
2025-08-31 21:17:45,469 - Iter 245: obj=-40.897543, change=2.37e-03, α=1.000, ‖θ[1:]‖₁=4.106, num_selected_knots=213
2025-08-31 21:17:53,457 - Iter 246: obj=-40.898046, change=2.37e-03, α=1.000, ‖θ[1:]‖₁=4.105, num_selected_knots=213
2025-08-31 21:17:57,175 - Iter 247: obj=-40.898548, change=2.33e-03, α=1.000, ‖θ[1:]‖₁=4.105, num_selected_knots=212
2025-08-31 21:18:00,885 - Iter 248: obj=-40.899047, change=2.33e-03, α=1.000, ‖θ[1:]‖₁=4.105, num_selected_knots=211
2025-08-31 21:18:04,470 - Iter 249: obj=-40.899543, change=2.33e-03, α=1.000, ‖θ[1:]‖₁=4.105, num_selected_knots=208
2025-08-31 21:18:08,124 - Iter 250: obj=-40.900036, change=2.33e-03, α=1.000, ‖θ[1:]‖₁=4.105, num_selected_knots=208
2025-08-31 21:18:15,947 - Iter 251: obj=-40.900523, change=2.31e-03, α=1.000, ‖θ[1:]‖₁=4.105, num_selected_knots=207
2025-08-31 21:18:19,753 - Iter 252: obj=-40.900997, change=2.30e-03, α=1.000, ‖θ[1:]‖₁=4.104, num_selected_knots=206
2025-08-31 21:18:23,432 - Iter 253: obj=-40.901465, change=2.30e-03, α=1.000, ‖θ[1:]‖₁=4.104, num_selected_knots=206
2025-08-31 21:18:31,405 - Iter 254: obj=-40.901931, change=2.16e-03, α=1.000, ‖θ[1:]‖₁=4.104, num_selected_knots=205
2025-08-31 21:18:34,856 - Iter 255: obj=-40.902385, change=2.16e-03, α=1.000, ‖θ[1:]‖₁=4.104, num_selected_knots=204
2025-08-31 21:18:38,459 - Iter 256: obj=-40.902830, change=2.16e-03, α=1.000, ‖θ[1:]‖₁=4.104, num_selected_knots=203
2025-08-31 21:18:42,058 - Iter 257: obj=-40.903274, change=2.16e-03, α=1.000, ‖θ[1:]‖₁=4.104, num_selected_knots=203
2025-08-31 21:18:45,766 - Iter 258: obj=-40.903714, change=2.15e-03, α=1.000, ‖θ[1:]‖₁=4.104, num_selected_knots=203
2025-08-31 21:18:49,557 - Iter 259: obj=-40.904154, change=2.15e-03, α=1.000, ‖θ[1:]‖₁=4.103, num_selected_knots=202
2025-08-31 21:18:57,659 - Iter 260: obj=-40.904593, change=2.15e-03, α=1.000, ‖θ[1:]‖₁=4.103, num_selected_knots=200
2025-08-31 21:19:01,397 - Iter 261: obj=-40.905032, change=2.15e-03, α=1.000, ‖θ[1:]‖₁=4.103, num_selected_knots=199
2025-08-31 21:19:04,989 - Iter 262: obj=-40.905446, change=2.14e-03, α=1.000, ‖θ[1:]‖₁=4.103, num_selected_knots=199
2025-08-31 21:19:08,650 - Iter 263: obj=-40.905855, change=2.14e-03, α=1.000, ‖θ[1:]‖₁=4.103, num_selected_knots=199
2025-08-31 21:19:12,576 - Iter 264: obj=-40.906264, change=2.14e-03, α=1.000, ‖θ[1:]‖₁=4.103, num_selected_knots=199
2025-08-31 21:19:16,165 - Iter 265: obj=-40.906672, change=2.14e-03, α=1.000, ‖θ[1:]‖₁=4.103, num_selected_knots=199
2025-08-31 21:19:19,819 - Iter 266: obj=-40.907079, change=2.14e-03, α=1.000, ‖θ[1:]‖₁=4.102, num_selected_knots=199
2025-08-31 21:19:23,365 - Iter 267: obj=-40.907486, change=2.13e-03, α=1.000, ‖θ[1:]‖₁=4.102, num_selected_knots=199
2025-08-31 21:19:27,047 - Iter 268: obj=-40.907892, change=2.13e-03, α=1.000, ‖θ[1:]‖₁=4.102, num_selected_knots=199
2025-08-31 21:19:30,646 - Iter 269: obj=-40.908298, change=2.13e-03, α=1.000, ‖θ[1:]‖₁=4.102, num_selected_knots=199
2025-08-31 21:19:34,314 - Iter 270: obj=-40.908703, change=2.13e-03, α=1.000, ‖θ[1:]‖₁=4.102, num_selected_knots=199
2025-08-31 21:19:37,857 - Iter 271: obj=-40.909108, change=2.13e-03, α=1.000, ‖θ[1:]‖₁=4.102, num_selected_knots=199
2025-08-31 21:19:41,443 - Iter 272: obj=-40.909513, change=2.07e-03, α=1.000, ‖θ[1:]‖₁=4.102, num_selected_knots=198
2025-08-31 21:19:44,972 - Iter 273: obj=-40.909915, change=2.07e-03, α=1.000, ‖θ[1:]‖₁=4.102, num_selected_knots=198
2025-08-31 21:19:48,678 - Iter 274: obj=-40.910313, change=2.07e-03, α=1.000, ‖θ[1:]‖₁=4.102, num_selected_knots=198
2025-08-31 21:19:52,352 - Iter 275: obj=-40.910712, change=2.07e-03, α=1.000, ‖θ[1:]‖₁=4.102, num_selected_knots=198
2025-08-31 21:19:56,151 - Iter 276: obj=-40.911110, change=2.07e-03, α=1.000, ‖θ[1:]‖₁=4.101, num_selected_knots=198
2025-08-31 21:19:59,790 - Iter 277: obj=-40.911507, change=2.07e-03, α=1.000, ‖θ[1:]‖₁=4.101, num_selected_knots=198
2025-08-31 21:20:03,381 - Iter 278: obj=-40.911904, change=2.06e-03, α=1.000, ‖θ[1:]‖₁=4.101, num_selected_knots=197
2025-08-31 21:20:07,152 - Iter 279: obj=-40.912301, change=2.06e-03, α=1.000, ‖θ[1:]‖₁=4.101, num_selected_knots=197
2025-08-31 21:20:10,803 - Iter 280: obj=-40.912694, change=2.06e-03, α=1.000, ‖θ[1:]‖₁=4.101, num_selected_knots=197
2025-08-31 21:20:14,475 - Iter 281: obj=-40.913087, change=2.06e-03, α=1.000, ‖θ[1:]‖₁=4.101, num_selected_knots=196
2025-08-31 21:20:18,406 - Iter 282: obj=-40.913479, change=2.04e-03, α=1.000, ‖θ[1:]‖₁=4.101, num_selected_knots=195
2025-08-31 21:20:22,074 - Iter 283: obj=-40.913868, change=2.04e-03, α=1.000, ‖θ[1:]‖₁=4.101, num_selected_knots=194
2025-08-31 21:20:25,701 - Iter 284: obj=-40.914258, change=2.03e-03, α=1.000, ‖θ[1:]‖₁=4.101, num_selected_knots=191
2025-08-31 21:20:29,455 - Iter 285: obj=-40.914638, change=2.00e-03, α=1.000, ‖θ[1:]‖₁=4.101, num_selected_knots=190
2025-08-31 21:20:33,151 - Iter 286: obj=-40.914970, change=1.99e-03, α=1.000, ‖θ[1:]‖₁=4.101, num_selected_knots=189
2025-08-31 21:20:36,840 - Iter 287: obj=-40.915301, change=1.99e-03, α=1.000, ‖θ[1:]‖₁=4.100, num_selected_knots=189
2025-08-31 21:20:40,385 - Iter 288: obj=-40.915632, change=1.99e-03, α=1.000, ‖θ[1:]‖₁=4.100, num_selected_knots=189
2025-08-31 21:20:43,919 - Iter 289: obj=-40.915963, change=1.99e-03, α=1.000, ‖θ[1:]‖₁=4.100, num_selected_knots=189
2025-08-31 21:20:47,606 - Iter 290: obj=-40.916293, change=1.99e-03, α=1.000, ‖θ[1:]‖₁=4.100, num_selected_knots=188
2025-08-31 21:20:51,337 - Iter 291: obj=-40.916623, change=1.92e-03, α=1.000, ‖θ[1:]‖₁=4.100, num_selected_knots=187
2025-08-31 21:20:54,844 - Iter 292: obj=-40.916946, change=1.92e-03, α=1.000, ‖θ[1:]‖₁=4.100, num_selected_knots=187
2025-08-31 21:20:58,409 - Iter 293: obj=-40.917266, change=1.91e-03, α=1.000, ‖θ[1:]‖₁=4.100, num_selected_knots=187
2025-08-31 21:21:02,073 - Iter 294: obj=-40.917586, change=1.91e-03, α=1.000, ‖θ[1:]‖₁=4.100, num_selected_knots=187
2025-08-31 21:21:05,556 - Iter 295: obj=-40.917906, change=1.91e-03, α=1.000, ‖θ[1:]‖₁=4.100, num_selected_knots=186
2025-08-31 21:21:09,301 - Iter 296: obj=-40.918226, change=1.91e-03, α=1.000, ‖θ[1:]‖₁=4.100, num_selected_knots=186
2025-08-31 21:21:12,947 - Iter 297: obj=-40.918545, change=1.91e-03, α=1.000, ‖θ[1:]‖₁=4.100, num_selected_knots=186
2025-08-31 21:21:16,519 - Iter 298: obj=-40.918865, change=1.91e-03, α=1.000, ‖θ[1:]‖₁=4.100, num_selected_knots=186
2025-08-31 21:21:19,986 - Iter 299: obj=-40.919184, change=1.91e-03, α=1.000, ‖θ[1:]‖₁=4.100, num_selected_knots=186
2025-08-31 21:21:23,617 - Iter 300: obj=-40.919503, change=1.91e-03, α=1.000, ‖θ[1:]‖₁=4.099, num_selected_knots=186
2025-08-31 21:21:27,200 - Iter 301: obj=-40.919823, change=1.90e-03, α=1.000, ‖θ[1:]‖₁=4.099, num_selected_knots=185
2025-08-31 21:21:30,705 - Iter 302: obj=-40.920142, change=1.90e-03, α=1.000, ‖θ[1:]‖₁=4.099, num_selected_knots=184
2025-08-31 21:21:34,165 - Iter 303: obj=-40.920460, change=1.90e-03, α=1.000, ‖θ[1:]‖₁=4.099, num_selected_knots=184
2025-08-31 21:21:37,633 - Iter 304: obj=-40.920779, change=1.90e-03, α=1.000, ‖θ[1:]‖₁=4.099, num_selected_knots=184
2025-08-31 21:21:41,272 - Iter 305: obj=-40.921097, change=1.90e-03, α=1.000, ‖θ[1:]‖₁=4.099, num_selected_knots=184
2025-08-31 21:21:45,138 - Iter 306: obj=-40.921415, change=1.89e-03, α=1.000, ‖θ[1:]‖₁=4.099, num_selected_knots=183
2025-08-31 21:21:53,452 - Iter 307: obj=-40.921733, change=1.89e-03, α=1.000, ‖θ[1:]‖₁=4.099, num_selected_knots=183
2025-08-31 21:21:57,167 - Iter 308: obj=-40.922050, change=1.89e-03, α=1.000, ‖θ[1:]‖₁=4.099, num_selected_knots=180
2025-08-31 21:22:00,926 - Iter 309: obj=-40.922366, change=1.88e-03, α=1.000, ‖θ[1:]‖₁=4.099, num_selected_knots=180
2025-08-31 21:22:04,756 - Iter 310: obj=-40.922682, change=1.88e-03, α=1.000, ‖θ[1:]‖₁=4.099, num_selected_knots=179
2025-08-31 21:22:08,601 - Iter 311: obj=-40.922997, change=1.88e-03, α=1.000, ‖θ[1:]‖₁=4.099, num_selected_knots=178
2025-08-31 21:22:12,125 - Iter 312: obj=-40.923312, change=1.86e-03, α=1.000, ‖θ[1:]‖₁=4.099, num_selected_knots=177
2025-08-31 21:22:15,635 - Iter 313: obj=-40.923623, change=1.86e-03, α=1.000, ‖θ[1:]‖₁=4.098, num_selected_knots=177
2025-08-31 21:22:19,154 - Iter 314: obj=-40.923928, change=1.86e-03, α=1.000, ‖θ[1:]‖₁=4.098, num_selected_knots=177
2025-08-31 21:22:22,716 - Iter 315: obj=-40.924233, change=1.86e-03, α=1.000, ‖θ[1:]‖₁=4.098, num_selected_knots=177
2025-08-31 21:22:26,302 - Iter 316: obj=-40.924538, change=1.77e-03, α=1.000, ‖θ[1:]‖₁=4.098, num_selected_knots=176
2025-08-31 21:22:29,813 - Iter 317: obj=-40.924842, change=1.77e-03, α=1.000, ‖θ[1:]‖₁=4.098, num_selected_knots=175
2025-08-31 21:22:33,473 - Iter 318: obj=-40.925139, change=1.77e-03, α=1.000, ‖θ[1:]‖₁=4.098, num_selected_knots=175
2025-08-31 21:22:37,182 - Iter 319: obj=-40.925437, change=1.77e-03, α=1.000, ‖θ[1:]‖₁=4.098, num_selected_knots=175
2025-08-31 21:22:40,880 - Iter 320: obj=-40.925735, change=1.77e-03, α=1.000, ‖θ[1:]‖₁=4.098, num_selected_knots=174
2025-08-31 21:22:46,241 - Iter 321: obj=-40.926032, change=1.77e-03, α=1.000, ‖θ[1:]‖₁=4.098, num_selected_knots=174
2025-08-31 21:22:49,954 - Iter 322: obj=-40.926330, change=1.77e-03, α=1.000, ‖θ[1:]‖₁=4.098, num_selected_knots=174
2025-08-31 21:22:53,707 - Iter 323: obj=-40.926627, change=1.77e-03, α=1.000, ‖θ[1:]‖₁=4.098, num_selected_knots=174
2025-08-31 21:22:57,331 - Iter 324: obj=-40.926923, change=1.77e-03, α=1.000, ‖θ[1:]‖₁=4.098, num_selected_knots=173
2025-08-31 21:23:01,086 - Iter 325: obj=-40.927220, change=1.77e-03, α=1.000, ‖θ[1:]‖₁=4.098, num_selected_knots=171
2025-08-31 21:23:04,927 - Iter 326: obj=-40.927509, change=1.76e-03, α=1.000, ‖θ[1:]‖₁=4.097, num_selected_knots=171
2025-08-31 21:23:08,712 - Iter 327: obj=-40.927795, change=1.76e-03, α=1.000, ‖θ[1:]‖₁=4.097, num_selected_knots=171
2025-08-31 21:23:12,501 - Iter 328: obj=-40.928082, change=1.76e-03, α=1.000, ‖θ[1:]‖₁=4.097, num_selected_knots=171
2025-08-31 21:23:16,074 - Iter 329: obj=-40.928369, change=1.76e-03, α=1.000, ‖θ[1:]‖₁=4.097, num_selected_knots=171
2025-08-31 21:23:19,722 - Iter 330: obj=-40.928655, change=1.76e-03, α=1.000, ‖θ[1:]‖₁=4.097, num_selected_knots=170
2025-08-31 21:23:23,369 - Iter 331: obj=-40.928936, change=1.76e-03, α=1.000, ‖θ[1:]‖₁=4.097, num_selected_knots=170
2025-08-31 21:23:26,913 - Iter 332: obj=-40.929215, change=1.76e-03, α=1.000, ‖θ[1:]‖₁=4.097, num_selected_knots=170
2025-08-31 21:23:30,474 - Iter 333: obj=-40.929494, change=1.76e-03, α=1.000, ‖θ[1:]‖₁=4.097, num_selected_knots=170
2025-08-31 21:23:34,076 - Iter 334: obj=-40.929773, change=1.75e-03, α=1.000, ‖θ[1:]‖₁=4.097, num_selected_knots=169
2025-08-31 21:23:37,750 - Iter 335: obj=-40.930048, change=1.64e-03, α=1.000, ‖θ[1:]‖₁=4.097, num_selected_knots=168
2025-08-31 21:23:41,501 - Iter 336: obj=-40.930308, change=1.63e-03, α=1.000, ‖θ[1:]‖₁=4.097, num_selected_knots=168
2025-08-31 21:23:45,023 - Iter 337: obj=-40.930553, change=1.63e-03, α=1.000, ‖θ[1:]‖₁=4.097, num_selected_knots=168
2025-08-31 21:23:48,568 - Iter 338: obj=-40.930799, change=1.63e-03, α=1.000, ‖θ[1:]‖₁=4.097, num_selected_knots=168
2025-08-31 21:23:53,385 - Iter 339: obj=-40.931045, change=1.63e-03, α=1.000, ‖θ[1:]‖₁=4.096, num_selected_knots=168
2025-08-31 21:23:57,309 - Iter 340: obj=-40.931290, change=1.63e-03, α=1.000, ‖θ[1:]‖₁=4.096, num_selected_knots=168
2025-08-31 21:24:01,356 - Iter 341: obj=-40.931536, change=1.63e-03, α=1.000, ‖θ[1:]‖₁=4.096, num_selected_knots=168
2025-08-31 21:24:04,876 - Iter 342: obj=-40.931781, change=1.63e-03, α=1.000, ‖θ[1:]‖₁=4.096, num_selected_knots=168
2025-08-31 21:24:08,488 - Iter 343: obj=-40.932026, change=1.63e-03, α=1.000, ‖θ[1:]‖₁=4.096, num_selected_knots=167
2025-08-31 21:24:11,997 - Iter 344: obj=-40.932271, change=1.63e-03, α=1.000, ‖θ[1:]‖₁=4.096, num_selected_knots=167
2025-08-31 21:24:15,530 - Iter 345: obj=-40.932516, change=1.63e-03, α=1.000, ‖θ[1:]‖₁=4.096, num_selected_knots=167
2025-08-31 21:24:19,061 - Iter 346: obj=-40.932762, change=1.63e-03, α=1.000, ‖θ[1:]‖₁=4.096, num_selected_knots=166
2025-08-31 21:24:22,683 - Iter 347: obj=-40.933006, change=1.63e-03, α=1.000, ‖θ[1:]‖₁=4.096, num_selected_knots=165
2025-08-31 21:24:26,319 - Iter 348: obj=-40.933248, change=1.63e-03, α=1.000, ‖θ[1:]‖₁=4.096, num_selected_knots=165
2025-08-31 21:24:29,904 - Iter 349: obj=-40.933490, change=1.63e-03, α=1.000, ‖θ[1:]‖₁=4.096, num_selected_knots=165
2025-08-31 21:24:33,484 - Iter 350: obj=-40.933732, change=1.63e-03, α=1.000, ‖θ[1:]‖₁=4.096, num_selected_knots=163
2025-08-31 21:24:37,378 - Iter 351: obj=-40.933973, change=1.63e-03, α=1.000, ‖θ[1:]‖₁=4.096, num_selected_knots=163
2025-08-31 21:24:40,916 - Iter 352: obj=-40.934214, change=1.62e-03, α=1.000, ‖θ[1:]‖₁=4.095, num_selected_knots=162
2025-08-31 21:24:44,458 - Iter 353: obj=-40.934454, change=1.62e-03, α=1.000, ‖θ[1:]‖₁=4.095, num_selected_knots=159
2025-08-31 21:24:48,144 - Iter 354: obj=-40.934693, change=1.62e-03, α=1.000, ‖θ[1:]‖₁=4.095, num_selected_knots=159
2025-08-31 21:24:54,504 - Iter 355: obj=-40.934932, change=1.62e-03, α=1.000, ‖θ[1:]‖₁=4.095, num_selected_knots=158
2025-08-31 21:24:58,690 - Iter 356: obj=-40.935170, change=1.62e-03, α=1.000, ‖θ[1:]‖₁=4.095, num_selected_knots=157
2025-08-31 21:25:06,661 - Iter 357: obj=-40.935409, change=1.62e-03, α=1.000, ‖θ[1:]‖₁=4.095, num_selected_knots=156
2025-08-31 21:25:10,718 - Iter 358: obj=-40.935644, change=1.62e-03, α=1.000, ‖θ[1:]‖₁=4.095, num_selected_knots=154
2025-08-31 21:25:14,437 - Iter 359: obj=-40.935877, change=1.55e-03, α=1.000, ‖θ[1:]‖₁=4.095, num_selected_knots=153
2025-08-31 21:25:18,395 - Iter 360: obj=-40.936105, change=1.39e-03, α=1.000, ‖θ[1:]‖₁=4.095, num_selected_knots=153
2025-08-31 21:25:22,122 - Iter 361: obj=-40.936314, change=1.39e-03, α=1.000, ‖θ[1:]‖₁=4.095, num_selected_knots=153
2025-08-31 21:25:25,717 - Iter 362: obj=-40.936523, change=1.39e-03, α=1.000, ‖θ[1:]‖₁=4.095, num_selected_knots=152
2025-08-31 21:25:29,322 - Iter 363: obj=-40.936732, change=1.39e-03, α=1.000, ‖θ[1:]‖₁=4.095, num_selected_knots=152
2025-08-31 21:25:32,984 - Iter 364: obj=-40.936940, change=1.39e-03, α=1.000, ‖θ[1:]‖₁=4.095, num_selected_knots=151
2025-08-31 21:25:36,638 - Iter 365: obj=-40.937149, change=1.39e-03, α=1.000, ‖θ[1:]‖₁=4.095, num_selected_knots=151
2025-08-31 21:25:40,403 - Iter 366: obj=-40.937357, change=1.38e-03, α=1.000, ‖θ[1:]‖₁=4.095, num_selected_knots=151
2025-08-31 21:25:44,157 - Iter 367: obj=-40.937566, change=1.38e-03, α=1.000, ‖θ[1:]‖₁=4.094, num_selected_knots=151
2025-08-31 21:25:47,896 - Iter 368: obj=-40.937774, change=1.38e-03, α=1.000, ‖θ[1:]‖₁=4.094, num_selected_knots=150
2025-08-31 21:25:51,772 - Iter 369: obj=-40.937982, change=1.38e-03, α=1.000, ‖θ[1:]‖₁=4.094, num_selected_knots=150
2025-08-31 21:25:55,463 - Iter 370: obj=-40.938189, change=1.38e-03, α=1.000, ‖θ[1:]‖₁=4.094, num_selected_knots=150
2025-08-31 21:25:59,378 - Iter 371: obj=-40.938397, change=1.38e-03, α=1.000, ‖θ[1:]‖₁=4.094, num_selected_knots=150
2025-08-31 21:26:08,064 - Iter 372: obj=-40.938604, change=1.38e-03, α=1.000, ‖θ[1:]‖₁=4.094, num_selected_knots=150
2025-08-31 21:26:11,824 - Iter 373: obj=-40.938811, change=1.38e-03, α=1.000, ‖θ[1:]‖₁=4.094, num_selected_knots=148
2025-08-31 21:26:15,397 - Iter 374: obj=-40.939016, change=1.38e-03, α=1.000, ‖θ[1:]‖₁=4.094, num_selected_knots=148
2025-08-31 21:26:19,102 - Iter 375: obj=-40.939218, change=1.38e-03, α=1.000, ‖θ[1:]‖₁=4.094, num_selected_knots=148
2025-08-31 21:26:22,769 - Iter 376: obj=-40.939420, change=1.38e-03, α=1.000, ‖θ[1:]‖₁=4.094, num_selected_knots=148
2025-08-31 21:26:26,272 - Iter 377: obj=-40.939621, change=1.38e-03, α=1.000, ‖θ[1:]‖₁=4.094, num_selected_knots=148
2025-08-31 21:26:30,080 - Iter 378: obj=-40.939823, change=1.38e-03, α=1.000, ‖θ[1:]‖₁=4.094, num_selected_knots=146
2025-08-31 21:26:33,952 - Iter 379: obj=-40.940023, change=1.41e-03, α=1.000, ‖θ[1:]‖₁=4.094, num_selected_knots=146
2025-08-31 21:26:37,623 - Iter 380: obj=-40.940223, change=1.47e-03, α=1.000, ‖θ[1:]‖₁=4.094, num_selected_knots=146
2025-08-31 21:26:41,220 - Iter 381: obj=-40.940427, change=1.46e-03, α=1.000, ‖θ[1:]‖₁=4.094, num_selected_knots=146
2025-08-31 21:26:50,234 - Iter 382: obj=-40.940629, change=1.46e-03, α=1.000, ‖θ[1:]‖₁=4.094, num_selected_knots=146
2025-08-31 21:26:53,655 - Iter 383: obj=-40.940832, change=1.46e-03, α=1.000, ‖θ[1:]‖₁=4.094, num_selected_knots=145
2025-08-31 21:26:56,915 - Iter 384: obj=-40.941034, change=1.46e-03, α=1.000, ‖θ[1:]‖₁=4.094, num_selected_knots=145
2025-08-31 21:27:00,101 - Iter 385: obj=-40.941236, change=1.45e-03, α=1.000, ‖θ[1:]‖₁=4.094, num_selected_knots=145
2025-08-31 21:27:03,836 - Iter 386: obj=-40.941438, change=1.45e-03, α=1.000, ‖θ[1:]‖₁=4.094, num_selected_knots=144
2025-08-31 21:27:07,450 - Iter 387: obj=-40.941640, change=1.45e-03, α=1.000, ‖θ[1:]‖₁=4.094, num_selected_knots=143
2025-08-31 21:27:11,039 - Iter 388: obj=-40.941841, change=1.45e-03, α=1.000, ‖θ[1:]‖₁=4.094, num_selected_knots=143
2025-08-31 21:27:14,258 - Iter 389: obj=-40.942042, change=1.45e-03, α=1.000, ‖θ[1:]‖₁=4.094, num_selected_knots=142
2025-08-31 21:27:21,938 - Iter 390: obj=-40.942242, change=1.45e-03, α=1.000, ‖θ[1:]‖₁=4.093, num_selected_knots=142
2025-08-31 21:27:25,084 - Iter 391: obj=-40.942440, change=1.45e-03, α=1.000, ‖θ[1:]‖₁=4.093, num_selected_knots=142
2025-08-31 21:27:28,904 - Iter 392: obj=-40.942638, change=1.45e-03, α=1.000, ‖θ[1:]‖₁=4.093, num_selected_knots=142
2025-08-31 21:27:32,247 - Iter 393: obj=-40.942837, change=1.45e-03, α=1.000, ‖θ[1:]‖₁=4.093, num_selected_knots=142
2025-08-31 21:27:35,476 - Iter 394: obj=-40.943035, change=1.45e-03, α=1.000, ‖θ[1:]‖₁=4.093, num_selected_knots=142
2025-08-31 21:27:38,757 - Iter 395: obj=-40.943233, change=1.44e-03, α=1.000, ‖θ[1:]‖₁=4.093, num_selected_knots=142
2025-08-31 21:27:42,011 - Iter 396: obj=-40.943432, change=1.44e-03, α=1.000, ‖θ[1:]‖₁=4.093, num_selected_knots=139
2025-08-31 21:27:45,242 - Iter 397: obj=-40.943629, change=1.44e-03, α=1.000, ‖θ[1:]‖₁=4.093, num_selected_knots=139
2025-08-31 21:27:51,255 - Iter 398: obj=-40.943816, change=1.44e-03, α=1.000, ‖θ[1:]‖₁=4.093, num_selected_knots=139
2025-08-31 21:27:54,616 - Iter 399: obj=-40.944002, change=1.44e-03, α=1.000, ‖θ[1:]‖₁=4.093, num_selected_knots=139
2025-08-31 21:27:58,124 - Iter 400: obj=-40.944188, change=1.44e-03, α=1.000, ‖θ[1:]‖₁=4.093, num_selected_knots=139
2025-08-31 21:28:06,671 - Iter 401: obj=-40.944373, change=1.44e-03, α=1.000, ‖θ[1:]‖₁=4.093, num_selected_knots=139
2025-08-31 21:28:15,071 - Iter 402: obj=-40.944559, change=1.44e-03, α=1.000, ‖θ[1:]‖₁=4.093, num_selected_knots=139
2025-08-31 21:28:20,233 - Iter 403: obj=-40.944745, change=1.44e-03, α=1.000, ‖θ[1:]‖₁=4.093, num_selected_knots=139
2025-08-31 21:28:24,003 - Iter 404: obj=-40.944930, change=1.44e-03, α=1.000, ‖θ[1:]‖₁=4.093, num_selected_knots=139
2025-08-31 21:28:31,098 - Iter 405: obj=-40.945116, change=1.44e-03, α=1.000, ‖θ[1:]‖₁=4.093, num_selected_knots=139
2025-08-31 21:28:34,712 - Iter 406: obj=-40.945302, change=1.43e-03, α=1.000, ‖θ[1:]‖₁=4.093, num_selected_knots=139
2025-08-31 21:28:38,455 - Iter 407: obj=-40.945487, change=1.43e-03, α=1.000, ‖θ[1:]‖₁=4.093, num_selected_knots=139
2025-08-31 21:28:44,819 - Iter 408: obj=-40.945672, change=1.43e-03, α=1.000, ‖θ[1:]‖₁=4.093, num_selected_knots=139
2025-08-31 21:28:48,476 - Iter 409: obj=-40.945858, change=1.43e-03, α=1.000, ‖θ[1:]‖₁=4.093, num_selected_knots=138
2025-08-31 21:28:56,666 - Iter 410: obj=-40.946043, change=1.43e-03, α=1.000, ‖θ[1:]‖₁=4.093, num_selected_knots=138
2025-08-31 21:29:00,516 - Iter 411: obj=-40.946228, change=1.43e-03, α=1.000, ‖θ[1:]‖₁=4.093, num_selected_knots=138
2025-08-31 21:29:04,038 - Iter 412: obj=-40.946415, change=1.42e-03, α=1.000, ‖θ[1:]‖₁=4.092, num_selected_knots=138
2025-08-31 21:29:07,614 - Iter 413: obj=-40.946604, change=1.41e-03, α=1.000, ‖θ[1:]‖₁=4.092, num_selected_knots=138
2025-08-31 21:29:15,771 - Iter 414: obj=-40.946793, change=1.41e-03, α=1.000, ‖θ[1:]‖₁=4.092, num_selected_knots=138
2025-08-31 21:29:19,224 - Iter 415: obj=-40.946981, change=1.41e-03, α=1.000, ‖θ[1:]‖₁=4.092, num_selected_knots=138
2025-08-31 21:29:22,735 - Iter 416: obj=-40.947170, change=1.41e-03, α=1.000, ‖θ[1:]‖₁=4.092, num_selected_knots=138
2025-08-31 21:29:26,334 - Iter 417: obj=-40.947358, change=1.41e-03, α=1.000, ‖θ[1:]‖₁=4.092, num_selected_knots=138
2025-08-31 21:29:30,051 - Iter 418: obj=-40.947547, change=1.41e-03, α=1.000, ‖θ[1:]‖₁=4.092, num_selected_knots=137
2025-08-31 21:29:33,623 - Iter 419: obj=-40.947736, change=1.40e-03, α=1.000, ‖θ[1:]‖₁=4.092, num_selected_knots=136
2025-08-31 21:29:37,126 - Iter 420: obj=-40.947923, change=1.40e-03, α=1.000, ‖θ[1:]‖₁=4.092, num_selected_knots=136
2025-08-31 21:29:40,721 - Iter 421: obj=-40.948109, change=1.40e-03, α=1.000, ‖θ[1:]‖₁=4.092, num_selected_knots=136
2025-08-31 21:29:44,221 - Iter 422: obj=-40.948295, change=1.40e-03, α=1.000, ‖θ[1:]‖₁=4.092, num_selected_knots=136
2025-08-31 21:29:47,858 - Iter 423: obj=-40.948481, change=1.40e-03, α=1.000, ‖θ[1:]‖₁=4.092, num_selected_knots=136
2025-08-31 21:29:51,767 - Iter 424: obj=-40.948667, change=1.40e-03, α=1.000, ‖θ[1:]‖₁=4.092, num_selected_knots=136
2025-08-31 21:29:58,673 - Iter 425: obj=-40.948854, change=1.33e-03, α=1.000, ‖θ[1:]‖₁=4.092, num_selected_knots=135
2025-08-31 21:30:02,173 - Iter 426: obj=-40.949036, change=1.33e-03, α=1.000, ‖θ[1:]‖₁=4.092, num_selected_knots=135
2025-08-31 21:30:05,635 - Iter 427: obj=-40.949218, change=1.33e-03, α=1.000, ‖θ[1:]‖₁=4.092, num_selected_knots=135
2025-08-31 21:30:09,437 - Iter 428: obj=-40.949400, change=1.33e-03, α=1.000, ‖θ[1:]‖₁=4.092, num_selected_knots=135
2025-08-31 21:30:12,965 - Iter 429: obj=-40.949581, change=1.32e-03, α=1.000, ‖θ[1:]‖₁=4.092, num_selected_knots=135
2025-08-31 21:30:16,614 - Iter 430: obj=-40.949763, change=1.32e-03, α=1.000, ‖θ[1:]‖₁=4.092, num_selected_knots=135
2025-08-31 21:30:23,475 - Iter 431: obj=-40.949945, change=1.32e-03, α=1.000, ‖θ[1:]‖₁=4.092, num_selected_knots=135
2025-08-31 21:30:26,954 - Iter 432: obj=-40.950127, change=1.32e-03, α=1.000, ‖θ[1:]‖₁=4.092, num_selected_knots=133
2025-08-31 21:30:30,360 - Iter 433: obj=-40.950308, change=1.32e-03, α=1.000, ‖θ[1:]‖₁=4.092, num_selected_knots=133
2025-08-31 21:30:33,766 - Iter 434: obj=-40.950487, change=1.32e-03, α=1.000, ‖θ[1:]‖₁=4.092, num_selected_knots=133
2025-08-31 21:30:37,240 - Iter 435: obj=-40.950665, change=1.32e-03, α=1.000, ‖θ[1:]‖₁=4.092, num_selected_knots=133
2025-08-31 21:30:40,815 - Iter 436: obj=-40.950844, change=1.32e-03, α=1.000, ‖θ[1:]‖₁=4.092, num_selected_knots=132
2025-08-31 21:30:44,332 - Iter 437: obj=-40.951015, change=1.32e-03, α=1.000, ‖θ[1:]‖₁=4.092, num_selected_knots=132
2025-08-31 21:30:47,848 - Iter 438: obj=-40.951185, change=1.32e-03, α=1.000, ‖θ[1:]‖₁=4.092, num_selected_knots=132
2025-08-31 21:30:51,335 - Iter 439: obj=-40.951355, change=1.32e-03, α=1.000, ‖θ[1:]‖₁=4.092, num_selected_knots=132
2025-08-31 21:30:55,245 - Iter 440: obj=-40.951524, change=1.32e-03, α=1.000, ‖θ[1:]‖₁=4.092, num_selected_knots=132
2025-08-31 21:30:59,295 - Iter 441: obj=-40.951693, change=1.32e-03, α=1.000, ‖θ[1:]‖₁=4.092, num_selected_knots=132
2025-08-31 21:31:04,477 - Iter 442: obj=-40.951863, change=1.31e-03, α=1.000, ‖θ[1:]‖₁=4.092, num_selected_knots=132
2025-08-31 21:31:08,010 - Iter 443: obj=-40.952032, change=1.31e-03, α=1.000, ‖θ[1:]‖₁=4.091, num_selected_knots=132
2025-08-31 21:31:11,703 - Iter 444: obj=-40.952201, change=1.31e-03, α=1.000, ‖θ[1:]‖₁=4.091, num_selected_knots=132
2025-08-31 21:31:15,203 - Iter 445: obj=-40.952371, change=1.31e-03, α=1.000, ‖θ[1:]‖₁=4.091, num_selected_knots=132
2025-08-31 21:31:18,921 - Iter 446: obj=-40.952540, change=1.31e-03, α=1.000, ‖θ[1:]‖₁=4.091, num_selected_knots=132
2025-08-31 21:31:22,494 - Iter 447: obj=-40.952709, change=1.31e-03, α=1.000, ‖θ[1:]‖₁=4.091, num_selected_knots=131
2025-08-31 21:31:26,118 - Iter 448: obj=-40.952875, change=1.31e-03, α=1.000, ‖θ[1:]‖₁=4.091, num_selected_knots=131
2025-08-31 21:31:29,683 - Iter 449: obj=-40.953035, change=1.31e-03, α=1.000, ‖θ[1:]‖₁=4.091, num_selected_knots=131
2025-08-31 21:31:37,004 - Iter 450: obj=-40.953194, change=1.30e-03, α=1.000, ‖θ[1:]‖₁=4.091, num_selected_knots=130
2025-08-31 21:31:40,483 - Iter 451: obj=-40.953352, change=1.30e-03, α=1.000, ‖θ[1:]‖₁=4.091, num_selected_knots=130
2025-08-31 21:31:44,091 - Iter 452: obj=-40.953506, change=1.30e-03, α=1.000, ‖θ[1:]‖₁=4.091, num_selected_knots=130
2025-08-31 21:31:48,049 - Iter 453: obj=-40.953658, change=1.29e-03, α=1.000, ‖θ[1:]‖₁=4.091, num_selected_knots=129
2025-08-31 21:31:51,983 - Iter 454: obj=-40.953811, change=1.29e-03, α=1.000, ‖θ[1:]‖₁=4.091, num_selected_knots=129
2025-08-31 21:31:58,927 - Iter 455: obj=-40.953964, change=1.18e-03, α=1.000, ‖θ[1:]‖₁=4.091, num_selected_knots=128
2025-08-31 21:32:02,442 - Iter 456: obj=-40.954115, change=1.18e-03, α=1.000, ‖θ[1:]‖₁=4.091, num_selected_knots=128
2025-08-31 21:32:06,188 - Iter 457: obj=-40.954262, change=1.18e-03, α=1.000, ‖θ[1:]‖₁=4.091, num_selected_knots=128
2025-08-31 21:32:09,780 - Iter 458: obj=-40.954408, change=1.18e-03, α=1.000, ‖θ[1:]‖₁=4.091, num_selected_knots=128
2025-08-31 21:32:13,425 - Iter 459: obj=-40.954554, change=1.18e-03, α=1.000, ‖θ[1:]‖₁=4.091, num_selected_knots=128
2025-08-31 21:32:17,244 - Iter 460: obj=-40.954701, change=1.18e-03, α=1.000, ‖θ[1:]‖₁=4.091, num_selected_knots=128
2025-08-31 21:32:23,562 - Iter 461: obj=-40.954847, change=1.18e-03, α=1.000, ‖θ[1:]‖₁=4.091, num_selected_knots=128
2025-08-31 21:32:26,984 - Iter 462: obj=-40.954993, change=1.18e-03, α=1.000, ‖θ[1:]‖₁=4.091, num_selected_knots=128
2025-08-31 21:32:30,446 - Iter 463: obj=-40.955139, change=1.18e-03, α=1.000, ‖θ[1:]‖₁=4.091, num_selected_knots=128
2025-08-31 21:32:33,915 - Iter 464: obj=-40.955286, change=1.18e-03, α=1.000, ‖θ[1:]‖₁=4.091, num_selected_knots=128
2025-08-31 21:32:37,662 - Iter 465: obj=-40.955432, change=1.18e-03, α=1.000, ‖θ[1:]‖₁=4.091, num_selected_knots=128
2025-08-31 21:32:41,297 - Iter 466: obj=-40.955578, change=1.18e-03, α=1.000, ‖θ[1:]‖₁=4.091, num_selected_knots=128
2025-08-31 21:32:50,006 - Iter 467: obj=-40.955724, change=1.18e-03, α=1.000, ‖θ[1:]‖₁=4.090, num_selected_knots=128
2025-08-31 21:32:53,735 - Iter 468: obj=-40.955870, change=1.18e-03, α=1.000, ‖θ[1:]‖₁=4.090, num_selected_knots=128
2025-08-31 21:32:57,258 - Iter 469: obj=-40.956016, change=1.18e-03, α=1.000, ‖θ[1:]‖₁=4.090, num_selected_knots=127
2025-08-31 21:33:00,785 - Iter 470: obj=-40.956162, change=1.18e-03, α=1.000, ‖θ[1:]‖₁=4.090, num_selected_knots=127
2025-08-31 21:33:06,330 - Iter 471: obj=-40.956308, change=1.18e-03, α=1.000, ‖θ[1:]‖₁=4.090, num_selected_knots=127
2025-08-31 21:33:10,156 - Iter 472: obj=-40.956454, change=1.18e-03, α=1.000, ‖θ[1:]‖₁=4.090, num_selected_knots=127
2025-08-31 21:33:13,618 - Iter 473: obj=-40.956601, change=1.19e-03, α=1.000, ‖θ[1:]‖₁=4.090, num_selected_knots=127
2025-08-31 21:33:17,089 - Iter 474: obj=-40.956747, change=1.19e-03, α=1.000, ‖θ[1:]‖₁=4.090, num_selected_knots=127
2025-08-31 21:33:20,552 - Iter 475: obj=-40.956894, change=1.19e-03, α=1.000, ‖θ[1:]‖₁=4.090, num_selected_knots=127
2025-08-31 21:33:24,114 - Iter 476: obj=-40.957042, change=1.20e-03, α=1.000, ‖θ[1:]‖₁=4.090, num_selected_knots=127
2025-08-31 21:33:27,799 - Iter 477: obj=-40.957190, change=1.20e-03, α=1.000, ‖θ[1:]‖₁=4.090, num_selected_knots=127
2025-08-31 21:33:31,291 - Iter 478: obj=-40.957338, change=1.20e-03, α=1.000, ‖θ[1:]‖₁=4.090, num_selected_knots=127
2025-08-31 21:33:34,843 - Iter 479: obj=-40.957487, change=1.20e-03, α=1.000, ‖θ[1:]‖₁=4.090, num_selected_knots=127
2025-08-31 21:33:38,333 - Iter 480: obj=-40.957635, change=1.20e-03, α=1.000, ‖θ[1:]‖₁=4.090, num_selected_knots=127
2025-08-31 21:33:41,931 - Iter 481: obj=-40.957784, change=1.20e-03, α=1.000, ‖θ[1:]‖₁=4.090, num_selected_knots=127
2025-08-31 21:33:45,523 - Iter 482: obj=-40.957932, change=1.20e-03, α=1.000, ‖θ[1:]‖₁=4.090, num_selected_knots=127
2025-08-31 21:33:54,141 - Iter 483: obj=-40.958081, change=1.20e-03, α=1.000, ‖θ[1:]‖₁=4.090, num_selected_knots=125
2025-08-31 21:33:57,705 - Iter 484: obj=-40.958230, change=1.21e-03, α=1.000, ‖θ[1:]‖₁=4.089, num_selected_knots=125
2025-08-31 21:34:01,202 - Iter 485: obj=-40.958375, change=1.21e-03, α=1.000, ‖θ[1:]‖₁=4.089, num_selected_knots=125
2025-08-31 21:34:04,884 - Iter 486: obj=-40.958521, change=1.21e-03, α=1.000, ‖θ[1:]‖₁=4.089, num_selected_knots=125
2025-08-31 21:34:08,401 - Iter 487: obj=-40.958667, change=1.21e-03, α=1.000, ‖θ[1:]‖₁=4.089, num_selected_knots=125
2025-08-31 21:34:11,883 - Iter 488: obj=-40.958813, change=1.22e-03, α=1.000, ‖θ[1:]‖₁=4.089, num_selected_knots=125
2025-08-31 21:34:15,371 - Iter 489: obj=-40.958960, change=1.22e-03, α=1.000, ‖θ[1:]‖₁=4.089, num_selected_knots=125
2025-08-31 21:34:18,865 - Iter 490: obj=-40.959108, change=1.22e-03, α=1.000, ‖θ[1:]‖₁=4.089, num_selected_knots=125
2025-08-31 21:34:22,406 - Iter 491: obj=-40.959256, change=1.23e-03, α=1.000, ‖θ[1:]‖₁=4.089, num_selected_knots=125
2025-08-31 21:34:25,885 - Iter 492: obj=-40.959403, change=1.23e-03, α=1.000, ‖θ[1:]‖₁=4.089, num_selected_knots=125
2025-08-31 21:34:29,374 - Iter 493: obj=-40.959551, change=1.23e-03, α=1.000, ‖θ[1:]‖₁=4.089, num_selected_knots=125
2025-08-31 21:34:32,856 - Iter 494: obj=-40.959700, change=1.23e-03, α=1.000, ‖θ[1:]‖₁=4.089, num_selected_knots=124
2025-08-31 21:34:36,383 - Iter 495: obj=-40.959848, change=1.23e-03, α=1.000, ‖θ[1:]‖₁=4.089, num_selected_knots=124
2025-08-31 21:34:39,897 - Iter 496: obj=-40.959995, change=1.23e-03, α=1.000, ‖θ[1:]‖₁=4.089, num_selected_knots=124
2025-08-31 21:34:43,413 - Iter 497: obj=-40.960143, change=1.23e-03, α=1.000, ‖θ[1:]‖₁=4.089, num_selected_knots=124
2025-08-31 21:34:47,019 - Iter 498: obj=-40.960291, change=1.23e-03, α=1.000, ‖θ[1:]‖₁=4.088, num_selected_knots=124
2025-08-31 21:34:55,200 - Iter 499: obj=-40.960439, change=1.23e-03, α=1.000, ‖θ[1:]‖₁=4.088, num_selected_knots=124
2025-08-31 21:34:58,620 - Iter 500: obj=-40.960586, change=1.24e-03, α=1.000, ‖θ[1:]‖₁=4.088, num_selected_knots=123
2025-08-31 21:34:58,645 - Final: obj=-40.960733, selected_knots=123, iterations=501
