2025-09-01 16:12:23,434 - ProximalNewton: lam=40, n_grid=200, cd_sweeps=2, basis_order=0, n_samples=3200, K=3201
2025-09-01 16:12:31,227 - Iter   0: obj=0.000000, change=1.88e+00, α=1.000, ‖θ[1:]‖₁=5.778, num_selected_knots=779
2025-09-01 16:12:37,080 - Iter   1: obj=-326.715652, change=5.81e-01, α=1.000, ‖θ[1:]‖₁=6.780, num_selected_knots=799
2025-09-01 16:12:43,171 - Iter   2: obj=-404.691586, change=8.94e-01, α=1.000, ‖θ[1:]‖₁=9.816, num_selected_knots=751
2025-09-01 16:12:49,251 - Iter   3: obj=-448.502094, change=4.17e-01, α=1.000, ‖θ[1:]‖₁=8.956, num_selected_knots=554
2025-09-01 16:12:55,167 - Iter   4: obj=-557.874240, change=3.14e-01, α=1.000, ‖θ[1:]‖₁=7.445, num_selected_knots=388
2025-09-01 16:13:01,001 - Iter   5: obj=-613.143545, change=3.48e-01, α=1.000, ‖θ[1:]‖₁=6.149, num_selected_knots=251
2025-09-01 16:13:06,960 - Iter   6: obj=-683.374822, change=4.41e-01, α=1.000, ‖θ[1:]‖₁=6.127, num_selected_knots=309
2025-09-01 16:13:12,757 - Iter   7: obj=-737.786370, change=3.07e-01, α=1.000, ‖θ[1:]‖₁=6.046, num_selected_knots=286
2025-09-01 16:13:18,596 - Iter   8: obj=-776.355011, change=3.35e-01, α=1.000, ‖θ[1:]‖₁=5.990, num_selected_knots=344
2025-09-01 16:13:24,363 - Iter   9: obj=-796.577400, change=9.61e-02, α=1.000, ‖θ[1:]‖₁=6.132, num_selected_knots=293
2025-09-01 16:13:30,095 - Iter  10: obj=-809.902552, change=1.72e-01, α=1.000, ‖θ[1:]‖₁=6.294, num_selected_knots=247
2025-09-01 16:13:35,812 - Iter  11: obj=-820.229791, change=1.43e-01, α=1.000, ‖θ[1:]‖₁=6.290, num_selected_knots=214
2025-09-01 16:13:41,541 - Iter  12: obj=-828.331372, change=1.48e-01, α=1.000, ‖θ[1:]‖₁=6.053, num_selected_knots=186
2025-09-01 16:13:47,467 - Iter  13: obj=-833.564427, change=6.68e-02, α=1.000, ‖θ[1:]‖₁=5.821, num_selected_knots=149
2025-09-01 16:13:53,199 - Iter  14: obj=-836.394919, change=4.60e-02, α=1.000, ‖θ[1:]‖₁=5.713, num_selected_knots=136
2025-09-01 16:13:58,868 - Iter  15: obj=-837.369664, change=3.06e-02, α=1.000, ‖θ[1:]‖₁=5.684, num_selected_knots=130
2025-09-01 16:14:04,698 - Iter  16: obj=-837.986226, change=2.46e-02, α=1.000, ‖θ[1:]‖₁=5.690, num_selected_knots=127
2025-09-01 16:14:10,397 - Iter  17: obj=-838.392163, change=9.44e-03, α=1.000, ‖θ[1:]‖₁=5.693, num_selected_knots=118
2025-09-01 16:14:16,065 - Iter  18: obj=-838.698809, change=1.29e-02, α=1.000, ‖θ[1:]‖₁=5.693, num_selected_knots=111
2025-09-01 16:14:21,799 - Iter  19: obj=-838.968648, change=1.11e-02, α=1.000, ‖θ[1:]‖₁=5.694, num_selected_knots=107
2025-09-01 16:14:27,585 - Iter  20: obj=-839.201891, change=1.08e-02, α=1.000, ‖θ[1:]‖₁=5.696, num_selected_knots=107
2025-09-01 16:14:33,285 - Iter  21: obj=-839.410749, change=1.59e-02, α=1.000, ‖θ[1:]‖₁=5.699, num_selected_knots=100
2025-09-01 16:14:39,035 - Iter  22: obj=-839.616343, change=1.87e-02, α=1.000, ‖θ[1:]‖₁=5.700, num_selected_knots=97
2025-09-01 16:14:44,793 - Iter  23: obj=-839.789680, change=1.85e-02, α=1.000, ‖θ[1:]‖₁=5.702, num_selected_knots=94
2025-09-01 16:14:50,551 - Iter  24: obj=-839.941303, change=1.82e-02, α=1.000, ‖θ[1:]‖₁=5.703, num_selected_knots=94
2025-09-01 16:14:56,622 - Iter  25: obj=-840.082973, change=1.13e-02, α=1.000, ‖θ[1:]‖₁=5.703, num_selected_knots=91
2025-09-01 16:15:02,438 - Iter  26: obj=-840.216986, change=1.22e-02, α=1.000, ‖θ[1:]‖₁=5.702, num_selected_knots=90
2025-09-01 16:15:08,054 - Iter  27: obj=-840.335418, change=1.16e-02, α=1.000, ‖θ[1:]‖₁=5.700, num_selected_knots=91
2025-09-01 16:15:13,827 - Iter  28: obj=-840.441897, change=1.10e-02, α=1.000, ‖θ[1:]‖₁=5.698, num_selected_knots=91
2025-09-01 16:15:19,609 - Iter  29: obj=-840.546855, change=1.04e-02, α=1.000, ‖θ[1:]‖₁=5.696, num_selected_knots=90
2025-09-01 16:15:25,493 - Iter  30: obj=-840.651646, change=9.96e-03, α=1.000, ‖θ[1:]‖₁=5.694, num_selected_knots=89
2025-09-01 16:15:31,187 - Iter  31: obj=-840.754033, change=9.54e-03, α=1.000, ‖θ[1:]‖₁=5.693, num_selected_knots=89
2025-09-01 16:15:36,832 - Iter  32: obj=-840.855786, change=9.14e-03, α=1.000, ‖θ[1:]‖₁=5.693, num_selected_knots=86
2025-09-01 16:15:42,519 - Iter  33: obj=-840.956058, change=1.04e-02, α=1.000, ‖θ[1:]‖₁=5.693, num_selected_knots=83
2025-09-01 16:15:48,224 - Iter  34: obj=-841.045095, change=1.00e-02, α=1.000, ‖θ[1:]‖₁=5.693, num_selected_knots=82
2025-09-01 16:15:54,026 - Iter  35: obj=-841.116879, change=8.16e-03, α=1.000, ‖θ[1:]‖₁=5.694, num_selected_knots=82
2025-09-01 16:15:59,652 - Iter  36: obj=-841.180678, change=7.88e-03, α=1.000, ‖θ[1:]‖₁=5.695, num_selected_knots=82
2025-09-01 16:16:05,408 - Iter  37: obj=-841.244115, change=7.71e-03, α=1.000, ‖θ[1:]‖₁=5.695, num_selected_knots=82
2025-09-01 16:16:11,444 - Iter  38: obj=-841.307141, change=7.59e-03, α=1.000, ‖θ[1:]‖₁=5.696, num_selected_knots=80
2025-09-01 16:16:17,756 - Iter  39: obj=-841.367935, change=7.49e-03, α=1.000, ‖θ[1:]‖₁=5.695, num_selected_knots=79
2025-09-01 16:16:23,560 - Iter  40: obj=-841.417885, change=7.40e-03, α=1.000, ‖θ[1:]‖₁=5.695, num_selected_knots=79
2025-09-01 16:16:29,296 - Iter  41: obj=-841.466986, change=7.34e-03, α=1.000, ‖θ[1:]‖₁=5.693, num_selected_knots=79
2025-09-01 16:16:35,315 - Iter  42: obj=-841.515658, change=7.30e-03, α=1.000, ‖θ[1:]‖₁=5.692, num_selected_knots=78
2025-09-01 16:16:41,011 - Iter  43: obj=-841.561341, change=7.35e-03, α=1.000, ‖θ[1:]‖₁=5.691, num_selected_knots=78
2025-09-01 16:16:46,966 - Iter  44: obj=-841.603484, change=7.50e-03, α=1.000, ‖θ[1:]‖₁=5.691, num_selected_knots=78
2025-09-01 16:16:52,927 - Iter  45: obj=-841.645233, change=7.61e-03, α=1.000, ‖θ[1:]‖₁=5.691, num_selected_knots=78
2025-09-01 16:16:58,697 - Iter  46: obj=-841.687864, change=7.70e-03, α=1.000, ‖θ[1:]‖₁=5.691, num_selected_knots=78
2025-09-01 16:17:04,569 - Iter  47: obj=-841.729927, change=7.77e-03, α=1.000, ‖θ[1:]‖₁=5.690, num_selected_knots=77
2025-09-01 16:17:10,242 - Iter  48: obj=-841.771814, change=7.84e-03, α=1.000, ‖θ[1:]‖₁=5.690, num_selected_knots=77
2025-09-01 16:17:16,125 - Iter  49: obj=-841.813295, change=7.90e-03, α=1.000, ‖θ[1:]‖₁=5.690, num_selected_knots=76
2025-09-01 16:17:21,808 - Iter  50: obj=-841.852587, change=7.95e-03, α=1.000, ‖θ[1:]‖₁=5.689, num_selected_knots=76
2025-09-01 16:17:27,461 - Iter  51: obj=-841.889988, change=7.99e-03, α=1.000, ‖θ[1:]‖₁=5.690, num_selected_knots=75
2025-09-01 16:17:33,406 - Iter  52: obj=-841.927156, change=8.03e-03, α=1.000, ‖θ[1:]‖₁=5.690, num_selected_knots=75
2025-09-01 16:17:39,039 - Iter  53: obj=-841.964172, change=8.06e-03, α=1.000, ‖θ[1:]‖₁=5.690, num_selected_knots=75
2025-09-01 16:17:44,690 - Iter  54: obj=-842.000973, change=7.97e-03, α=1.000, ‖θ[1:]‖₁=5.689, num_selected_knots=75
2025-09-01 16:17:50,410 - Iter  55: obj=-842.040249, change=7.85e-03, α=1.000, ‖θ[1:]‖₁=5.689, num_selected_knots=74
2025-09-01 16:17:56,143 - Iter  56: obj=-842.079664, change=7.85e-03, α=1.000, ‖θ[1:]‖₁=5.688, num_selected_knots=73
2025-09-01 16:18:01,891 - Iter  57: obj=-842.116597, change=8.22e-03, α=1.000, ‖θ[1:]‖₁=5.687, num_selected_knots=73
2025-09-01 16:18:07,551 - Iter  58: obj=-842.150584, change=8.63e-03, α=1.000, ‖θ[1:]‖₁=5.686, num_selected_knots=72
2025-09-01 16:18:13,208 - Iter  59: obj=-842.180577, change=8.70e-03, α=1.000, ‖θ[1:]‖₁=5.686, num_selected_knots=72
2025-09-01 16:18:18,901 - Iter  60: obj=-842.204343, change=8.53e-03, α=1.000, ‖θ[1:]‖₁=5.686, num_selected_knots=72
2025-09-01 16:18:24,631 - Iter  61: obj=-842.223764, change=8.26e-03, α=1.000, ‖θ[1:]‖₁=5.686, num_selected_knots=72
2025-09-01 16:18:30,251 - Iter  62: obj=-842.242111, change=7.97e-03, α=1.000, ‖θ[1:]‖₁=5.686, num_selected_knots=72
2025-09-01 16:18:35,874 - Iter  63: obj=-842.259936, change=7.68e-03, α=1.000, ‖θ[1:]‖₁=5.687, num_selected_knots=72
2025-09-01 16:18:41,543 - Iter  64: obj=-842.277334, change=7.42e-03, α=1.000, ‖θ[1:]‖₁=5.687, num_selected_knots=72
2025-09-01 16:18:47,162 - Iter  65: obj=-842.294381, change=7.18e-03, α=1.000, ‖θ[1:]‖₁=5.687, num_selected_knots=71
2025-09-01 16:18:52,784 - Iter  66: obj=-842.310697, change=6.98e-03, α=1.000, ‖θ[1:]‖₁=5.688, num_selected_knots=71
2025-09-01 16:18:58,469 - Iter  67: obj=-842.325693, change=6.80e-03, α=1.000, ‖θ[1:]‖₁=5.688, num_selected_knots=71
2025-09-01 16:19:04,095 - Iter  68: obj=-842.340463, change=6.64e-03, α=1.000, ‖θ[1:]‖₁=5.688, num_selected_knots=71
2025-09-01 16:19:09,642 - Iter  69: obj=-842.355104, change=6.50e-03, α=1.000, ‖θ[1:]‖₁=5.688, num_selected_knots=70
2025-09-01 16:19:15,365 - Iter  70: obj=-842.370168, change=6.39e-03, α=1.000, ‖θ[1:]‖₁=5.688, num_selected_knots=70
2025-09-01 16:19:20,938 - Iter  71: obj=-842.384714, change=6.23e-03, α=1.000, ‖θ[1:]‖₁=5.688, num_selected_knots=70
2025-09-01 16:19:26,615 - Iter  72: obj=-842.398997, change=6.05e-03, α=1.000, ‖θ[1:]‖₁=5.690, num_selected_knots=68
2025-09-01 16:19:32,247 - Iter  73: obj=-842.412753, change=6.12e-03, α=1.000, ‖θ[1:]‖₁=5.690, num_selected_knots=67
2025-09-01 16:19:37,864 - Iter  74: obj=-842.424842, change=5.74e-03, α=1.000, ‖θ[1:]‖₁=5.691, num_selected_knots=67
2025-09-01 16:19:43,424 - Iter  75: obj=-842.436526, change=5.79e-03, α=1.000, ‖θ[1:]‖₁=5.691, num_selected_knots=67
2025-09-01 16:19:49,033 - Iter  76: obj=-842.447837, change=5.58e-03, α=1.000, ‖θ[1:]‖₁=5.691, num_selected_knots=67
2025-09-01 16:19:54,815 - Iter  77: obj=-842.458941, change=5.60e-03, α=1.000, ‖θ[1:]‖₁=5.691, num_selected_knots=66
2025-09-01 16:20:00,447 - Iter  78: obj=-842.469993, change=5.66e-03, α=1.000, ‖θ[1:]‖₁=5.691, num_selected_knots=66
2025-09-01 16:20:06,350 - Iter  79: obj=-842.481039, change=5.64e-03, α=1.000, ‖θ[1:]‖₁=5.691, num_selected_knots=66
2025-09-01 16:20:12,077 - Iter  80: obj=-842.491973, change=4.98e-03, α=1.000, ‖θ[1:]‖₁=5.692, num_selected_knots=66
2025-09-01 16:20:17,683 - Iter  81: obj=-842.500799, change=4.38e-03, α=1.000, ‖θ[1:]‖₁=5.692, num_selected_knots=66
2025-09-01 16:20:23,303 - Iter  82: obj=-842.507462, change=3.61e-03, α=1.000, ‖θ[1:]‖₁=5.692, num_selected_knots=66
2025-09-01 16:20:28,877 - Iter  83: obj=-842.513812, change=3.08e-03, α=1.000, ‖θ[1:]‖₁=5.692, num_selected_knots=65
2025-09-01 16:20:34,526 - Iter  84: obj=-842.519820, change=2.68e-03, α=1.000, ‖θ[1:]‖₁=5.692, num_selected_knots=65
2025-09-01 16:20:40,575 - Iter  85: obj=-842.525601, change=2.35e-03, α=1.000, ‖θ[1:]‖₁=5.692, num_selected_knots=65
2025-09-01 16:20:46,562 - Iter  86: obj=-842.531308, change=2.10e-03, α=1.000, ‖θ[1:]‖₁=5.692, num_selected_knots=65
2025-09-01 16:20:52,513 - Iter  87: obj=-842.536963, change=2.02e-03, α=1.000, ‖θ[1:]‖₁=5.692, num_selected_knots=64
2025-09-01 16:20:58,752 - Iter  88: obj=-842.543014, change=2.12e-03, α=1.000, ‖θ[1:]‖₁=5.693, num_selected_knots=64
2025-09-01 16:21:05,267 - Iter  89: obj=-842.548974, change=2.22e-03, α=1.000, ‖θ[1:]‖₁=5.693, num_selected_knots=64
2025-09-01 16:21:11,290 - Iter  90: obj=-842.554797, change=2.26e-03, α=1.000, ‖θ[1:]‖₁=5.693, num_selected_knots=64
2025-09-01 16:21:17,656 - Iter  91: obj=-842.560895, change=2.32e-03, α=1.000, ‖θ[1:]‖₁=5.693, num_selected_knots=63
2025-09-01 16:21:23,560 - Iter  92: obj=-842.567251, change=2.39e-03, α=1.000, ‖θ[1:]‖₁=5.693, num_selected_knots=63
2025-09-01 16:21:29,317 - Iter  93: obj=-842.573514, change=2.47e-03, α=1.000, ‖θ[1:]‖₁=5.693, num_selected_knots=62
2025-09-01 16:21:35,000 - Iter  94: obj=-842.579278, change=2.52e-03, α=1.000, ‖θ[1:]‖₁=5.694, num_selected_knots=62
2025-09-01 16:21:40,648 - Iter  95: obj=-842.585036, change=2.57e-03, α=1.000, ‖θ[1:]‖₁=5.694, num_selected_knots=62
2025-09-01 16:21:46,607 - Iter  96: obj=-842.590768, change=2.60e-03, α=1.000, ‖θ[1:]‖₁=5.694, num_selected_knots=61
2025-09-01 16:21:52,489 - Iter  97: obj=-842.596478, change=2.65e-03, α=1.000, ‖θ[1:]‖₁=5.694, num_selected_knots=61
2025-09-01 16:21:58,289 - Iter  98: obj=-842.602138, change=2.69e-03, α=1.000, ‖θ[1:]‖₁=5.695, num_selected_knots=61
2025-09-01 16:22:04,097 - Iter  99: obj=-842.607790, change=2.73e-03, α=1.000, ‖θ[1:]‖₁=5.695, num_selected_knots=60
2025-09-01 16:22:09,966 - Iter 100: obj=-842.613418, change=2.76e-03, α=1.000, ‖θ[1:]‖₁=5.695, num_selected_knots=59
2025-09-01 16:22:15,817 - Iter 101: obj=-842.618886, change=2.79e-03, α=1.000, ‖θ[1:]‖₁=5.695, num_selected_knots=59
2025-09-01 16:22:21,628 - Iter 102: obj=-842.624359, change=2.82e-03, α=1.000, ‖θ[1:]‖₁=5.695, num_selected_knots=59
2025-09-01 16:22:27,399 - Iter 103: obj=-842.630093, change=2.85e-03, α=1.000, ‖θ[1:]‖₁=5.695, num_selected_knots=58
2025-09-01 16:22:33,099 - Iter 104: obj=-842.636300, change=2.88e-03, α=1.000, ‖θ[1:]‖₁=5.696, num_selected_knots=58
2025-09-01 16:22:38,825 - Iter 105: obj=-842.642374, change=2.90e-03, α=1.000, ‖θ[1:]‖₁=5.696, num_selected_knots=58
2025-09-01 16:22:44,663 - Iter 106: obj=-842.648414, change=2.92e-03, α=1.000, ‖θ[1:]‖₁=5.696, num_selected_knots=58
2025-09-01 16:22:50,391 - Iter 107: obj=-842.654421, change=2.85e-03, α=1.000, ‖θ[1:]‖₁=5.696, num_selected_knots=58
2025-09-01 16:22:56,205 - Iter 108: obj=-842.660495, change=2.63e-03, α=1.000, ‖θ[1:]‖₁=5.695, num_selected_knots=57
2025-09-01 16:23:02,139 - Iter 109: obj=-842.665997, change=2.13e-03, α=1.000, ‖θ[1:]‖₁=5.695, num_selected_knots=57
2025-09-01 16:23:08,365 - Iter 110: obj=-842.670377, change=1.60e-03, α=1.000, ‖θ[1:]‖₁=5.695, num_selected_knots=57
2025-09-01 16:23:14,505 - Iter 111: obj=-842.674344, change=1.25e-03, α=1.000, ‖θ[1:]‖₁=5.695, num_selected_knots=57
2025-09-01 16:23:20,712 - Iter 112: obj=-842.678077, change=1.10e-03, α=1.000, ‖θ[1:]‖₁=5.696, num_selected_knots=57
2025-09-01 16:23:26,450 - Iter 113: obj=-842.681661, change=1.10e-03, α=1.000, ‖θ[1:]‖₁=5.696, num_selected_knots=57
2025-09-01 16:23:32,444 - Iter 114: obj=-842.685146, change=1.09e-03, α=1.000, ‖θ[1:]‖₁=5.696, num_selected_knots=57
2025-09-01 16:23:38,080 - Iter 115: obj=-842.688559, change=1.09e-03, α=1.000, ‖θ[1:]‖₁=5.696, num_selected_knots=57
2025-09-01 16:23:43,682 - Iter 116: obj=-842.691914, change=1.09e-03, α=1.000, ‖θ[1:]‖₁=5.696, num_selected_knots=57
2025-09-01 16:23:49,439 - Iter 117: obj=-842.695223, change=1.08e-03, α=1.000, ‖θ[1:]‖₁=5.696, num_selected_knots=57
2025-09-01 16:23:55,330 - Iter 118: obj=-842.698490, change=1.08e-03, α=1.000, ‖θ[1:]‖₁=5.696, num_selected_knots=57
2025-09-01 16:24:01,147 - Iter 119: obj=-842.701719, change=1.08e-03, α=1.000, ‖θ[1:]‖₁=5.696, num_selected_knots=57
2025-09-01 16:24:06,880 - Iter 120: obj=-842.704915, change=1.08e-03, α=1.000, ‖θ[1:]‖₁=5.696, num_selected_knots=57
2025-09-01 16:24:12,528 - Iter 121: obj=-842.708080, change=1.07e-03, α=1.000, ‖θ[1:]‖₁=5.697, num_selected_knots=57
2025-09-01 16:24:18,213 - Iter 122: obj=-842.711217, change=1.07e-03, α=1.000, ‖θ[1:]‖₁=5.697, num_selected_knots=57
2025-09-01 16:24:23,882 - Iter 123: obj=-842.714331, change=1.07e-03, α=1.000, ‖θ[1:]‖₁=5.697, num_selected_knots=57
2025-09-01 16:24:29,630 - Iter 124: obj=-842.717423, change=1.07e-03, α=1.000, ‖θ[1:]‖₁=5.697, num_selected_knots=57
2025-09-01 16:24:35,366 - Iter 125: obj=-842.720497, change=1.07e-03, α=1.000, ‖θ[1:]‖₁=5.697, num_selected_knots=57
2025-09-01 16:24:41,033 - Iter 126: obj=-842.723556, change=1.06e-03, α=1.000, ‖θ[1:]‖₁=5.697, num_selected_knots=56
2025-09-01 16:24:46,754 - Iter 127: obj=-842.726703, change=1.06e-03, α=1.000, ‖θ[1:]‖₁=5.697, num_selected_knots=56
2025-09-01 16:24:52,592 - Iter 128: obj=-842.729788, change=1.06e-03, α=1.000, ‖θ[1:]‖₁=5.697, num_selected_knots=56
2025-09-01 16:24:58,404 - Iter 129: obj=-842.732809, change=1.06e-03, α=1.000, ‖θ[1:]‖₁=5.697, num_selected_knots=56
2025-09-01 16:25:04,204 - Iter 130: obj=-842.735777, change=1.06e-03, α=1.000, ‖θ[1:]‖₁=5.697, num_selected_knots=56
2025-09-01 16:25:09,880 - Iter 131: obj=-842.738702, change=1.06e-03, α=1.000, ‖θ[1:]‖₁=5.697, num_selected_knots=56
2025-09-01 16:25:15,691 - Iter 132: obj=-842.741597, change=1.06e-03, α=1.000, ‖θ[1:]‖₁=5.697, num_selected_knots=56
2025-09-01 16:25:21,374 - Iter 133: obj=-842.744469, change=1.05e-03, α=1.000, ‖θ[1:]‖₁=5.697, num_selected_knots=56
2025-09-01 16:25:27,040 - Iter 134: obj=-842.747326, change=1.05e-03, α=1.000, ‖θ[1:]‖₁=5.697, num_selected_knots=56
2025-09-01 16:25:32,882 - Iter 135: obj=-842.750171, change=1.05e-03, α=1.000, ‖θ[1:]‖₁=5.697, num_selected_knots=56
2025-09-01 16:25:38,531 - Iter 136: obj=-842.753010, change=1.05e-03, α=1.000, ‖θ[1:]‖₁=5.697, num_selected_knots=56
2025-09-01 16:25:44,166 - Iter 137: obj=-842.755843, change=1.05e-03, α=1.000, ‖θ[1:]‖₁=5.697, num_selected_knots=56
2025-09-01 16:25:49,867 - Iter 138: obj=-842.758674, change=1.05e-03, α=1.000, ‖θ[1:]‖₁=5.697, num_selected_knots=56
2025-09-01 16:25:55,595 - Iter 139: obj=-842.761504, change=1.05e-03, α=1.000, ‖θ[1:]‖₁=5.697, num_selected_knots=56
2025-09-01 16:26:01,472 - Iter 140: obj=-842.764333, change=1.05e-03, α=1.000, ‖θ[1:]‖₁=5.697, num_selected_knots=56
2025-09-01 16:26:07,140 - Iter 141: obj=-842.767164, change=1.05e-03, α=1.000, ‖θ[1:]‖₁=5.698, num_selected_knots=56
2025-09-01 16:26:12,834 - Iter 142: obj=-842.769997, change=1.05e-03, α=1.000, ‖θ[1:]‖₁=5.698, num_selected_knots=56
2025-09-01 16:26:18,558 - Iter 143: obj=-842.772835, change=1.05e-03, α=1.000, ‖θ[1:]‖₁=5.698, num_selected_knots=56
2025-09-01 16:26:24,249 - Iter 144: obj=-842.775678, change=1.05e-03, α=1.000, ‖θ[1:]‖₁=5.698, num_selected_knots=56
2025-09-01 16:26:30,134 - Iter 145: obj=-842.778528, change=1.05e-03, α=1.000, ‖θ[1:]‖₁=5.698, num_selected_knots=56
2025-09-01 16:26:36,458 - Iter 146: obj=-842.781386, change=1.04e-03, α=1.000, ‖θ[1:]‖₁=5.698, num_selected_knots=56
2025-09-01 16:26:42,398 - Iter 147: obj=-842.784254, change=1.04e-03, α=1.000, ‖θ[1:]‖₁=5.698, num_selected_knots=56
2025-09-01 16:26:48,828 - Iter 148: obj=-842.787132, change=1.04e-03, α=1.000, ‖θ[1:]‖₁=5.698, num_selected_knots=56
2025-09-01 16:26:55,647 - Iter 149: obj=-842.790022, change=1.04e-03, α=1.000, ‖θ[1:]‖₁=5.698, num_selected_knots=56
2025-09-01 16:27:01,658 - Iter 150: obj=-842.792924, change=1.04e-03, α=1.000, ‖θ[1:]‖₁=5.698, num_selected_knots=56
2025-09-01 16:27:07,948 - Iter 151: obj=-842.795840, change=1.04e-03, α=1.000, ‖θ[1:]‖₁=5.698, num_selected_knots=56
2025-09-01 16:27:13,993 - Iter 152: obj=-842.798770, change=1.04e-03, α=1.000, ‖θ[1:]‖₁=5.698, num_selected_knots=56
2025-09-01 16:27:20,133 - Iter 153: obj=-842.801715, change=1.04e-03, α=1.000, ‖θ[1:]‖₁=5.698, num_selected_knots=56
2025-09-01 16:27:26,108 - Iter 154: obj=-842.804675, change=1.04e-03, α=1.000, ‖θ[1:]‖₁=5.698, num_selected_knots=56
2025-09-01 16:27:32,023 - Iter 155: obj=-842.807651, change=1.04e-03, α=1.000, ‖θ[1:]‖₁=5.698, num_selected_knots=56
2025-09-01 16:27:38,155 - Iter 156: obj=-842.810642, change=1.04e-03, α=1.000, ‖θ[1:]‖₁=5.698, num_selected_knots=56
2025-09-01 16:27:44,057 - Iter 157: obj=-842.813650, change=1.04e-03, α=1.000, ‖θ[1:]‖₁=5.698, num_selected_knots=56
2025-09-01 16:27:50,058 - Iter 158: obj=-842.816675, change=1.04e-03, α=1.000, ‖θ[1:]‖₁=5.698, num_selected_knots=56
2025-09-01 16:27:56,072 - Iter 159: obj=-842.819716, change=1.04e-03, α=1.000, ‖θ[1:]‖₁=5.698, num_selected_knots=56
2025-09-01 16:28:02,022 - Iter 160: obj=-842.822774, change=1.04e-03, α=1.000, ‖θ[1:]‖₁=5.698, num_selected_knots=56
2025-09-01 16:28:08,080 - Iter 161: obj=-842.825849, change=1.04e-03, α=1.000, ‖θ[1:]‖₁=5.698, num_selected_knots=56
2025-09-01 16:28:13,964 - Iter 162: obj=-842.828941, change=1.04e-03, α=1.000, ‖θ[1:]‖₁=5.698, num_selected_knots=56
2025-09-01 16:28:20,156 - Iter 163: obj=-842.832049, change=1.04e-03, α=1.000, ‖θ[1:]‖₁=5.698, num_selected_knots=56
2025-09-01 16:28:25,922 - Iter 164: obj=-842.835174, change=1.04e-03, α=1.000, ‖θ[1:]‖₁=5.698, num_selected_knots=56
2025-09-01 16:28:31,714 - Iter 165: obj=-842.838316, change=1.04e-03, α=1.000, ‖θ[1:]‖₁=5.698, num_selected_knots=56
2025-09-01 16:28:37,514 - Iter 166: obj=-842.841475, change=1.04e-03, α=1.000, ‖θ[1:]‖₁=5.698, num_selected_knots=56
2025-09-01 16:28:43,275 - Iter 167: obj=-842.844650, change=1.04e-03, α=1.000, ‖θ[1:]‖₁=5.698, num_selected_knots=56
2025-09-01 16:28:48,963 - Iter 168: obj=-842.847842, change=1.04e-03, α=1.000, ‖θ[1:]‖₁=5.698, num_selected_knots=56
2025-09-01 16:28:54,693 - Iter 169: obj=-842.851051, change=1.04e-03, α=1.000, ‖θ[1:]‖₁=5.698, num_selected_knots=56
2025-09-01 16:29:01,029 - Iter 170: obj=-842.854276, change=1.04e-03, α=1.000, ‖θ[1:]‖₁=5.698, num_selected_knots=56
2025-09-01 16:29:07,375 - Iter 171: obj=-842.857518, change=1.04e-03, α=1.000, ‖θ[1:]‖₁=5.698, num_selected_knots=56
2025-09-01 16:29:13,883 - Iter 172: obj=-842.860776, change=1.04e-03, α=1.000, ‖θ[1:]‖₁=5.698, num_selected_knots=56
2025-09-01 16:29:20,408 - Iter 173: obj=-842.864050, change=1.04e-03, α=1.000, ‖θ[1:]‖₁=5.698, num_selected_knots=56
2025-09-01 16:29:26,431 - Iter 174: obj=-842.867340, change=1.04e-03, α=1.000, ‖θ[1:]‖₁=5.698, num_selected_knots=56
2025-09-01 16:29:32,589 - Iter 175: obj=-842.870647, change=1.04e-03, α=1.000, ‖θ[1:]‖₁=5.698, num_selected_knots=56
2025-09-01 16:29:38,648 - Iter 176: obj=-842.873970, change=1.04e-03, α=1.000, ‖θ[1:]‖₁=5.698, num_selected_knots=56
2025-09-01 16:29:44,604 - Iter 177: obj=-842.877310, change=1.04e-03, α=1.000, ‖θ[1:]‖₁=5.698, num_selected_knots=56
2025-09-01 16:29:50,617 - Iter 178: obj=-842.880665, change=1.04e-03, α=1.000, ‖θ[1:]‖₁=5.698, num_selected_knots=56
2025-09-01 16:29:56,843 - Iter 179: obj=-842.884037, change=1.04e-03, α=1.000, ‖θ[1:]‖₁=5.698, num_selected_knots=56
2025-09-01 16:30:03,009 - Iter 180: obj=-842.887424, change=1.05e-03, α=1.000, ‖θ[1:]‖₁=5.698, num_selected_knots=56
2025-09-01 16:30:09,424 - Iter 181: obj=-842.890828, change=1.06e-03, α=1.000, ‖θ[1:]‖₁=5.698, num_selected_knots=56
2025-09-01 16:30:15,421 - Iter 182: obj=-842.894247, change=1.08e-03, α=1.000, ‖θ[1:]‖₁=5.698, num_selected_knots=56
2025-09-01 16:30:21,559 - Iter 183: obj=-842.897683, change=1.09e-03, α=1.000, ‖θ[1:]‖₁=5.698, num_selected_knots=56
2025-09-01 16:30:27,357 - Iter 184: obj=-842.901134, change=1.10e-03, α=1.000, ‖θ[1:]‖₁=5.698, num_selected_knots=56
2025-09-01 16:30:32,942 - Iter 185: obj=-842.904601, change=1.11e-03, α=1.000, ‖θ[1:]‖₁=5.699, num_selected_knots=56
2025-09-01 16:30:38,515 - Iter 186: obj=-842.908084, change=1.13e-03, α=1.000, ‖θ[1:]‖₁=5.699, num_selected_knots=56
2025-09-01 16:30:44,097 - Iter 187: obj=-842.911583, change=1.14e-03, α=1.000, ‖θ[1:]‖₁=5.699, num_selected_knots=56
2025-09-01 16:30:49,824 - Iter 188: obj=-842.915098, change=1.15e-03, α=1.000, ‖θ[1:]‖₁=5.699, num_selected_knots=56
2025-09-01 16:30:55,560 - Iter 189: obj=-842.918629, change=1.17e-03, α=1.000, ‖θ[1:]‖₁=5.699, num_selected_knots=56
2025-09-01 16:31:01,237 - Iter 190: obj=-842.922175, change=1.18e-03, α=1.000, ‖θ[1:]‖₁=5.699, num_selected_knots=56
2025-09-01 16:31:06,772 - Iter 191: obj=-842.925737, change=1.19e-03, α=1.000, ‖θ[1:]‖₁=5.699, num_selected_knots=56
2025-09-01 16:31:12,521 - Iter 192: obj=-842.929315, change=1.20e-03, α=1.000, ‖θ[1:]‖₁=5.699, num_selected_knots=55
2025-09-01 16:31:18,270 - Iter 193: obj=-842.932951, change=1.21e-03, α=1.000, ‖θ[1:]‖₁=5.699, num_selected_knots=55
2025-09-01 16:31:23,896 - Iter 194: obj=-842.936543, change=1.22e-03, α=1.000, ‖θ[1:]‖₁=5.699, num_selected_knots=54
2025-09-01 16:31:29,435 - Iter 195: obj=-842.940246, change=1.28e-03, α=1.000, ‖θ[1:]‖₁=5.699, num_selected_knots=53
2025-09-01 16:31:35,118 - Iter 196: obj=-842.943949, change=1.26e-03, α=1.000, ‖θ[1:]‖₁=5.699, num_selected_knots=53
2025-09-01 16:31:40,742 - Iter 197: obj=-842.947551, change=1.22e-03, α=1.000, ‖θ[1:]‖₁=5.699, num_selected_knots=53
2025-09-01 16:31:46,494 - Iter 198: obj=-842.951074, change=1.18e-03, α=1.000, ‖θ[1:]‖₁=5.699, num_selected_knots=53
2025-09-01 16:31:52,240 - Iter 199: obj=-842.954534, change=1.12e-03, α=1.000, ‖θ[1:]‖₁=5.699, num_selected_knots=53
2025-09-01 16:31:57,915 - Iter 200: obj=-842.957936, change=1.07e-03, α=1.000, ‖θ[1:]‖₁=5.699, num_selected_knots=53
2025-09-01 16:32:03,629 - Iter 201: obj=-842.961284, change=1.02e-03, α=1.000, ‖θ[1:]‖₁=5.698, num_selected_knots=53
2025-09-01 16:32:09,385 - Iter 202: obj=-842.964583, change=9.76e-04, α=1.000, ‖θ[1:]‖₁=5.698, num_selected_knots=53
2025-09-01 16:32:14,973 - Iter 203: obj=-842.967835, change=9.51e-04, α=1.000, ‖θ[1:]‖₁=5.698, num_selected_knots=53
2025-09-01 16:32:20,596 - Iter 204: obj=-842.971044, change=9.55e-04, α=1.000, ‖θ[1:]‖₁=5.699, num_selected_knots=53
2025-09-01 16:32:26,320 - Iter 205: obj=-842.974213, change=9.61e-04, α=1.000, ‖θ[1:]‖₁=5.699, num_selected_knots=53
2025-09-01 16:32:31,953 - Iter 206: obj=-842.977345, change=9.68e-04, α=1.000, ‖θ[1:]‖₁=5.698, num_selected_knots=53
2025-09-01 16:32:37,597 - Iter 207: obj=-842.980444, change=9.77e-04, α=1.000, ‖θ[1:]‖₁=5.698, num_selected_knots=53
2025-09-01 16:32:43,374 - Iter 208: obj=-842.983512, change=9.86e-04, α=1.000, ‖θ[1:]‖₁=5.698, num_selected_knots=53
2025-09-01 16:32:49,158 - Iter 209: obj=-842.986554, change=9.95e-04, α=1.000, ‖θ[1:]‖₁=5.698, num_selected_knots=53
2025-09-01 16:32:54,902 - Iter 210: obj=-842.989571, change=1.01e-03, α=1.000, ‖θ[1:]‖₁=5.698, num_selected_knots=53
2025-09-01 16:33:00,742 - Iter 211: obj=-842.992566, change=1.01e-03, α=1.000, ‖θ[1:]‖₁=5.698, num_selected_knots=53
2025-09-01 16:33:06,389 - Iter 212: obj=-842.995540, change=1.02e-03, α=1.000, ‖θ[1:]‖₁=5.698, num_selected_knots=53
2025-09-01 16:33:12,008 - Iter 213: obj=-842.998497, change=1.03e-03, α=1.000, ‖θ[1:]‖₁=5.698, num_selected_knots=53
2025-09-01 16:33:17,813 - Iter 214: obj=-843.001437, change=1.04e-03, α=1.000, ‖θ[1:]‖₁=5.698, num_selected_knots=53
2025-09-01 16:33:23,384 - Iter 215: obj=-843.004361, change=1.05e-03, α=1.000, ‖θ[1:]‖₁=5.698, num_selected_knots=53
2025-09-01 16:33:29,013 - Iter 216: obj=-843.007272, change=1.06e-03, α=1.000, ‖θ[1:]‖₁=5.698, num_selected_knots=53
2025-09-01 16:33:34,571 - Iter 217: obj=-843.010170, change=1.07e-03, α=1.000, ‖θ[1:]‖₁=5.698, num_selected_knots=53
2025-09-01 16:33:40,148 - Iter 218: obj=-843.013057, change=1.44e-03, α=1.000, ‖θ[1:]‖₁=5.698, num_selected_knots=53
2025-09-01 16:33:45,704 - Iter 219: obj=-843.016595, change=1.48e-03, α=1.000, ‖θ[1:]‖₁=5.698, num_selected_knots=51
2025-09-01 16:33:51,277 - Iter 220: obj=-843.020531, change=1.46e-03, α=1.000, ‖θ[1:]‖₁=5.698, num_selected_knots=51
2025-09-01 16:33:56,908 - Iter 221: obj=-843.024356, change=1.41e-03, α=1.000, ‖θ[1:]‖₁=5.698, num_selected_knots=51
2025-09-01 16:34:02,729 - Iter 222: obj=-843.028076, change=1.37e-03, α=1.000, ‖θ[1:]‖₁=5.698, num_selected_knots=51
2025-09-01 16:34:08,385 - Iter 223: obj=-843.031700, change=1.34e-03, α=1.000, ‖θ[1:]‖₁=5.698, num_selected_knots=51
2025-09-01 16:34:13,942 - Iter 224: obj=-843.035232, change=1.31e-03, α=1.000, ‖θ[1:]‖₁=5.698, num_selected_knots=51
2025-09-01 16:34:19,449 - Iter 225: obj=-843.038677, change=1.29e-03, α=1.000, ‖θ[1:]‖₁=5.698, num_selected_knots=51
2025-09-01 16:34:25,154 - Iter 226: obj=-843.042041, change=1.27e-03, α=1.000, ‖θ[1:]‖₁=5.698, num_selected_knots=51
2025-09-01 16:34:30,753 - Iter 227: obj=-843.045329, change=1.24e-03, α=1.000, ‖θ[1:]‖₁=5.699, num_selected_knots=50
2025-09-01 16:34:36,388 - Iter 228: obj=-843.048595, change=1.22e-03, α=1.000, ‖θ[1:]‖₁=5.699, num_selected_knots=50
2025-09-01 16:34:42,003 - Iter 229: obj=-843.051817, change=1.20e-03, α=1.000, ‖θ[1:]‖₁=5.699, num_selected_knots=50
2025-09-01 16:34:47,605 - Iter 230: obj=-843.054979, change=1.18e-03, α=1.000, ‖θ[1:]‖₁=5.699, num_selected_knots=50
2025-09-01 16:34:53,363 - Iter 231: obj=-843.058085, change=1.15e-03, α=1.000, ‖θ[1:]‖₁=5.699, num_selected_knots=50
2025-09-01 16:34:58,986 - Iter 232: obj=-843.061736, change=1.18e-03, α=1.000, ‖θ[1:]‖₁=5.699, num_selected_knots=49
2025-09-01 16:35:04,561 - Iter 233: obj=-843.065404, change=1.25e-03, α=1.000, ‖θ[1:]‖₁=5.699, num_selected_knots=49
2025-09-01 16:35:10,190 - Iter 234: obj=-843.069007, change=1.24e-03, α=1.000, ‖θ[1:]‖₁=5.699, num_selected_knots=48
2025-09-01 16:35:15,943 - Iter 235: obj=-843.072675, change=1.22e-03, α=1.000, ‖θ[1:]‖₁=5.699, num_selected_knots=48
2025-09-01 16:35:21,726 - Iter 236: obj=-843.076312, change=1.21e-03, α=1.000, ‖θ[1:]‖₁=5.699, num_selected_knots=48
2025-09-01 16:35:27,406 - Iter 237: obj=-843.079889, change=1.20e-03, α=1.000, ‖θ[1:]‖₁=5.699, num_selected_knots=47
2025-09-01 16:35:33,066 - Iter 238: obj=-843.083631, change=1.22e-03, α=1.000, ‖θ[1:]‖₁=5.699, num_selected_knots=47
2025-09-01 16:35:38,768 - Iter 239: obj=-843.087303, change=1.18e-03, α=1.000, ‖θ[1:]‖₁=5.700, num_selected_knots=47
2025-09-01 16:35:44,598 - Iter 240: obj=-843.090885, change=1.17e-03, α=1.000, ‖θ[1:]‖₁=5.700, num_selected_knots=47
2025-09-01 16:35:50,374 - Iter 241: obj=-843.094386, change=1.16e-03, α=1.000, ‖θ[1:]‖₁=5.700, num_selected_knots=47
2025-09-01 16:35:56,344 - Iter 242: obj=-843.097817, change=1.15e-03, α=1.000, ‖θ[1:]‖₁=5.700, num_selected_knots=47
2025-09-01 16:36:02,229 - Iter 243: obj=-843.101187, change=1.14e-03, α=1.000, ‖θ[1:]‖₁=5.700, num_selected_knots=47
2025-09-01 16:36:08,071 - Iter 244: obj=-843.104499, change=1.13e-03, α=1.000, ‖θ[1:]‖₁=5.700, num_selected_knots=47
2025-09-01 16:36:13,976 - Iter 245: obj=-843.107758, change=1.12e-03, α=1.000, ‖θ[1:]‖₁=5.700, num_selected_knots=47
2025-09-01 16:36:19,781 - Iter 246: obj=-843.110966, change=1.11e-03, α=1.000, ‖θ[1:]‖₁=5.700, num_selected_knots=47
2025-09-01 16:36:25,572 - Iter 247: obj=-843.114124, change=1.10e-03, α=1.000, ‖θ[1:]‖₁=5.700, num_selected_knots=47
2025-09-01 16:36:31,343 - Iter 248: obj=-843.117234, change=1.09e-03, α=1.000, ‖θ[1:]‖₁=5.700, num_selected_knots=47
2025-09-01 16:36:37,127 - Iter 249: obj=-843.120295, change=1.08e-03, α=1.000, ‖θ[1:]‖₁=5.700, num_selected_knots=47
2025-09-01 16:36:42,782 - Iter 250: obj=-843.123309, change=1.07e-03, α=1.000, ‖θ[1:]‖₁=5.700, num_selected_knots=47
2025-09-01 16:36:48,824 - Iter 251: obj=-843.126275, change=1.06e-03, α=1.000, ‖θ[1:]‖₁=5.700, num_selected_knots=48
2025-09-01 16:36:54,555 - Iter 252: obj=-843.129195, change=1.05e-03, α=1.000, ‖θ[1:]‖₁=5.700, num_selected_knots=48
2025-09-01 16:37:00,317 - Iter 253: obj=-843.132070, change=1.04e-03, α=1.000, ‖θ[1:]‖₁=5.700, num_selected_knots=48
2025-09-01 16:37:06,127 - Iter 254: obj=-843.134900, change=1.03e-03, α=1.000, ‖θ[1:]‖₁=5.700, num_selected_knots=48
2025-09-01 16:37:11,811 - Iter 255: obj=-843.137688, change=1.02e-03, α=1.000, ‖θ[1:]‖₁=5.700, num_selected_knots=48
2025-09-01 16:37:17,806 - Iter 256: obj=-843.140433, change=1.02e-03, α=1.000, ‖θ[1:]‖₁=5.700, num_selected_knots=48
2025-09-01 16:37:23,453 - Iter 257: obj=-843.143139, change=1.01e-03, α=1.000, ‖θ[1:]‖₁=5.700, num_selected_knots=48
2025-09-01 16:37:29,263 - Iter 258: obj=-843.145805, change=9.99e-04, α=1.000, ‖θ[1:]‖₁=5.700, num_selected_knots=48
2025-09-01 16:37:35,056 - Iter 259: obj=-843.148435, change=9.91e-04, α=1.000, ‖θ[1:]‖₁=5.700, num_selected_knots=48
2025-09-01 16:37:40,681 - Iter 260: obj=-843.151029, change=9.84e-04, α=1.000, ‖θ[1:]‖₁=5.700, num_selected_knots=48
2025-09-01 16:37:46,534 - Iter 261: obj=-843.153590, change=9.76e-04, α=1.000, ‖θ[1:]‖₁=5.700, num_selected_knots=48
2025-09-01 16:37:52,167 - Iter 262: obj=-843.156119, change=9.69e-04, α=1.000, ‖θ[1:]‖₁=5.700, num_selected_knots=48
2025-09-01 16:37:58,008 - Iter 263: obj=-843.158618, change=9.62e-04, α=1.000, ‖θ[1:]‖₁=5.700, num_selected_knots=48
2025-09-01 16:38:03,679 - Iter 264: obj=-843.161089, change=9.56e-04, α=1.000, ‖θ[1:]‖₁=5.700, num_selected_knots=49
2025-09-01 16:38:09,602 - Iter 265: obj=-843.163535, change=9.49e-04, α=1.000, ‖θ[1:]‖₁=5.701, num_selected_knots=49
2025-09-01 16:38:15,333 - Iter 266: obj=-843.165958, change=9.43e-04, α=1.000, ‖θ[1:]‖₁=5.701, num_selected_knots=49
2025-09-01 16:38:20,988 - Iter 267: obj=-843.168360, change=9.36e-04, α=1.000, ‖θ[1:]‖₁=5.701, num_selected_knots=49
2025-09-01 16:38:26,639 - Iter 268: obj=-843.170741, change=9.30e-04, α=1.000, ‖θ[1:]‖₁=5.701, num_selected_knots=50
2025-09-01 16:38:32,420 - Iter 269: obj=-843.173103, change=9.24e-04, α=1.000, ‖θ[1:]‖₁=5.701, num_selected_knots=50
2025-09-01 16:38:38,095 - Iter 270: obj=-843.175447, change=9.19e-04, α=1.000, ‖θ[1:]‖₁=5.701, num_selected_knots=50
2025-09-01 16:38:43,805 - Iter 271: obj=-843.177877, change=9.13e-04, α=1.000, ‖θ[1:]‖₁=5.701, num_selected_knots=49
2025-09-01 16:38:49,515 - Iter 272: obj=-843.180288, change=9.08e-04, α=1.000, ‖θ[1:]‖₁=5.701, num_selected_knots=49
2025-09-01 16:38:55,232 - Iter 273: obj=-843.182669, change=9.02e-04, α=1.000, ‖θ[1:]‖₁=5.701, num_selected_knots=49
2025-09-01 16:39:01,019 - Iter 274: obj=-843.185021, change=8.97e-04, α=1.000, ‖θ[1:]‖₁=5.701, num_selected_knots=49
2025-09-01 16:39:06,586 - Iter 275: obj=-843.187343, change=8.92e-04, α=1.000, ‖θ[1:]‖₁=5.701, num_selected_knots=49
2025-09-01 16:39:12,250 - Iter 276: obj=-843.189638, change=8.87e-04, α=1.000, ‖θ[1:]‖₁=5.701, num_selected_knots=49
2025-09-01 16:39:18,073 - Iter 277: obj=-843.191909, change=8.82e-04, α=1.000, ‖θ[1:]‖₁=5.701, num_selected_knots=49
2025-09-01 16:39:23,761 - Iter 278: obj=-843.194157, change=8.77e-04, α=1.000, ‖θ[1:]‖₁=5.701, num_selected_knots=49
2025-09-01 16:39:29,429 - Iter 279: obj=-843.196382, change=8.73e-04, α=1.000, ‖θ[1:]‖₁=5.701, num_selected_knots=49
2025-09-01 16:39:35,080 - Iter 280: obj=-843.198589, change=8.68e-04, α=1.000, ‖θ[1:]‖₁=5.701, num_selected_knots=49
2025-09-01 16:39:40,726 - Iter 281: obj=-843.200777, change=8.63e-04, α=1.000, ‖θ[1:]‖₁=5.701, num_selected_knots=49
2025-09-01 16:39:46,330 - Iter 282: obj=-843.202949, change=8.59e-04, α=1.000, ‖θ[1:]‖₁=5.701, num_selected_knots=49
2025-09-01 16:39:52,338 - Iter 283: obj=-843.205107, change=8.54e-04, α=1.000, ‖θ[1:]‖₁=5.701, num_selected_knots=48
2025-09-01 16:39:58,102 - Iter 284: obj=-843.207251, change=8.50e-04, α=1.000, ‖θ[1:]‖₁=5.701, num_selected_knots=48
2025-09-01 16:40:03,733 - Iter 285: obj=-843.209381, change=8.46e-04, α=1.000, ‖θ[1:]‖₁=5.701, num_selected_knots=48
2025-09-01 16:40:09,432 - Iter 286: obj=-843.211500, change=8.41e-04, α=1.000, ‖θ[1:]‖₁=5.701, num_selected_knots=48
2025-09-01 16:40:15,193 - Iter 287: obj=-843.213608, change=8.37e-04, α=1.000, ‖θ[1:]‖₁=5.701, num_selected_knots=48
2025-09-01 16:40:20,829 - Iter 288: obj=-843.215704, change=8.33e-04, α=1.000, ‖θ[1:]‖₁=5.701, num_selected_knots=48
2025-09-01 16:40:26,512 - Iter 289: obj=-843.217791, change=8.29e-04, α=1.000, ‖θ[1:]‖₁=5.701, num_selected_knots=48
2025-09-01 16:40:32,194 - Iter 290: obj=-843.220104, change=8.25e-04, α=1.000, ‖θ[1:]‖₁=5.701, num_selected_knots=47
2025-09-01 16:40:37,849 - Iter 291: obj=-843.222843, change=1.19e-03, α=1.000, ‖θ[1:]‖₁=5.702, num_selected_knots=46
2025-09-01 16:40:43,621 - Iter 292: obj=-843.225938, change=1.15e-03, α=1.000, ‖θ[1:]‖₁=5.702, num_selected_knots=46
2025-09-01 16:40:49,384 - Iter 293: obj=-843.229007, change=1.12e-03, α=1.000, ‖θ[1:]‖₁=5.702, num_selected_knots=45
2025-09-01 16:40:55,178 - Iter 294: obj=-843.232442, change=1.23e-03, α=1.000, ‖θ[1:]‖₁=5.702, num_selected_knots=45
2025-09-01 16:41:00,845 - Iter 295: obj=-843.235802, change=1.20e-03, α=1.000, ‖θ[1:]‖₁=5.702, num_selected_knots=45
2025-09-01 16:41:06,479 - Iter 296: obj=-843.239087, change=1.17e-03, α=1.000, ‖θ[1:]‖₁=5.702, num_selected_knots=45
2025-09-01 16:41:12,146 - Iter 297: obj=-843.242306, change=1.14e-03, α=1.000, ‖θ[1:]‖₁=5.702, num_selected_knots=45
2025-09-01 16:41:18,166 - Iter 298: obj=-843.245467, change=1.12e-03, α=1.000, ‖θ[1:]‖₁=5.702, num_selected_knots=45
2025-09-01 16:41:23,778 - Iter 299: obj=-843.248576, change=1.09e-03, α=1.000, ‖θ[1:]‖₁=5.702, num_selected_knots=45
2025-09-01 16:41:29,390 - Iter 300: obj=-843.251638, change=1.07e-03, α=1.000, ‖θ[1:]‖₁=5.702, num_selected_knots=45
2025-09-01 16:41:34,993 - Iter 301: obj=-843.254658, change=1.05e-03, α=1.000, ‖θ[1:]‖₁=5.702, num_selected_knots=45
2025-09-01 16:41:40,612 - Iter 302: obj=-843.257640, change=1.03e-03, α=1.000, ‖θ[1:]‖₁=5.703, num_selected_knots=45
2025-09-01 16:41:46,350 - Iter 303: obj=-843.260589, change=1.01e-03, α=1.000, ‖θ[1:]‖₁=5.703, num_selected_knots=45
2025-09-01 16:41:52,438 - Iter 304: obj=-843.263507, change=9.97e-04, α=1.000, ‖θ[1:]‖₁=5.703, num_selected_knots=45
2025-09-01 16:41:58,157 - Iter 305: obj=-843.266400, change=9.85e-04, α=1.000, ‖θ[1:]‖₁=5.703, num_selected_knots=45
2025-09-01 16:42:03,847 - Iter 306: obj=-843.269269, change=9.87e-04, α=1.000, ‖θ[1:]‖₁=5.703, num_selected_knots=45
2025-09-01 16:42:09,545 - Iter 307: obj=-843.272118, change=9.89e-04, α=1.000, ‖θ[1:]‖₁=5.703, num_selected_knots=45
2025-09-01 16:42:15,261 - Iter 308: obj=-843.274949, change=9.92e-04, α=1.000, ‖θ[1:]‖₁=5.703, num_selected_knots=45
2025-09-01 16:42:21,250 - Iter 309: obj=-843.277929, change=1.12e-03, α=1.000, ‖θ[1:]‖₁=5.703, num_selected_knots=44
2025-09-01 16:42:26,814 - Iter 310: obj=-843.281073, change=1.28e-03, α=1.000, ‖θ[1:]‖₁=5.703, num_selected_knots=44
2025-09-01 16:42:32,458 - Iter 311: obj=-843.284105, change=1.22e-03, α=1.000, ‖θ[1:]‖₁=5.703, num_selected_knots=44
2025-09-01 16:42:38,104 - Iter 312: obj=-843.287025, change=1.16e-03, α=1.000, ‖θ[1:]‖₁=5.703, num_selected_knots=44
2025-09-01 16:42:43,664 - Iter 313: obj=-843.289844, change=1.11e-03, α=1.000, ‖θ[1:]‖₁=5.703, num_selected_knots=44
2025-09-01 16:42:49,318 - Iter 314: obj=-843.292573, change=1.06e-03, α=1.000, ‖θ[1:]‖₁=5.703, num_selected_knots=44
2025-09-01 16:42:55,011 - Iter 315: obj=-843.295222, change=1.02e-03, α=1.000, ‖θ[1:]‖₁=5.703, num_selected_knots=44
2025-09-01 16:43:01,412 - Iter 316: obj=-843.297800, change=9.80e-04, α=1.000, ‖θ[1:]‖₁=5.703, num_selected_knots=44
2025-09-01 16:43:07,247 - Iter 317: obj=-843.300314, change=9.44e-04, α=1.000, ‖θ[1:]‖₁=5.703, num_selected_knots=44
2025-09-01 16:43:13,309 - Iter 318: obj=-843.302769, change=9.10e-04, α=1.000, ‖θ[1:]‖₁=5.703, num_selected_knots=44
2025-09-01 16:43:19,230 - Iter 319: obj=-843.305172, change=8.96e-04, α=1.000, ‖θ[1:]‖₁=5.703, num_selected_knots=44
2025-09-01 16:43:25,026 - Iter 320: obj=-843.307527, change=8.93e-04, α=1.000, ‖θ[1:]‖₁=5.703, num_selected_knots=43
2025-09-01 16:43:30,741 - Iter 321: obj=-843.309837, change=8.91e-04, α=1.000, ‖θ[1:]‖₁=5.704, num_selected_knots=43
2025-09-01 16:43:37,224 - Iter 322: obj=-843.312107, change=8.89e-04, α=1.000, ‖θ[1:]‖₁=5.704, num_selected_knots=43
2025-09-01 16:43:43,653 - Iter 323: obj=-843.314338, change=8.87e-04, α=1.000, ‖θ[1:]‖₁=5.704, num_selected_knots=43
2025-09-01 16:43:50,397 - Iter 324: obj=-843.316535, change=8.85e-04, α=1.000, ‖θ[1:]‖₁=5.704, num_selected_knots=43
2025-09-01 16:43:56,900 - Iter 325: obj=-843.318700, change=8.83e-04, α=1.000, ‖θ[1:]‖₁=5.704, num_selected_knots=43
2025-09-01 16:44:03,306 - Iter 326: obj=-843.320834, change=8.82e-04, α=1.000, ‖θ[1:]‖₁=5.704, num_selected_knots=43
2025-09-01 16:44:09,580 - Iter 327: obj=-843.322941, change=8.80e-04, α=1.000, ‖θ[1:]‖₁=5.704, num_selected_knots=43
2025-09-01 16:44:15,877 - Iter 328: obj=-843.325022, change=8.79e-04, α=1.000, ‖θ[1:]‖₁=5.704, num_selected_knots=43
2025-09-01 16:44:22,163 - Iter 329: obj=-843.327078, change=8.78e-04, α=1.000, ‖θ[1:]‖₁=5.704, num_selected_knots=43
2025-09-01 16:44:28,437 - Iter 330: obj=-843.329112, change=8.76e-04, α=1.000, ‖θ[1:]‖₁=5.704, num_selected_knots=43
2025-09-01 16:44:34,691 - Iter 331: obj=-843.331124, change=8.75e-04, α=1.000, ‖θ[1:]‖₁=5.704, num_selected_knots=43
2025-09-01 16:44:40,888 - Iter 332: obj=-843.333117, change=8.74e-04, α=1.000, ‖θ[1:]‖₁=5.704, num_selected_knots=43
2025-09-01 16:44:47,045 - Iter 333: obj=-843.335091, change=8.73e-04, α=1.000, ‖θ[1:]‖₁=5.704, num_selected_knots=43
2025-09-01 16:44:53,490 - Iter 334: obj=-843.337047, change=8.72e-04, α=1.000, ‖θ[1:]‖₁=5.704, num_selected_knots=43
2025-09-01 16:44:59,778 - Iter 335: obj=-843.338987, change=8.71e-04, α=1.000, ‖θ[1:]‖₁=5.704, num_selected_knots=43
2025-09-01 16:45:06,070 - Iter 336: obj=-843.340911, change=8.70e-04, α=1.000, ‖θ[1:]‖₁=5.704, num_selected_knots=43
2025-09-01 16:45:12,269 - Iter 337: obj=-843.342821, change=8.69e-04, α=1.000, ‖θ[1:]‖₁=5.704, num_selected_knots=43
2025-09-01 16:45:18,782 - Iter 338: obj=-843.344717, change=8.68e-04, α=1.000, ‖θ[1:]‖₁=5.704, num_selected_knots=43
2025-09-01 16:45:24,984 - Iter 339: obj=-843.346600, change=8.67e-04, α=1.000, ‖θ[1:]‖₁=5.704, num_selected_knots=43
2025-09-01 16:45:31,212 - Iter 340: obj=-843.348471, change=8.66e-04, α=1.000, ‖θ[1:]‖₁=5.704, num_selected_knots=43
2025-09-01 16:45:37,446 - Iter 341: obj=-843.350333, change=8.66e-04, α=1.000, ‖θ[1:]‖₁=5.704, num_selected_knots=44
2025-09-01 16:45:43,672 - Iter 342: obj=-843.352187, change=8.65e-04, α=1.000, ‖θ[1:]‖₁=5.704, num_selected_knots=44
2025-09-01 16:45:50,095 - Iter 343: obj=-843.354035, change=8.64e-04, α=1.000, ‖θ[1:]‖₁=5.704, num_selected_knots=44
2025-09-01 16:45:56,464 - Iter 344: obj=-843.355877, change=8.64e-04, α=1.000, ‖θ[1:]‖₁=5.704, num_selected_knots=44
2025-09-01 16:46:02,767 - Iter 345: obj=-843.357713, change=8.63e-04, α=1.000, ‖θ[1:]‖₁=5.704, num_selected_knots=44
2025-09-01 16:46:09,006 - Iter 346: obj=-843.359544, change=8.63e-04, α=1.000, ‖θ[1:]‖₁=5.704, num_selected_knots=44
2025-09-01 16:46:15,234 - Iter 347: obj=-843.361369, change=8.62e-04, α=1.000, ‖θ[1:]‖₁=5.704, num_selected_knots=44
2025-09-01 16:46:21,476 - Iter 348: obj=-843.363190, change=8.62e-04, α=1.000, ‖θ[1:]‖₁=5.704, num_selected_knots=44
2025-09-01 16:46:27,813 - Iter 349: obj=-843.365006, change=8.61e-04, α=1.000, ‖θ[1:]‖₁=5.704, num_selected_knots=44
2025-09-01 16:46:34,021 - Iter 350: obj=-843.366817, change=8.61e-04, α=1.000, ‖θ[1:]‖₁=5.704, num_selected_knots=44
2025-09-01 16:46:40,196 - Iter 351: obj=-843.368625, change=8.60e-04, α=1.000, ‖θ[1:]‖₁=5.704, num_selected_knots=44
2025-09-01 16:46:46,532 - Iter 352: obj=-843.370429, change=8.60e-04, α=1.000, ‖θ[1:]‖₁=5.704, num_selected_knots=44
2025-09-01 16:46:52,982 - Iter 353: obj=-843.372229, change=8.60e-04, α=1.000, ‖θ[1:]‖₁=5.704, num_selected_knots=44
2025-09-01 16:46:59,302 - Iter 354: obj=-843.374025, change=8.60e-04, α=1.000, ‖θ[1:]‖₁=5.704, num_selected_knots=44
2025-09-01 16:47:05,648 - Iter 355: obj=-843.375818, change=8.59e-04, α=1.000, ‖θ[1:]‖₁=5.704, num_selected_knots=44
2025-09-01 16:47:11,905 - Iter 356: obj=-843.377608, change=8.59e-04, α=1.000, ‖θ[1:]‖₁=5.704, num_selected_knots=44
2025-09-01 16:47:18,542 - Iter 357: obj=-843.379395, change=8.59e-04, α=1.000, ‖θ[1:]‖₁=5.704, num_selected_knots=44
2025-09-01 16:47:24,875 - Iter 358: obj=-843.381179, change=8.59e-04, α=1.000, ‖θ[1:]‖₁=5.704, num_selected_knots=44
2025-09-01 16:47:31,205 - Iter 359: obj=-843.382961, change=8.59e-04, α=1.000, ‖θ[1:]‖₁=5.704, num_selected_knots=44
2025-09-01 16:47:37,466 - Iter 360: obj=-843.384739, change=8.58e-04, α=1.000, ‖θ[1:]‖₁=5.704, num_selected_knots=44
2025-09-01 16:47:43,716 - Iter 361: obj=-843.386515, change=8.58e-04, α=1.000, ‖θ[1:]‖₁=5.704, num_selected_knots=44
2025-09-01 16:47:50,003 - Iter 362: obj=-843.388289, change=8.58e-04, α=1.000, ‖θ[1:]‖₁=5.704, num_selected_knots=44
2025-09-01 16:47:56,323 - Iter 363: obj=-843.390059, change=8.58e-04, α=1.000, ‖θ[1:]‖₁=5.704, num_selected_knots=44
2025-09-01 16:48:02,703 - Iter 364: obj=-843.391828, change=8.58e-04, α=1.000, ‖θ[1:]‖₁=5.704, num_selected_knots=44
2025-09-01 16:48:09,122 - Iter 365: obj=-843.393594, change=8.58e-04, α=1.000, ‖θ[1:]‖₁=5.704, num_selected_knots=44
2025-09-01 16:48:15,426 - Iter 366: obj=-843.395358, change=8.58e-04, α=1.000, ‖θ[1:]‖₁=5.704, num_selected_knots=44
2025-09-01 16:48:21,832 - Iter 367: obj=-843.397120, change=8.58e-04, α=1.000, ‖θ[1:]‖₁=5.704, num_selected_knots=44
2025-09-01 16:48:28,067 - Iter 368: obj=-843.398880, change=8.58e-04, α=1.000, ‖θ[1:]‖₁=5.704, num_selected_knots=44
2025-09-01 16:48:34,312 - Iter 369: obj=-843.400638, change=8.58e-04, α=1.000, ‖θ[1:]‖₁=5.704, num_selected_knots=44
2025-09-01 16:48:40,549 - Iter 370: obj=-843.402393, change=8.58e-04, α=1.000, ‖θ[1:]‖₁=5.704, num_selected_knots=44
2025-09-01 16:48:46,839 - Iter 371: obj=-843.404147, change=8.58e-04, α=1.000, ‖θ[1:]‖₁=5.704, num_selected_knots=44
2025-09-01 16:48:53,188 - Iter 372: obj=-843.405899, change=8.58e-04, α=1.000, ‖θ[1:]‖₁=5.704, num_selected_knots=44
2025-09-01 16:48:59,648 - Iter 373: obj=-843.407648, change=8.58e-04, α=1.000, ‖θ[1:]‖₁=5.704, num_selected_knots=44
2025-09-01 16:49:05,985 - Iter 374: obj=-843.409396, change=8.59e-04, α=1.000, ‖θ[1:]‖₁=5.704, num_selected_knots=44
2025-09-01 16:49:12,322 - Iter 375: obj=-843.411143, change=8.59e-04, α=1.000, ‖θ[1:]‖₁=5.704, num_selected_knots=44
2025-09-01 16:49:18,814 - Iter 376: obj=-843.412887, change=8.59e-04, α=1.000, ‖θ[1:]‖₁=5.704, num_selected_knots=44
2025-09-01 16:49:25,172 - Iter 377: obj=-843.414629, change=8.57e-04, α=1.000, ‖θ[1:]‖₁=5.704, num_selected_knots=43
2025-09-01 16:49:31,391 - Iter 378: obj=-843.416768, change=1.22e-03, α=1.000, ‖θ[1:]‖₁=5.704, num_selected_knots=43
2025-09-01 16:49:37,573 - Iter 379: obj=-843.418885, change=1.18e-03, α=1.000, ‖θ[1:]‖₁=5.704, num_selected_knots=43
2025-09-01 16:49:43,765 - Iter 380: obj=-843.420966, change=1.15e-03, α=1.000, ‖θ[1:]‖₁=5.704, num_selected_knots=43
2025-09-01 16:49:50,161 - Iter 381: obj=-843.423010, change=1.12e-03, α=1.000, ‖θ[1:]‖₁=5.704, num_selected_knots=43
2025-09-01 16:49:56,623 - Iter 382: obj=-843.425016, change=1.09e-03, α=1.000, ‖θ[1:]‖₁=5.704, num_selected_knots=43
2025-09-01 16:50:02,895 - Iter 383: obj=-843.426985, change=1.06e-03, α=1.000, ‖θ[1:]‖₁=5.703, num_selected_knots=43
2025-09-01 16:50:09,142 - Iter 384: obj=-843.428916, change=1.03e-03, α=1.000, ‖θ[1:]‖₁=5.703, num_selected_knots=43
2025-09-01 16:50:15,416 - Iter 385: obj=-843.430812, change=1.01e-03, α=1.000, ‖θ[1:]‖₁=5.703, num_selected_knots=43
2025-09-01 16:50:21,693 - Iter 386: obj=-843.432672, change=9.83e-04, α=1.000, ‖θ[1:]‖₁=5.703, num_selected_knots=43
2025-09-01 16:50:28,020 - Iter 387: obj=-843.434499, change=9.61e-04, α=1.000, ‖θ[1:]‖₁=5.703, num_selected_knots=43
2025-09-01 16:50:34,302 - Iter 388: obj=-843.436294, change=9.41e-04, α=1.000, ‖θ[1:]‖₁=5.703, num_selected_knots=43
2025-09-01 16:50:40,613 - Iter 389: obj=-843.438058, change=9.21e-04, α=1.000, ‖θ[1:]‖₁=5.703, num_selected_knots=43
2025-09-01 16:50:46,970 - Iter 390: obj=-843.439794, change=9.02e-04, α=1.000, ‖θ[1:]‖₁=5.703, num_selected_knots=43
2025-09-01 16:50:53,256 - Iter 391: obj=-843.441501, change=8.84e-04, α=1.000, ‖θ[1:]‖₁=5.703, num_selected_knots=43
2025-09-01 16:50:59,549 - Iter 392: obj=-843.443183, change=8.67e-04, α=1.000, ‖θ[1:]‖₁=5.703, num_selected_knots=43
2025-09-01 16:51:05,913 - Iter 393: obj=-843.444840, change=8.51e-04, α=1.000, ‖θ[1:]‖₁=5.703, num_selected_knots=43
2025-09-01 16:51:12,291 - Iter 394: obj=-843.446475, change=8.35e-04, α=1.000, ‖θ[1:]‖₁=5.703, num_selected_knots=43
2025-09-01 16:51:18,798 - Iter 395: obj=-843.448087, change=8.20e-04, α=1.000, ‖θ[1:]‖₁=5.703, num_selected_knots=43
2025-09-01 16:51:25,119 - Iter 396: obj=-843.449679, change=8.06e-04, α=1.000, ‖θ[1:]‖₁=5.703, num_selected_knots=43
2025-09-01 16:51:31,419 - Iter 397: obj=-843.451252, change=7.92e-04, α=1.000, ‖θ[1:]‖₁=5.703, num_selected_knots=43
2025-09-01 16:51:37,725 - Iter 398: obj=-843.452807, change=7.79e-04, α=1.000, ‖θ[1:]‖₁=5.703, num_selected_knots=43
2025-09-01 16:51:44,204 - Iter 399: obj=-843.454345, change=7.67e-04, α=1.000, ‖θ[1:]‖₁=5.703, num_selected_knots=43
2025-09-01 16:51:50,841 - Iter 400: obj=-843.455867, change=7.55e-04, α=1.000, ‖θ[1:]‖₁=5.703, num_selected_knots=43
2025-09-01 16:51:57,300 - Iter 401: obj=-843.457374, change=7.45e-04, α=1.000, ‖θ[1:]‖₁=5.703, num_selected_knots=43
2025-09-01 16:52:03,662 - Iter 402: obj=-843.458867, change=7.45e-04, α=1.000, ‖θ[1:]‖₁=5.703, num_selected_knots=43
2025-09-01 16:52:09,988 - Iter 403: obj=-843.460346, change=7.44e-04, α=1.000, ‖θ[1:]‖₁=5.703, num_selected_knots=43
2025-09-01 16:52:16,395 - Iter 404: obj=-843.461812, change=7.44e-04, α=1.000, ‖θ[1:]‖₁=5.703, num_selected_knots=43
2025-09-01 16:52:22,954 - Iter 405: obj=-843.463266, change=7.43e-04, α=1.000, ‖θ[1:]‖₁=5.703, num_selected_knots=43
2025-09-01 16:52:29,248 - Iter 406: obj=-843.464709, change=7.43e-04, α=1.000, ‖θ[1:]‖₁=5.703, num_selected_knots=43
2025-09-01 16:52:35,488 - Iter 407: obj=-843.466141, change=7.43e-04, α=1.000, ‖θ[1:]‖₁=5.703, num_selected_knots=43
2025-09-01 16:52:41,788 - Iter 408: obj=-843.467563, change=7.42e-04, α=1.000, ‖θ[1:]‖₁=5.703, num_selected_knots=43
2025-09-01 16:52:48,316 - Iter 409: obj=-843.468975, change=7.42e-04, α=1.000, ‖θ[1:]‖₁=5.703, num_selected_knots=43
2025-09-01 16:52:54,749 - Iter 410: obj=-843.470377, change=7.42e-04, α=1.000, ‖θ[1:]‖₁=5.703, num_selected_knots=43
2025-09-01 16:53:01,052 - Iter 411: obj=-843.471771, change=7.41e-04, α=1.000, ‖θ[1:]‖₁=5.703, num_selected_knots=43
2025-09-01 16:53:07,416 - Iter 412: obj=-843.473156, change=7.41e-04, α=1.000, ‖θ[1:]‖₁=5.703, num_selected_knots=43
2025-09-01 16:53:13,866 - Iter 413: obj=-843.474533, change=7.40e-04, α=1.000, ‖θ[1:]‖₁=5.703, num_selected_knots=43
2025-09-01 16:53:20,432 - Iter 414: obj=-843.475902, change=7.40e-04, α=1.000, ‖θ[1:]‖₁=5.703, num_selected_knots=43
2025-09-01 16:53:26,858 - Iter 415: obj=-843.477264, change=7.39e-04, α=1.000, ‖θ[1:]‖₁=5.703, num_selected_knots=43
2025-09-01 16:53:33,188 - Iter 416: obj=-843.478618, change=7.39e-04, α=1.000, ‖θ[1:]‖₁=5.703, num_selected_knots=43
2025-09-01 16:53:39,456 - Iter 417: obj=-843.479966, change=7.38e-04, α=1.000, ‖θ[1:]‖₁=5.703, num_selected_knots=43
2025-09-01 16:53:45,731 - Iter 418: obj=-843.481308, change=7.37e-04, α=1.000, ‖θ[1:]‖₁=5.703, num_selected_knots=43
2025-09-01 16:53:52,131 - Iter 419: obj=-843.482643, change=7.37e-04, α=1.000, ‖θ[1:]‖₁=5.703, num_selected_knots=43
2025-09-01 16:53:58,629 - Iter 420: obj=-843.483972, change=7.36e-04, α=1.000, ‖θ[1:]‖₁=5.703, num_selected_knots=43
2025-09-01 16:54:05,044 - Iter 421: obj=-843.485295, change=7.36e-04, α=1.000, ‖θ[1:]‖₁=5.703, num_selected_knots=43
2025-09-01 16:54:11,498 - Iter 422: obj=-843.486613, change=7.35e-04, α=1.000, ‖θ[1:]‖₁=5.703, num_selected_knots=43
2025-09-01 16:54:17,893 - Iter 423: obj=-843.487925, change=7.34e-04, α=1.000, ‖θ[1:]‖₁=5.703, num_selected_knots=43
2025-09-01 16:54:24,262 - Iter 424: obj=-843.489232, change=7.34e-04, α=1.000, ‖θ[1:]‖₁=5.703, num_selected_knots=43
2025-09-01 16:54:30,702 - Iter 425: obj=-843.490533, change=7.33e-04, α=1.000, ‖θ[1:]‖₁=5.703, num_selected_knots=43
2025-09-01 16:54:37,075 - Iter 426: obj=-843.491830, change=7.32e-04, α=1.000, ‖θ[1:]‖₁=5.703, num_selected_knots=43
2025-09-01 16:54:43,424 - Iter 427: obj=-843.493123, change=7.31e-04, α=1.000, ‖θ[1:]‖₁=5.703, num_selected_knots=43
2025-09-01 16:54:50,049 - Iter 428: obj=-843.494410, change=7.31e-04, α=1.000, ‖θ[1:]‖₁=5.703, num_selected_knots=43
2025-09-01 16:54:56,535 - Iter 429: obj=-843.495693, change=7.30e-04, α=1.000, ‖θ[1:]‖₁=5.703, num_selected_knots=43
2025-09-01 16:55:02,884 - Iter 430: obj=-843.496972, change=7.29e-04, α=1.000, ‖θ[1:]‖₁=5.703, num_selected_knots=43
2025-09-01 16:55:09,420 - Iter 431: obj=-843.498247, change=7.28e-04, α=1.000, ‖θ[1:]‖₁=5.703, num_selected_knots=43
2025-09-01 16:55:16,013 - Iter 432: obj=-843.499517, change=7.28e-04, α=1.000, ‖θ[1:]‖₁=5.703, num_selected_knots=43
2025-09-01 16:55:22,425 - Iter 433: obj=-843.500784, change=7.27e-04, α=1.000, ‖θ[1:]‖₁=5.703, num_selected_knots=43
2025-09-01 16:55:28,862 - Iter 434: obj=-843.502047, change=7.26e-04, α=1.000, ‖θ[1:]‖₁=5.703, num_selected_knots=43
2025-09-01 16:55:35,310 - Iter 435: obj=-843.503306, change=7.25e-04, α=1.000, ‖θ[1:]‖₁=5.703, num_selected_knots=43
2025-09-01 16:55:41,724 - Iter 436: obj=-843.504561, change=7.25e-04, α=1.000, ‖θ[1:]‖₁=5.703, num_selected_knots=43
2025-09-01 16:55:48,129 - Iter 437: obj=-843.505812, change=7.24e-04, α=1.000, ‖θ[1:]‖₁=5.703, num_selected_knots=43
2025-09-01 16:55:54,438 - Iter 438: obj=-843.507061, change=7.23e-04, α=1.000, ‖θ[1:]‖₁=5.703, num_selected_knots=43
2025-09-01 16:56:00,813 - Iter 439: obj=-843.508305, change=7.23e-04, α=1.000, ‖θ[1:]‖₁=5.703, num_selected_knots=43
2025-09-01 16:56:07,131 - Iter 440: obj=-843.509547, change=7.22e-04, α=1.000, ‖θ[1:]‖₁=5.703, num_selected_knots=43
2025-09-01 16:56:13,443 - Iter 441: obj=-843.510785, change=7.21e-04, α=1.000, ‖θ[1:]‖₁=5.703, num_selected_knots=43
2025-09-01 16:56:19,797 - Iter 442: obj=-843.512020, change=7.20e-04, α=1.000, ‖θ[1:]‖₁=5.703, num_selected_knots=43
2025-09-01 16:56:26,171 - Iter 443: obj=-843.513252, change=7.20e-04, α=1.000, ‖θ[1:]‖₁=5.703, num_selected_knots=43
2025-09-01 16:56:32,588 - Iter 444: obj=-843.514481, change=7.19e-04, α=1.000, ‖θ[1:]‖₁=5.703, num_selected_knots=43
2025-09-01 16:56:38,996 - Iter 445: obj=-843.515707, change=7.18e-04, α=1.000, ‖θ[1:]‖₁=5.703, num_selected_knots=43
2025-09-01 16:56:45,655 - Iter 446: obj=-843.516930, change=7.17e-04, α=1.000, ‖θ[1:]‖₁=5.703, num_selected_knots=43
2025-09-01 16:56:52,624 - Iter 447: obj=-843.518150, change=7.17e-04, α=1.000, ‖θ[1:]‖₁=5.703, num_selected_knots=43
2025-09-01 16:56:59,208 - Iter 448: obj=-843.519367, change=7.16e-04, α=1.000, ‖θ[1:]‖₁=5.703, num_selected_knots=43
2025-09-01 16:57:05,682 - Iter 449: obj=-843.520582, change=7.15e-04, α=1.000, ‖θ[1:]‖₁=5.703, num_selected_knots=43
2025-09-01 16:57:12,115 - Iter 450: obj=-843.521794, change=7.15e-04, α=1.000, ‖θ[1:]‖₁=5.703, num_selected_knots=43
2025-09-01 16:57:18,812 - Iter 451: obj=-843.523003, change=7.14e-04, α=1.000, ‖θ[1:]‖₁=5.703, num_selected_knots=43
2025-09-01 16:57:25,208 - Iter 452: obj=-843.524210, change=7.13e-04, α=1.000, ‖θ[1:]‖₁=5.703, num_selected_knots=43
2025-09-01 16:57:31,684 - Iter 453: obj=-843.525414, change=7.13e-04, α=1.000, ‖θ[1:]‖₁=5.703, num_selected_knots=43
2025-09-01 16:57:38,155 - Iter 454: obj=-843.526616, change=7.12e-04, α=1.000, ‖θ[1:]‖₁=5.703, num_selected_knots=43
2025-09-01 16:57:44,526 - Iter 455: obj=-843.527815, change=7.11e-04, α=1.000, ‖θ[1:]‖₁=5.703, num_selected_knots=43
2025-09-01 16:57:50,985 - Iter 456: obj=-843.529012, change=7.11e-04, α=1.000, ‖θ[1:]‖₁=5.703, num_selected_knots=43
2025-09-01 16:57:57,554 - Iter 457: obj=-843.530207, change=7.10e-04, α=1.000, ‖θ[1:]‖₁=5.703, num_selected_knots=43
2025-09-01 16:58:04,009 - Iter 458: obj=-843.531399, change=7.09e-04, α=1.000, ‖θ[1:]‖₁=5.703, num_selected_knots=43
2025-09-01 16:58:10,478 - Iter 459: obj=-843.532589, change=7.09e-04, α=1.000, ‖θ[1:]‖₁=5.703, num_selected_knots=43
2025-09-01 16:58:16,837 - Iter 460: obj=-843.533776, change=7.08e-04, α=1.000, ‖θ[1:]‖₁=5.703, num_selected_knots=43
2025-09-01 16:58:23,362 - Iter 461: obj=-843.534962, change=7.07e-04, α=1.000, ‖θ[1:]‖₁=5.703, num_selected_knots=43
2025-09-01 16:58:29,634 - Iter 462: obj=-843.536145, change=7.07e-04, α=1.000, ‖θ[1:]‖₁=5.703, num_selected_knots=43
2025-09-01 16:58:35,869 - Iter 463: obj=-843.537326, change=7.06e-04, α=1.000, ‖θ[1:]‖₁=5.703, num_selected_knots=43
2025-09-01 16:58:42,084 - Iter 464: obj=-843.538505, change=7.06e-04, α=1.000, ‖θ[1:]‖₁=5.703, num_selected_knots=43
2025-09-01 16:58:48,392 - Iter 465: obj=-843.539683, change=7.05e-04, α=1.000, ‖θ[1:]‖₁=5.703, num_selected_knots=43
2025-09-01 16:58:54,779 - Iter 466: obj=-843.540858, change=7.04e-04, α=1.000, ‖θ[1:]‖₁=5.703, num_selected_knots=43
2025-09-01 16:59:01,118 - Iter 467: obj=-843.542031, change=7.04e-04, α=1.000, ‖θ[1:]‖₁=5.703, num_selected_knots=43
2025-09-01 16:59:07,416 - Iter 468: obj=-843.543202, change=7.03e-04, α=1.000, ‖θ[1:]‖₁=5.703, num_selected_knots=43
2025-09-01 16:59:13,823 - Iter 469: obj=-843.544371, change=7.03e-04, α=1.000, ‖θ[1:]‖₁=5.703, num_selected_knots=43
2025-09-01 16:59:20,202 - Iter 470: obj=-843.545538, change=7.02e-04, α=1.000, ‖θ[1:]‖₁=5.703, num_selected_knots=43
2025-09-01 16:59:26,521 - Iter 471: obj=-843.546703, change=7.01e-04, α=1.000, ‖θ[1:]‖₁=5.703, num_selected_knots=43
2025-09-01 16:59:32,984 - Iter 472: obj=-843.547867, change=7.01e-04, α=1.000, ‖θ[1:]‖₁=5.703, num_selected_knots=43
2025-09-01 16:59:39,295 - Iter 473: obj=-843.549028, change=7.00e-04, α=1.000, ‖θ[1:]‖₁=5.703, num_selected_knots=43
2025-09-01 16:59:45,505 - Iter 474: obj=-843.550188, change=7.00e-04, α=1.000, ‖θ[1:]‖₁=5.703, num_selected_knots=43
2025-09-01 16:59:52,085 - Iter 475: obj=-843.551346, change=6.99e-04, α=1.000, ‖θ[1:]‖₁=5.703, num_selected_knots=43
2025-09-01 16:59:58,719 - Iter 476: obj=-843.552503, change=6.98e-04, α=1.000, ‖θ[1:]‖₁=5.703, num_selected_knots=43
2025-09-01 17:00:04,971 - Iter 477: obj=-843.553657, change=6.98e-04, α=1.000, ‖θ[1:]‖₁=5.703, num_selected_knots=43
2025-09-01 17:00:11,342 - Iter 478: obj=-843.554810, change=6.97e-04, α=1.000, ‖θ[1:]‖₁=5.703, num_selected_knots=43
2025-09-01 17:00:17,699 - Iter 479: obj=-843.555961, change=6.97e-04, α=1.000, ‖θ[1:]‖₁=5.703, num_selected_knots=43
2025-09-01 17:00:24,005 - Iter 480: obj=-843.557111, change=6.96e-04, α=1.000, ‖θ[1:]‖₁=5.703, num_selected_knots=43
2025-09-01 17:00:30,345 - Iter 481: obj=-843.558259, change=6.96e-04, α=1.000, ‖θ[1:]‖₁=5.703, num_selected_knots=43
2025-09-01 17:00:36,676 - Iter 482: obj=-843.559405, change=6.95e-04, α=1.000, ‖θ[1:]‖₁=5.703, num_selected_knots=43
2025-09-01 17:00:42,968 - Iter 483: obj=-843.560550, change=6.95e-04, α=1.000, ‖θ[1:]‖₁=5.703, num_selected_knots=43
2025-09-01 17:00:49,245 - Iter 484: obj=-843.561693, change=6.94e-04, α=1.000, ‖θ[1:]‖₁=5.703, num_selected_knots=43
2025-09-01 17:00:55,740 - Iter 485: obj=-843.562835, change=6.94e-04, α=1.000, ‖θ[1:]‖₁=5.703, num_selected_knots=43
2025-09-01 17:01:02,196 - Iter 486: obj=-843.563975, change=6.93e-04, α=1.000, ‖θ[1:]‖₁=5.703, num_selected_knots=43
2025-09-01 17:01:08,430 - Iter 487: obj=-843.565114, change=6.92e-04, α=1.000, ‖θ[1:]‖₁=5.703, num_selected_knots=43
2025-09-01 17:01:14,792 - Iter 488: obj=-843.566251, change=6.92e-04, α=1.000, ‖θ[1:]‖₁=5.703, num_selected_knots=43
2025-09-01 17:01:21,128 - Iter 489: obj=-843.567397, change=6.92e-04, α=1.000, ‖θ[1:]‖₁=5.703, num_selected_knots=44
2025-09-01 17:01:27,363 - Iter 490: obj=-843.568591, change=6.93e-04, α=1.000, ‖θ[1:]‖₁=5.703, num_selected_knots=43
2025-09-01 17:01:33,910 - Iter 491: obj=-843.569616, change=6.96e-04, α=1.000, ‖θ[1:]‖₁=5.703, num_selected_knots=43
2025-09-01 17:01:40,180 - Iter 492: obj=-843.570544, change=6.98e-04, α=1.000, ‖θ[1:]‖₁=5.703, num_selected_knots=43
2025-09-01 17:01:46,527 - Iter 493: obj=-843.571428, change=6.98e-04, α=1.000, ‖θ[1:]‖₁=5.703, num_selected_knots=43
2025-09-01 17:01:53,041 - Iter 494: obj=-843.572276, change=6.95e-04, α=1.000, ‖θ[1:]‖₁=5.702, num_selected_knots=43
2025-09-01 17:01:59,418 - Iter 495: obj=-843.573091, change=6.90e-04, α=1.000, ‖θ[1:]‖₁=5.702, num_selected_knots=43
2025-09-01 17:02:05,648 - Iter 496: obj=-843.573881, change=6.86e-04, α=1.000, ‖θ[1:]‖₁=5.702, num_selected_knots=43
2025-09-01 17:02:11,918 - Iter 497: obj=-843.574659, change=6.83e-04, α=1.000, ‖θ[1:]‖₁=5.702, num_selected_knots=43
2025-09-01 17:02:18,296 - Iter 498: obj=-843.575426, change=6.83e-04, α=1.000, ‖θ[1:]‖₁=5.702, num_selected_knots=43
2025-09-01 17:02:24,544 - Iter 499: obj=-843.576184, change=6.84e-04, α=1.000, ‖θ[1:]‖₁=5.702, num_selected_knots=43
2025-09-01 17:02:30,886 - Iter 500: obj=-843.576933, change=6.84e-04, α=1.000, ‖θ[1:]‖₁=5.702, num_selected_knots=43
2025-09-01 17:02:30,909 - Final: obj=-843.577675, selected_knots=43, iterations=501
