2025-09-01 18:44:08,030 - ProximalNewtonLBFGS: lam=40, memory=5, n_grid=200, basis_order=0, n_samples=3200, K=3201
2025-09-01 18:44:08,344 - Iter   0: obj=0.000000, change=1.97e+00, α=0.000, ‖θ[1:]‖₁=3.526, γ=792030.395, num_knots=3026
2025-09-01 18:44:08,691 - Iter  10: obj=-736.747010, change=7.14e-04, α=1.000, ‖θ[1:]‖₁=4.443, γ=886108.525, num_knots=2384
2025-09-01 18:44:09,015 - Iter  20: obj=-778.341193, change=3.03e-03, α=1.000, ‖θ[1:]‖₁=4.785, γ=90391.394, num_knots=1979
2025-09-01 18:44:09,361 - Iter  30: obj=-796.162191, change=1.21e-04, α=1.000, ‖θ[1:]‖₁=4.968, γ=714525.074, num_knots=1698
2025-09-01 18:44:09,701 - Iter  40: obj=-800.817865, change=5.19e-04, α=1.000, ‖θ[1:]‖₁=5.073, γ=267893.542, num_knots=1381
2025-09-01 18:44:10,104 - Iter  50: obj=-806.101827, change=1.92e-03, α=1.000, ‖θ[1:]‖₁=5.163, γ=1000000.000, num_knots=1252
2025-09-01 18:44:10,443 - Iter  60: obj=-808.218952, change=3.81e-02, α=1.000, ‖θ[1:]‖₁=5.274, γ=209335.374, num_knots=1095
2025-09-01 18:44:10,796 - Iter  70: obj=-811.261963, change=3.12e-03, α=1.000, ‖θ[1:]‖₁=5.271, γ=16262.040, num_knots=1071
2025-09-01 18:44:11,122 - Iter  80: obj=-813.346831, change=4.15e-04, α=1.000, ‖θ[1:]‖₁=5.301, γ=185747.863, num_knots=1003
2025-09-01 18:44:11,458 - Iter  90: obj=-814.472208, change=2.70e-04, α=1.000, ‖θ[1:]‖₁=5.320, γ=185883.327, num_knots=966
2025-09-01 18:44:11,836 - Iter 100: obj=-815.480129, change=3.04e-04, α=1.000, ‖θ[1:]‖₁=5.336, γ=224443.162, num_knots=927
2025-09-01 18:44:12,203 - Iter 110: obj=-816.840885, change=2.79e-05, α=1.000, ‖θ[1:]‖₁=5.360, γ=967970.583, num_knots=877
2025-09-01 18:44:12,521 - Iter 120: obj=-817.555624, change=2.19e-04, α=1.000, ‖θ[1:]‖₁=5.373, γ=956921.218, num_knots=850
2025-09-01 18:44:12,879 - Iter 130: obj=-818.244727, change=5.29e-05, α=1.000, ‖θ[1:]‖₁=5.384, γ=984419.409, num_knots=826
2025-09-01 18:44:13,213 - Iter 140: obj=-819.296550, change=9.05e-04, α=1.000, ‖θ[1:]‖₁=5.406, γ=786240.521, num_knots=785
2025-09-01 18:44:13,548 - Iter 150: obj=-819.508110, change=2.12e-04, α=1.000, ‖θ[1:]‖₁=5.408, γ=212061.949, num_knots=780
2025-09-01 18:44:13,867 - Iter 160: obj=-821.220774, change=5.10e-05, α=1.000, ‖θ[1:]‖₁=5.436, γ=830973.815, num_knots=720
2025-09-01 18:44:14,224 - Iter 170: obj=-821.478366, change=7.23e-04, α=1.000, ‖θ[1:]‖₁=5.440, γ=17867.376, num_knots=707
2025-09-01 18:44:14,573 - Iter 180: obj=-822.187694, change=4.57e-05, α=1.000, ‖θ[1:]‖₁=5.449, γ=477479.227, num_knots=692
2025-09-01 18:44:14,951 - Iter 190: obj=-822.602430, change=3.59e-03, α=1.000, ‖θ[1:]‖₁=5.464, γ=74762.665, num_knots=657
2025-09-01 18:44:15,306 - Iter 200: obj=-823.662585, change=5.20e-05, α=1.000, ‖θ[1:]‖₁=5.471, γ=813968.086, num_knots=636
2025-09-01 18:44:15,629 - Iter 210: obj=-824.015105, change=5.00e-05, α=1.000, ‖θ[1:]‖₁=5.475, γ=281040.680, num_knots=628
2025-09-01 18:44:15,977 - Iter 220: obj=-824.374999, change=2.33e-04, α=1.000, ‖θ[1:]‖₁=5.480, γ=63942.149, num_knots=619
2025-09-01 18:44:16,309 - Iter 230: obj=-824.761952, change=1.55e-04, α=1.000, ‖θ[1:]‖₁=5.485, γ=74930.218, num_knots=603
2025-09-01 18:44:16,679 - Iter 240: obj=-825.260627, change=9.38e-06, α=1.000, ‖θ[1:]‖₁=5.493, γ=777080.212, num_knots=586
2025-09-01 18:44:17,026 - Iter 250: obj=-825.583656, change=9.40e-05, α=1.000, ‖θ[1:]‖₁=5.497, γ=730979.984, num_knots=578
2025-09-01 18:44:17,436 - Iter 260: obj=-825.917964, change=6.45e-05, α=1.000, ‖θ[1:]‖₁=5.501, γ=238884.489, num_knots=568
2025-09-01 18:44:17,808 - Iter 270: obj=-826.539762, change=4.87e-05, α=1.000, ‖θ[1:]‖₁=5.509, γ=887454.204, num_knots=548
2025-09-01 18:44:18,183 - Iter 280: obj=-826.597195, change=1.12e-04, α=1.000, ‖θ[1:]‖₁=5.510, γ=53498.443, num_knots=546
2025-09-01 18:44:18,512 - Iter 290: obj=-827.129866, change=3.92e-05, α=1.000, ‖θ[1:]‖₁=5.516, γ=621230.525, num_knots=530
2025-09-01 18:44:18,854 - Iter 300: obj=-827.437634, change=8.57e-05, α=1.000, ‖θ[1:]‖₁=5.521, γ=394575.270, num_knots=513
2025-09-01 18:44:19,211 - Iter 310: obj=-827.938877, change=1.38e-05, α=1.000, ‖θ[1:]‖₁=5.527, γ=380281.824, num_knots=503
2025-09-01 18:44:19,543 - Iter 320: obj=-828.137085, change=6.09e-04, α=1.000, ‖θ[1:]‖₁=5.530, γ=63989.458, num_knots=494
2025-09-01 18:44:19,894 - Iter 330: obj=-828.491264, change=2.60e-04, α=1.000, ‖θ[1:]‖₁=5.533, γ=631965.798, num_knots=484
2025-09-01 18:44:20,224 - Iter 340: obj=-828.845246, change=7.12e-06, α=1.000, ‖θ[1:]‖₁=5.537, γ=758930.577, num_knots=475
2025-09-01 18:44:20,578 - Iter 350: obj=-829.061852, change=3.83e-05, α=1.000, ‖θ[1:]‖₁=5.540, γ=789424.099, num_knots=467
2025-09-01 18:44:20,951 - Iter 360: obj=-829.294580, change=8.26e-05, α=1.000, ‖θ[1:]‖₁=5.543, γ=25942.953, num_knots=456
2025-09-01 18:44:21,322 - Iter 370: obj=-829.750824, change=1.84e-03, α=1.000, ‖θ[1:]‖₁=5.551, γ=42049.354, num_knots=438
2025-09-01 18:44:21,671 - Iter 380: obj=-830.053511, change=3.13e-05, α=1.000, ‖θ[1:]‖₁=5.551, γ=313973.883, num_knots=437
2025-09-01 18:44:21,993 - Iter 390: obj=-830.340713, change=6.62e-06, α=1.000, ‖θ[1:]‖₁=5.555, γ=868486.284, num_knots=424
2025-09-01 18:44:22,462 - Iter 400: obj=-830.369986, change=4.56e-05, α=1.000, ‖θ[1:]‖₁=5.556, γ=68699.504, num_knots=424
2025-09-01 18:44:22,848 - Iter 410: obj=-830.595346, change=1.05e-05, α=1.000, ‖θ[1:]‖₁=5.558, γ=472223.004, num_knots=420
2025-09-01 18:44:23,163 - Iter 420: obj=-830.908508, change=1.24e-04, α=1.000, ‖θ[1:]‖₁=5.563, γ=981703.220, num_knots=405
2025-09-01 18:44:23,505 - Iter 430: obj=-830.956290, change=9.09e-05, α=1.000, ‖θ[1:]‖₁=5.564, γ=41844.503, num_knots=403
2025-09-01 18:44:23,896 - Iter 440: obj=-831.329170, change=2.22e-05, α=1.000, ‖θ[1:]‖₁=5.570, γ=1000000.000, num_knots=388
2025-09-01 18:44:24,265 - Iter 450: obj=-831.342532, change=5.93e-06, α=1.000, ‖θ[1:]‖₁=5.570, γ=886838.217, num_knots=387
2025-09-01 18:44:24,586 - Iter 460: obj=-831.361890, change=2.72e-05, α=1.000, ‖θ[1:]‖₁=5.570, γ=179735.046, num_knots=386
2025-09-01 18:44:24,920 - Iter 470: obj=-831.586213, change=1.18e-05, α=1.000, ‖θ[1:]‖₁=5.573, γ=366329.129, num_knots=380
2025-09-01 18:44:25,300 - Iter 480: obj=-831.731772, change=6.87e-05, α=1.000, ‖θ[1:]‖₁=5.575, γ=94039.959, num_knots=376
2025-09-01 18:44:25,691 - Iter 490: obj=-831.930343, change=3.77e-05, α=1.000, ‖θ[1:]‖₁=5.577, γ=90926.527, num_knots=372
2025-09-01 18:44:26,060 - Iter 500: obj=-832.063160, change=7.76e-04, α=1.000, ‖θ[1:]‖₁=5.579, γ=4276.426, num_knots=368
2025-09-01 18:44:26,319 - Iter 510: obj=-832.485170, change=2.94e-06, α=0.100, ‖θ[1:]‖₁=5.585, γ=603195.490, num_knots=354
2025-09-01 18:44:26,529 - Iter 520: obj=-832.486948, change=2.82e-06, α=0.100, ‖θ[1:]‖₁=5.585, γ=557058.900, num_knots=354
2025-09-01 18:44:26,876 - Iter 530: obj=-832.507795, change=1.96e-05, α=1.000, ‖θ[1:]‖₁=5.584, γ=232024.914, num_knots=354
2025-09-01 18:44:27,218 - Iter 540: obj=-832.572123, change=2.84e-04, α=1.000, ‖θ[1:]‖₁=5.585, γ=30326.345, num_knots=352
2025-09-01 18:44:27,577 - Iter 550: obj=-832.735239, change=8.92e-06, α=1.000, ‖θ[1:]‖₁=5.586, γ=485285.508, num_knots=346
2025-09-01 18:44:27,940 - Iter 560: obj=-832.841132, change=3.30e-04, α=1.000, ‖θ[1:]‖₁=5.588, γ=146672.786, num_knots=337
2025-09-01 18:44:28,277 - Iter 570: obj=-833.034488, change=2.88e-05, α=1.000, ‖θ[1:]‖₁=5.591, γ=187627.609, num_knots=333
2025-09-01 18:44:28,646 - Iter 580: obj=-833.249085, change=8.20e-05, α=1.000, ‖θ[1:]‖₁=5.595, γ=248189.421, num_knots=326
2025-09-01 18:44:28,991 - Iter 590: obj=-833.446087, change=6.06e-05, α=1.000, ‖θ[1:]‖₁=5.598, γ=70282.021, num_knots=319
2025-09-01 18:44:29,329 - Iter 600: obj=-833.736123, change=2.47e-05, α=1.000, ‖θ[1:]‖₁=5.601, γ=905619.923, num_knots=313
2025-09-01 18:44:29,669 - Iter 610: obj=-833.746557, change=1.26e-05, α=1.000, ‖θ[1:]‖₁=5.601, γ=396881.985, num_knots=313
2025-09-01 18:44:29,998 - Iter 620: obj=-833.845742, change=1.09e-03, α=1.000, ‖θ[1:]‖₁=5.605, γ=386514.453, num_knots=305
2025-09-01 18:44:30,382 - Iter 630: obj=-833.980156, change=1.01e-05, α=1.000, ‖θ[1:]‖₁=5.605, γ=983614.882, num_knots=305
2025-09-01 18:44:30,717 - Iter 640: obj=-833.987386, change=5.17e-06, α=1.000, ‖θ[1:]‖₁=5.605, γ=805477.012, num_knots=305
2025-09-01 18:44:31,082 - Iter 650: obj=-833.997488, change=1.04e-05, α=1.000, ‖θ[1:]‖₁=5.605, γ=356780.576, num_knots=304
2025-09-01 18:44:31,425 - Iter 660: obj=-834.117412, change=1.01e-03, α=1.000, ‖θ[1:]‖₁=5.607, γ=39449.196, num_knots=301
2025-09-01 18:44:31,784 - Iter 670: obj=-834.292950, change=6.55e-06, α=1.000, ‖θ[1:]‖₁=5.607, γ=604641.538, num_knots=300
2025-09-01 18:44:32,095 - Iter 680: obj=-834.352555, change=1.04e-04, α=1.000, ‖θ[1:]‖₁=5.608, γ=39164.517, num_knots=296
2025-09-01 18:44:32,428 - Iter 690: obj=-834.512804, change=8.06e-05, α=1.000, ‖θ[1:]‖₁=5.610, γ=408692.078, num_knots=292
2025-09-01 18:44:32,768 - Iter 700: obj=-834.569045, change=8.80e-06, α=1.000, ‖θ[1:]‖₁=5.611, γ=721555.223, num_knots=289
2025-09-01 18:44:33,083 - Iter 710: obj=-834.581361, change=3.04e-05, α=1.000, ‖θ[1:]‖₁=5.612, γ=91401.088, num_knots=288
2025-09-01 18:44:33,442 - Iter 720: obj=-834.745037, change=4.41e-06, α=1.000, ‖θ[1:]‖₁=5.614, γ=905459.700, num_knots=282
2025-09-01 18:44:33,783 - Iter 730: obj=-834.751978, change=6.81e-06, α=1.000, ‖θ[1:]‖₁=5.614, γ=544988.595, num_knots=282
2025-09-01 18:44:34,104 - Iter 740: obj=-834.798311, change=3.45e-04, α=1.000, ‖θ[1:]‖₁=5.615, γ=178528.794, num_knots=279
2025-09-01 18:44:34,452 - Iter 750: obj=-834.853819, change=1.03e-05, α=1.000, ‖θ[1:]‖₁=5.615, γ=369809.126, num_knots=278
2025-09-01 18:44:34,785 - Iter 760: obj=-834.917884, change=6.75e-06, α=1.000, ‖θ[1:]‖₁=5.616, γ=554458.888, num_knots=274
2025-09-01 18:44:35,159 - Iter 770: obj=-834.955955, change=6.19e-04, α=1.000, ‖θ[1:]‖₁=5.617, γ=77491.387, num_knots=271
2025-09-01 18:44:35,507 - Iter 780: obj=-835.094570, change=2.44e-05, α=1.000, ‖θ[1:]‖₁=5.619, γ=114066.800, num_knots=265
2025-09-01 18:44:35,861 - Iter 790: obj=-835.160582, change=6.59e-06, α=1.000, ‖θ[1:]‖₁=5.620, γ=547924.282, num_knots=263
2025-09-01 18:44:36,212 - Iter 800: obj=-835.193576, change=4.80e-04, α=1.000, ‖θ[1:]‖₁=5.621, γ=176500.875, num_knots=260
2025-09-01 18:44:36,520 - Iter 810: obj=-835.250177, change=7.37e-06, α=1.000, ‖θ[1:]‖₁=5.621, γ=470770.129, num_knots=260
2025-09-01 18:44:36,875 - Iter 820: obj=-835.322762, change=4.50e-04, α=1.000, ‖θ[1:]‖₁=5.622, γ=244961.585, num_knots=258
2025-09-01 18:44:37,197 - Iter 830: obj=-835.378796, change=5.22e-06, α=1.000, ‖θ[1:]‖₁=5.622, γ=691285.667, num_knots=257
2025-09-01 18:44:37,565 - Iter 840: obj=-835.388508, change=1.12e-05, α=1.000, ‖θ[1:]‖₁=5.622, γ=286472.681, num_knots=256
2025-09-01 18:44:37,940 - Iter 850: obj=-835.435952, change=3.17e-05, α=1.000, ‖θ[1:]‖₁=5.623, γ=17917.447, num_knots=254
2025-09-01 18:44:38,332 - Iter 860: obj=-835.529209, change=6.14e-05, α=1.000, ‖θ[1:]‖₁=5.624, γ=20032.212, num_knots=253
2025-09-01 18:44:38,664 - Iter 870: obj=-835.582477, change=2.09e-04, α=1.000, ‖θ[1:]‖₁=5.626, γ=18299.720, num_knots=249
2025-09-01 18:44:39,017 - Iter 880: obj=-835.721486, change=4.26e-05, α=1.000, ‖θ[1:]‖₁=5.628, γ=293733.130, num_knots=244
2025-09-01 18:44:39,397 - Iter 890: obj=-835.836936, change=6.50e-06, α=1.000, ‖θ[1:]‖₁=5.629, γ=505144.702, num_knots=243
2025-09-01 18:44:39,735 - Iter 900: obj=-835.882660, change=1.21e-04, α=1.000, ‖θ[1:]‖₁=5.629, γ=19281.615, num_knots=239
2025-09-01 18:44:40,100 - Iter 910: obj=-835.989677, change=4.88e-06, α=1.000, ‖θ[1:]‖₁=5.631, γ=716080.761, num_knots=237
2025-09-01 18:44:40,478 - Iter 920: obj=-835.996613, change=1.53e-05, α=1.000, ‖θ[1:]‖₁=5.631, γ=167682.408, num_knots=237
2025-09-01 18:44:40,851 - Iter 930: obj=-836.134857, change=4.30e-05, α=1.000, ‖θ[1:]‖₁=5.631, γ=346529.840, num_knots=236
2025-09-01 18:44:41,188 - Iter 940: obj=-836.247233, change=9.87e-06, α=1.000, ‖θ[1:]‖₁=5.632, γ=988794.101, num_knots=232
2025-09-01 18:44:41,564 - Iter 950: obj=-836.250867, change=3.77e-06, α=1.000, ‖θ[1:]‖₁=5.632, γ=887994.266, num_knots=232
2025-09-01 18:44:41,912 - Iter 960: obj=-836.254975, change=5.42e-06, α=1.000, ‖θ[1:]‖₁=5.632, γ=587946.120, num_knots=232
2025-09-01 18:44:42,255 - Iter 970: obj=-836.266619, change=6.59e-05, α=1.000, ‖θ[1:]‖₁=5.632, γ=17809.018, num_knots=232
2025-09-01 18:44:42,594 - Iter 980: obj=-836.356195, change=5.38e-06, α=1.000, ‖θ[1:]‖₁=5.633, γ=598100.414, num_knots=228
2025-09-01 18:44:42,942 - Iter 990: obj=-836.380446, change=7.71e-05, α=1.000, ‖θ[1:]‖₁=5.634, γ=105005.652, num_knots=225
2025-09-01 18:44:43,271 - Iter 1000: obj=-836.491684, change=1.88e-04, α=1.000, ‖θ[1:]‖₁=5.635, γ=17112.145, num_knots=223
2025-09-01 18:44:43,529 - Iter 1010: obj=-836.610770, change=8.12e-07, α=0.100, ‖θ[1:]‖₁=5.637, γ=486951.198, num_knots=221
2025-09-01 18:44:43,859 - Iter 1020: obj=-836.613730, change=8.79e-06, α=1.000, ‖θ[1:]‖₁=5.637, γ=346323.920, num_knots=221
2025-09-01 18:44:44,241 - Iter 1030: obj=-836.625189, change=2.01e-05, α=1.000, ‖θ[1:]‖₁=5.637, γ=146110.585, num_knots=220
2025-09-01 18:44:44,604 - Iter 1040: obj=-836.664239, change=1.25e-04, α=1.000, ‖θ[1:]‖₁=5.637, γ=18592.230, num_knots=219
2025-09-01 18:44:44,929 - Iter 1050: obj=-836.802368, change=1.29e-05, α=1.000, ‖θ[1:]‖₁=5.639, γ=1000000.000, num_knots=216
2025-09-01 18:44:45,305 - Iter 1060: obj=-836.805084, change=7.43e-06, α=1.000, ‖θ[1:]‖₁=5.639, γ=1000000.000, num_knots=216
2025-09-01 18:44:45,641 - Iter 1070: obj=-836.807786, change=4.31e-06, α=1.000, ‖θ[1:]‖₁=5.639, γ=974816.663, num_knots=216
2025-09-01 18:44:45,994 - Iter 1080: obj=-836.810641, change=3.76e-06, α=1.000, ‖θ[1:]‖₁=5.639, γ=856709.405, num_knots=216
2025-09-01 18:44:46,364 - Iter 1090: obj=-836.814170, change=5.54e-06, α=1.000, ‖θ[1:]‖₁=5.639, γ=550819.602, num_knots=216
2025-09-01 18:44:46,719 - Iter 1100: obj=-836.827644, change=1.44e-04, α=1.000, ‖θ[1:]‖₁=5.640, γ=13183.907, num_knots=215
2025-09-01 18:44:47,051 - Iter 1110: obj=-836.888076, change=3.64e-04, α=1.000, ‖θ[1:]‖₁=5.641, γ=221587.047, num_knots=212
2025-09-01 18:44:47,463 - Iter 1120: obj=-836.920281, change=4.98e-06, α=1.000, ‖θ[1:]‖₁=5.641, γ=610572.960, num_knots=212
2025-09-01 18:44:47,774 - Iter 1130: obj=-836.926963, change=2.45e-05, α=1.000, ‖θ[1:]‖₁=5.641, γ=77981.057, num_knots=212
2025-09-01 18:44:48,112 - Iter 1140: obj=-837.024352, change=9.29e-06, α=1.000, ‖θ[1:]‖₁=5.642, γ=281629.728, num_knots=211
2025-09-01 18:44:48,476 - Iter 1150: obj=-837.139402, change=4.11e-06, α=1.000, ‖θ[1:]‖₁=5.643, γ=894461.227, num_knots=208
2025-09-01 18:44:48,898 - Iter 1160: obj=-837.142349, change=4.43e-06, α=1.000, ‖θ[1:]‖₁=5.643, γ=660555.235, num_knots=208
2025-09-01 18:44:49,248 - Iter 1170: obj=-837.147406, change=1.22e-05, α=1.000, ‖θ[1:]‖₁=5.643, γ=201540.648, num_knots=208
2025-09-01 18:44:49,646 - Iter 1180: obj=-837.248054, change=5.60e-05, α=1.000, ‖θ[1:]‖₁=5.643, γ=795890.387, num_knots=207
2025-09-01 18:44:49,998 - Iter 1190: obj=-837.379529, change=3.31e-06, α=1.000, ‖θ[1:]‖₁=5.643, γ=905446.994, num_knots=204
2025-09-01 18:44:50,339 - Iter 1200: obj=-837.382326, change=4.19e-06, α=1.000, ‖θ[1:]‖₁=5.643, γ=693150.333, num_knots=204
2025-09-01 18:44:50,670 - Iter 1210: obj=-837.386908, change=1.12e-05, α=1.000, ‖θ[1:]‖₁=5.643, γ=210497.736, num_knots=204
2025-09-01 18:44:51,046 - Iter 1220: obj=-837.440181, change=1.10e-05, α=1.000, ‖θ[1:]‖₁=5.644, γ=226347.989, num_knots=201
2025-09-01 18:44:51,457 - Iter 1230: obj=-837.513573, change=4.81e-06, α=1.000, ‖θ[1:]‖₁=5.644, γ=577265.194, num_knots=200
2025-09-01 18:44:51,780 - Iter 1240: obj=-837.520719, change=3.93e-05, α=1.000, ‖θ[1:]‖₁=5.644, γ=28518.366, num_knots=200
2025-09-01 18:44:52,111 - Iter 1250: obj=-837.574500, change=3.86e-05, α=1.000, ‖θ[1:]‖₁=5.645, γ=40585.586, num_knots=198
2025-09-01 18:44:52,448 - Iter 1260: obj=-837.603366, change=5.49e-05, α=1.000, ‖θ[1:]‖₁=5.645, γ=19796.920, num_knots=196
2025-09-01 18:44:52,800 - Iter 1270: obj=-837.725372, change=6.15e-06, α=1.000, ‖θ[1:]‖₁=5.646, γ=950589.097, num_knots=192
2025-09-01 18:44:53,165 - Iter 1280: obj=-837.727582, change=4.30e-06, α=1.000, ‖θ[1:]‖₁=5.646, γ=866210.978, num_knots=192
2025-09-01 18:44:53,557 - Iter 1290: obj=-837.730111, change=4.09e-06, α=1.000, ‖θ[1:]‖₁=5.646, γ=673476.237, num_knots=192
2025-09-01 18:44:53,885 - Iter 1300: obj=-837.733970, change=8.84e-06, α=1.000, ‖θ[1:]‖₁=5.646, γ=272290.329, num_knots=192
2025-09-01 18:44:54,228 - Iter 1310: obj=-837.750581, change=7.59e-05, α=1.000, ‖θ[1:]‖₁=5.646, γ=30729.165, num_knots=190
2025-09-01 18:44:54,585 - Iter 1320: obj=-837.797397, change=9.38e-06, α=1.000, ‖θ[1:]‖₁=5.647, γ=253924.326, num_knots=188
2025-09-01 18:44:54,909 - Iter 1330: obj=-837.824176, change=6.12e-06, α=1.000, ‖θ[1:]‖₁=5.647, γ=428514.927, num_knots=186
2025-09-01 18:44:55,307 - Iter 1340: obj=-837.835494, change=1.01e-04, α=1.000, ‖θ[1:]‖₁=5.648, γ=15727.012, num_knots=186
2025-09-01 18:44:55,651 - Iter 1350: obj=-837.915179, change=1.10e-04, α=1.000, ‖θ[1:]‖₁=5.648, γ=9418.288, num_knots=184
2025-09-01 18:44:56,009 - Iter 1360: obj=-837.946356, change=2.16e-05, α=1.000, ‖θ[1:]‖₁=5.648, γ=77727.716, num_knots=183
2025-09-01 18:44:56,353 - Iter 1370: obj=-837.982423, change=5.34e-06, α=1.000, ‖θ[1:]‖₁=5.648, γ=487104.988, num_knots=182
2025-09-01 18:44:56,716 - Iter 1380: obj=-837.991687, change=1.39e-04, α=1.000, ‖θ[1:]‖₁=5.648, γ=4254.289, num_knots=182
2025-09-01 18:44:57,038 - Iter 1390: obj=-838.054327, change=4.05e-05, α=1.000, ‖θ[1:]‖₁=5.648, γ=31561.105, num_knots=180
2025-09-01 18:44:57,411 - Iter 1400: obj=-838.162798, change=1.84e-05, α=1.000, ‖θ[1:]‖₁=5.649, γ=877798.111, num_knots=177
2025-09-01 18:44:57,773 - Iter 1410: obj=-838.166113, change=5.27e-06, α=1.000, ‖θ[1:]‖₁=5.649, γ=479982.592, num_knots=177
2025-09-01 18:44:58,105 - Iter 1420: obj=-838.173618, change=6.08e-05, α=1.000, ‖θ[1:]‖₁=5.649, γ=20290.256, num_knots=177
2025-09-01 18:44:58,451 - Iter 1430: obj=-838.256292, change=1.11e-05, α=1.000, ‖θ[1:]‖₁=5.650, γ=295058.267, num_knots=174
2025-09-01 18:44:58,799 - Iter 1440: obj=-838.273723, change=5.84e-05, α=1.000, ‖θ[1:]‖₁=5.650, γ=22519.307, num_knots=173
2025-09-01 18:44:59,160 - Iter 1450: obj=-838.358361, change=2.85e-05, α=1.000, ‖θ[1:]‖₁=5.651, γ=78258.959, num_knots=172
2025-09-01 18:44:59,505 - Iter 1460: obj=-838.419214, change=3.90e-04, α=1.000, ‖θ[1:]‖₁=5.651, γ=42774.426, num_knots=170
2025-09-01 18:44:59,837 - Iter 1470: obj=-838.512799, change=3.32e-06, α=1.000, ‖θ[1:]‖₁=5.652, γ=741763.622, num_knots=168
2025-09-01 18:45:00,215 - Iter 1480: obj=-838.514780, change=4.18e-06, α=1.000, ‖θ[1:]‖₁=5.652, γ=576268.462, num_knots=167
2025-09-01 18:45:00,605 - Iter 1490: obj=-838.518216, change=1.31e-05, α=1.000, ‖θ[1:]‖₁=5.653, γ=145125.059, num_knots=167
2025-09-01 18:45:00,948 - Iter 1500: obj=-838.535264, change=9.11e-05, α=1.000, ‖θ[1:]‖₁=5.653, γ=20502.922, num_knots=165
2025-09-01 18:45:01,310 - Iter 1510: obj=-838.623799, change=4.07e-06, α=1.000, ‖θ[1:]‖₁=5.654, γ=591146.988, num_knots=164
2025-09-01 18:45:01,646 - Iter 1520: obj=-838.626935, change=1.18e-05, α=1.000, ‖θ[1:]‖₁=5.654, γ=165659.322, num_knots=164
2025-09-01 18:45:02,009 - Iter 1530: obj=-838.686890, change=4.07e-04, α=1.000, ‖θ[1:]‖₁=5.655, γ=9969.318, num_knots=163
2025-09-01 18:45:02,356 - Iter 1540: obj=-838.801785, change=2.65e-06, α=1.000, ‖θ[1:]‖₁=5.656, γ=894853.149, num_knots=161
2025-09-01 18:45:02,703 - Iter 1550: obj=-838.803259, change=3.20e-06, α=1.000, ‖θ[1:]‖₁=5.656, γ=743746.420, num_knots=161
2025-09-01 18:45:03,080 - Iter 1560: obj=-838.805213, change=5.11e-06, α=1.000, ‖θ[1:]‖₁=5.656, γ=439523.997, num_knots=161
2025-09-01 18:45:03,442 - Iter 1570: obj=-838.811040, change=4.59e-05, α=1.000, ‖θ[1:]‖₁=5.656, γ=30222.283, num_knots=161
2025-09-01 18:45:03,816 - Iter 1580: obj=-838.828096, change=2.89e-05, α=1.000, ‖θ[1:]‖₁=5.656, γ=59961.577, num_knots=160
2025-09-01 18:45:04,147 - Iter 1590: obj=-838.875900, change=1.33e-04, α=1.000, ‖θ[1:]‖₁=5.657, γ=21809.239, num_knots=159
2025-09-01 18:45:04,491 - Iter 1600: obj=-838.931088, change=8.30e-06, α=1.000, ‖θ[1:]‖₁=5.657, γ=814019.225, num_knots=157
2025-09-01 18:45:04,807 - Iter 1610: obj=-838.933068, change=3.00e-06, α=1.000, ‖θ[1:]‖₁=5.657, γ=779701.038, num_knots=156
2025-09-01 18:45:05,182 - Iter 1620: obj=-838.934785, change=4.21e-06, α=1.000, ‖θ[1:]‖₁=5.657, γ=538362.325, num_knots=156
2025-09-01 18:45:05,531 - Iter 1630: obj=-838.938045, change=1.38e-05, α=1.000, ‖θ[1:]‖₁=5.657, γ=129912.877, num_knots=156
2025-09-01 18:45:05,875 - Iter 1640: obj=-838.955821, change=8.14e-05, α=1.000, ‖θ[1:]‖₁=5.657, γ=23498.517, num_knots=155
2025-09-01 18:45:06,216 - Iter 1650: obj=-839.003908, change=4.58e-06, α=1.000, ‖θ[1:]‖₁=5.658, γ=482720.009, num_knots=154
2025-09-01 18:45:06,562 - Iter 1660: obj=-839.007999, change=2.47e-05, α=1.000, ‖θ[1:]‖₁=5.658, γ=58699.728, num_knots=154
2025-09-01 18:45:06,911 - Iter 1670: obj=-839.063046, change=3.66e-05, α=1.000, ‖θ[1:]‖₁=5.658, γ=30374.442, num_knots=154
2025-09-01 18:45:07,320 - Iter 1680: obj=-839.126354, change=3.05e-06, α=1.000, ‖θ[1:]‖₁=5.659, γ=760621.027, num_knots=154
2025-09-01 18:45:07,655 - Iter 1690: obj=-839.128077, change=4.58e-06, α=1.000, ‖θ[1:]‖₁=5.659, γ=482319.495, num_knots=154
2025-09-01 18:45:08,012 - Iter 1700: obj=-839.132314, change=2.97e-05, α=1.000, ‖θ[1:]‖₁=5.659, γ=41279.977, num_knots=154
2025-09-01 18:45:08,350 - Iter 1710: obj=-839.207078, change=3.49e-05, α=1.000, ‖θ[1:]‖₁=5.659, γ=14347.558, num_knots=152
2025-09-01 18:45:08,677 - Iter 1720: obj=-839.250330, change=3.53e-05, α=1.000, ‖θ[1:]‖₁=5.659, γ=52344.355, num_knots=151
2025-09-01 18:45:09,040 - Iter 1730: obj=-839.298894, change=3.16e-06, α=1.000, ‖θ[1:]‖₁=5.660, γ=711024.755, num_knots=149
2025-09-01 18:45:09,446 - Iter 1740: obj=-839.300605, change=5.69e-06, α=1.000, ‖θ[1:]‖₁=5.660, γ=396036.109, num_knots=148
2025-09-01 18:45:09,810 - Iter 1750: obj=-839.306153, change=5.50e-05, α=1.000, ‖θ[1:]‖₁=5.660, γ=22558.724, num_knots=148
2025-09-01 18:45:10,141 - Iter 1760: obj=-839.363309, change=3.40e-04, α=1.000, ‖θ[1:]‖₁=5.661, γ=6334.466, num_knots=147
2025-09-01 18:45:10,502 - Iter 1770: obj=-839.404601, change=1.28e-05, α=1.000, ‖θ[1:]‖₁=5.661, γ=125722.718, num_knots=147
2025-09-01 18:45:10,857 - Iter 1780: obj=-839.443649, change=2.88e-06, α=1.000, ‖θ[1:]‖₁=5.661, γ=937754.302, num_knots=145
2025-09-01 18:45:11,201 - Iter 1790: obj=-839.444690, change=2.50e-06, α=1.000, ‖θ[1:]‖₁=5.661, γ=878331.352, num_knots=145
2025-09-01 18:45:11,588 - Iter 1800: obj=-839.445818, change=2.79e-06, α=1.000, ‖θ[1:]‖₁=5.661, γ=775006.401, num_knots=145
2025-09-01 18:45:11,940 - Iter 1810: obj=-839.447147, change=3.51e-06, α=1.000, ‖θ[1:]‖₁=5.661, γ=599795.840, num_knots=145
2025-09-01 18:45:12,302 - Iter 1820: obj=-839.449044, change=5.99e-06, α=1.000, ‖θ[1:]‖₁=5.661, γ=332916.353, num_knots=145
2025-09-01 18:45:12,628 - Iter 1830: obj=-839.453661, change=2.16e-05, α=1.000, ‖θ[1:]‖₁=5.661, γ=84815.889, num_knots=145
2025-09-01 18:45:13,041 - Iter 1840: obj=-839.462947, change=5.51e-05, α=1.000, ‖θ[1:]‖₁=5.661, γ=23215.043, num_knots=144
2025-09-01 18:45:13,578 - Iter 1850: obj=-839.533523, change=1.51e-05, α=1.000, ‖θ[1:]‖₁=5.661, γ=92779.194, num_knots=144
2025-09-01 18:45:13,905 - Iter 1860: obj=-839.613610, change=2.91e-06, α=1.000, ‖θ[1:]‖₁=5.661, γ=736337.694, num_knots=143
2025-09-01 18:45:14,255 - Iter 1870: obj=-839.615019, change=4.45e-06, α=1.000, ‖θ[1:]‖₁=5.661, γ=454745.429, num_knots=143
2025-09-01 18:45:14,611 - Iter 1880: obj=-839.618765, change=3.51e-05, α=1.000, ‖θ[1:]‖₁=5.661, γ=28503.694, num_knots=143
2025-09-01 18:45:14,977 - Iter 1890: obj=-839.661328, change=3.17e-06, α=1.000, ‖θ[1:]‖₁=5.662, γ=1000000.000, num_knots=142
2025-09-01 18:45:15,357 - Iter 1900: obj=-839.662200, change=2.33e-06, α=1.000, ‖θ[1:]‖₁=5.662, γ=979172.801, num_knots=142
2025-09-01 18:45:15,714 - Iter 1910: obj=-839.663104, change=2.30e-06, α=1.000, ‖θ[1:]‖₁=5.662, γ=916484.427, num_knots=142
2025-09-01 18:45:16,075 - Iter 1920: obj=-839.664092, change=2.64e-06, α=1.000, ‖θ[1:]‖₁=5.662, γ=789398.326, num_knots=142
2025-09-01 18:45:16,394 - Iter 1930: obj=-839.665313, change=3.68e-06, α=1.000, ‖θ[1:]‖₁=5.662, γ=547994.380, num_knots=142
2025-09-01 18:45:16,748 - Iter 1940: obj=-839.667549, change=1.53e-05, α=1.000, ‖θ[1:]‖₁=5.662, γ=107849.728, num_knots=141
2025-09-01 18:45:17,107 - Iter 1950: obj=-839.686846, change=3.71e-06, α=1.000, ‖θ[1:]‖₁=5.662, γ=541596.316, num_knots=140
2025-09-01 18:45:17,455 - Iter 1960: obj=-839.689078, change=1.19e-05, α=1.000, ‖θ[1:]‖₁=5.662, γ=132068.299, num_knots=140
2025-09-01 18:45:17,829 - Iter 1970: obj=-839.699470, change=2.08e-05, α=1.000, ‖θ[1:]‖₁=5.662, γ=66741.489, num_knots=139
2025-09-01 18:45:18,182 - Iter 1980: obj=-839.744525, change=3.64e-04, α=1.000, ‖θ[1:]‖₁=5.663, γ=7155.320, num_knots=139
2025-09-01 18:45:18,555 - Iter 1990: obj=-839.812834, change=2.23e-05, α=1.000, ‖θ[1:]‖₁=5.664, γ=83525.064, num_knots=136
2025-09-01 18:45:18,932 - Iter 2000: obj=-839.843132, change=6.82e-04, α=1.000, ‖θ[1:]‖₁=5.665, γ=41461.734, num_knots=135
2025-09-01 18:45:19,295 - Iter 2010: obj=-839.899978, change=3.22e-05, α=1.000, ‖θ[1:]‖₁=5.665, γ=39439.105, num_knots=134
2025-09-01 18:45:19,630 - Iter 2020: obj=-839.953873, change=2.77e-05, α=1.000, ‖θ[1:]‖₁=5.665, γ=29136.323, num_knots=133
2025-09-01 18:45:19,983 - Iter 2030: obj=-839.987913, change=6.66e-06, α=1.000, ‖θ[1:]‖₁=5.666, γ=266192.421, num_knots=132
2025-09-01 18:45:20,317 - Iter 2040: obj=-840.031285, change=1.17e-05, α=1.000, ‖θ[1:]‖₁=5.667, γ=941995.325, num_knots=131
2025-09-01 18:45:20,679 - Iter 2050: obj=-840.032471, change=2.50e-06, α=1.000, ‖θ[1:]‖₁=5.667, γ=795585.241, num_knots=131
2025-09-01 18:45:21,020 - Iter 2060: obj=-840.033484, change=3.31e-06, α=1.000, ‖θ[1:]‖₁=5.667, γ=584576.905, num_knots=131
2025-09-01 18:45:21,385 - Iter 2070: obj=-840.035123, change=7.52e-06, α=1.000, ‖θ[1:]‖₁=5.667, γ=227639.045, num_knots=131
2025-09-01 18:45:21,724 - Iter 2080: obj=-840.106846, change=8.59e-04, α=1.000, ‖θ[1:]‖₁=5.668, γ=500320.631, num_knots=129
2025-09-01 18:45:21,956 - Iter 2090: obj=-840.137743, change=5.07e-07, α=0.100, ‖θ[1:]‖₁=5.668, γ=1000000.000, num_knots=129
2025-09-01 18:45:22,164 - Iter 2100: obj=-840.137816, change=4.91e-07, α=0.100, ‖θ[1:]‖₁=5.668, γ=1000000.000, num_knots=129
2025-09-01 18:45:22,433 - Iter 2110: obj=-840.138020, change=4.47e-06, α=1.000, ‖θ[1:]‖₁=5.668, γ=1000000.000, num_knots=129
2025-09-01 18:45:22,805 - Iter 2120: obj=-840.138745, change=3.18e-06, α=1.000, ‖θ[1:]‖₁=5.668, γ=1000000.000, num_knots=129
2025-09-01 18:45:23,168 - Iter 2130: obj=-840.139466, change=2.26e-06, α=1.000, ‖θ[1:]‖₁=5.668, γ=1000000.000, num_knots=129
2025-09-01 18:45:23,490 - Iter 2140: obj=-840.140190, change=2.05e-06, α=1.000, ‖θ[1:]‖₁=5.668, γ=976280.617, num_knots=129
2025-09-01 18:45:23,851 - Iter 2150: obj=-840.140936, change=2.15e-06, α=1.000, ‖θ[1:]‖₁=5.668, γ=930987.581, num_knots=129
2025-09-01 18:45:24,203 - Iter 2160: obj=-840.141729, change=2.35e-06, α=1.000, ‖θ[1:]‖₁=5.668, γ=846624.686, num_knots=129
2025-09-01 18:45:24,553 - Iter 2170: obj=-840.142628, change=2.83e-06, α=1.000, ‖θ[1:]‖₁=5.668, γ=692253.803, num_knots=129
2025-09-01 18:45:24,891 - Iter 2180: obj=-840.143825, change=4.43e-06, α=1.000, ‖θ[1:]‖₁=5.668, γ=422478.764, num_knots=129
2025-09-01 18:45:25,252 - Iter 2190: obj=-840.146757, change=2.44e-05, α=1.000, ‖θ[1:]‖₁=5.668, γ=51339.895, num_knots=129
2025-09-01 18:45:25,587 - Iter 2200: obj=-840.170198, change=4.47e-06, α=1.000, ‖θ[1:]‖₁=5.668, γ=413020.362, num_knots=127
2025-09-01 18:45:25,935 - Iter 2210: obj=-840.173128, change=2.46e-05, α=1.000, ‖θ[1:]‖₁=5.668, γ=52217.709, num_knots=127
2025-09-01 18:45:26,297 - Iter 2220: obj=-840.179100, change=6.69e-06, α=1.000, ‖θ[1:]‖₁=5.668, γ=262803.768, num_knots=126
2025-09-01 18:45:26,675 - Iter 2230: obj=-840.187185, change=1.00e-04, α=1.000, ‖θ[1:]‖₁=5.668, γ=14961.536, num_knots=126
2025-09-01 18:45:27,015 - Iter 2240: obj=-840.196807, change=1.11e-05, α=1.000, ‖θ[1:]‖₁=5.668, γ=143990.724, num_knots=125
2025-09-01 18:45:27,354 - Iter 2250: obj=-840.229333, change=3.92e-06, α=1.000, ‖θ[1:]‖₁=5.669, γ=960430.643, num_knots=124
2025-09-01 18:45:27,710 - Iter 2260: obj=-840.230085, change=2.18e-06, α=1.000, ‖θ[1:]‖₁=5.669, γ=906787.894, num_knots=124
2025-09-01 18:45:28,021 - Iter 2270: obj=-840.230830, change=2.40e-06, α=1.000, ‖θ[1:]‖₁=5.669, γ=816823.432, num_knots=124
2025-09-01 18:45:28,354 - Iter 2280: obj=-840.231684, change=2.94e-06, α=1.000, ‖θ[1:]‖₁=5.669, γ=657419.177, num_knots=124
2025-09-01 18:45:28,705 - Iter 2290: obj=-840.232847, change=4.76e-06, α=1.000, ‖θ[1:]‖₁=5.669, γ=383959.434, num_knots=124
2025-09-01 18:45:29,027 - Iter 2300: obj=-840.236152, change=3.79e-05, α=1.000, ‖θ[1:]‖₁=5.669, γ=28275.905, num_knots=124
2025-09-01 18:45:29,391 - Iter 2310: obj=-840.286428, change=5.72e-06, α=1.000, ‖θ[1:]‖₁=5.670, γ=189454.040, num_knots=124
2025-09-01 18:45:29,709 - Iter 2320: obj=-840.335452, change=2.24e-06, α=1.000, ‖θ[1:]‖₁=5.670, γ=636614.257, num_knots=124
2025-09-01 18:45:30,085 - Iter 2330: obj=-840.336633, change=5.14e-06, α=1.000, ‖θ[1:]‖₁=5.670, γ=346614.186, num_knots=124
2025-09-01 18:45:30,448 - Iter 2340: obj=-840.341674, change=1.49e-04, α=1.000, ‖θ[1:]‖₁=5.670, γ=1408.012, num_knots=124
2025-09-01 18:45:30,705 - Iter 2350: obj=-840.391623, change=1.28e-06, α=0.100, ‖θ[1:]‖₁=5.670, γ=1000000.000, num_knots=122
2025-09-01 18:45:30,919 - Iter 2360: obj=-840.391694, change=1.24e-06, α=0.100, ‖θ[1:]‖₁=5.670, γ=1000000.000, num_knots=122
2025-09-01 18:45:31,131 - Iter 2370: obj=-840.391765, change=1.21e-06, α=0.100, ‖θ[1:]‖₁=5.670, γ=1000000.000, num_knots=122
2025-09-01 18:45:31,336 - Iter 2380: obj=-840.391834, change=1.17e-06, α=0.100, ‖θ[1:]‖₁=5.670, γ=1000000.000, num_knots=122
2025-09-01 18:45:31,561 - Iter 2390: obj=-840.391904, change=1.14e-06, α=0.100, ‖θ[1:]‖₁=5.670, γ=1000000.000, num_knots=122
2025-09-01 18:45:31,768 - Iter 2400: obj=-840.391973, change=1.11e-06, α=0.100, ‖θ[1:]‖₁=5.670, γ=1000000.000, num_knots=122
2025-09-01 18:45:31,990 - Iter 2410: obj=-840.392041, change=1.07e-06, α=0.100, ‖θ[1:]‖₁=5.670, γ=1000000.000, num_knots=122
2025-09-01 18:45:32,213 - Iter 2420: obj=-840.392110, change=1.04e-06, α=0.100, ‖θ[1:]‖₁=5.670, γ=1000000.000, num_knots=122
2025-09-01 18:45:32,428 - Iter 2430: obj=-840.392177, change=1.01e-06, α=0.100, ‖θ[1:]‖₁=5.670, γ=1000000.000, num_knots=122
2025-09-01 18:45:32,650 - Iter 2440: obj=-840.392245, change=9.83e-07, α=0.100, ‖θ[1:]‖₁=5.670, γ=1000000.000, num_knots=122
2025-09-01 18:45:32,875 - Iter 2450: obj=-840.392312, change=9.55e-07, α=0.100, ‖θ[1:]‖₁=5.670, γ=1000000.000, num_knots=122
2025-09-01 18:45:33,100 - Iter 2460: obj=-840.392379, change=9.27e-07, α=0.100, ‖θ[1:]‖₁=5.670, γ=1000000.000, num_knots=122
2025-09-01 18:45:33,322 - Iter 2470: obj=-840.392446, change=9.00e-07, α=0.100, ‖θ[1:]‖₁=5.670, γ=1000000.000, num_knots=122
2025-09-01 18:45:33,533 - Iter 2480: obj=-840.392512, change=8.74e-07, α=0.100, ‖θ[1:]‖₁=5.670, γ=1000000.000, num_knots=122
2025-09-01 18:45:33,743 - Iter 2490: obj=-840.392579, change=8.49e-07, α=0.100, ‖θ[1:]‖₁=5.670, γ=1000000.000, num_knots=122
2025-09-01 18:45:33,961 - Iter 2500: obj=-840.392645, change=8.25e-07, α=0.100, ‖θ[1:]‖₁=5.670, γ=1000000.000, num_knots=122
2025-09-01 18:45:34,200 - Iter 2510: obj=-840.392710, change=8.01e-07, α=0.100, ‖θ[1:]‖₁=5.670, γ=1000000.000, num_knots=122
2025-09-01 18:45:34,439 - Iter 2520: obj=-840.392776, change=7.78e-07, α=0.100, ‖θ[1:]‖₁=5.670, γ=1000000.000, num_knots=122
2025-09-01 18:45:34,662 - Iter 2530: obj=-840.392841, change=7.55e-07, α=0.100, ‖θ[1:]‖₁=5.670, γ=1000000.000, num_knots=122
2025-09-01 18:45:34,879 - Iter 2540: obj=-840.392907, change=7.34e-07, α=0.100, ‖θ[1:]‖₁=5.670, γ=1000000.000, num_knots=122
2025-09-01 18:45:35,090 - Iter 2550: obj=-840.392972, change=7.12e-07, α=0.100, ‖θ[1:]‖₁=5.670, γ=1000000.000, num_knots=122
2025-09-01 18:45:35,293 - Iter 2560: obj=-840.393037, change=6.92e-07, α=0.100, ‖θ[1:]‖₁=5.670, γ=1000000.000, num_knots=122
2025-09-01 18:45:35,486 - Iter 2570: obj=-840.393101, change=6.72e-07, α=0.100, ‖θ[1:]‖₁=5.670, γ=1000000.000, num_knots=122
2025-09-01 18:45:35,718 - Iter 2580: obj=-840.393166, change=6.53e-07, α=0.100, ‖θ[1:]‖₁=5.670, γ=1000000.000, num_knots=122
2025-09-01 18:45:35,946 - Iter 2590: obj=-840.393230, change=6.34e-07, α=0.100, ‖θ[1:]‖₁=5.670, γ=1000000.000, num_knots=122
2025-09-01 18:45:36,201 - Iter 2600: obj=-840.393295, change=6.16e-07, α=0.100, ‖θ[1:]‖₁=5.670, γ=1000000.000, num_knots=122
2025-09-01 18:45:36,427 - Iter 2610: obj=-840.393359, change=5.98e-07, α=0.100, ‖θ[1:]‖₁=5.670, γ=1000000.000, num_knots=122
2025-09-01 18:45:36,620 - Iter 2620: obj=-840.393423, change=5.81e-07, α=0.100, ‖θ[1:]‖₁=5.670, γ=1000000.000, num_knots=122
2025-09-01 18:45:36,817 - Iter 2630: obj=-840.393487, change=5.64e-07, α=0.100, ‖θ[1:]‖₁=5.670, γ=1000000.000, num_knots=122
2025-09-01 18:45:37,038 - Iter 2640: obj=-840.393551, change=5.48e-07, α=0.100, ‖θ[1:]‖₁=5.670, γ=1000000.000, num_knots=122
2025-09-01 18:45:37,284 - Iter 2650: obj=-840.393615, change=5.32e-07, α=0.100, ‖θ[1:]‖₁=5.670, γ=1000000.000, num_knots=122
2025-09-01 18:45:37,507 - Iter 2660: obj=-840.393679, change=5.17e-07, α=0.100, ‖θ[1:]‖₁=5.670, γ=1000000.000, num_knots=122
2025-09-01 18:45:37,729 - Iter 2670: obj=-840.393742, change=5.02e-07, α=0.100, ‖θ[1:]‖₁=5.670, γ=1000000.000, num_knots=122
2025-09-01 18:45:37,994 - Iter 2680: obj=-840.393806, change=4.88e-07, α=0.100, ‖θ[1:]‖₁=5.670, γ=1000000.000, num_knots=122
2025-09-01 18:45:38,212 - Iter 2690: obj=-840.393869, change=4.74e-07, α=0.100, ‖θ[1:]‖₁=5.670, γ=1000000.000, num_knots=122
2025-09-01 18:45:38,405 - Iter 2700: obj=-840.393933, change=4.60e-07, α=0.100, ‖θ[1:]‖₁=5.670, γ=1000000.000, num_knots=122
2025-09-01 18:45:38,629 - Iter 2710: obj=-840.393996, change=4.47e-07, α=0.100, ‖θ[1:]‖₁=5.670, γ=1000000.000, num_knots=122
2025-09-01 18:45:38,859 - Iter 2720: obj=-840.394059, change=4.34e-07, α=0.100, ‖θ[1:]‖₁=5.670, γ=1000000.000, num_knots=122
2025-09-01 18:45:39,078 - Iter 2730: obj=-840.394123, change=4.21e-07, α=0.100, ‖θ[1:]‖₁=5.670, γ=1000000.000, num_knots=122
2025-09-01 18:45:39,314 - Iter 2740: obj=-840.394186, change=4.09e-07, α=0.100, ‖θ[1:]‖₁=5.670, γ=1000000.000, num_knots=122
2025-09-01 18:45:39,580 - Iter 2750: obj=-840.394249, change=3.98e-07, α=0.100, ‖θ[1:]‖₁=5.670, γ=1000000.000, num_knots=122
2025-09-01 18:45:39,776 - Iter 2760: obj=-840.394312, change=3.86e-07, α=0.100, ‖θ[1:]‖₁=5.670, γ=1000000.000, num_knots=122
2025-09-01 18:45:40,032 - Iter 2770: obj=-840.394375, change=3.75e-07, α=0.100, ‖θ[1:]‖₁=5.670, γ=1000000.000, num_knots=122
2025-09-01 18:45:40,248 - Iter 2780: obj=-840.394438, change=3.64e-07, α=0.100, ‖θ[1:]‖₁=5.670, γ=1000000.000, num_knots=122
2025-09-01 18:45:40,452 - Iter 2790: obj=-840.394501, change=3.54e-07, α=0.100, ‖θ[1:]‖₁=5.670, γ=1000000.000, num_knots=122
2025-09-01 18:45:40,660 - Iter 2800: obj=-840.394564, change=3.44e-07, α=0.100, ‖θ[1:]‖₁=5.670, γ=1000000.000, num_knots=122
2025-09-01 18:45:40,888 - Iter 2810: obj=-840.394627, change=3.34e-07, α=0.100, ‖θ[1:]‖₁=5.670, γ=1000000.000, num_knots=122
2025-09-01 18:45:41,123 - Iter 2820: obj=-840.394690, change=3.24e-07, α=0.100, ‖θ[1:]‖₁=5.670, γ=1000000.000, num_knots=122
2025-09-01 18:45:41,364 - Iter 2830: obj=-840.394753, change=3.15e-07, α=0.100, ‖θ[1:]‖₁=5.670, γ=1000000.000, num_knots=122
2025-09-01 18:45:41,583 - Iter 2840: obj=-840.394815, change=3.06e-07, α=0.100, ‖θ[1:]‖₁=5.670, γ=1000000.000, num_knots=122
2025-09-01 18:45:41,844 - Iter 2850: obj=-840.394878, change=2.97e-07, α=0.100, ‖θ[1:]‖₁=5.670, γ=1000000.000, num_knots=122
2025-09-01 18:45:42,051 - Iter 2860: obj=-840.394941, change=2.89e-07, α=0.100, ‖θ[1:]‖₁=5.670, γ=1000000.000, num_knots=122
2025-09-01 18:45:42,281 - Iter 2870: obj=-840.395004, change=2.80e-07, α=0.100, ‖θ[1:]‖₁=5.670, γ=1000000.000, num_knots=122
2025-09-01 18:45:42,492 - Iter 2880: obj=-840.395066, change=2.72e-07, α=0.100, ‖θ[1:]‖₁=5.670, γ=1000000.000, num_knots=122
2025-09-01 18:45:42,724 - Iter 2890: obj=-840.395129, change=2.64e-07, α=0.100, ‖θ[1:]‖₁=5.670, γ=1000000.000, num_knots=122
2025-09-01 18:45:42,912 - Iter 2900: obj=-840.395192, change=2.57e-07, α=0.100, ‖θ[1:]‖₁=5.670, γ=1000000.000, num_knots=122
2025-09-01 18:45:43,153 - Iter 2910: obj=-840.395254, change=2.50e-07, α=0.100, ‖θ[1:]‖₁=5.670, γ=999318.711, num_knots=122
2025-09-01 18:45:43,377 - Iter 2920: obj=-840.395317, change=2.43e-07, α=0.100, ‖θ[1:]‖₁=5.670, γ=997231.529, num_knots=122
2025-09-01 18:45:43,606 - Iter 2930: obj=-840.395380, change=2.36e-07, α=0.100, ‖θ[1:]‖₁=5.670, γ=995025.723, num_knots=122
2025-09-01 18:45:43,824 - Iter 2940: obj=-840.395443, change=2.30e-07, α=0.100, ‖θ[1:]‖₁=5.670, γ=992695.264, num_knots=122
2025-09-01 18:45:44,046 - Iter 2950: obj=-840.395506, change=2.24e-07, α=0.100, ‖θ[1:]‖₁=5.670, γ=990233.845, num_knots=122
2025-09-01 18:45:44,255 - Iter 2960: obj=-840.395569, change=2.18e-07, α=0.100, ‖θ[1:]‖₁=5.670, γ=987634.902, num_knots=122
2025-09-01 18:45:44,479 - Iter 2970: obj=-840.395632, change=2.12e-07, α=0.100, ‖θ[1:]‖₁=5.670, γ=984891.548, num_knots=122
2025-09-01 18:45:44,817 - Iter 2980: obj=-840.395696, change=2.07e-07, α=0.100, ‖θ[1:]‖₁=5.670, γ=981996.703, num_knots=122
2025-09-01 18:45:45,061 - Iter 2990: obj=-840.395874, change=2.01e-06, α=1.000, ‖θ[1:]‖₁=5.670, γ=972930.206, num_knots=122
2025-09-01 18:45:45,411 - Iter 3000: obj=-840.396526, change=2.10e-06, α=1.000, ‖θ[1:]‖₁=5.670, γ=927084.067, num_knots=122
2025-09-01 18:45:45,727 - Iter 3010: obj=-840.397216, change=2.28e-06, α=1.000, ‖θ[1:]‖₁=5.670, γ=851435.986, num_knots=122
2025-09-01 18:45:46,170 - Iter 3020: obj=-840.397983, change=2.64e-06, α=1.000, ‖θ[1:]‖₁=5.670, γ=730749.992, num_knots=122
2025-09-01 18:45:46,506 - Iter 3030: obj=-840.398916, change=3.45e-06, α=1.000, ‖θ[1:]‖₁=5.670, γ=547891.125, num_knots=122
2025-09-01 18:45:46,835 - Iter 3040: obj=-840.400286, change=6.03e-06, α=1.000, ‖θ[1:]‖₁=5.670, γ=299752.774, num_knots=122
2025-09-01 18:45:47,169 - Iter 3050: obj=-840.403673, change=2.33e-05, α=1.000, ‖θ[1:]‖₁=5.670, γ=183181.559, num_knots=121
2025-09-01 18:45:47,534 - Iter 3060: obj=-840.408812, change=7.79e-05, α=1.000, ‖θ[1:]‖₁=5.670, γ=11250.614, num_knots=121
2025-09-01 18:45:47,871 - Iter 3070: obj=-840.452527, change=9.52e-06, α=1.000, ‖θ[1:]‖₁=5.670, γ=189014.310, num_knots=119
2025-09-01 18:45:48,189 - Iter 3080: obj=-840.458078, change=3.99e-06, α=1.000, ‖θ[1:]‖₁=5.671, γ=461484.668, num_knots=117
2025-09-01 18:45:48,523 - Iter 3090: obj=-840.459773, change=1.04e-05, α=1.000, ‖θ[1:]‖₁=5.671, γ=154642.959, num_knots=117
2025-09-01 18:45:48,878 - Iter 3100: obj=-840.474186, change=1.37e-04, α=1.000, ‖θ[1:]‖₁=5.671, γ=11884.621, num_knots=117
2025-09-01 18:45:49,232 - Iter 3110: obj=-840.517458, change=6.17e-04, α=1.000, ‖θ[1:]‖₁=5.672, γ=4466.415, num_knots=116
2025-09-01 18:45:49,579 - Iter 3120: obj=-840.548950, change=3.07e-06, α=1.000, ‖θ[1:]‖₁=5.673, γ=596130.313, num_knots=115
2025-09-01 18:45:49,893 - Iter 3130: obj=-840.550073, change=5.53e-06, α=1.000, ‖θ[1:]‖₁=5.673, γ=309054.260, num_knots=115
2025-09-01 18:45:50,226 - Iter 3140: obj=-840.555034, change=1.51e-04, α=1.000, ‖θ[1:]‖₁=5.673, γ=2953.335, num_knots=115
2025-09-01 18:45:50,576 - Iter 3150: obj=-840.587569, change=4.02e-06, α=1.000, ‖θ[1:]‖₁=5.673, γ=434519.632, num_knots=114
2025-09-01 18:45:50,924 - Iter 3160: obj=-840.589473, change=1.57e-05, α=1.000, ‖θ[1:]‖₁=5.673, γ=82759.988, num_knots=114
2025-09-01 18:45:51,314 - Iter 3170: obj=-840.603607, change=2.12e-06, α=1.000, ‖θ[1:]‖₁=5.674, γ=870718.591, num_knots=113
2025-09-01 18:45:51,667 - Iter 3180: obj=-840.604234, change=2.40e-06, α=1.000, ‖θ[1:]‖₁=5.674, γ=763217.653, num_knots=113
2025-09-01 18:45:52,005 - Iter 3190: obj=-840.604980, change=3.07e-06, α=1.000, ‖θ[1:]‖₁=5.674, γ=582642.484, num_knots=113
2025-09-01 18:45:52,430 - Iter 3200: obj=-840.606078, change=5.68e-06, α=1.000, ‖θ[1:]‖₁=5.674, γ=292668.033, num_knots=113
2025-09-01 18:45:52,758 - Iter 3210: obj=-840.612144, change=3.52e-05, α=1.000, ‖θ[1:]‖₁=5.674, γ=23381.467, num_knots=112
2025-09-01 18:45:53,102 - Iter 3220: obj=-840.660494, change=7.03e-06, α=1.000, ‖θ[1:]‖₁=5.674, γ=200293.266, num_knots=112
2025-09-01 18:45:53,475 - Iter 3230: obj=-840.708483, change=6.64e-05, α=1.000, ‖θ[1:]‖₁=5.674, γ=729613.999, num_knots=112
2025-09-01 18:45:53,828 - Iter 3240: obj=-840.783030, change=1.70e-06, α=0.100, ‖θ[1:]‖₁=5.675, γ=979996.998, num_knots=111
2025-09-01 18:45:54,056 - Iter 3250: obj=-840.783091, change=8.52e-07, α=0.100, ‖θ[1:]‖₁=5.675, γ=978349.594, num_knots=111
2025-09-01 18:45:54,275 - Iter 3260: obj=-840.783146, change=8.26e-07, α=0.100, ‖θ[1:]‖₁=5.675, γ=976785.740, num_knots=111
2025-09-01 18:45:54,497 - Iter 3270: obj=-840.783201, change=8.00e-07, α=0.100, ‖θ[1:]‖₁=5.675, γ=975166.091, num_knots=111
2025-09-01 18:45:54,722 - Iter 3280: obj=-840.783255, change=7.75e-07, α=0.100, ‖θ[1:]‖₁=5.675, γ=973488.524, num_knots=111
2025-09-01 18:45:54,969 - Iter 3290: obj=-840.783309, change=7.51e-07, α=0.100, ‖θ[1:]‖₁=5.675, γ=971750.871, num_knots=111
2025-09-01 18:45:55,186 - Iter 3300: obj=-840.783363, change=7.28e-07, α=0.100, ‖θ[1:]‖₁=5.675, γ=969950.848, num_knots=111
2025-09-01 18:45:55,418 - Iter 3310: obj=-840.783417, change=7.05e-07, α=0.100, ‖θ[1:]‖₁=5.675, γ=968086.086, num_knots=111
2025-09-01 18:45:55,649 - Iter 3320: obj=-840.783471, change=6.82e-07, α=0.100, ‖θ[1:]‖₁=5.675, γ=966154.122, num_knots=111
2025-09-01 18:45:55,871 - Iter 3330: obj=-840.783525, change=6.61e-07, α=0.100, ‖θ[1:]‖₁=5.675, γ=964152.425, num_knots=111
2025-09-01 18:45:56,100 - Iter 3340: obj=-840.783578, change=6.40e-07, α=0.100, ‖θ[1:]‖₁=5.675, γ=962078.352, num_knots=111
2025-09-01 18:45:56,333 - Iter 3350: obj=-840.783632, change=6.19e-07, α=0.100, ‖θ[1:]‖₁=5.675, γ=959929.134, num_knots=111
2025-09-01 18:45:56,550 - Iter 3360: obj=-840.783685, change=6.00e-07, α=0.100, ‖θ[1:]‖₁=5.675, γ=957701.950, num_knots=111
2025-09-01 18:45:56,771 - Iter 3370: obj=-840.783738, change=5.80e-07, α=0.100, ‖θ[1:]‖₁=5.675, γ=955393.808, num_knots=111
2025-09-01 18:45:57,013 - Iter 3380: obj=-840.783791, change=5.61e-07, α=0.100, ‖θ[1:]‖₁=5.675, γ=953001.652, num_knots=111
2025-09-01 18:45:57,243 - Iter 3390: obj=-840.783844, change=5.43e-07, α=0.100, ‖θ[1:]‖₁=5.675, γ=950522.312, num_knots=111
2025-09-01 18:45:57,473 - Iter 3400: obj=-840.783897, change=5.25e-07, α=0.100, ‖θ[1:]‖₁=5.675, γ=947952.457, num_knots=111
2025-09-01 18:45:57,780 - Iter 3410: obj=-840.783950, change=5.08e-07, α=0.100, ‖θ[1:]‖₁=5.675, γ=945288.654, num_knots=111
2025-09-01 18:45:58,010 - Iter 3420: obj=-840.784003, change=4.91e-07, α=0.100, ‖θ[1:]‖₁=5.675, γ=942527.371, num_knots=111
2025-09-01 18:45:58,241 - Iter 3430: obj=-840.784056, change=4.75e-07, α=0.100, ‖θ[1:]‖₁=5.675, γ=939664.879, num_knots=111
2025-09-01 18:45:58,443 - Iter 3440: obj=-840.784109, change=4.59e-07, α=0.100, ‖θ[1:]‖₁=5.675, γ=936697.390, num_knots=111
2025-09-01 18:45:58,683 - Iter 3450: obj=-840.784163, change=4.44e-07, α=0.100, ‖θ[1:]‖₁=5.675, γ=933620.910, num_knots=111
2025-09-01 18:45:58,964 - Iter 3460: obj=-840.784216, change=4.29e-07, α=0.100, ‖θ[1:]‖₁=5.675, γ=930431.337, num_knots=111
2025-09-01 18:45:59,190 - Iter 3470: obj=-840.784269, change=4.14e-07, α=0.100, ‖θ[1:]‖₁=5.675, γ=927124.406, num_knots=111
2025-09-01 18:45:59,396 - Iter 3480: obj=-840.784322, change=4.00e-07, α=0.100, ‖θ[1:]‖₁=5.675, γ=923695.716, num_knots=111
2025-09-01 18:45:59,628 - Iter 3490: obj=-840.784375, change=3.86e-07, α=0.100, ‖θ[1:]‖₁=5.675, γ=920140.676, num_knots=111
2025-09-01 18:45:59,852 - Iter 3500: obj=-840.784429, change=3.72e-07, α=0.100, ‖θ[1:]‖₁=5.675, γ=916454.565, num_knots=111
2025-09-01 18:46:00,057 - Iter 3510: obj=-840.784482, change=3.59e-07, α=0.100, ‖θ[1:]‖₁=5.675, γ=912632.488, num_knots=111
2025-09-01 18:46:00,308 - Iter 3520: obj=-840.784536, change=3.46e-07, α=0.100, ‖θ[1:]‖₁=5.675, γ=908669.398, num_knots=111
2025-09-01 18:46:00,557 - Iter 3530: obj=-840.784590, change=3.34e-07, α=0.100, ‖θ[1:]‖₁=5.675, γ=904560.013, num_knots=111
2025-09-01 18:46:00,791 - Iter 3540: obj=-840.784644, change=3.22e-07, α=0.100, ‖θ[1:]‖₁=5.675, γ=900298.918, num_knots=111
2025-09-01 18:46:01,035 - Iter 3550: obj=-840.784698, change=3.10e-07, α=0.100, ‖θ[1:]‖₁=5.675, γ=895880.542, num_knots=111
2025-09-01 18:46:01,262 - Iter 3560: obj=-840.784752, change=2.99e-07, α=0.100, ‖θ[1:]‖₁=5.675, γ=891299.074, num_knots=111
2025-09-01 18:46:01,474 - Iter 3570: obj=-840.784807, change=2.88e-07, α=0.100, ‖θ[1:]‖₁=5.675, γ=886548.575, num_knots=111
2025-09-01 18:46:01,704 - Iter 3580: obj=-840.784861, change=2.77e-07, α=0.100, ‖θ[1:]‖₁=5.675, γ=881622.871, num_knots=111
2025-09-01 18:46:01,919 - Iter 3590: obj=-840.784916, change=2.66e-07, α=0.100, ‖θ[1:]‖₁=5.675, γ=876515.631, num_knots=111
2025-09-01 18:46:02,130 - Iter 3600: obj=-840.784972, change=2.56e-07, α=0.100, ‖θ[1:]‖₁=5.675, γ=871220.314, num_knots=111
2025-09-01 18:46:02,348 - Iter 3610: obj=-840.785027, change=2.46e-07, α=0.100, ‖θ[1:]‖₁=5.675, γ=865730.164, num_knots=111
2025-09-01 18:46:02,572 - Iter 3620: obj=-840.785083, change=2.36e-07, α=0.100, ‖θ[1:]‖₁=5.675, γ=860038.292, num_knots=111
2025-09-01 18:46:02,816 - Iter 3630: obj=-840.785139, change=2.26e-07, α=0.100, ‖θ[1:]‖₁=5.675, γ=854137.581, num_knots=111
2025-09-01 18:46:03,045 - Iter 3640: obj=-840.785195, change=2.17e-07, α=0.100, ‖θ[1:]‖₁=5.675, γ=848020.731, num_knots=111
2025-09-01 18:46:03,259 - Iter 3650: obj=-840.785252, change=2.10e-07, α=0.100, ‖θ[1:]‖₁=5.675, γ=841680.266, num_knots=111
2025-09-01 18:46:03,477 - Iter 3660: obj=-840.785309, change=2.11e-07, α=0.100, ‖θ[1:]‖₁=5.675, γ=835108.511, num_knots=111
2025-09-01 18:46:03,681 - Iter 3670: obj=-840.785367, change=2.13e-07, α=0.100, ‖θ[1:]‖₁=5.675, γ=828297.620, num_knots=111
2025-09-01 18:46:03,887 - Iter 3680: obj=-840.785425, change=2.15e-07, α=0.100, ‖θ[1:]‖₁=5.675, γ=821239.660, num_knots=111
2025-09-01 18:46:04,106 - Iter 3690: obj=-840.785484, change=2.17e-07, α=0.100, ‖θ[1:]‖₁=5.675, γ=813926.430, num_knots=111
2025-09-01 18:46:04,350 - Iter 3700: obj=-840.785543, change=2.19e-07, α=0.100, ‖θ[1:]‖₁=5.675, γ=806349.672, num_knots=111
2025-09-01 18:46:04,551 - Iter 3710: obj=-840.785602, change=2.21e-07, α=0.100, ‖θ[1:]‖₁=5.675, γ=798500.969, num_knots=111
2025-09-01 18:46:04,784 - Iter 3720: obj=-840.785662, change=2.23e-07, α=0.100, ‖θ[1:]‖₁=5.675, γ=790371.875, num_knots=111
2025-09-01 18:46:05,001 - Iter 3730: obj=-840.785723, change=2.25e-07, α=0.100, ‖θ[1:]‖₁=5.675, γ=781953.723, num_knots=111
2025-09-01 18:46:05,227 - Iter 3740: obj=-840.785784, change=2.28e-07, α=0.100, ‖θ[1:]‖₁=5.675, γ=773238.010, num_knots=111
2025-09-01 18:46:05,416 - Iter 3750: obj=-840.785846, change=2.31e-07, α=0.100, ‖θ[1:]‖₁=5.675, γ=764216.019, num_knots=111
2025-09-01 18:46:05,624 - Iter 3760: obj=-840.785909, change=2.33e-07, α=0.100, ‖θ[1:]‖₁=5.675, γ=754879.200, num_knots=111
2025-09-01 18:46:05,844 - Iter 3770: obj=-840.785972, change=2.36e-07, α=0.100, ‖θ[1:]‖₁=5.675, γ=745219.051, num_knots=111
2025-09-01 18:46:06,046 - Iter 3780: obj=-840.786036, change=2.40e-07, α=0.100, ‖θ[1:]‖₁=5.675, γ=735227.107, num_knots=111
2025-09-01 18:46:06,255 - Iter 3790: obj=-840.786101, change=2.43e-07, α=0.100, ‖θ[1:]‖₁=5.675, γ=724895.260, num_knots=111
2025-09-01 18:46:06,465 - Iter 3800: obj=-840.786167, change=2.46e-07, α=0.100, ‖θ[1:]‖₁=5.675, γ=714215.522, num_knots=111
2025-09-01 18:46:06,678 - Iter 3810: obj=-840.786234, change=2.50e-07, α=0.100, ‖θ[1:]‖₁=5.675, γ=703180.430, num_knots=111
2025-09-01 18:46:06,928 - Iter 3820: obj=-840.786302, change=2.54e-07, α=0.100, ‖θ[1:]‖₁=5.675, γ=691782.767, num_knots=111
2025-09-01 18:46:07,151 - Iter 3830: obj=-840.786371, change=2.59e-07, α=0.100, ‖θ[1:]‖₁=5.675, γ=680016.086, num_knots=111
2025-09-01 18:46:07,354 - Iter 3840: obj=-840.786441, change=2.63e-07, α=0.100, ‖θ[1:]‖₁=5.675, γ=667874.548, num_knots=111
2025-09-01 18:46:07,568 - Iter 3850: obj=-840.786513, change=2.68e-07, α=0.100, ‖θ[1:]‖₁=5.675, γ=655353.179, num_knots=111
2025-09-01 18:46:07,797 - Iter 3860: obj=-840.786586, change=2.74e-07, α=0.100, ‖θ[1:]‖₁=5.675, γ=642448.013, num_knots=111
2025-09-01 18:46:08,024 - Iter 3870: obj=-840.786660, change=2.79e-07, α=0.100, ‖θ[1:]‖₁=5.675, γ=629156.391, num_knots=111
2025-09-01 18:46:08,248 - Iter 3880: obj=-840.786736, change=2.86e-07, α=0.100, ‖θ[1:]‖₁=5.675, γ=615476.969, num_knots=111
2025-09-01 18:46:08,480 - Iter 3890: obj=-840.786814, change=2.92e-07, α=0.100, ‖θ[1:]‖₁=5.675, γ=601410.284, num_knots=111
2025-09-01 18:46:08,702 - Iter 3900: obj=-840.786893, change=2.99e-07, α=0.100, ‖θ[1:]‖₁=5.675, γ=586958.796, num_knots=111
2025-09-01 18:46:08,928 - Iter 3910: obj=-840.786975, change=3.07e-07, α=0.100, ‖θ[1:]‖₁=5.675, γ=572127.303, num_knots=111
2025-09-01 18:46:09,163 - Iter 3920: obj=-840.787058, change=3.15e-07, α=0.100, ‖θ[1:]‖₁=5.675, γ=556923.381, num_knots=111
2025-09-01 18:46:09,420 - Iter 3930: obj=-840.787144, change=3.24e-07, α=0.100, ‖θ[1:]‖₁=5.675, γ=541357.682, num_knots=111
2025-09-01 18:46:09,657 - Iter 3940: obj=-840.787232, change=3.34e-07, α=0.100, ‖θ[1:]‖₁=5.675, γ=525444.572, num_knots=111
2025-09-01 18:46:09,865 - Iter 3950: obj=-840.787324, change=3.45e-07, α=0.100, ‖θ[1:]‖₁=5.675, γ=509202.566, num_knots=111
2025-09-01 18:46:10,069 - Iter 3960: obj=-840.787418, change=3.56e-07, α=0.100, ‖θ[1:]‖₁=5.675, γ=492654.872, num_knots=111
2025-09-01 18:46:10,275 - Iter 3970: obj=-840.787515, change=3.69e-07, α=0.100, ‖θ[1:]‖₁=5.675, γ=475830.140, num_knots=111
2025-09-01 18:46:10,508 - Iter 3980: obj=-840.787615, change=3.83e-07, α=0.100, ‖θ[1:]‖₁=5.675, γ=458763.053, num_knots=111
2025-09-01 18:46:10,752 - Iter 3990: obj=-840.787720, change=3.97e-07, α=0.100, ‖θ[1:]‖₁=5.675, γ=441495.059, num_knots=111
2025-09-01 18:46:10,978 - Iter 4000: obj=-840.787828, change=4.14e-07, α=0.100, ‖θ[1:]‖₁=5.675, γ=424075.085, num_knots=111
2025-09-01 18:46:11,192 - Iter 4010: obj=-840.787941, change=4.31e-07, α=0.100, ‖θ[1:]‖₁=5.675, γ=406560.176, num_knots=111
2025-09-01 18:46:11,391 - Iter 4020: obj=-840.788059, change=4.51e-07, α=0.100, ‖θ[1:]‖₁=5.675, γ=389016.105, num_knots=111
2025-09-01 18:46:11,582 - Iter 4030: obj=-840.788183, change=4.72e-07, α=0.100, ‖θ[1:]‖₁=5.675, γ=371517.682, num_knots=111
2025-09-01 18:46:11,804 - Iter 4040: obj=-840.788312, change=4.95e-07, α=0.100, ‖θ[1:]‖₁=5.675, γ=354148.951, num_knots=111
2025-09-01 18:46:12,040 - Iter 4050: obj=-840.788448, change=5.20e-07, α=0.100, ‖θ[1:]‖₁=5.675, γ=337002.753, num_knots=111
2025-09-01 18:46:12,269 - Iter 4060: obj=-840.788590, change=5.47e-07, α=0.100, ‖θ[1:]‖₁=5.675, γ=320179.756, num_knots=111
2025-09-01 18:46:12,519 - Iter 4070: obj=-840.788740, change=5.77e-07, α=0.100, ‖θ[1:]‖₁=5.675, γ=303786.666, num_knots=111
2025-09-01 18:46:12,730 - Iter 4080: obj=-840.788898, change=6.09e-07, α=0.100, ‖θ[1:]‖₁=5.675, γ=287933.339, num_knots=111
2025-09-01 18:46:12,940 - Iter 4090: obj=-840.789065, change=6.42e-07, α=0.100, ‖θ[1:]‖₁=5.675, γ=272728.801, num_knots=111
2025-09-01 18:46:13,144 - Iter 4100: obj=-840.789242, change=6.78e-07, α=0.100, ‖θ[1:]‖₁=5.675, γ=258275.966, num_knots=111
2025-09-01 18:46:13,346 - Iter 4110: obj=-840.789428, change=7.16e-07, α=0.100, ‖θ[1:]‖₁=5.675, γ=244665.413, num_knots=111
2025-09-01 18:46:13,542 - Iter 4120: obj=-840.789624, change=7.56e-07, α=0.100, ‖θ[1:]‖₁=5.675, γ=231968.510, num_knots=111
2025-09-01 18:46:13,748 - Iter 4130: obj=-840.789831, change=7.96e-07, α=0.100, ‖θ[1:]‖₁=5.675, γ=220230.888, num_knots=111
2025-09-01 18:46:13,916 - Iter 4140: obj=-840.790049, change=8.37e-07, α=0.100, ‖θ[1:]‖₁=5.675, γ=209467.039, num_knots=111
2025-09-01 18:46:14,122 - Iter 4150: obj=-840.790278, change=8.78e-07, α=0.100, ‖θ[1:]‖₁=5.675, γ=199657.286, num_knots=111
2025-09-01 18:46:14,344 - Iter 4160: obj=-840.790517, change=9.20e-07, α=0.100, ‖θ[1:]‖₁=5.675, γ=190747.842, num_knots=111
2025-09-01 18:46:14,552 - Iter 4170: obj=-840.790768, change=9.61e-07, α=0.100, ‖θ[1:]‖₁=5.675, γ=182654.203, num_knots=111
2025-09-01 18:46:14,761 - Iter 4180: obj=-840.791030, change=1.00e-06, α=0.100, ‖θ[1:]‖₁=5.675, γ=175267.366, num_knots=111
2025-09-01 18:46:14,981 - Iter 4190: obj=-840.791302, change=1.04e-06, α=0.100, ‖θ[1:]‖₁=5.675, γ=168461.809, num_knots=111
2025-09-01 18:46:15,200 - Iter 4200: obj=-840.791585, change=1.08e-06, α=0.100, ‖θ[1:]‖₁=5.674, γ=162103.961, num_knots=111
2025-09-01 18:46:15,431 - Iter 4210: obj=-840.791880, change=1.13e-06, α=0.100, ‖θ[1:]‖₁=5.674, γ=156059.810, num_knots=111
2025-09-01 18:46:15,683 - Iter 4220: obj=-840.792185, change=1.17e-06, α=0.100, ‖θ[1:]‖₁=5.674, γ=150200.903, num_knots=111
2025-09-01 18:46:15,908 - Iter 4230: obj=-840.792503, change=1.22e-06, α=0.100, ‖θ[1:]‖₁=5.674, γ=144408.408, num_knots=111
2025-09-01 18:46:16,149 - Iter 4240: obj=-840.792833, change=1.27e-06, α=0.100, ‖θ[1:]‖₁=5.674, γ=138575.284, num_knots=111
2025-09-01 18:46:16,355 - Iter 4250: obj=-840.793178, change=1.32e-06, α=0.100, ‖θ[1:]‖₁=5.674, γ=132606.956, num_knots=111
2025-09-01 18:46:16,559 - Iter 4260: obj=-840.793539, change=1.39e-06, α=0.100, ‖θ[1:]‖₁=5.674, γ=126420.971, num_knots=111
2025-09-01 18:46:16,762 - Iter 4270: obj=-840.793918, change=1.46e-06, α=0.100, ‖θ[1:]‖₁=5.674, γ=119945.969, num_knots=111
2025-09-01 18:46:16,981 - Iter 4280: obj=-840.794318, change=1.55e-06, α=0.100, ‖θ[1:]‖₁=5.674, γ=113120.514, num_knots=111
2025-09-01 18:46:17,289 - Iter 4290: obj=-840.795963, change=4.72e-06, α=1.000, ‖θ[1:]‖₁=5.674, γ=346504.162, num_knots=110
2025-09-01 18:46:17,694 - Iter 4300: obj=-840.798134, change=1.91e-05, α=1.000, ‖θ[1:]‖₁=5.674, γ=70590.018, num_knots=110
2025-09-01 18:46:18,072 - Iter 4310: obj=-840.830910, change=5.22e-04, α=1.000, ‖θ[1:]‖₁=5.674, γ=6736.429, num_knots=109
2025-09-01 18:46:18,416 - Iter 4320: obj=-840.864946, change=2.70e-04, α=1.000, ‖θ[1:]‖₁=5.675, γ=4321.946, num_knots=108
2025-09-01 18:46:18,758 - Iter 4330: obj=-840.902671, change=4.61e-04, α=1.000, ‖θ[1:]‖₁=5.675, γ=2995.181, num_knots=107
2025-09-01 18:46:19,112 - Iter 4340: obj=-840.963996, change=9.51e-06, α=1.000, ‖θ[1:]‖₁=5.675, γ=135271.914, num_knots=107
2025-09-01 18:46:19,440 - Iter 4350: obj=-841.009468, change=3.02e-07, α=0.100, ‖θ[1:]‖₁=5.675, γ=957034.949, num_knots=106
2025-09-01 18:46:19,674 - Iter 4360: obj=-841.009512, change=2.93e-07, α=0.100, ‖θ[1:]‖₁=5.675, γ=954673.377, num_knots=106
2025-09-01 18:46:19,924 - Iter 4370: obj=-841.009556, change=2.84e-07, α=0.100, ‖θ[1:]‖₁=5.675, γ=952225.936, num_knots=106
2025-09-01 18:46:20,157 - Iter 4380: obj=-841.009600, change=2.75e-07, α=0.100, ‖θ[1:]‖₁=5.675, γ=949689.330, num_knots=106
2025-09-01 18:46:20,379 - Iter 4390: obj=-841.009645, change=2.66e-07, α=0.100, ‖θ[1:]‖₁=5.675, γ=947060.208, num_knots=106
2025-09-01 18:46:20,572 - Iter 4400: obj=-841.009689, change=2.58e-07, α=0.100, ‖θ[1:]‖₁=5.675, γ=944335.095, num_knots=106
2025-09-01 18:46:20,806 - Iter 4410: obj=-841.009733, change=2.49e-07, α=0.100, ‖θ[1:]‖₁=5.675, γ=941510.261, num_knots=106
2025-09-01 18:46:20,994 - Iter 4420: obj=-841.009778, change=2.41e-07, α=0.100, ‖θ[1:]‖₁=5.675, γ=938581.986, num_knots=106
2025-09-01 18:46:21,229 - Iter 4430: obj=-841.009823, change=2.33e-07, α=0.100, ‖θ[1:]‖₁=5.675, γ=935546.331, num_knots=106
2025-09-01 18:46:21,453 - Iter 4440: obj=-841.009867, change=2.26e-07, α=0.100, ‖θ[1:]‖₁=5.675, γ=932399.198, num_knots=106
2025-09-01 18:46:21,674 - Iter 4450: obj=-841.009912, change=2.18e-07, α=0.100, ‖θ[1:]‖₁=5.675, γ=929136.404, num_knots=106
2025-09-01 18:46:21,943 - Iter 4460: obj=-841.009957, change=2.11e-07, α=0.100, ‖θ[1:]‖₁=5.675, γ=925753.602, num_knots=106
2025-09-01 18:46:22,159 - Iter 4470: obj=-841.010002, change=2.04e-07, α=0.100, ‖θ[1:]‖₁=5.675, γ=922246.211, num_knots=106
2025-09-01 18:46:22,372 - Iter 4480: obj=-841.010048, change=1.97e-07, α=0.100, ‖θ[1:]‖₁=5.675, γ=918609.547, num_knots=106
2025-09-01 18:46:22,622 - Iter 4490: obj=-841.010093, change=1.91e-07, α=0.100, ‖θ[1:]‖₁=5.675, γ=914838.822, num_knots=106
2025-09-01 18:46:22,849 - Iter 4500: obj=-841.010139, change=1.84e-07, α=0.100, ‖θ[1:]‖₁=5.675, γ=910928.866, num_knots=106
2025-09-01 18:46:23,068 - Iter 4510: obj=-841.010184, change=1.82e-07, α=0.100, ‖θ[1:]‖₁=5.675, γ=906874.568, num_knots=106
2025-09-01 18:46:23,292 - Iter 4520: obj=-841.010230, change=1.83e-07, α=0.100, ‖θ[1:]‖₁=5.675, γ=902670.497, num_knots=106
2025-09-01 18:46:23,502 - Iter 4530: obj=-841.010276, change=1.84e-07, α=0.100, ‖θ[1:]‖₁=5.675, γ=898311.104, num_knots=106
2025-09-01 18:46:23,709 - Iter 4540: obj=-841.010323, change=1.84e-07, α=0.100, ‖θ[1:]‖₁=5.675, γ=893790.625, num_knots=106
2025-09-01 18:46:23,925 - Iter 4550: obj=-841.010369, change=1.85e-07, α=0.100, ‖θ[1:]‖₁=5.675, γ=889103.058, num_knots=106
2025-09-01 18:46:24,132 - Iter 4560: obj=-841.010416, change=1.86e-07, α=0.100, ‖θ[1:]‖₁=5.675, γ=884242.275, num_knots=106
2025-09-01 18:46:24,363 - Iter 4570: obj=-841.010463, change=1.87e-07, α=0.100, ‖θ[1:]‖₁=5.675, γ=879201.905, num_knots=106
2025-09-01 18:46:24,588 - Iter 4580: obj=-841.010510, change=1.88e-07, α=0.100, ‖θ[1:]‖₁=5.675, γ=873975.431, num_knots=106
2025-09-01 18:46:24,806 - Iter 4590: obj=-841.010558, change=1.90e-07, α=0.100, ‖θ[1:]‖₁=5.675, γ=868556.064, num_knots=106
2025-09-01 18:46:25,039 - Iter 4600: obj=-841.010606, change=1.91e-07, α=0.100, ‖θ[1:]‖₁=5.675, γ=862936.837, num_knots=106
2025-09-01 18:46:25,266 - Iter 4610: obj=-841.010654, change=1.92e-07, α=0.100, ‖θ[1:]‖₁=5.675, γ=857110.570, num_knots=106
2025-09-01 18:46:25,518 - Iter 4620: obj=-841.010702, change=1.93e-07, α=0.100, ‖θ[1:]‖₁=5.675, γ=851069.927, num_knots=106
2025-09-01 18:46:25,742 - Iter 4630: obj=-841.010751, change=1.95e-07, α=0.100, ‖θ[1:]‖₁=5.675, γ=844807.233, num_knots=106
2025-09-01 18:46:25,934 - Iter 4640: obj=-841.010800, change=1.96e-07, α=0.100, ‖θ[1:]‖₁=5.675, γ=838314.781, num_knots=106
2025-09-01 18:46:26,171 - Iter 4650: obj=-841.010850, change=1.98e-07, α=0.100, ‖θ[1:]‖₁=5.675, γ=831584.544, num_knots=106
2025-09-01 18:46:26,365 - Iter 4660: obj=-841.010900, change=2.00e-07, α=0.100, ‖θ[1:]‖₁=5.675, γ=824608.411, num_knots=106
2025-09-01 18:46:26,573 - Iter 4670: obj=-841.010950, change=2.01e-07, α=0.100, ‖θ[1:]‖₁=5.675, γ=817377.992, num_knots=106
2025-09-01 18:46:26,795 - Iter 4680: obj=-841.011001, change=2.03e-07, α=0.100, ‖θ[1:]‖₁=5.675, γ=809884.724, num_knots=106
2025-09-01 18:46:26,993 - Iter 4690: obj=-841.011052, change=2.05e-07, α=0.100, ‖θ[1:]‖₁=5.675, γ=802119.884, num_knots=106
2025-09-01 18:46:27,214 - Iter 4700: obj=-841.011104, change=2.07e-07, α=0.100, ‖θ[1:]‖₁=5.675, γ=794074.706, num_knots=106
2025-09-01 18:46:27,420 - Iter 4710: obj=-841.011156, change=2.09e-07, α=0.100, ‖θ[1:]‖₁=5.675, γ=785740.108, num_knots=106
2025-09-01 18:46:27,656 - Iter 4720: obj=-841.011209, change=2.12e-07, α=0.100, ‖θ[1:]‖₁=5.675, γ=777107.109, num_knots=106
2025-09-01 18:46:27,879 - Iter 4730: obj=-841.011262, change=2.14e-07, α=0.100, ‖θ[1:]‖₁=5.675, γ=768166.509, num_knots=106
2025-09-01 18:46:28,104 - Iter 4740: obj=-841.011316, change=2.17e-07, α=0.100, ‖θ[1:]‖₁=5.675, γ=758909.022, num_knots=106
2025-09-01 18:46:28,327 - Iter 4750: obj=-841.011371, change=2.19e-07, α=0.100, ‖θ[1:]‖₁=5.675, γ=749325.516, num_knots=106
2025-09-01 18:46:28,568 - Iter 4760: obj=-841.011426, change=2.22e-07, α=0.100, ‖θ[1:]‖₁=5.675, γ=739406.672, num_knots=106
2025-09-01 18:46:28,737 - Iter 4770: obj=-841.011482, change=2.25e-07, α=0.100, ‖θ[1:]‖₁=5.675, γ=729143.556, num_knots=106
2025-09-01 18:46:28,925 - Iter 4780: obj=-841.011539, change=2.29e-07, α=0.100, ‖θ[1:]‖₁=5.675, γ=718526.980, num_knots=106
2025-09-01 18:46:29,148 - Iter 4790: obj=-841.011597, change=2.32e-07, α=0.100, ‖θ[1:]‖₁=5.675, γ=707548.305, num_knots=106
2025-09-01 18:46:29,388 - Iter 4800: obj=-841.011655, change=2.36e-07, α=0.100, ‖θ[1:]‖₁=5.675, γ=696199.033, num_knots=106
2025-09-01 18:46:29,620 - Iter 4810: obj=-841.011715, change=2.40e-07, α=0.100, ‖θ[1:]‖₁=5.675, γ=684471.095, num_knots=106
2025-09-01 18:46:29,833 - Iter 4820: obj=-841.011775, change=2.44e-07, α=0.100, ‖θ[1:]‖₁=5.675, γ=672356.852, num_knots=106
2025-09-01 18:46:30,094 - Iter 4830: obj=-841.011837, change=2.49e-07, α=0.100, ‖θ[1:]‖₁=5.675, γ=659849.386, num_knots=106
2025-09-01 18:46:30,366 - Iter 4840: obj=-841.011900, change=2.54e-07, α=0.100, ‖θ[1:]‖₁=5.675, γ=646942.521, num_knots=106
2025-09-01 18:46:30,608 - Iter 4850: obj=-841.011964, change=2.59e-07, α=0.100, ‖θ[1:]‖₁=5.675, γ=633630.955, num_knots=106
2025-09-01 18:46:30,798 - Iter 4860: obj=-841.012030, change=2.65e-07, α=0.100, ‖θ[1:]‖₁=5.675, γ=619910.566, num_knots=106
2025-09-01 18:46:31,013 - Iter 4870: obj=-841.012097, change=2.71e-07, α=0.100, ‖θ[1:]‖₁=5.675, γ=605778.631, num_knots=106
2025-09-01 18:46:31,222 - Iter 4880: obj=-841.012165, change=2.78e-07, α=0.100, ‖θ[1:]‖₁=5.675, γ=591233.949, num_knots=106
2025-09-01 18:46:31,431 - Iter 4890: obj=-841.012236, change=2.85e-07, α=0.100, ‖θ[1:]‖₁=5.675, γ=576277.322, num_knots=106
2025-09-01 18:46:31,662 - Iter 4900: obj=-841.012308, change=2.92e-07, α=0.100, ‖θ[1:]‖₁=5.675, γ=560911.682, num_knots=106
2025-09-01 18:46:31,866 - Iter 4910: obj=-841.012382, change=3.01e-07, α=0.100, ‖θ[1:]‖₁=5.675, γ=545142.705, num_knots=106
2025-09-01 18:46:32,116 - Iter 4920: obj=-841.012458, change=3.10e-07, α=0.100, ‖θ[1:]‖₁=5.675, γ=528979.022, num_knots=106
2025-09-01 18:46:32,323 - Iter 4930: obj=-841.012537, change=3.20e-07, α=0.100, ‖θ[1:]‖₁=5.675, γ=512432.918, num_knots=106
2025-09-01 18:46:32,509 - Iter 4940: obj=-841.012618, change=3.31e-07, α=0.100, ‖θ[1:]‖₁=5.675, γ=495520.695, num_knots=106
2025-09-01 18:46:32,744 - Iter 4950: obj=-841.012702, change=3.43e-07, α=0.100, ‖θ[1:]‖₁=5.675, γ=478263.456, num_knots=106
2025-09-01 18:46:32,978 - Iter 4960: obj=-841.012790, change=3.56e-07, α=0.100, ‖θ[1:]‖₁=5.675, γ=460687.660, num_knots=106
2025-09-01 18:46:33,219 - Iter 4970: obj=-841.012880, change=3.70e-07, α=0.100, ‖θ[1:]‖₁=5.675, γ=442825.936, num_knots=106
2025-09-01 18:46:33,444 - Iter 4980: obj=-841.012975, change=3.86e-07, α=0.100, ‖θ[1:]‖₁=5.675, γ=424717.869, num_knots=106
2025-09-01 18:46:33,663 - Iter 4990: obj=-841.013073, change=4.03e-07, α=0.100, ‖θ[1:]‖₁=5.675, γ=406410.812, num_knots=106
2025-09-01 18:46:33,908 - Iter 5000: obj=-841.013176, change=4.22e-07, α=0.100, ‖θ[1:]‖₁=5.675, γ=387960.685, num_knots=106
2025-09-01 18:46:33,908 - Final: selected_knots=106, iterations=5000
