2025-09-01 17:02:36,844 - ProximalNewton: lam=1.0, n_grid=200, cd_sweeps=2, basis_order=1, n_samples=3200, K=3202
2025-09-01 17:02:46,284 - Iter   0: obj=0.000000, change=1.28e+00, α=1.000, ‖θ[1:]‖₁=7.644, num_selected_knots=2739
2025-09-01 17:02:49,834 - Iter   1: obj=-294.591322, change=1.13e+00, α=1.000, ‖θ[1:]‖₁=14.844, num_selected_knots=2712
2025-09-01 17:02:53,464 - Iter   2: obj=-518.022777, change=8.18e-01, α=1.000, ‖θ[1:]‖₁=20.139, num_selected_knots=2675
2025-09-01 17:02:57,046 - Iter   3: obj=-596.757684, change=3.99e-01, α=1.000, ‖θ[1:]‖₁=23.813, num_selected_knots=2433
2025-09-01 17:03:00,839 - Iter   4: obj=-612.579748, change=1.35e-01, α=1.000, ‖θ[1:]‖₁=27.182, num_selected_knots=2521
2025-09-01 17:03:04,455 - Iter   5: obj=-614.317633, change=5.30e-02, α=1.000, ‖θ[1:]‖₁=30.279, num_selected_knots=2527
2025-09-01 17:03:08,099 - Iter   6: obj=-614.819377, change=1.01e-01, α=1.000, ‖θ[1:]‖₁=33.177, num_selected_knots=2546
2025-09-01 17:03:11,783 - Iter   7: obj=-616.306302, change=1.16e-01, α=1.000, ‖θ[1:]‖₁=35.915, num_selected_knots=2531
2025-09-01 17:03:20,534 - Iter   8: obj=-618.330521, change=1.13e-01, α=1.000, ‖θ[1:]‖₁=38.543, num_selected_knots=2515
2025-09-01 17:03:24,220 - Iter   9: obj=-620.148428, change=9.24e-02, α=1.000, ‖θ[1:]‖₁=41.087, num_selected_knots=2490
2025-09-01 17:03:27,766 - Iter  10: obj=-621.401953, change=7.77e-02, α=1.000, ‖θ[1:]‖₁=43.580, num_selected_knots=2496
2025-09-01 17:03:31,366 - Iter  11: obj=-622.112423, change=6.46e-02, α=1.000, ‖θ[1:]‖₁=46.030, num_selected_knots=2526
2025-09-01 17:03:34,863 - Iter  12: obj=-622.530542, change=4.98e-02, α=1.000, ‖θ[1:]‖₁=48.448, num_selected_knots=2555
2025-09-01 17:03:38,394 - Iter  13: obj=-622.968622, change=6.26e-02, α=1.000, ‖θ[1:]‖₁=50.838, num_selected_knots=2582
2025-09-01 17:03:41,923 - Iter  14: obj=-623.739396, change=9.04e-02, α=1.000, ‖θ[1:]‖₁=53.203, num_selected_knots=2597
2025-09-01 17:03:45,452 - Iter  15: obj=-625.082437, change=1.15e-01, α=1.000, ‖θ[1:]‖₁=55.538, num_selected_knots=2610
2025-09-01 17:03:49,032 - Iter  16: obj=-627.148820, change=1.36e-01, α=1.000, ‖θ[1:]‖₁=57.838, num_selected_knots=2614
2025-09-01 17:03:53,995 - Iter  17: obj=-630.028837, change=1.54e-01, α=1.000, ‖θ[1:]‖₁=60.104, num_selected_knots=2608
2025-09-01 17:03:57,592 - Iter  18: obj=-633.734193, change=1.70e-01, α=1.000, ‖θ[1:]‖₁=62.330, num_selected_knots=2609
2025-09-01 17:04:01,223 - Iter  19: obj=-638.257338, change=1.82e-01, α=1.000, ‖θ[1:]‖₁=64.512, num_selected_knots=2601
2025-09-01 17:04:04,807 - Iter  20: obj=-643.535819, change=1.93e-01, α=1.000, ‖θ[1:]‖₁=66.653, num_selected_knots=2604
2025-09-01 17:04:08,476 - Iter  21: obj=-649.496994, change=2.02e-01, α=1.000, ‖θ[1:]‖₁=68.750, num_selected_knots=2599
2025-09-01 17:04:12,089 - Iter  22: obj=-656.058952, change=2.09e-01, α=1.000, ‖θ[1:]‖₁=70.812, num_selected_knots=2598
2025-09-01 17:04:20,125 - Iter  23: obj=-663.128750, change=2.15e-01, α=1.000, ‖θ[1:]‖₁=72.826, num_selected_knots=2591
2025-09-01 17:04:23,608 - Iter  24: obj=-670.646718, change=2.20e-01, α=1.000, ‖θ[1:]‖₁=74.793, num_selected_knots=2584
2025-09-01 17:04:27,093 - Iter  25: obj=-678.510973, change=2.23e-01, α=1.000, ‖θ[1:]‖₁=76.708, num_selected_knots=2576
2025-09-01 17:04:30,605 - Iter  26: obj=-686.618717, change=2.25e-01, α=1.000, ‖θ[1:]‖₁=78.574, num_selected_knots=2575
2025-09-01 17:04:34,202 - Iter  27: obj=-694.894522, change=2.26e-01, α=1.000, ‖θ[1:]‖₁=80.393, num_selected_knots=2571
2025-09-01 17:04:37,828 - Iter  28: obj=-703.272609, change=2.27e-01, α=1.000, ‖θ[1:]‖₁=82.165, num_selected_knots=2563
2025-09-01 17:04:41,410 - Iter  29: obj=-711.694061, change=2.27e-01, α=1.000, ‖θ[1:]‖₁=83.887, num_selected_knots=2569
2025-09-01 17:04:45,015 - Iter  30: obj=-720.112382, change=2.26e-01, α=1.000, ‖θ[1:]‖₁=85.562, num_selected_knots=2565
2025-09-01 17:04:48,689 - Iter  31: obj=-728.474529, change=2.25e-01, α=1.000, ‖θ[1:]‖₁=87.194, num_selected_knots=2564
2025-09-01 17:04:56,318 - Iter  32: obj=-736.741537, change=2.23e-01, α=1.000, ‖θ[1:]‖₁=88.780, num_selected_knots=2562
2025-09-01 17:04:59,796 - Iter  33: obj=-744.879348, change=2.21e-01, α=1.000, ‖θ[1:]‖₁=90.319, num_selected_knots=2553
2025-09-01 17:05:03,280 - Iter  34: obj=-752.857153, change=2.19e-01, α=1.000, ‖θ[1:]‖₁=91.816, num_selected_knots=2550
2025-09-01 17:05:06,719 - Iter  35: obj=-760.649420, change=2.16e-01, α=1.000, ‖θ[1:]‖₁=93.280, num_selected_knots=2546
2025-09-01 17:05:10,187 - Iter  36: obj=-768.235115, change=2.13e-01, α=1.000, ‖θ[1:]‖₁=94.700, num_selected_knots=2544
2025-09-01 17:05:13,961 - Iter  37: obj=-775.589430, change=2.10e-01, α=1.000, ‖θ[1:]‖₁=96.075, num_selected_knots=2540
2025-09-01 17:05:17,794 - Iter  38: obj=-782.694271, change=2.07e-01, α=1.000, ‖θ[1:]‖₁=97.404, num_selected_knots=2532
2025-09-01 17:05:21,367 - Iter  39: obj=-789.538715, change=2.03e-01, α=1.000, ‖θ[1:]‖₁=98.689, num_selected_knots=2531
2025-09-01 17:05:24,911 - Iter  40: obj=-796.121155, change=1.99e-01, α=1.000, ‖θ[1:]‖₁=99.935, num_selected_knots=2524
2025-09-01 17:05:28,474 - Iter  41: obj=-802.437949, change=1.95e-01, α=1.000, ‖θ[1:]‖₁=101.147, num_selected_knots=2524
2025-09-01 17:05:32,045 - Iter  42: obj=-808.490626, change=1.91e-01, α=1.000, ‖θ[1:]‖₁=102.325, num_selected_knots=2511
2025-09-01 17:05:35,606 - Iter  43: obj=-814.270148, change=1.88e-01, α=1.000, ‖θ[1:]‖₁=103.460, num_selected_knots=2505
2025-09-01 17:05:39,175 - Iter  44: obj=-819.818564, change=1.84e-01, α=1.000, ‖θ[1:]‖₁=104.553, num_selected_knots=2493
2025-09-01 17:05:42,775 - Iter  45: obj=-825.102053, change=1.79e-01, α=1.000, ‖θ[1:]‖₁=105.606, num_selected_knots=2477
2025-09-01 17:05:46,356 - Iter  46: obj=-830.115848, change=1.75e-01, α=1.000, ‖θ[1:]‖₁=106.619, num_selected_knots=2475
2025-09-01 17:05:49,911 - Iter  47: obj=-834.870366, change=1.70e-01, α=1.000, ‖θ[1:]‖₁=107.595, num_selected_knots=2470
2025-09-01 17:05:56,830 - Iter  48: obj=-839.373757, change=1.66e-01, α=1.000, ‖θ[1:]‖₁=108.534, num_selected_knots=2466
2025-09-01 17:06:00,305 - Iter  49: obj=-843.635130, change=1.61e-01, α=1.000, ‖θ[1:]‖₁=109.435, num_selected_knots=2459
2025-09-01 17:06:03,815 - Iter  50: obj=-847.667856, change=1.57e-01, α=1.000, ‖θ[1:]‖₁=110.301, num_selected_knots=2454
2025-09-01 17:06:07,258 - Iter  51: obj=-851.478336, change=1.52e-01, α=1.000, ‖θ[1:]‖₁=111.132, num_selected_knots=2443
2025-09-01 17:06:10,740 - Iter  52: obj=-855.075327, change=1.48e-01, α=1.000, ‖θ[1:]‖₁=111.929, num_selected_knots=2437
2025-09-01 17:06:14,185 - Iter  53: obj=-858.470966, change=1.44e-01, α=1.000, ‖θ[1:]‖₁=112.694, num_selected_knots=2430
2025-09-01 17:06:17,655 - Iter  54: obj=-861.669540, change=1.39e-01, α=1.000, ‖θ[1:]‖₁=113.426, num_selected_knots=2424
2025-09-01 17:06:21,143 - Iter  55: obj=-864.676970, change=1.35e-01, α=1.000, ‖θ[1:]‖₁=114.129, num_selected_knots=2415
2025-09-01 17:06:24,946 - Iter  56: obj=-867.499319, change=1.31e-01, α=1.000, ‖θ[1:]‖₁=114.800, num_selected_knots=2411
2025-09-01 17:06:28,528 - Iter  57: obj=-870.146182, change=1.26e-01, α=1.000, ‖θ[1:]‖₁=115.441, num_selected_knots=2405
2025-09-01 17:06:32,116 - Iter  58: obj=-872.627077, change=1.22e-01, α=1.000, ‖θ[1:]‖₁=116.052, num_selected_knots=2400
2025-09-01 17:06:40,302 - Iter  59: obj=-874.947314, change=1.18e-01, α=1.000, ‖θ[1:]‖₁=116.634, num_selected_knots=2396
2025-09-01 17:06:43,798 - Iter  60: obj=-877.116520, change=1.14e-01, α=1.000, ‖θ[1:]‖₁=117.188, num_selected_knots=2380
2025-09-01 17:06:47,731 - Iter  61: obj=-879.142437, change=1.09e-01, α=1.000, ‖θ[1:]‖₁=117.715, num_selected_knots=2371
2025-09-01 17:06:51,759 - Iter  62: obj=-881.031417, change=1.05e-01, α=1.000, ‖θ[1:]‖₁=118.215, num_selected_knots=2363
2025-09-01 17:06:59,649 - Iter  63: obj=-882.790098, change=1.01e-01, α=1.000, ‖θ[1:]‖₁=118.690, num_selected_knots=2357
2025-09-01 17:07:03,510 - Iter  64: obj=-884.422777, change=9.71e-02, α=1.000, ‖θ[1:]‖₁=119.141, num_selected_knots=2349
2025-09-01 17:07:07,280 - Iter  65: obj=-885.937182, change=9.30e-02, α=1.000, ‖θ[1:]‖₁=119.567, num_selected_knots=2341
2025-09-01 17:07:10,935 - Iter  66: obj=-887.338449, change=8.90e-02, α=1.000, ‖θ[1:]‖₁=119.968, num_selected_knots=2336
2025-09-01 17:07:19,135 - Iter  67: obj=-888.634518, change=8.50e-02, α=1.000, ‖θ[1:]‖₁=120.345, num_selected_knots=2327
2025-09-01 17:07:22,700 - Iter  68: obj=-889.832593, change=8.11e-02, α=1.000, ‖θ[1:]‖₁=120.699, num_selected_knots=2318
2025-09-01 17:07:26,282 - Iter  69: obj=-890.940619, change=7.73e-02, α=1.000, ‖θ[1:]‖₁=121.030, num_selected_knots=2309
2025-09-01 17:07:29,810 - Iter  70: obj=-891.964943, change=7.36e-02, α=1.000, ‖θ[1:]‖₁=121.340, num_selected_knots=2300
2025-09-01 17:07:33,522 - Iter  71: obj=-892.911364, change=6.99e-02, α=1.000, ‖θ[1:]‖₁=121.628, num_selected_knots=2294
2025-09-01 17:07:37,104 - Iter  72: obj=-893.783356, change=6.62e-02, α=1.000, ‖θ[1:]‖₁=121.895, num_selected_knots=2288
2025-09-01 17:07:40,633 - Iter  73: obj=-894.584802, change=6.71e-02, α=1.000, ‖θ[1:]‖₁=122.141, num_selected_knots=2282
2025-09-01 17:07:44,206 - Iter  74: obj=-895.320220, change=6.71e-02, α=1.000, ‖θ[1:]‖₁=122.368, num_selected_knots=2276
2025-09-01 17:07:47,824 - Iter  75: obj=-895.995812, change=5.75e-02, α=1.000, ‖θ[1:]‖₁=122.575, num_selected_knots=2266
2025-09-01 17:07:51,472 - Iter  76: obj=-896.614567, change=6.67e-02, α=1.000, ‖θ[1:]‖₁=122.762, num_selected_knots=2262
2025-09-01 17:08:00,095 - Iter  77: obj=-897.182752, change=6.52e-02, α=1.000, ‖θ[1:]‖₁=122.933, num_selected_knots=2252
2025-09-01 17:08:03,680 - Iter  78: obj=-897.702208, change=6.51e-02, α=1.000, ‖θ[1:]‖₁=123.091, num_selected_knots=2248
2025-09-01 17:08:07,515 - Iter  79: obj=-898.175945, change=4.22e-02, α=1.000, ‖θ[1:]‖₁=123.232, num_selected_knots=2231
2025-09-01 17:08:11,065 - Iter  80: obj=-898.610240, change=3.89e-02, α=1.000, ‖θ[1:]‖₁=123.366, num_selected_knots=2226
2025-09-01 17:08:14,865 - Iter  81: obj=-899.009208, change=5.27e-02, α=1.000, ‖θ[1:]‖₁=123.491, num_selected_knots=2210
2025-09-01 17:08:18,431 - Iter  82: obj=-899.375682, change=6.42e-02, α=1.000, ‖θ[1:]‖₁=123.606, num_selected_knots=2202
2025-09-01 17:08:22,125 - Iter  83: obj=-899.716309, change=5.72e-02, α=1.000, ‖θ[1:]‖₁=123.702, num_selected_knots=2186
2025-09-01 17:08:30,564 - Iter  84: obj=-900.038077, change=6.35e-02, α=1.000, ‖θ[1:]‖₁=123.780, num_selected_knots=2184
2025-09-01 17:08:34,030 - Iter  85: obj=-900.333684, change=6.23e-02, α=1.000, ‖θ[1:]‖₁=123.841, num_selected_knots=2176
2025-09-01 17:08:37,489 - Iter  86: obj=-900.604015, change=6.16e-02, α=1.000, ‖θ[1:]‖₁=123.889, num_selected_knots=2172
2025-09-01 17:08:40,981 - Iter  87: obj=-900.851351, change=6.13e-02, α=1.000, ‖θ[1:]‖₁=123.922, num_selected_knots=2166
2025-09-01 17:08:44,670 - Iter  88: obj=-901.082149, change=5.06e-02, α=1.000, ‖θ[1:]‖₁=123.939, num_selected_knots=2153
2025-09-01 17:08:48,317 - Iter  89: obj=-901.300035, change=3.51e-02, α=1.000, ‖θ[1:]‖₁=123.942, num_selected_knots=2148
2025-09-01 17:08:52,021 - Iter  90: obj=-901.506982, change=4.23e-02, α=1.000, ‖θ[1:]‖₁=123.931, num_selected_knots=2141
2025-09-01 17:08:55,669 - Iter  91: obj=-901.705755, change=6.04e-02, α=1.000, ‖θ[1:]‖₁=123.908, num_selected_knots=2133
2025-09-01 17:09:03,506 - Iter  92: obj=-901.898197, change=6.01e-02, α=1.000, ‖θ[1:]‖₁=123.876, num_selected_knots=2125
2025-09-01 17:09:07,049 - Iter  93: obj=-902.085642, change=6.00e-02, α=1.000, ‖θ[1:]‖₁=123.838, num_selected_knots=2122
2025-09-01 17:09:10,805 - Iter  94: obj=-902.269598, change=3.99e-02, α=1.000, ‖θ[1:]‖₁=123.788, num_selected_knots=2112
2025-09-01 17:09:14,678 - Iter  95: obj=-902.452083, change=5.74e-02, α=1.000, ‖θ[1:]‖₁=123.726, num_selected_knots=2106
2025-09-01 17:09:18,268 - Iter  96: obj=-902.634105, change=3.68e-02, α=1.000, ‖θ[1:]‖₁=123.652, num_selected_knots=2101
2025-09-01 17:09:21,840 - Iter  97: obj=-902.816595, change=4.64e-02, α=1.000, ‖θ[1:]‖₁=123.568, num_selected_knots=2093
2025-09-01 17:09:25,417 - Iter  98: obj=-903.000500, change=5.40e-02, α=1.000, ‖θ[1:]‖₁=123.474, num_selected_knots=2087
2025-09-01 17:09:29,022 - Iter  99: obj=-903.185790, change=4.39e-02, α=1.000, ‖θ[1:]‖₁=123.370, num_selected_knots=2083
2025-09-01 17:09:32,622 - Iter 100: obj=-903.373430, change=5.77e-02, α=1.000, ‖θ[1:]‖₁=123.257, num_selected_knots=2077
2025-09-01 17:09:36,209 - Iter 101: obj=-903.563038, change=5.76e-02, α=1.000, ‖θ[1:]‖₁=123.135, num_selected_knots=2070
2025-09-01 17:09:39,836 - Iter 102: obj=-903.756243, change=3.67e-02, α=1.000, ‖θ[1:]‖₁=123.004, num_selected_knots=2060
2025-09-01 17:09:43,870 - Iter 103: obj=-903.954311, change=5.65e-02, α=1.000, ‖θ[1:]‖₁=122.864, num_selected_knots=2050
2025-09-01 17:09:47,532 - Iter 104: obj=-904.157179, change=5.62e-02, α=1.000, ‖θ[1:]‖₁=122.716, num_selected_knots=2042
2025-09-01 17:09:55,787 - Iter 105: obj=-904.365040, change=5.57e-02, α=1.000, ‖θ[1:]‖₁=122.559, num_selected_knots=2035
2025-09-01 17:09:59,493 - Iter 106: obj=-904.577969, change=5.54e-02, α=1.000, ‖θ[1:]‖₁=122.395, num_selected_knots=2029
2025-09-01 17:10:03,140 - Iter 107: obj=-904.796804, change=4.60e-02, α=1.000, ‖θ[1:]‖₁=122.224, num_selected_knots=2018
2025-09-01 17:10:06,659 - Iter 108: obj=-905.022216, change=5.48e-02, α=1.000, ‖θ[1:]‖₁=122.046, num_selected_knots=2013
2025-09-01 17:10:10,187 - Iter 109: obj=-905.254390, change=3.45e-02, α=1.000, ‖θ[1:]‖₁=121.870, num_selected_knots=2005
2025-09-01 17:10:13,899 - Iter 110: obj=-905.486487, change=3.30e-02, α=1.000, ‖θ[1:]‖₁=121.712, num_selected_knots=1999
2025-09-01 17:10:17,588 - Iter 111: obj=-905.708810, change=4.37e-02, α=1.000, ‖θ[1:]‖₁=121.552, num_selected_knots=1995
2025-09-01 17:10:21,231 - Iter 112: obj=-905.936901, change=4.34e-02, α=1.000, ‖θ[1:]‖₁=121.387, num_selected_knots=1989
2025-09-01 17:10:24,907 - Iter 113: obj=-906.172325, change=4.31e-02, α=1.000, ‖θ[1:]‖₁=121.216, num_selected_knots=1982
2025-09-01 17:10:28,557 - Iter 114: obj=-906.413921, change=2.99e-02, α=1.000, ‖θ[1:]‖₁=121.040, num_selected_knots=1975
2025-09-01 17:10:32,182 - Iter 115: obj=-906.661239, change=3.07e-02, α=1.000, ‖θ[1:]‖₁=120.860, num_selected_knots=1969
2025-09-01 17:10:35,786 - Iter 116: obj=-906.914326, change=3.15e-02, α=1.000, ‖θ[1:]‖₁=120.675, num_selected_knots=1960
2025-09-01 17:10:39,443 - Iter 117: obj=-907.172998, change=4.13e-02, α=1.000, ‖θ[1:]‖₁=120.486, num_selected_knots=1954
2025-09-01 17:10:43,045 - Iter 118: obj=-907.437124, change=3.51e-02, α=1.000, ‖θ[1:]‖₁=120.293, num_selected_knots=1946
2025-09-01 17:10:46,664 - Iter 119: obj=-907.706618, change=4.16e-02, α=1.000, ‖θ[1:]‖₁=120.096, num_selected_knots=1942
2025-09-01 17:10:50,284 - Iter 120: obj=-907.981203, change=3.83e-02, α=1.000, ‖θ[1:]‖₁=119.901, num_selected_knots=1937
2025-09-01 17:10:54,958 - Iter 121: obj=-908.257492, change=3.77e-02, α=1.000, ‖θ[1:]‖₁=119.709, num_selected_knots=1931
2025-09-01 17:10:58,540 - Iter 122: obj=-908.537270, change=3.74e-02, α=1.000, ‖θ[1:]‖₁=119.512, num_selected_knots=1927
2025-09-01 17:11:02,099 - Iter 123: obj=-908.823317, change=3.71e-02, α=1.000, ‖θ[1:]‖₁=119.313, num_selected_knots=1923
2025-09-01 17:11:05,610 - Iter 124: obj=-909.114111, change=3.72e-02, α=1.000, ‖θ[1:]‖₁=119.111, num_selected_knots=1916
2025-09-01 17:11:09,185 - Iter 125: obj=-909.408046, change=3.77e-02, α=1.000, ‖θ[1:]‖₁=118.906, num_selected_knots=1915
2025-09-01 17:11:12,796 - Iter 126: obj=-909.705236, change=3.82e-02, α=1.000, ‖θ[1:]‖₁=118.698, num_selected_knots=1913
2025-09-01 17:11:16,505 - Iter 127: obj=-910.005604, change=3.86e-02, α=1.000, ‖θ[1:]‖₁=118.488, num_selected_knots=1909
2025-09-01 17:11:20,197 - Iter 128: obj=-910.308870, change=3.90e-02, α=1.000, ‖θ[1:]‖₁=118.276, num_selected_knots=1907
2025-09-01 17:11:28,442 - Iter 129: obj=-910.615210, change=3.94e-02, α=1.000, ‖θ[1:]‖₁=118.062, num_selected_knots=1902
2025-09-01 17:11:31,864 - Iter 130: obj=-910.924497, change=3.97e-02, α=1.000, ‖θ[1:]‖₁=117.847, num_selected_knots=1900
2025-09-01 17:11:35,337 - Iter 131: obj=-911.236407, change=4.00e-02, α=1.000, ‖θ[1:]‖₁=117.629, num_selected_knots=1897
2025-09-01 17:11:38,853 - Iter 132: obj=-911.550801, change=4.03e-02, α=1.000, ‖θ[1:]‖₁=117.410, num_selected_knots=1894
2025-09-01 17:11:42,225 - Iter 133: obj=-911.867508, change=4.07e-02, α=1.000, ‖θ[1:]‖₁=117.189, num_selected_knots=1890
2025-09-01 17:11:45,879 - Iter 134: obj=-912.186498, change=4.09e-02, α=1.000, ‖θ[1:]‖₁=116.967, num_selected_knots=1888
2025-09-01 17:11:51,585 - Iter 135: obj=-912.507229, change=4.11e-02, α=1.000, ‖θ[1:]‖₁=116.744, num_selected_knots=1884
2025-09-01 17:11:55,136 - Iter 136: obj=-912.829280, change=4.14e-02, α=1.000, ‖θ[1:]‖₁=116.519, num_selected_knots=1881
2025-09-01 17:11:58,546 - Iter 137: obj=-913.152937, change=4.16e-02, α=1.000, ‖θ[1:]‖₁=116.293, num_selected_knots=1878
2025-09-01 17:12:01,936 - Iter 138: obj=-913.477959, change=4.18e-02, α=1.000, ‖θ[1:]‖₁=116.066, num_selected_knots=1876
2025-09-01 17:12:05,408 - Iter 139: obj=-913.804049, change=4.19e-02, α=1.000, ‖θ[1:]‖₁=115.838, num_selected_knots=1873
2025-09-01 17:12:09,195 - Iter 140: obj=-914.130870, change=4.20e-02, α=1.000, ‖θ[1:]‖₁=115.610, num_selected_knots=1870
2025-09-01 17:12:13,516 - Iter 141: obj=-914.457997, change=4.21e-02, α=1.000, ‖θ[1:]‖₁=115.380, num_selected_knots=1867
2025-09-01 17:12:17,217 - Iter 142: obj=-914.785152, change=4.22e-02, α=1.000, ‖θ[1:]‖₁=115.150, num_selected_knots=1865
2025-09-01 17:12:20,827 - Iter 143: obj=-915.112356, change=4.23e-02, α=1.000, ‖θ[1:]‖₁=114.919, num_selected_knots=1862
2025-09-01 17:12:24,372 - Iter 144: obj=-915.439274, change=4.23e-02, α=1.000, ‖θ[1:]‖₁=114.689, num_selected_knots=1857
2025-09-01 17:12:27,985 - Iter 145: obj=-915.765687, change=4.24e-02, α=1.000, ‖θ[1:]‖₁=114.465, num_selected_knots=1851
2025-09-01 17:12:31,594 - Iter 146: obj=-916.089230, change=4.27e-02, α=1.000, ‖θ[1:]‖₁=114.244, num_selected_knots=1848
2025-09-01 17:12:35,186 - Iter 147: obj=-916.414143, change=4.28e-02, α=1.000, ‖θ[1:]‖₁=114.022, num_selected_knots=1847
2025-09-01 17:12:38,757 - Iter 148: obj=-916.739174, change=4.27e-02, α=1.000, ‖θ[1:]‖₁=113.800, num_selected_knots=1842
2025-09-01 17:12:46,962 - Iter 149: obj=-917.062900, change=4.26e-02, α=1.000, ‖θ[1:]‖₁=113.578, num_selected_knots=1838
2025-09-01 17:12:50,783 - Iter 150: obj=-917.384596, change=4.25e-02, α=1.000, ‖θ[1:]‖₁=113.356, num_selected_knots=1833
2025-09-01 17:12:59,706 - Iter 151: obj=-917.704104, change=4.23e-02, α=1.000, ‖θ[1:]‖₁=113.135, num_selected_knots=1832
2025-09-01 17:13:03,339 - Iter 152: obj=-918.021435, change=4.22e-02, α=1.000, ‖θ[1:]‖₁=112.913, num_selected_knots=1823
2025-09-01 17:13:07,142 - Iter 153: obj=-918.336261, change=4.20e-02, α=1.000, ‖θ[1:]‖₁=112.693, num_selected_knots=1818
2025-09-01 17:13:10,734 - Iter 154: obj=-918.648478, change=4.18e-02, α=1.000, ‖θ[1:]‖₁=112.472, num_selected_knots=1815
2025-09-01 17:13:18,500 - Iter 155: obj=-918.958380, change=4.16e-02, α=1.000, ‖θ[1:]‖₁=112.252, num_selected_knots=1811
2025-09-01 17:13:21,980 - Iter 156: obj=-919.265622, change=4.14e-02, α=1.000, ‖θ[1:]‖₁=112.035, num_selected_knots=1807
2025-09-01 17:13:25,568 - Iter 157: obj=-919.569724, change=4.12e-02, α=1.000, ‖θ[1:]‖₁=111.830, num_selected_knots=1799
2025-09-01 17:13:29,329 - Iter 158: obj=-919.869301, change=4.08e-02, α=1.000, ‖θ[1:]‖₁=111.624, num_selected_knots=1793
2025-09-01 17:13:32,939 - Iter 159: obj=-920.165595, change=4.07e-02, α=1.000, ‖θ[1:]‖₁=111.418, num_selected_knots=1790
2025-09-01 17:13:36,546 - Iter 160: obj=-920.460114, change=4.06e-02, α=1.000, ‖θ[1:]‖₁=111.211, num_selected_knots=1787
2025-09-01 17:13:40,625 - Iter 161: obj=-920.752955, change=4.04e-02, α=1.000, ‖θ[1:]‖₁=111.004, num_selected_knots=1786
2025-09-01 17:13:48,580 - Iter 162: obj=-921.043678, change=4.03e-02, α=1.000, ‖θ[1:]‖₁=110.797, num_selected_knots=1780
2025-09-01 17:13:52,232 - Iter 163: obj=-921.331847, change=4.00e-02, α=1.000, ‖θ[1:]‖₁=110.590, num_selected_knots=1777
2025-09-01 17:13:55,717 - Iter 164: obj=-921.617006, change=3.98e-02, α=1.000, ‖θ[1:]‖₁=110.384, num_selected_knots=1774
2025-09-01 17:13:59,182 - Iter 165: obj=-921.898998, change=3.95e-02, α=1.000, ‖θ[1:]‖₁=110.179, num_selected_knots=1771
2025-09-01 17:14:03,041 - Iter 166: obj=-922.177288, change=3.92e-02, α=1.000, ‖θ[1:]‖₁=109.974, num_selected_knots=1767
2025-09-01 17:14:06,697 - Iter 167: obj=-922.451859, change=3.89e-02, α=1.000, ‖θ[1:]‖₁=109.771, num_selected_knots=1765
2025-09-01 17:14:10,244 - Iter 168: obj=-922.722512, change=3.85e-02, α=1.000, ‖θ[1:]‖₁=109.568, num_selected_knots=1761
2025-09-01 17:14:17,251 - Iter 169: obj=-922.989165, change=3.82e-02, α=1.000, ‖θ[1:]‖₁=109.367, num_selected_knots=1756
2025-09-01 17:14:20,727 - Iter 170: obj=-923.251194, change=3.78e-02, α=1.000, ‖θ[1:]‖₁=109.166, num_selected_knots=1753
2025-09-01 17:14:24,263 - Iter 171: obj=-923.509246, change=3.74e-02, α=1.000, ‖θ[1:]‖₁=108.969, num_selected_knots=1749
2025-09-01 17:14:27,749 - Iter 172: obj=-923.762715, change=3.71e-02, α=1.000, ‖θ[1:]‖₁=108.773, num_selected_knots=1747
2025-09-01 17:14:31,258 - Iter 173: obj=-924.012289, change=3.68e-02, α=1.000, ‖θ[1:]‖₁=108.578, num_selected_knots=1743
2025-09-01 17:14:34,732 - Iter 174: obj=-924.257743, change=3.64e-02, α=1.000, ‖θ[1:]‖₁=108.385, num_selected_knots=1739
2025-09-01 17:14:38,496 - Iter 175: obj=-924.498652, change=3.60e-02, α=1.000, ‖θ[1:]‖₁=108.193, num_selected_knots=1737
2025-09-01 17:14:42,289 - Iter 176: obj=-924.735108, change=3.56e-02, α=1.000, ‖θ[1:]‖₁=108.002, num_selected_knots=1734
2025-09-01 17:14:45,930 - Iter 177: obj=-924.967271, change=3.52e-02, α=1.000, ‖θ[1:]‖₁=107.813, num_selected_knots=1733
2025-09-01 17:14:54,402 - Iter 178: obj=-925.195317, change=3.48e-02, α=1.000, ‖θ[1:]‖₁=107.625, num_selected_knots=1729
2025-09-01 17:14:57,948 - Iter 179: obj=-925.419199, change=3.44e-02, α=1.000, ‖θ[1:]‖₁=107.439, num_selected_knots=1724
2025-09-01 17:15:01,651 - Iter 180: obj=-925.638791, change=3.40e-02, α=1.000, ‖θ[1:]‖₁=107.254, num_selected_knots=1723
2025-09-01 17:15:05,461 - Iter 181: obj=-925.853929, change=3.37e-02, α=1.000, ‖θ[1:]‖₁=107.072, num_selected_knots=1719
2025-09-01 17:15:09,015 - Iter 182: obj=-926.065106, change=3.32e-02, α=1.000, ‖θ[1:]‖₁=106.891, num_selected_knots=1716
2025-09-01 17:15:12,660 - Iter 183: obj=-926.272093, change=3.29e-02, α=1.000, ‖θ[1:]‖₁=106.711, num_selected_knots=1713
2025-09-01 17:15:20,704 - Iter 184: obj=-926.475180, change=3.25e-02, α=1.000, ‖θ[1:]‖₁=106.533, num_selected_knots=1712
2025-09-01 17:15:24,158 - Iter 185: obj=-926.673987, change=3.21e-02, α=1.000, ‖θ[1:]‖₁=106.358, num_selected_knots=1707
2025-09-01 17:15:27,587 - Iter 186: obj=-926.868402, change=3.16e-02, α=1.000, ‖θ[1:]‖₁=106.184, num_selected_knots=1705
2025-09-01 17:15:31,012 - Iter 187: obj=-927.058721, change=3.12e-02, α=1.000, ‖θ[1:]‖₁=106.012, num_selected_knots=1698
2025-09-01 17:15:34,490 - Iter 188: obj=-927.245190, change=3.08e-02, α=1.000, ‖θ[1:]‖₁=105.842, num_selected_knots=1695
2025-09-01 17:15:38,003 - Iter 189: obj=-927.427649, change=3.05e-02, α=1.000, ‖θ[1:]‖₁=105.672, num_selected_knots=1695
2025-09-01 17:15:41,541 - Iter 190: obj=-927.606312, change=3.00e-02, α=1.000, ‖θ[1:]‖₁=105.505, num_selected_knots=1691
2025-09-01 17:15:45,084 - Iter 191: obj=-927.781165, change=2.96e-02, α=1.000, ‖θ[1:]‖₁=105.340, num_selected_knots=1690
2025-09-01 17:15:48,648 - Iter 192: obj=-927.951621, change=2.93e-02, α=1.000, ‖θ[1:]‖₁=105.177, num_selected_knots=1688
2025-09-01 17:15:52,441 - Iter 193: obj=-928.117559, change=2.90e-02, α=1.000, ‖θ[1:]‖₁=105.018, num_selected_knots=1686
2025-09-01 17:15:57,664 - Iter 194: obj=-928.280445, change=2.87e-02, α=1.000, ‖θ[1:]‖₁=104.860, num_selected_knots=1685
2025-09-01 17:16:01,322 - Iter 195: obj=-928.440487, change=2.83e-02, α=1.000, ‖θ[1:]‖₁=104.705, num_selected_knots=1682
2025-09-01 17:16:04,992 - Iter 196: obj=-928.597172, change=2.79e-02, α=1.000, ‖θ[1:]‖₁=104.551, num_selected_knots=1681
2025-09-01 17:16:08,642 - Iter 197: obj=-928.750317, change=2.75e-02, α=1.000, ‖θ[1:]‖₁=104.404, num_selected_knots=1678
2025-09-01 17:16:12,322 - Iter 198: obj=-928.898871, change=2.72e-02, α=1.000, ‖θ[1:]‖₁=104.258, num_selected_knots=1675
2025-09-01 17:16:19,289 - Iter 199: obj=-929.044455, change=2.68e-02, α=1.000, ‖θ[1:]‖₁=104.114, num_selected_knots=1673
2025-09-01 17:16:22,819 - Iter 200: obj=-929.186966, change=2.64e-02, α=1.000, ‖θ[1:]‖₁=103.971, num_selected_knots=1673
2025-09-01 17:16:26,348 - Iter 201: obj=-929.326142, change=2.60e-02, α=1.000, ‖θ[1:]‖₁=103.830, num_selected_knots=1670
2025-09-01 17:16:29,871 - Iter 202: obj=-929.461730, change=2.55e-02, α=1.000, ‖θ[1:]‖₁=103.691, num_selected_knots=1666
2025-09-01 17:16:33,679 - Iter 203: obj=-929.593905, change=2.50e-02, α=1.000, ‖θ[1:]‖₁=103.554, num_selected_knots=1664
2025-09-01 17:16:37,243 - Iter 204: obj=-929.722745, change=2.46e-02, α=1.000, ‖θ[1:]‖₁=103.418, num_selected_knots=1662
2025-09-01 17:16:40,791 - Iter 205: obj=-929.848282, change=2.41e-02, α=1.000, ‖θ[1:]‖₁=103.284, num_selected_knots=1660
2025-09-01 17:16:44,500 - Iter 206: obj=-929.970472, change=2.37e-02, α=1.000, ‖θ[1:]‖₁=103.151, num_selected_knots=1660
2025-09-01 17:16:53,258 - Iter 207: obj=-930.089476, change=2.33e-02, α=1.000, ‖θ[1:]‖₁=103.020, num_selected_knots=1658
2025-09-01 17:16:56,882 - Iter 208: obj=-930.205669, change=2.28e-02, α=1.000, ‖θ[1:]‖₁=102.892, num_selected_knots=1657
2025-09-01 17:17:00,651 - Iter 209: obj=-930.319031, change=2.25e-02, α=1.000, ‖θ[1:]‖₁=102.764, num_selected_knots=1654
2025-09-01 17:17:04,244 - Iter 210: obj=-930.429588, change=2.25e-02, α=1.000, ‖θ[1:]‖₁=102.639, num_selected_knots=1652
2025-09-01 17:17:07,905 - Iter 211: obj=-930.537441, change=2.25e-02, α=1.000, ‖θ[1:]‖₁=102.515, num_selected_knots=1652
2025-09-01 17:17:11,520 - Iter 212: obj=-930.642713, change=2.24e-02, α=1.000, ‖θ[1:]‖₁=102.392, num_selected_knots=1649
2025-09-01 17:17:18,955 - Iter 213: obj=-930.745418, change=2.24e-02, α=1.000, ‖θ[1:]‖₁=102.271, num_selected_knots=1648
2025-09-01 17:17:22,455 - Iter 214: obj=-930.845679, change=2.23e-02, α=1.000, ‖θ[1:]‖₁=102.152, num_selected_knots=1647
2025-09-01 17:17:25,990 - Iter 215: obj=-930.943605, change=2.22e-02, α=1.000, ‖θ[1:]‖₁=102.034, num_selected_knots=1645
2025-09-01 17:17:29,569 - Iter 216: obj=-931.039118, change=2.21e-02, α=1.000, ‖θ[1:]‖₁=101.917, num_selected_knots=1643
2025-09-01 17:17:33,107 - Iter 217: obj=-931.132184, change=2.21e-02, α=1.000, ‖θ[1:]‖₁=101.802, num_selected_knots=1639
2025-09-01 17:17:36,631 - Iter 218: obj=-931.223055, change=2.20e-02, α=1.000, ‖θ[1:]‖₁=101.688, num_selected_knots=1635
2025-09-01 17:17:40,178 - Iter 219: obj=-931.311882, change=2.20e-02, α=1.000, ‖θ[1:]‖₁=101.576, num_selected_knots=1633
2025-09-01 17:17:43,999 - Iter 220: obj=-931.398625, change=2.19e-02, α=1.000, ‖θ[1:]‖₁=101.465, num_selected_knots=1630
2025-09-01 17:17:47,598 - Iter 221: obj=-931.483176, change=2.19e-02, α=1.000, ‖θ[1:]‖₁=101.356, num_selected_knots=1628
2025-09-01 17:17:51,205 - Iter 222: obj=-931.565751, change=2.18e-02, α=1.000, ‖θ[1:]‖₁=101.248, num_selected_knots=1626
2025-09-01 17:17:55,072 - Iter 223: obj=-931.646408, change=2.17e-02, α=1.000, ‖θ[1:]‖₁=101.142, num_selected_knots=1624
2025-09-01 17:18:00,802 - Iter 224: obj=-931.725262, change=2.17e-02, α=1.000, ‖θ[1:]‖₁=101.037, num_selected_knots=1621
2025-09-01 17:18:04,725 - Iter 225: obj=-931.802156, change=2.15e-02, α=1.000, ‖θ[1:]‖₁=100.933, num_selected_knots=1619
2025-09-01 17:18:08,553 - Iter 226: obj=-931.877180, change=2.15e-02, α=1.000, ‖θ[1:]‖₁=100.831, num_selected_knots=1618
2025-09-01 17:18:12,215 - Iter 227: obj=-931.950413, change=2.13e-02, α=1.000, ‖θ[1:]‖₁=100.730, num_selected_knots=1615
2025-09-01 17:18:20,347 - Iter 228: obj=-932.021973, change=2.13e-02, α=1.000, ‖θ[1:]‖₁=100.630, num_selected_knots=1614
2025-09-01 17:18:23,801 - Iter 229: obj=-932.091799, change=2.13e-02, α=1.000, ‖θ[1:]‖₁=100.532, num_selected_knots=1604
2025-09-01 17:18:27,241 - Iter 230: obj=-932.160149, change=2.12e-02, α=1.000, ‖θ[1:]‖₁=100.443, num_selected_knots=1600
2025-09-01 17:18:30,731 - Iter 231: obj=-932.226710, change=2.11e-02, α=1.000, ‖θ[1:]‖₁=100.357, num_selected_knots=1597
2025-09-01 17:18:34,363 - Iter 232: obj=-932.291318, change=2.11e-02, α=1.000, ‖θ[1:]‖₁=100.271, num_selected_knots=1591
2025-09-01 17:18:37,993 - Iter 233: obj=-932.354795, change=2.07e-02, α=1.000, ‖θ[1:]‖₁=100.185, num_selected_knots=1587
2025-09-01 17:18:41,702 - Iter 234: obj=-932.417027, change=2.07e-02, α=1.000, ‖θ[1:]‖₁=100.100, num_selected_knots=1586
2025-09-01 17:18:45,377 - Iter 235: obj=-932.478058, change=2.06e-02, α=1.000, ‖θ[1:]‖₁=100.015, num_selected_knots=1580
2025-09-01 17:18:49,051 - Iter 236: obj=-932.538103, change=2.06e-02, α=1.000, ‖θ[1:]‖₁=99.931, num_selected_knots=1576
2025-09-01 17:18:56,123 - Iter 237: obj=-932.597108, change=2.06e-02, α=1.000, ‖θ[1:]‖₁=99.848, num_selected_knots=1571
2025-09-01 17:18:59,597 - Iter 238: obj=-932.654977, change=2.05e-02, α=1.000, ‖θ[1:]‖₁=99.765, num_selected_knots=1565
2025-09-01 17:19:03,128 - Iter 239: obj=-932.711649, change=2.05e-02, α=1.000, ‖θ[1:]‖₁=99.684, num_selected_knots=1564
2025-09-01 17:19:06,637 - Iter 240: obj=-932.767047, change=2.04e-02, α=1.000, ‖θ[1:]‖₁=99.604, num_selected_knots=1563
2025-09-01 17:19:10,127 - Iter 241: obj=-932.821240, change=2.03e-02, α=1.000, ‖θ[1:]‖₁=99.525, num_selected_knots=1560
2025-09-01 17:19:13,986 - Iter 242: obj=-932.874241, change=2.03e-02, α=1.000, ‖θ[1:]‖₁=99.448, num_selected_knots=1555
2025-09-01 17:19:17,615 - Iter 243: obj=-932.926068, change=2.02e-02, α=1.000, ‖θ[1:]‖₁=99.371, num_selected_knots=1553
2025-09-01 17:19:21,231 - Iter 244: obj=-932.976635, change=2.02e-02, α=1.000, ‖θ[1:]‖₁=99.295, num_selected_knots=1548
2025-09-01 17:19:27,711 - Iter 245: obj=-933.026038, change=1.98e-02, α=1.000, ‖θ[1:]‖₁=99.222, num_selected_knots=1545
2025-09-01 17:19:31,300 - Iter 246: obj=-933.073909, change=1.94e-02, α=1.000, ‖θ[1:]‖₁=99.153, num_selected_knots=1543
2025-09-01 17:19:34,841 - Iter 247: obj=-933.118172, change=1.84e-02, α=1.000, ‖θ[1:]‖₁=99.087, num_selected_knots=1541
2025-09-01 17:19:38,412 - Iter 248: obj=-933.160069, change=1.83e-02, α=1.000, ‖θ[1:]‖₁=99.022, num_selected_knots=1538
2025-09-01 17:19:41,960 - Iter 249: obj=-933.200960, change=1.83e-02, α=1.000, ‖θ[1:]‖₁=98.959, num_selected_knots=1536
2025-09-01 17:19:45,728 - Iter 250: obj=-933.240916, change=1.72e-02, α=1.000, ‖θ[1:]‖₁=98.896, num_selected_knots=1532
2025-09-01 17:19:54,430 - Iter 251: obj=-933.279837, change=1.82e-02, α=1.000, ‖θ[1:]‖₁=98.835, num_selected_knots=1530
2025-09-01 17:19:58,363 - Iter 252: obj=-933.317764, change=1.81e-02, α=1.000, ‖θ[1:]‖₁=98.776, num_selected_knots=1530
2025-09-01 17:20:02,161 - Iter 253: obj=-933.354792, change=1.80e-02, α=1.000, ‖θ[1:]‖₁=98.717, num_selected_knots=1529
2025-09-01 17:20:05,790 - Iter 254: obj=-933.390868, change=1.79e-02, α=1.000, ‖θ[1:]‖₁=98.659, num_selected_knots=1527
2025-09-01 17:20:13,828 - Iter 255: obj=-933.426312, change=1.79e-02, α=1.000, ‖θ[1:]‖₁=98.602, num_selected_knots=1524
2025-09-01 17:20:17,417 - Iter 256: obj=-933.461135, change=1.79e-02, α=1.000, ‖θ[1:]‖₁=98.546, num_selected_knots=1522
2025-09-01 17:20:20,992 - Iter 257: obj=-933.495360, change=1.77e-02, α=1.000, ‖θ[1:]‖₁=98.491, num_selected_knots=1521
2025-09-01 17:20:24,817 - Iter 258: obj=-933.528682, change=1.77e-02, α=1.000, ‖θ[1:]‖₁=98.437, num_selected_knots=1520
2025-09-01 17:20:28,637 - Iter 259: obj=-933.561428, change=1.77e-02, α=1.000, ‖θ[1:]‖₁=98.384, num_selected_knots=1518
2025-09-01 17:20:33,289 - Iter 260: obj=-933.593556, change=1.74e-02, α=1.000, ‖θ[1:]‖₁=98.332, num_selected_knots=1514
2025-09-01 17:20:36,858 - Iter 261: obj=-933.625002, change=1.74e-02, α=1.000, ‖θ[1:]‖₁=98.280, num_selected_knots=1514
2025-09-01 17:20:40,388 - Iter 262: obj=-933.655822, change=1.74e-02, α=1.000, ‖θ[1:]‖₁=98.230, num_selected_knots=1512
2025-09-01 17:20:43,890 - Iter 263: obj=-933.686093, change=1.74e-02, α=1.000, ‖θ[1:]‖₁=98.181, num_selected_knots=1510
2025-09-01 17:20:51,158 - Iter 264: obj=-933.715859, change=1.74e-02, α=1.000, ‖θ[1:]‖₁=98.134, num_selected_knots=1510
2025-09-01 17:20:54,989 - Iter 265: obj=-933.745191, change=1.73e-02, α=1.000, ‖θ[1:]‖₁=98.087, num_selected_knots=1509
2025-09-01 17:20:58,777 - Iter 266: obj=-933.774056, change=1.72e-02, α=1.000, ‖θ[1:]‖₁=98.040, num_selected_knots=1507
2025-09-01 17:21:02,378 - Iter 267: obj=-933.802465, change=1.71e-02, α=1.000, ‖θ[1:]‖₁=97.995, num_selected_knots=1503
2025-09-01 17:21:10,289 - Iter 268: obj=-933.830232, change=1.71e-02, α=1.000, ‖θ[1:]‖₁=97.953, num_selected_knots=1502
2025-09-01 17:21:14,127 - Iter 269: obj=-933.857667, change=1.69e-02, α=1.000, ‖θ[1:]‖₁=97.911, num_selected_knots=1500
2025-09-01 17:21:17,741 - Iter 270: obj=-933.884343, change=1.69e-02, α=1.000, ‖θ[1:]‖₁=97.870, num_selected_knots=1500
2025-09-01 17:21:25,550 - Iter 271: obj=-933.910617, change=1.68e-02, α=1.000, ‖θ[1:]‖₁=97.829, num_selected_knots=1500
2025-09-01 17:21:29,052 - Iter 272: obj=-933.936637, change=1.66e-02, α=1.000, ‖θ[1:]‖₁=97.787, num_selected_knots=1498
2025-09-01 17:21:32,587 - Iter 273: obj=-933.961872, change=1.65e-02, α=1.000, ‖θ[1:]‖₁=97.747, num_selected_knots=1497
2025-09-01 17:21:36,280 - Iter 274: obj=-933.986833, change=1.65e-02, α=1.000, ‖θ[1:]‖₁=97.706, num_selected_knots=1497
2025-09-01 17:21:39,808 - Iter 275: obj=-934.011555, change=1.65e-02, α=1.000, ‖θ[1:]‖₁=97.667, num_selected_knots=1495
2025-09-01 17:21:43,410 - Iter 276: obj=-934.036031, change=1.64e-02, α=1.000, ‖θ[1:]‖₁=97.627, num_selected_knots=1493
2025-09-01 17:21:51,491 - Iter 277: obj=-934.060239, change=1.61e-02, α=1.000, ‖θ[1:]‖₁=97.590, num_selected_knots=1488
2025-09-01 17:21:55,127 - Iter 278: obj=-934.083645, change=1.60e-02, α=1.000, ‖θ[1:]‖₁=97.554, num_selected_knots=1488
2025-09-01 17:21:58,916 - Iter 279: obj=-934.106568, change=1.60e-02, α=1.000, ‖θ[1:]‖₁=97.518, num_selected_knots=1485
2025-09-01 17:22:02,755 - Iter 280: obj=-934.129184, change=1.59e-02, α=1.000, ‖θ[1:]‖₁=97.483, num_selected_knots=1482
2025-09-01 17:22:06,401 - Iter 281: obj=-934.151511, change=1.59e-02, α=1.000, ‖θ[1:]‖₁=97.447, num_selected_knots=1481
2025-09-01 17:22:10,039 - Iter 282: obj=-934.173602, change=1.59e-02, α=1.000, ‖θ[1:]‖₁=97.413, num_selected_knots=1477
2025-09-01 17:22:18,742 - Iter 283: obj=-934.195444, change=1.58e-02, α=1.000, ‖θ[1:]‖₁=97.378, num_selected_knots=1474
2025-09-01 17:22:22,383 - Iter 284: obj=-934.217022, change=1.58e-02, α=1.000, ‖θ[1:]‖₁=97.345, num_selected_knots=1474
2025-09-01 17:22:26,006 - Iter 285: obj=-934.238384, change=1.58e-02, α=1.000, ‖θ[1:]‖₁=97.312, num_selected_knots=1472
2025-09-01 17:22:29,770 - Iter 286: obj=-934.259572, change=1.57e-02, α=1.000, ‖θ[1:]‖₁=97.279, num_selected_knots=1470
2025-09-01 17:22:34,291 - Iter 287: obj=-934.280609, change=1.57e-02, α=1.000, ‖θ[1:]‖₁=97.248, num_selected_knots=1470
2025-09-01 17:22:37,893 - Iter 288: obj=-934.301484, change=1.54e-02, α=1.000, ‖θ[1:]‖₁=97.216, num_selected_knots=1467
2025-09-01 17:22:41,586 - Iter 289: obj=-934.321950, change=1.53e-02, α=1.000, ‖θ[1:]‖₁=97.185, num_selected_knots=1465
2025-09-01 17:22:45,300 - Iter 290: obj=-934.341938, change=1.53e-02, α=1.000, ‖θ[1:]‖₁=97.155, num_selected_knots=1463
2025-09-01 17:22:49,012 - Iter 291: obj=-934.361767, change=1.53e-02, α=1.000, ‖θ[1:]‖₁=97.125, num_selected_knots=1463
2025-09-01 17:22:57,419 - Iter 292: obj=-934.381440, change=1.52e-02, α=1.000, ‖θ[1:]‖₁=97.096, num_selected_knots=1461
2025-09-01 17:23:00,927 - Iter 293: obj=-934.400978, change=1.52e-02, α=1.000, ‖θ[1:]‖₁=97.067, num_selected_knots=1461
2025-09-01 17:23:04,852 - Iter 294: obj=-934.420386, change=1.52e-02, α=1.000, ‖θ[1:]‖₁=97.039, num_selected_knots=1459
2025-09-01 17:23:08,526 - Iter 295: obj=-934.439671, change=1.52e-02, α=1.000, ‖θ[1:]‖₁=97.011, num_selected_knots=1456
2025-09-01 17:23:17,118 - Iter 296: obj=-934.458770, change=1.51e-02, α=1.000, ‖θ[1:]‖₁=96.984, num_selected_knots=1454
2025-09-01 17:23:20,570 - Iter 297: obj=-934.477714, change=1.51e-02, α=1.000, ‖θ[1:]‖₁=96.957, num_selected_knots=1452
2025-09-01 17:23:24,020 - Iter 298: obj=-934.496548, change=1.51e-02, α=1.000, ‖θ[1:]‖₁=96.931, num_selected_knots=1451
2025-09-01 17:23:27,647 - Iter 299: obj=-934.515282, change=1.48e-02, α=1.000, ‖θ[1:]‖₁=96.906, num_selected_knots=1450
2025-09-01 17:23:31,364 - Iter 300: obj=-934.533845, change=1.49e-02, α=1.000, ‖θ[1:]‖₁=96.880, num_selected_knots=1449
2025-09-01 17:23:35,029 - Iter 301: obj=-934.552187, change=1.48e-02, α=1.000, ‖θ[1:]‖₁=96.856, num_selected_knots=1445
2025-09-01 17:23:38,596 - Iter 302: obj=-934.570449, change=1.48e-02, α=1.000, ‖θ[1:]‖₁=96.832, num_selected_knots=1443
2025-09-01 17:23:42,167 - Iter 303: obj=-934.588630, change=1.48e-02, α=1.000, ‖θ[1:]‖₁=96.808, num_selected_knots=1442
2025-09-01 17:23:45,716 - Iter 304: obj=-934.606737, change=1.48e-02, α=1.000, ‖θ[1:]‖₁=96.785, num_selected_knots=1441
2025-09-01 17:23:49,421 - Iter 305: obj=-934.624764, change=1.47e-02, α=1.000, ‖θ[1:]‖₁=96.762, num_selected_knots=1439
2025-09-01 17:23:54,871 - Iter 306: obj=-934.642701, change=1.47e-02, α=1.000, ‖θ[1:]‖₁=96.739, num_selected_knots=1435
2025-09-01 17:23:58,474 - Iter 307: obj=-934.660563, change=1.47e-02, α=1.000, ‖θ[1:]‖₁=96.718, num_selected_knots=1432
2025-09-01 17:24:02,026 - Iter 308: obj=-934.678349, change=1.44e-02, α=1.000, ‖θ[1:]‖₁=96.696, num_selected_knots=1428
2025-09-01 17:24:05,641 - Iter 309: obj=-934.695837, change=1.44e-02, α=1.000, ‖θ[1:]‖₁=96.675, num_selected_knots=1426
2025-09-01 17:24:09,467 - Iter 310: obj=-934.713027, change=1.44e-02, α=1.000, ‖θ[1:]‖₁=96.654, num_selected_knots=1423
2025-09-01 17:24:13,142 - Iter 311: obj=-934.730113, change=1.43e-02, α=1.000, ‖θ[1:]‖₁=96.634, num_selected_knots=1420
2025-09-01 17:24:18,887 - Iter 312: obj=-934.747140, change=1.43e-02, α=1.000, ‖θ[1:]‖₁=96.614, num_selected_knots=1419
2025-09-01 17:24:22,392 - Iter 313: obj=-934.764113, change=1.43e-02, α=1.000, ‖θ[1:]‖₁=96.594, num_selected_knots=1414
2025-09-01 17:24:25,938 - Iter 314: obj=-934.781042, change=1.43e-02, α=1.000, ‖θ[1:]‖₁=96.576, num_selected_knots=1412
2025-09-01 17:24:29,493 - Iter 315: obj=-934.797395, change=1.42e-02, α=1.000, ‖θ[1:]‖₁=96.559, num_selected_knots=1408
2025-09-01 17:24:33,048 - Iter 316: obj=-934.813648, change=1.34e-02, α=1.000, ‖θ[1:]‖₁=96.542, num_selected_knots=1406
2025-09-01 17:24:36,691 - Iter 317: obj=-934.829672, change=1.32e-02, α=1.000, ‖θ[1:]‖₁=96.527, num_selected_knots=1405
2025-09-01 17:24:40,483 - Iter 318: obj=-934.844942, change=1.32e-02, α=1.000, ‖θ[1:]‖₁=96.512, num_selected_knots=1403
2025-09-01 17:24:44,124 - Iter 319: obj=-934.859871, change=1.31e-02, α=1.000, ‖θ[1:]‖₁=96.497, num_selected_knots=1400
2025-09-01 17:24:47,787 - Iter 320: obj=-934.874770, change=1.31e-02, α=1.000, ‖θ[1:]‖₁=96.483, num_selected_knots=1398
2025-09-01 17:24:56,172 - Iter 321: obj=-934.889640, change=1.31e-02, α=1.000, ‖θ[1:]‖₁=96.469, num_selected_knots=1396
2025-09-01 17:24:59,676 - Iter 322: obj=-934.904502, change=1.31e-02, α=1.000, ‖θ[1:]‖₁=96.456, num_selected_knots=1394
2025-09-01 17:25:03,155 - Iter 323: obj=-934.919327, change=1.30e-02, α=1.000, ‖θ[1:]‖₁=96.442, num_selected_knots=1394
2025-09-01 17:25:06,638 - Iter 324: obj=-934.934118, change=1.30e-02, α=1.000, ‖θ[1:]‖₁=96.429, num_selected_knots=1393
2025-09-01 17:25:10,118 - Iter 325: obj=-934.948867, change=1.30e-02, α=1.000, ‖θ[1:]‖₁=96.417, num_selected_knots=1391
2025-09-01 17:25:13,856 - Iter 326: obj=-934.963557, change=1.30e-02, α=1.000, ‖θ[1:]‖₁=96.404, num_selected_knots=1390
2025-09-01 17:25:17,358 - Iter 327: obj=-934.978263, change=1.29e-02, α=1.000, ‖θ[1:]‖₁=96.392, num_selected_knots=1390
2025-09-01 17:25:21,097 - Iter 328: obj=-934.992943, change=1.27e-02, α=1.000, ‖θ[1:]‖₁=96.381, num_selected_knots=1388
2025-09-01 17:25:24,662 - Iter 329: obj=-935.007470, change=1.27e-02, α=1.000, ‖θ[1:]‖₁=96.369, num_selected_knots=1386
2025-09-01 17:25:28,253 - Iter 330: obj=-935.021893, change=1.27e-02, α=1.000, ‖θ[1:]‖₁=96.358, num_selected_knots=1384
2025-09-01 17:25:31,823 - Iter 331: obj=-935.036276, change=1.27e-02, α=1.000, ‖θ[1:]‖₁=96.347, num_selected_knots=1381
2025-09-01 17:25:35,405 - Iter 332: obj=-935.050614, change=1.27e-02, α=1.000, ‖θ[1:]‖₁=96.336, num_selected_knots=1378
2025-09-01 17:25:39,072 - Iter 333: obj=-935.064870, change=1.26e-02, α=1.000, ‖θ[1:]‖₁=96.326, num_selected_knots=1378
2025-09-01 17:25:42,641 - Iter 334: obj=-935.079097, change=1.26e-02, α=1.000, ‖θ[1:]‖₁=96.316, num_selected_knots=1377
2025-09-01 17:25:46,334 - Iter 335: obj=-935.093242, change=1.26e-02, α=1.000, ‖θ[1:]‖₁=96.309, num_selected_knots=1375
2025-09-01 17:25:49,976 - Iter 336: obj=-935.107027, change=1.25e-02, α=1.000, ‖θ[1:]‖₁=96.302, num_selected_knots=1371
2025-09-01 17:25:53,594 - Iter 337: obj=-935.120558, change=1.23e-02, α=1.000, ‖θ[1:]‖₁=96.296, num_selected_knots=1369
2025-09-01 17:25:57,190 - Iter 338: obj=-935.133809, change=1.23e-02, α=1.000, ‖θ[1:]‖₁=96.292, num_selected_knots=1367
2025-09-01 17:26:00,860 - Iter 339: obj=-935.146332, change=1.22e-02, α=1.000, ‖θ[1:]‖₁=96.289, num_selected_knots=1364
2025-09-01 17:26:04,484 - Iter 340: obj=-935.158858, change=1.22e-02, α=1.000, ‖θ[1:]‖₁=96.286, num_selected_knots=1359
2025-09-01 17:26:08,392 - Iter 341: obj=-935.171444, change=1.23e-02, α=1.000, ‖θ[1:]‖₁=96.283, num_selected_knots=1358
2025-09-01 17:26:12,045 - Iter 342: obj=-935.184137, change=1.23e-02, α=1.000, ‖θ[1:]‖₁=96.281, num_selected_knots=1356
2025-09-01 17:26:15,655 - Iter 343: obj=-935.196921, change=1.23e-02, α=1.000, ‖θ[1:]‖₁=96.278, num_selected_knots=1348
2025-09-01 17:26:19,295 - Iter 344: obj=-935.209716, change=1.23e-02, α=1.000, ‖θ[1:]‖₁=96.276, num_selected_knots=1347
2025-09-01 17:26:25,278 - Iter 345: obj=-935.222534, change=1.23e-02, α=1.000, ‖θ[1:]‖₁=96.274, num_selected_knots=1345
2025-09-01 17:26:28,885 - Iter 346: obj=-935.235409, change=1.23e-02, α=1.000, ‖θ[1:]‖₁=96.272, num_selected_knots=1343
2025-09-01 17:26:32,546 - Iter 347: obj=-935.248335, change=1.23e-02, α=1.000, ‖θ[1:]‖₁=96.271, num_selected_knots=1342
2025-09-01 17:26:36,159 - Iter 348: obj=-935.261310, change=1.18e-02, α=1.000, ‖θ[1:]‖₁=96.269, num_selected_knots=1341
2025-09-01 17:26:39,789 - Iter 349: obj=-935.273783, change=1.18e-02, α=1.000, ‖θ[1:]‖₁=96.267, num_selected_knots=1340
2025-09-01 17:26:43,406 - Iter 350: obj=-935.286140, change=1.18e-02, α=1.000, ‖θ[1:]‖₁=96.266, num_selected_knots=1338
2025-09-01 17:26:52,279 - Iter 351: obj=-935.298524, change=1.18e-02, α=1.000, ‖θ[1:]‖₁=96.264, num_selected_knots=1337
2025-09-01 17:26:55,963 - Iter 352: obj=-935.310938, change=1.18e-02, α=1.000, ‖θ[1:]‖₁=96.263, num_selected_knots=1336
2025-09-01 17:26:59,475 - Iter 353: obj=-935.323384, change=1.18e-02, α=1.000, ‖θ[1:]‖₁=96.262, num_selected_knots=1334
2025-09-01 17:27:03,172 - Iter 354: obj=-935.335859, change=1.18e-02, α=1.000, ‖θ[1:]‖₁=96.261, num_selected_knots=1331
2025-09-01 17:27:07,134 - Iter 355: obj=-935.348362, change=1.18e-02, α=1.000, ‖θ[1:]‖₁=96.260, num_selected_knots=1330
2025-09-01 17:27:10,946 - Iter 356: obj=-935.360904, change=1.18e-02, α=1.000, ‖θ[1:]‖₁=96.259, num_selected_knots=1329
2025-09-01 17:27:19,395 - Iter 357: obj=-935.373464, change=1.06e-02, α=1.000, ‖θ[1:]‖₁=96.264, num_selected_knots=1326
2025-09-01 17:27:22,916 - Iter 358: obj=-935.383616, change=9.03e-03, α=1.000, ‖θ[1:]‖₁=96.274, num_selected_knots=1323
2025-09-01 17:27:26,429 - Iter 359: obj=-935.392617, change=9.08e-03, α=1.000, ‖θ[1:]‖₁=96.285, num_selected_knots=1321
2025-09-01 17:27:29,945 - Iter 360: obj=-935.401781, change=9.11e-03, α=1.000, ‖θ[1:]‖₁=96.295, num_selected_knots=1320
2025-09-01 17:27:33,484 - Iter 361: obj=-935.411033, change=9.13e-03, α=1.000, ‖θ[1:]‖₁=96.306, num_selected_knots=1320
2025-09-01 17:27:36,990 - Iter 362: obj=-935.420341, change=9.15e-03, α=1.000, ‖θ[1:]‖₁=96.316, num_selected_knots=1315
2025-09-01 17:27:40,650 - Iter 363: obj=-935.429683, change=9.16e-03, α=1.000, ‖θ[1:]‖₁=96.326, num_selected_knots=1311
2025-09-01 17:27:44,317 - Iter 364: obj=-935.439047, change=9.17e-03, α=1.000, ‖θ[1:]‖₁=96.336, num_selected_knots=1311
2025-09-01 17:27:47,902 - Iter 365: obj=-935.448426, change=9.18e-03, α=1.000, ‖θ[1:]‖₁=96.346, num_selected_knots=1310
2025-09-01 17:27:51,476 - Iter 366: obj=-935.457811, change=9.19e-03, α=1.000, ‖θ[1:]‖₁=96.356, num_selected_knots=1307
2025-09-01 17:27:55,363 - Iter 367: obj=-935.467194, change=9.19e-03, α=1.000, ‖θ[1:]‖₁=96.366, num_selected_knots=1306
2025-09-01 17:27:59,027 - Iter 368: obj=-935.476549, change=9.20e-03, α=1.000, ‖θ[1:]‖₁=96.375, num_selected_knots=1303
2025-09-01 17:28:07,045 - Iter 369: obj=-935.485892, change=9.20e-03, α=1.000, ‖θ[1:]‖₁=96.384, num_selected_knots=1300
2025-09-01 17:28:10,610 - Iter 370: obj=-935.495198, change=9.20e-03, α=1.000, ‖θ[1:]‖₁=96.394, num_selected_knots=1298
2025-09-01 17:28:14,180 - Iter 371: obj=-935.504454, change=9.21e-03, α=1.000, ‖θ[1:]‖₁=96.402, num_selected_knots=1296
2025-09-01 17:28:17,720 - Iter 372: obj=-935.513692, change=8.77e-03, α=1.000, ‖θ[1:]‖₁=96.411, num_selected_knots=1294
2025-09-01 17:28:21,249 - Iter 373: obj=-935.522657, change=8.77e-03, α=1.000, ‖θ[1:]‖₁=96.420, num_selected_knots=1294
2025-09-01 17:28:24,772 - Iter 374: obj=-935.531478, change=8.77e-03, α=1.000, ‖θ[1:]‖₁=96.428, num_selected_knots=1294
2025-09-01 17:28:28,329 - Iter 375: obj=-935.540269, change=8.76e-03, α=1.000, ‖θ[1:]‖₁=96.436, num_selected_knots=1293
2025-09-01 17:28:31,834 - Iter 376: obj=-935.549031, change=8.76e-03, α=1.000, ‖θ[1:]‖₁=96.444, num_selected_knots=1292
2025-09-01 17:28:35,347 - Iter 377: obj=-935.557767, change=8.76e-03, α=1.000, ‖θ[1:]‖₁=96.452, num_selected_knots=1290
2025-09-01 17:28:39,216 - Iter 378: obj=-935.566475, change=8.75e-03, α=1.000, ‖θ[1:]‖₁=96.459, num_selected_knots=1290
2025-09-01 17:28:43,160 - Iter 379: obj=-935.575157, change=8.75e-03, α=1.000, ‖θ[1:]‖₁=96.466, num_selected_knots=1289
2025-09-01 17:28:46,831 - Iter 380: obj=-935.583815, change=8.74e-03, α=1.000, ‖θ[1:]‖₁=96.474, num_selected_knots=1288
2025-09-01 17:28:50,496 - Iter 381: obj=-935.592446, change=8.74e-03, α=1.000, ‖θ[1:]‖₁=96.481, num_selected_knots=1288
2025-09-01 17:28:58,597 - Iter 382: obj=-935.601047, change=8.73e-03, α=1.000, ‖θ[1:]‖₁=96.488, num_selected_knots=1286
2025-09-01 17:29:02,096 - Iter 383: obj=-935.609620, change=8.73e-03, α=1.000, ‖θ[1:]‖₁=96.494, num_selected_knots=1282
2025-09-01 17:29:05,583 - Iter 384: obj=-935.618163, change=8.72e-03, α=1.000, ‖θ[1:]‖₁=96.501, num_selected_knots=1280
2025-09-01 17:29:09,058 - Iter 385: obj=-935.626679, change=8.71e-03, α=1.000, ‖θ[1:]‖₁=96.507, num_selected_knots=1279
2025-09-01 17:29:12,526 - Iter 386: obj=-935.635161, change=8.71e-03, α=1.000, ‖θ[1:]‖₁=96.514, num_selected_knots=1277
2025-09-01 17:29:16,284 - Iter 387: obj=-935.643614, change=8.70e-03, α=1.000, ‖θ[1:]‖₁=96.520, num_selected_knots=1276
2025-09-01 17:29:19,873 - Iter 388: obj=-935.652039, change=8.69e-03, α=1.000, ‖θ[1:]‖₁=96.526, num_selected_knots=1275
2025-09-01 17:29:23,423 - Iter 389: obj=-935.660436, change=8.69e-03, α=1.000, ‖θ[1:]‖₁=96.532, num_selected_knots=1274
2025-09-01 17:29:27,142 - Iter 390: obj=-935.668805, change=8.68e-03, α=1.000, ‖θ[1:]‖₁=96.537, num_selected_knots=1273
2025-09-01 17:29:30,736 - Iter 391: obj=-935.677147, change=8.67e-03, α=1.000, ‖θ[1:]‖₁=96.543, num_selected_knots=1271
2025-09-01 17:29:34,362 - Iter 392: obj=-935.685462, change=8.66e-03, α=1.000, ‖θ[1:]‖₁=96.548, num_selected_knots=1271
2025-09-01 17:29:38,573 - Iter 393: obj=-935.693752, change=8.65e-03, α=1.000, ‖θ[1:]‖₁=96.554, num_selected_knots=1269
2025-09-01 17:29:42,139 - Iter 394: obj=-935.702014, change=8.65e-03, α=1.000, ‖θ[1:]‖₁=96.559, num_selected_knots=1269
2025-09-01 17:29:45,725 - Iter 395: obj=-935.710249, change=8.64e-03, α=1.000, ‖θ[1:]‖₁=96.564, num_selected_knots=1269
2025-09-01 17:29:54,543 - Iter 396: obj=-935.718453, change=8.63e-03, α=1.000, ‖θ[1:]‖₁=96.569, num_selected_knots=1266
2025-09-01 17:29:58,255 - Iter 397: obj=-935.726607, change=8.62e-03, α=1.000, ‖θ[1:]‖₁=96.574, num_selected_knots=1266
2025-09-01 17:30:02,034 - Iter 398: obj=-935.734733, change=8.61e-03, α=1.000, ‖θ[1:]‖₁=96.578, num_selected_knots=1264
2025-09-01 17:30:05,628 - Iter 399: obj=-935.742835, change=8.60e-03, α=1.000, ‖θ[1:]‖₁=96.583, num_selected_knots=1261
2025-09-01 17:30:09,129 - Iter 400: obj=-935.750916, change=8.60e-03, α=1.000, ‖θ[1:]‖₁=96.587, num_selected_knots=1260
2025-09-01 17:30:12,704 - Iter 401: obj=-935.758973, change=8.59e-03, α=1.000, ‖θ[1:]‖₁=96.592, num_selected_knots=1257
2025-09-01 17:30:16,259 - Iter 402: obj=-935.766967, change=8.58e-03, α=1.000, ‖θ[1:]‖₁=96.596, num_selected_knots=1256
2025-09-01 17:30:19,847 - Iter 403: obj=-935.774865, change=8.57e-03, α=1.000, ‖θ[1:]‖₁=96.600, num_selected_knots=1256
2025-09-01 17:30:23,403 - Iter 404: obj=-935.782740, change=8.56e-03, α=1.000, ‖θ[1:]‖₁=96.604, num_selected_knots=1253
2025-09-01 17:30:29,530 - Iter 405: obj=-935.790593, change=8.55e-03, α=1.000, ‖θ[1:]‖₁=96.608, num_selected_knots=1252
2025-09-01 17:30:32,996 - Iter 406: obj=-935.798427, change=8.37e-03, α=1.000, ‖θ[1:]‖₁=96.612, num_selected_knots=1251
2025-09-01 17:30:36,435 - Iter 407: obj=-935.806235, change=8.38e-03, α=1.000, ‖θ[1:]‖₁=96.616, num_selected_knots=1250
2025-09-01 17:30:39,814 - Iter 408: obj=-935.813914, change=8.37e-03, α=1.000, ‖θ[1:]‖₁=96.620, num_selected_knots=1250
2025-09-01 17:30:43,171 - Iter 409: obj=-935.821571, change=8.36e-03, α=1.000, ‖θ[1:]‖₁=96.623, num_selected_knots=1250
2025-09-01 17:30:46,572 - Iter 410: obj=-935.829206, change=8.35e-03, α=1.000, ‖θ[1:]‖₁=96.627, num_selected_knots=1249
2025-09-01 17:30:49,999 - Iter 411: obj=-935.836825, change=8.34e-03, α=1.000, ‖θ[1:]‖₁=96.630, num_selected_knots=1247
2025-09-01 17:30:53,754 - Iter 412: obj=-935.844410, change=8.33e-03, α=1.000, ‖θ[1:]‖₁=96.633, num_selected_knots=1244
2025-09-01 17:30:59,825 - Iter 413: obj=-935.851970, change=8.32e-03, α=1.000, ‖θ[1:]‖₁=96.637, num_selected_knots=1241
2025-09-01 17:31:03,313 - Iter 414: obj=-935.859509, change=8.31e-03, α=1.000, ‖θ[1:]‖₁=96.640, num_selected_knots=1239
2025-09-01 17:31:06,778 - Iter 415: obj=-935.867036, change=8.30e-03, α=1.000, ‖θ[1:]‖₁=96.643, num_selected_knots=1239
2025-09-01 17:31:10,196 - Iter 416: obj=-935.874544, change=8.29e-03, α=1.000, ‖θ[1:]‖₁=96.646, num_selected_knots=1238
2025-09-01 17:31:17,720 - Iter 417: obj=-935.881973, change=8.28e-03, α=1.000, ‖θ[1:]‖₁=96.649, num_selected_knots=1238
2025-09-01 17:31:21,219 - Iter 418: obj=-935.889343, change=8.27e-03, α=1.000, ‖θ[1:]‖₁=96.652, num_selected_knots=1238
2025-09-01 17:31:24,613 - Iter 419: obj=-935.896695, change=8.26e-03, α=1.000, ‖θ[1:]‖₁=96.655, num_selected_knots=1238
2025-09-01 17:31:28,087 - Iter 420: obj=-935.904030, change=8.26e-03, α=1.000, ‖θ[1:]‖₁=96.658, num_selected_knots=1236
2025-09-01 17:31:31,900 - Iter 421: obj=-935.911347, change=8.25e-03, α=1.000, ‖θ[1:]‖₁=96.660, num_selected_knots=1234
2025-09-01 17:31:35,548 - Iter 422: obj=-935.918647, change=8.24e-03, α=1.000, ‖θ[1:]‖₁=96.663, num_selected_knots=1231
2025-09-01 17:31:39,200 - Iter 423: obj=-935.925931, change=8.18e-03, α=1.000, ‖θ[1:]‖₁=96.666, num_selected_knots=1228
2025-09-01 17:31:46,061 - Iter 424: obj=-935.933168, change=8.17e-03, α=1.000, ‖θ[1:]‖₁=96.668, num_selected_knots=1226
2025-09-01 17:31:50,203 - Iter 425: obj=-935.940369, change=8.08e-03, α=1.000, ‖θ[1:]‖₁=96.671, num_selected_knots=1224
2025-09-01 17:31:57,262 - Iter 426: obj=-935.947557, change=8.10e-03, α=1.000, ‖θ[1:]‖₁=96.673, num_selected_knots=1224
2025-09-01 17:32:00,831 - Iter 427: obj=-935.954688, change=8.09e-03, α=1.000, ‖θ[1:]‖₁=96.676, num_selected_knots=1224
2025-09-01 17:32:04,400 - Iter 428: obj=-935.961802, change=8.08e-03, α=1.000, ‖θ[1:]‖₁=96.678, num_selected_knots=1223
2025-09-01 17:32:07,876 - Iter 429: obj=-935.968902, change=8.07e-03, α=1.000, ‖θ[1:]‖₁=96.680, num_selected_knots=1221
2025-09-01 17:32:11,648 - Iter 430: obj=-935.975988, change=8.06e-03, α=1.000, ‖θ[1:]‖₁=96.683, num_selected_knots=1218
2025-09-01 17:32:15,249 - Iter 431: obj=-935.983061, change=8.05e-03, α=1.000, ‖θ[1:]‖₁=96.685, num_selected_knots=1216
2025-09-01 17:32:19,010 - Iter 432: obj=-935.990118, change=8.01e-03, α=1.000, ‖θ[1:]‖₁=96.687, num_selected_knots=1216
2025-09-01 17:32:22,660 - Iter 433: obj=-935.997147, change=7.98e-03, α=1.000, ‖θ[1:]‖₁=96.690, num_selected_knots=1212
2025-09-01 17:32:26,251 - Iter 434: obj=-936.004144, change=7.84e-03, α=1.000, ‖θ[1:]‖₁=96.692, num_selected_knots=1211
2025-09-01 17:32:30,238 - Iter 435: obj=-936.011018, change=7.83e-03, α=1.000, ‖θ[1:]‖₁=96.694, num_selected_knots=1208
2025-09-01 17:32:37,161 - Iter 436: obj=-936.017666, change=7.82e-03, α=1.000, ‖θ[1:]‖₁=96.696, num_selected_knots=1208
2025-09-01 17:32:40,645 - Iter 437: obj=-936.024297, change=7.81e-03, α=1.000, ‖θ[1:]‖₁=96.698, num_selected_knots=1208
2025-09-01 17:32:44,392 - Iter 438: obj=-936.030915, change=7.80e-03, α=1.000, ‖θ[1:]‖₁=96.700, num_selected_knots=1202
2025-09-01 17:32:49,719 - Iter 439: obj=-936.037532, change=7.79e-03, α=1.000, ‖θ[1:]‖₁=96.702, num_selected_knots=1201
2025-09-01 17:32:53,662 - Iter 440: obj=-936.044153, change=7.79e-03, α=1.000, ‖θ[1:]‖₁=96.704, num_selected_knots=1201
2025-09-01 17:33:02,012 - Iter 441: obj=-936.050765, change=7.78e-03, α=1.000, ‖θ[1:]‖₁=96.706, num_selected_knots=1200
2025-09-01 17:33:05,641 - Iter 442: obj=-936.057365, change=7.77e-03, α=1.000, ‖θ[1:]‖₁=96.708, num_selected_knots=1200
2025-09-01 17:33:09,311 - Iter 443: obj=-936.063955, change=7.76e-03, α=1.000, ‖θ[1:]‖₁=96.710, num_selected_knots=1199
2025-09-01 17:33:13,143 - Iter 444: obj=-936.070536, change=7.75e-03, α=1.000, ‖θ[1:]‖₁=96.711, num_selected_knots=1199
2025-09-01 17:33:16,781 - Iter 445: obj=-936.077106, change=7.74e-03, α=1.000, ‖θ[1:]‖₁=96.713, num_selected_knots=1198
2025-09-01 17:33:20,409 - Iter 446: obj=-936.083668, change=7.73e-03, α=1.000, ‖θ[1:]‖₁=96.715, num_selected_knots=1196
2025-09-01 17:33:24,031 - Iter 447: obj=-936.090221, change=7.28e-03, α=1.000, ‖θ[1:]‖₁=96.717, num_selected_knots=1194
2025-09-01 17:33:27,639 - Iter 448: obj=-936.096419, change=7.27e-03, α=1.000, ‖θ[1:]‖₁=96.718, num_selected_knots=1193
2025-09-01 17:33:31,217 - Iter 449: obj=-936.102528, change=7.26e-03, α=1.000, ‖θ[1:]‖₁=96.720, num_selected_knots=1191
2025-09-01 17:33:34,755 - Iter 450: obj=-936.108626, change=7.25e-03, α=1.000, ‖θ[1:]‖₁=96.722, num_selected_knots=1191
2025-09-01 17:33:38,291 - Iter 451: obj=-936.114735, change=7.24e-03, α=1.000, ‖θ[1:]‖₁=96.723, num_selected_knots=1189
2025-09-01 17:33:43,311 - Iter 452: obj=-936.120846, change=7.23e-03, α=1.000, ‖θ[1:]‖₁=96.725, num_selected_knots=1186
2025-09-01 17:33:46,865 - Iter 453: obj=-936.126966, change=7.22e-03, α=1.000, ‖θ[1:]‖₁=96.726, num_selected_knots=1185
2025-09-01 17:33:50,361 - Iter 454: obj=-936.133082, change=7.19e-03, α=1.000, ‖θ[1:]‖₁=96.728, num_selected_knots=1184
2025-09-01 17:33:58,496 - Iter 455: obj=-936.139179, change=7.18e-03, α=1.000, ‖θ[1:]‖₁=96.730, num_selected_knots=1181
2025-09-01 17:34:01,892 - Iter 456: obj=-936.145195, change=7.17e-03, α=1.000, ‖θ[1:]‖₁=96.731, num_selected_knots=1179
2025-09-01 17:34:05,344 - Iter 457: obj=-936.151177, change=7.16e-03, α=1.000, ‖θ[1:]‖₁=96.733, num_selected_knots=1179
2025-09-01 17:34:08,802 - Iter 458: obj=-936.157152, change=7.16e-03, α=1.000, ‖θ[1:]‖₁=96.734, num_selected_knots=1179
2025-09-01 17:34:12,257 - Iter 459: obj=-936.163120, change=7.14e-03, α=1.000, ‖θ[1:]‖₁=96.736, num_selected_knots=1176
2025-09-01 17:34:15,649 - Iter 460: obj=-936.169071, change=7.13e-03, α=1.000, ‖θ[1:]‖₁=96.738, num_selected_knots=1176
2025-09-01 17:34:19,109 - Iter 461: obj=-936.175012, change=7.12e-03, α=1.000, ‖θ[1:]‖₁=96.739, num_selected_knots=1173
2025-09-01 17:34:22,515 - Iter 462: obj=-936.180949, change=7.11e-03, α=1.000, ‖θ[1:]‖₁=96.741, num_selected_knots=1171
2025-09-01 17:34:25,967 - Iter 463: obj=-936.186884, change=7.10e-03, α=1.000, ‖θ[1:]‖₁=96.743, num_selected_knots=1170
2025-09-01 17:34:29,408 - Iter 464: obj=-936.192815, change=7.10e-03, α=1.000, ‖θ[1:]‖₁=96.744, num_selected_knots=1170
2025-09-01 17:34:33,062 - Iter 465: obj=-936.198740, change=7.09e-03, α=1.000, ‖θ[1:]‖₁=96.746, num_selected_knots=1168
2025-09-01 17:34:36,896 - Iter 466: obj=-936.204653, change=7.08e-03, α=1.000, ‖θ[1:]‖₁=96.748, num_selected_knots=1168
2025-09-01 17:34:40,419 - Iter 467: obj=-936.210554, change=7.07e-03, α=1.000, ‖θ[1:]‖₁=96.749, num_selected_knots=1167
2025-09-01 17:34:43,921 - Iter 468: obj=-936.216449, change=7.07e-03, α=1.000, ‖θ[1:]‖₁=96.751, num_selected_knots=1167
2025-09-01 17:34:47,471 - Iter 469: obj=-936.222339, change=7.06e-03, α=1.000, ‖θ[1:]‖₁=96.753, num_selected_knots=1167
2025-09-01 17:34:51,334 - Iter 470: obj=-936.228225, change=7.05e-03, α=1.000, ‖θ[1:]‖₁=96.754, num_selected_knots=1166
2025-09-01 17:35:00,081 - Iter 471: obj=-936.234107, change=7.05e-03, α=1.000, ‖θ[1:]‖₁=96.756, num_selected_knots=1164
2025-09-01 17:35:03,643 - Iter 472: obj=-936.239981, change=7.04e-03, α=1.000, ‖θ[1:]‖₁=96.757, num_selected_knots=1162
2025-09-01 17:35:07,284 - Iter 473: obj=-936.245824, change=7.03e-03, α=1.000, ‖θ[1:]‖₁=96.759, num_selected_knots=1162
2025-09-01 17:35:11,065 - Iter 474: obj=-936.251647, change=7.03e-03, α=1.000, ‖θ[1:]‖₁=96.761, num_selected_knots=1162
2025-09-01 17:35:18,069 - Iter 475: obj=-936.257467, change=7.02e-03, α=1.000, ‖θ[1:]‖₁=96.763, num_selected_knots=1161
2025-09-01 17:35:21,537 - Iter 476: obj=-936.263286, change=7.02e-03, α=1.000, ‖θ[1:]‖₁=96.765, num_selected_knots=1160
2025-09-01 17:35:25,068 - Iter 477: obj=-936.269104, change=7.01e-03, α=1.000, ‖θ[1:]‖₁=96.766, num_selected_knots=1159
2025-09-01 17:35:28,598 - Iter 478: obj=-936.274921, change=7.01e-03, α=1.000, ‖θ[1:]‖₁=96.768, num_selected_knots=1157
2025-09-01 17:35:32,152 - Iter 479: obj=-936.280707, change=7.00e-03, α=1.000, ‖θ[1:]‖₁=96.770, num_selected_knots=1157
2025-09-01 17:35:35,628 - Iter 480: obj=-936.286436, change=7.00e-03, α=1.000, ‖θ[1:]‖₁=96.771, num_selected_knots=1156
2025-09-01 17:35:39,051 - Iter 481: obj=-936.292092, change=6.99e-03, α=1.000, ‖θ[1:]‖₁=96.773, num_selected_knots=1154
2025-09-01 17:35:42,510 - Iter 482: obj=-936.297746, change=6.99e-03, α=1.000, ‖θ[1:]‖₁=96.775, num_selected_knots=1154
2025-09-01 17:35:46,109 - Iter 483: obj=-936.303399, change=6.98e-03, α=1.000, ‖θ[1:]‖₁=96.776, num_selected_knots=1154
2025-09-01 17:35:49,694 - Iter 484: obj=-936.309052, change=6.98e-03, α=1.000, ‖θ[1:]‖₁=96.778, num_selected_knots=1153
2025-09-01 17:35:53,504 - Iter 485: obj=-936.314703, change=6.97e-03, α=1.000, ‖θ[1:]‖₁=96.780, num_selected_knots=1153
2025-09-01 17:35:57,509 - Iter 486: obj=-936.320352, change=6.97e-03, α=1.000, ‖θ[1:]‖₁=96.781, num_selected_knots=1150
2025-09-01 17:36:02,864 - Iter 487: obj=-936.325959, change=6.96e-03, α=1.000, ‖θ[1:]‖₁=96.783, num_selected_knots=1148
2025-09-01 17:36:06,276 - Iter 488: obj=-936.331558, change=6.96e-03, α=1.000, ‖θ[1:]‖₁=96.784, num_selected_knots=1148
2025-09-01 17:36:09,755 - Iter 489: obj=-936.337157, change=6.95e-03, α=1.000, ‖θ[1:]‖₁=96.786, num_selected_knots=1148
2025-09-01 17:36:13,209 - Iter 490: obj=-936.342754, change=6.95e-03, α=1.000, ‖θ[1:]‖₁=96.787, num_selected_knots=1146
2025-09-01 17:36:16,645 - Iter 491: obj=-936.348349, change=6.59e-03, α=1.000, ‖θ[1:]‖₁=96.789, num_selected_knots=1142
2025-09-01 17:36:20,098 - Iter 492: obj=-936.353932, change=6.47e-03, α=1.000, ‖θ[1:]‖₁=96.790, num_selected_knots=1141
2025-09-01 17:36:23,758 - Iter 493: obj=-936.359289, change=6.46e-03, α=1.000, ‖θ[1:]‖₁=96.792, num_selected_knots=1139
2025-09-01 17:36:27,395 - Iter 494: obj=-936.364641, change=6.46e-03, α=1.000, ‖θ[1:]‖₁=96.793, num_selected_knots=1138
2025-09-01 17:36:30,963 - Iter 495: obj=-936.369990, change=6.45e-03, α=1.000, ‖θ[1:]‖₁=96.795, num_selected_knots=1136
2025-09-01 17:36:34,716 - Iter 496: obj=-936.375338, change=6.45e-03, α=1.000, ‖θ[1:]‖₁=96.796, num_selected_knots=1134
2025-09-01 17:36:38,262 - Iter 497: obj=-936.380683, change=6.44e-03, α=1.000, ‖θ[1:]‖₁=96.797, num_selected_knots=1134
2025-09-01 17:36:41,828 - Iter 498: obj=-936.386028, change=6.44e-03, α=1.000, ‖θ[1:]‖₁=96.799, num_selected_knots=1131
2025-09-01 17:36:45,579 - Iter 499: obj=-936.391371, change=6.43e-03, α=1.000, ‖θ[1:]‖₁=96.800, num_selected_knots=1129
2025-09-01 17:36:53,811 - Iter 500: obj=-936.396714, change=6.43e-03, α=1.000, ‖θ[1:]‖₁=96.801, num_selected_knots=1129
2025-09-01 17:36:53,835 - Final: obj=-936.402055, selected_knots=1129, iterations=501
