2025-09-06 15:07:55,684 - ProximalNewton: lam=0.75, n_grid=200, cd_sweeps=2, basis_order=1, n_samples=3200, K=3202
2025-09-06 15:08:05,146 - Iter   0: obj=0.000000, change=1.02e+00, α=1.000, ‖θ[1:]‖₁=9.324, num_selected_knots=2703
2025-09-06 15:08:08,418 - Iter   1: obj=-173.107044, change=4.67e-01, α=1.000, ‖θ[1:]‖₁=24.178, num_selected_knots=2823
2025-09-06 15:08:11,739 - Iter   2: obj=-212.640946, change=2.83e-01, α=1.000, ‖θ[1:]‖₁=41.182, num_selected_knots=2805
2025-09-06 15:08:15,089 - Iter   3: obj=-228.215155, change=4.80e-01, α=1.000, ‖θ[1:]‖₁=55.453, num_selected_knots=2897
2025-09-06 15:08:18,349 - Iter   4: obj=-260.842382, change=1.77e-01, α=1.000, ‖θ[1:]‖₁=64.499, num_selected_knots=3046
2025-09-06 15:08:21,584 - Iter   5: obj=-265.853453, change=2.76e-01, α=1.000, ‖θ[1:]‖₁=70.385, num_selected_knots=3074
2025-09-06 15:08:24,841 - Iter   6: obj=-280.943724, change=3.72e-01, α=1.000, ‖θ[1:]‖₁=74.641, num_selected_knots=3051
2025-09-06 15:08:28,142 - Iter   7: obj=-312.981929, change=3.95e-01, α=1.000, ‖θ[1:]‖₁=78.574, num_selected_knots=2989
2025-09-06 15:08:31,359 - Iter   8: obj=-351.232276, change=3.82e-01, α=1.000, ‖θ[1:]‖₁=82.218, num_selected_knots=2946
2025-09-06 15:08:40,103 - Iter   9: obj=-387.134591, change=3.57e-01, α=1.000, ‖θ[1:]‖₁=85.479, num_selected_knots=2890
2025-09-06 15:08:43,670 - Iter  10: obj=-416.791221, change=3.18e-01, α=1.000, ‖θ[1:]‖₁=88.475, num_selected_knots=2873
2025-09-06 15:08:47,001 - Iter  11: obj=-439.293532, change=2.72e-01, α=1.000, ‖θ[1:]‖₁=91.226, num_selected_knots=2858
2025-09-06 15:08:50,385 - Iter  12: obj=-455.362732, change=2.26e-01, α=1.000, ‖θ[1:]‖₁=93.803, num_selected_knots=2845
2025-09-06 15:08:53,639 - Iter  13: obj=-466.244469, change=1.81e-01, α=1.000, ‖θ[1:]‖₁=96.230, num_selected_knots=2823
2025-09-06 15:09:00,122 - Iter  14: obj=-473.238337, change=1.39e-01, α=1.000, ‖θ[1:]‖₁=98.495, num_selected_knots=2805
2025-09-06 15:09:03,358 - Iter  15: obj=-477.520122, change=1.02e-01, α=1.000, ‖θ[1:]‖₁=100.621, num_selected_knots=2759
2025-09-06 15:09:06,597 - Iter  16: obj=-480.027509, change=9.06e-02, α=1.000, ‖θ[1:]‖₁=102.643, num_selected_knots=2735
2025-09-06 15:09:09,774 - Iter  17: obj=-481.461134, change=6.81e-02, α=1.000, ‖θ[1:]‖₁=104.630, num_selected_knots=2707
2025-09-06 15:09:13,005 - Iter  18: obj=-482.304024, change=4.39e-02, α=1.000, ‖θ[1:]‖₁=106.544, num_selected_knots=2702
2025-09-06 15:09:16,231 - Iter  19: obj=-482.917426, change=5.70e-02, α=1.000, ‖θ[1:]‖₁=108.404, num_selected_knots=2681
2025-09-06 15:09:19,511 - Iter  20: obj=-483.514344, change=4.89e-02, α=1.000, ‖θ[1:]‖₁=110.209, num_selected_knots=2652
2025-09-06 15:09:22,809 - Iter  21: obj=-484.242525, change=4.37e-02, α=1.000, ‖θ[1:]‖₁=112.002, num_selected_knots=2637
2025-09-06 15:09:25,996 - Iter  22: obj=-485.163037, change=8.27e-02, α=1.000, ‖θ[1:]‖₁=113.796, num_selected_knots=2619
2025-09-06 15:09:29,327 - Iter  23: obj=-486.248473, change=8.05e-02, α=1.000, ‖θ[1:]‖₁=115.541, num_selected_knots=2595
2025-09-06 15:09:32,573 - Iter  24: obj=-487.533189, change=7.90e-02, α=1.000, ‖θ[1:]‖₁=117.259, num_selected_knots=2583
2025-09-06 15:09:35,851 - Iter  25: obj=-488.982444, change=7.84e-02, α=1.000, ‖θ[1:]‖₁=118.976, num_selected_knots=2573
2025-09-06 15:09:39,161 - Iter  26: obj=-490.571219, change=8.07e-02, α=1.000, ‖θ[1:]‖₁=120.680, num_selected_knots=2548
2025-09-06 15:09:42,393 - Iter  27: obj=-492.267767, change=8.22e-02, α=1.000, ‖θ[1:]‖₁=122.354, num_selected_knots=2527
2025-09-06 15:09:45,693 - Iter  28: obj=-494.009778, change=8.23e-02, α=1.000, ‖θ[1:]‖₁=124.010, num_selected_knots=2516
2025-09-06 15:09:49,052 - Iter  29: obj=-495.761664, change=1.10e-01, α=1.000, ‖θ[1:]‖₁=125.637, num_selected_knots=2502
2025-09-06 15:09:56,485 - Iter  30: obj=-497.489745, change=1.08e-01, α=1.000, ‖θ[1:]‖₁=127.246, num_selected_knots=2488
2025-09-06 15:09:59,642 - Iter  31: obj=-499.175535, change=9.80e-02, α=1.000, ‖θ[1:]‖₁=128.842, num_selected_knots=2479
2025-09-06 15:10:02,832 - Iter  32: obj=-500.791135, change=9.52e-02, α=1.000, ‖θ[1:]‖₁=130.419, num_selected_knots=2467
2025-09-06 15:10:05,976 - Iter  33: obj=-502.329045, change=9.37e-02, α=1.000, ‖θ[1:]‖₁=131.981, num_selected_knots=2457
2025-09-06 15:10:09,115 - Iter  34: obj=-503.780305, change=9.18e-02, α=1.000, ‖θ[1:]‖₁=133.528, num_selected_knots=2446
2025-09-06 15:10:12,561 - Iter  35: obj=-505.142196, change=9.03e-02, α=1.000, ‖θ[1:]‖₁=135.063, num_selected_knots=2436
2025-09-06 15:10:15,849 - Iter  36: obj=-506.417709, change=8.91e-02, α=1.000, ‖θ[1:]‖₁=136.609, num_selected_knots=2429
2025-09-06 15:10:19,138 - Iter  37: obj=-507.596264, change=7.18e-02, α=1.000, ‖θ[1:]‖₁=138.150, num_selected_knots=2427
2025-09-06 15:10:22,418 - Iter  38: obj=-508.694969, change=7.12e-02, α=1.000, ‖θ[1:]‖₁=139.705, num_selected_knots=2437
2025-09-06 15:10:25,697 - Iter  39: obj=-509.725216, change=7.03e-02, α=1.000, ‖θ[1:]‖₁=141.254, num_selected_knots=2437
2025-09-06 15:10:29,019 - Iter  40: obj=-510.694842, change=6.95e-02, α=1.000, ‖θ[1:]‖₁=142.806, num_selected_knots=2436
2025-09-06 15:10:32,283 - Iter  41: obj=-511.609242, change=6.87e-02, α=1.000, ‖θ[1:]‖₁=144.357, num_selected_knots=2432
2025-09-06 15:10:39,700 - Iter  42: obj=-512.479833, change=6.77e-02, α=1.000, ‖θ[1:]‖₁=145.902, num_selected_knots=2426
2025-09-06 15:10:42,884 - Iter  43: obj=-513.330751, change=5.93e-02, α=1.000, ‖θ[1:]‖₁=147.443, num_selected_knots=2430
2025-09-06 15:10:46,051 - Iter  44: obj=-514.172966, change=5.90e-02, α=1.000, ‖θ[1:]‖₁=148.976, num_selected_knots=2435
2025-09-06 15:10:49,206 - Iter  45: obj=-515.014770, change=5.88e-02, α=1.000, ‖θ[1:]‖₁=150.504, num_selected_knots=2437
2025-09-06 15:10:52,379 - Iter  46: obj=-515.867667, change=5.85e-02, α=1.000, ‖θ[1:]‖₁=152.024, num_selected_knots=2439
2025-09-06 15:10:55,823 - Iter  47: obj=-516.743995, change=5.81e-02, α=1.000, ‖θ[1:]‖₁=153.539, num_selected_knots=2433
2025-09-06 15:10:59,016 - Iter  48: obj=-517.652319, change=5.78e-02, α=1.000, ‖θ[1:]‖₁=155.047, num_selected_knots=2440
2025-09-06 15:11:02,497 - Iter  49: obj=-518.600864, change=5.74e-02, α=1.000, ‖θ[1:]‖₁=156.548, num_selected_knots=2441
2025-09-06 15:11:05,784 - Iter  50: obj=-519.598888, change=5.70e-02, α=1.000, ‖θ[1:]‖₁=158.042, num_selected_knots=2439
2025-09-06 15:11:09,024 - Iter  51: obj=-520.652216, change=5.67e-02, α=1.000, ‖θ[1:]‖₁=159.530, num_selected_knots=2434
2025-09-06 15:11:12,293 - Iter  52: obj=-521.769233, change=5.96e-02, α=1.000, ‖θ[1:]‖₁=161.011, num_selected_knots=2431
2025-09-06 15:11:15,531 - Iter  53: obj=-522.956509, change=6.38e-02, α=1.000, ‖θ[1:]‖₁=162.498, num_selected_knots=2434
2025-09-06 15:11:18,823 - Iter  54: obj=-524.208262, change=6.78e-02, α=1.000, ‖θ[1:]‖₁=163.989, num_selected_knots=2448
2025-09-06 15:11:22,047 - Iter  55: obj=-525.538202, change=7.17e-02, α=1.000, ‖θ[1:]‖₁=165.483, num_selected_knots=2443
2025-09-06 15:11:25,305 - Iter  56: obj=-526.946713, change=7.56e-02, α=1.000, ‖θ[1:]‖₁=166.972, num_selected_knots=2444
2025-09-06 15:11:30,139 - Iter  57: obj=-528.442602, change=7.93e-02, α=1.000, ‖θ[1:]‖₁=168.456, num_selected_knots=2441
2025-09-06 15:11:33,339 - Iter  58: obj=-530.030324, change=8.28e-02, α=1.000, ‖θ[1:]‖₁=169.936, num_selected_knots=2444
2025-09-06 15:11:36,541 - Iter  59: obj=-531.711038, change=8.62e-02, α=1.000, ‖θ[1:]‖₁=171.409, num_selected_knots=2438
2025-09-06 15:11:39,969 - Iter  60: obj=-533.486228, change=8.95e-02, α=1.000, ‖θ[1:]‖₁=172.880, num_selected_knots=2440
2025-09-06 15:11:43,273 - Iter  61: obj=-535.353416, change=9.26e-02, α=1.000, ‖θ[1:]‖₁=174.352, num_selected_knots=2435
2025-09-06 15:11:46,499 - Iter  62: obj=-537.317726, change=9.54e-02, α=1.000, ‖θ[1:]‖₁=175.824, num_selected_knots=2441
2025-09-06 15:11:49,741 - Iter  63: obj=-539.372556, change=9.84e-02, α=1.000, ‖θ[1:]‖₁=177.288, num_selected_knots=2446
2025-09-06 15:11:52,959 - Iter  64: obj=-541.526697, change=1.01e-01, α=1.000, ‖θ[1:]‖₁=178.748, num_selected_knots=2444
2025-09-06 15:11:56,169 - Iter  65: obj=-543.777704, change=1.04e-01, α=1.000, ‖θ[1:]‖₁=180.203, num_selected_knots=2450
2025-09-06 15:11:59,358 - Iter  66: obj=-546.125003, change=1.06e-01, α=1.000, ‖θ[1:]‖₁=181.651, num_selected_knots=2444
2025-09-06 15:12:02,570 - Iter  67: obj=-548.569696, change=1.09e-01, α=1.000, ‖θ[1:]‖₁=183.093, num_selected_knots=2445
2025-09-06 15:12:05,788 - Iter  68: obj=-551.109211, change=1.11e-01, α=1.000, ‖θ[1:]‖₁=184.527, num_selected_knots=2439
2025-09-06 15:12:09,016 - Iter  69: obj=-553.742550, change=1.13e-01, α=1.000, ‖θ[1:]‖₁=185.953, num_selected_knots=2433
2025-09-06 15:12:16,579 - Iter  70: obj=-556.463839, change=1.15e-01, α=1.000, ‖θ[1:]‖₁=187.375, num_selected_knots=2435
2025-09-06 15:12:19,765 - Iter  71: obj=-559.271609, change=1.17e-01, α=1.000, ‖θ[1:]‖₁=188.788, num_selected_knots=2435
2025-09-06 15:12:22,918 - Iter  72: obj=-562.165042, change=1.19e-01, α=1.000, ‖θ[1:]‖₁=190.194, num_selected_knots=2433
2025-09-06 15:12:26,071 - Iter  73: obj=-565.143361, change=1.21e-01, α=1.000, ‖θ[1:]‖₁=191.592, num_selected_knots=2429
2025-09-06 15:12:29,237 - Iter  74: obj=-568.203614, change=1.23e-01, α=1.000, ‖θ[1:]‖₁=192.981, num_selected_knots=2427
2025-09-06 15:12:32,391 - Iter  75: obj=-571.343583, change=1.24e-01, α=1.000, ‖θ[1:]‖₁=194.361, num_selected_knots=2425
2025-09-06 15:12:35,564 - Iter  76: obj=-574.561297, change=1.26e-01, α=1.000, ‖θ[1:]‖₁=195.736, num_selected_knots=2421
2025-09-06 15:12:38,929 - Iter  77: obj=-577.851786, change=1.27e-01, α=1.000, ‖θ[1:]‖₁=197.101, num_selected_knots=2415
2025-09-06 15:12:42,134 - Iter  78: obj=-581.215071, change=1.29e-01, α=1.000, ‖θ[1:]‖₁=198.462, num_selected_knots=2413
2025-09-06 15:12:45,377 - Iter  79: obj=-584.649590, change=1.30e-01, α=1.000, ‖θ[1:]‖₁=199.816, num_selected_knots=2413
2025-09-06 15:12:48,586 - Iter  80: obj=-588.147683, change=1.31e-01, α=1.000, ‖θ[1:]‖₁=201.162, num_selected_knots=2405
2025-09-06 15:12:51,814 - Iter  81: obj=-591.709044, change=1.32e-01, α=1.000, ‖θ[1:]‖₁=202.500, num_selected_knots=2396
2025-09-06 15:12:55,228 - Iter  82: obj=-595.333031, change=1.33e-01, α=1.000, ‖θ[1:]‖₁=203.831, num_selected_knots=2395
2025-09-06 15:12:58,553 - Iter  83: obj=-599.017190, change=1.35e-01, α=1.000, ‖θ[1:]‖₁=205.153, num_selected_knots=2395
2025-09-06 15:13:01,771 - Iter  84: obj=-602.761983, change=1.36e-01, α=1.000, ‖θ[1:]‖₁=206.467, num_selected_knots=2393
2025-09-06 15:13:04,980 - Iter  85: obj=-606.564846, change=1.37e-01, α=1.000, ‖θ[1:]‖₁=207.773, num_selected_knots=2390
2025-09-06 15:13:11,076 - Iter  86: obj=-610.422814, change=1.38e-01, α=1.000, ‖θ[1:]‖₁=209.068, num_selected_knots=2384
2025-09-06 15:13:14,387 - Iter  87: obj=-614.334289, change=1.38e-01, α=1.000, ‖θ[1:]‖₁=210.356, num_selected_knots=2385
2025-09-06 15:13:17,572 - Iter  88: obj=-618.293724, change=1.39e-01, α=1.000, ‖θ[1:]‖₁=211.636, num_selected_knots=2379
2025-09-06 15:13:20,756 - Iter  89: obj=-622.300930, change=1.40e-01, α=1.000, ‖θ[1:]‖₁=212.909, num_selected_knots=2377
2025-09-06 15:13:24,145 - Iter  90: obj=-626.354748, change=1.41e-01, α=1.000, ‖θ[1:]‖₁=214.175, num_selected_knots=2380
2025-09-06 15:13:27,381 - Iter  91: obj=-630.452752, change=1.42e-01, α=1.000, ‖θ[1:]‖₁=215.431, num_selected_knots=2378
2025-09-06 15:13:30,955 - Iter  92: obj=-634.591685, change=1.42e-01, α=1.000, ‖θ[1:]‖₁=216.679, num_selected_knots=2372
2025-09-06 15:13:34,221 - Iter  93: obj=-638.767837, change=1.43e-01, α=1.000, ‖θ[1:]‖₁=217.919, num_selected_knots=2371
2025-09-06 15:13:37,514 - Iter  94: obj=-642.978463, change=1.43e-01, α=1.000, ‖θ[1:]‖₁=219.150, num_selected_knots=2368
2025-09-06 15:13:40,815 - Iter  95: obj=-647.222110, change=1.44e-01, α=1.000, ‖θ[1:]‖₁=220.374, num_selected_knots=2364
2025-09-06 15:13:44,102 - Iter  96: obj=-651.495255, change=1.44e-01, α=1.000, ‖θ[1:]‖₁=221.590, num_selected_knots=2365
2025-09-06 15:13:47,414 - Iter  97: obj=-655.796614, change=1.45e-01, α=1.000, ‖θ[1:]‖₁=222.797, num_selected_knots=2365
2025-09-06 15:13:55,581 - Iter  98: obj=-660.123717, change=1.45e-01, α=1.000, ‖θ[1:]‖₁=223.995, num_selected_knots=2357
2025-09-06 15:13:59,011 - Iter  99: obj=-664.475631, change=1.45e-01, α=1.000, ‖θ[1:]‖₁=225.187, num_selected_knots=2359
2025-09-06 15:14:02,356 - Iter 100: obj=-668.851133, change=1.46e-01, α=1.000, ‖θ[1:]‖₁=226.372, num_selected_knots=2355
2025-09-06 15:14:05,700 - Iter 101: obj=-673.251326, change=1.46e-01, α=1.000, ‖θ[1:]‖₁=227.552, num_selected_knots=2358
2025-09-06 15:14:09,024 - Iter 102: obj=-677.669978, change=1.46e-01, α=1.000, ‖θ[1:]‖₁=228.724, num_selected_knots=2356
2025-09-06 15:14:12,278 - Iter 103: obj=-682.105515, change=1.47e-01, α=1.000, ‖θ[1:]‖₁=229.888, num_selected_knots=2355
2025-09-06 15:14:15,575 - Iter 104: obj=-686.559024, change=1.47e-01, α=1.000, ‖θ[1:]‖₁=231.045, num_selected_knots=2353
2025-09-06 15:14:18,825 - Iter 105: obj=-691.029328, change=1.47e-01, α=1.000, ‖θ[1:]‖₁=232.198, num_selected_knots=2350
2025-09-06 15:14:22,104 - Iter 106: obj=-695.514973, change=1.47e-01, α=1.000, ‖θ[1:]‖₁=233.343, num_selected_knots=2351
2025-09-06 15:14:25,381 - Iter 107: obj=-700.011797, change=1.47e-01, α=1.000, ‖θ[1:]‖₁=234.484, num_selected_knots=2349
2025-09-06 15:14:28,729 - Iter 108: obj=-704.517595, change=1.47e-01, α=1.000, ‖θ[1:]‖₁=235.620, num_selected_knots=2347
2025-09-06 15:14:32,041 - Iter 109: obj=-709.032811, change=1.48e-01, α=1.000, ‖θ[1:]‖₁=236.747, num_selected_knots=2347
2025-09-06 15:14:35,495 - Iter 110: obj=-713.560102, change=1.48e-01, α=1.000, ‖θ[1:]‖₁=237.864, num_selected_knots=2343
2025-09-06 15:14:38,812 - Iter 111: obj=-718.097568, change=1.48e-01, α=1.000, ‖θ[1:]‖₁=238.975, num_selected_knots=2341
2025-09-06 15:14:42,380 - Iter 112: obj=-722.640028, change=1.48e-01, α=1.000, ‖θ[1:]‖₁=240.078, num_selected_knots=2337
2025-09-06 15:14:45,818 - Iter 113: obj=-727.186258, change=1.48e-01, α=1.000, ‖θ[1:]‖₁=241.172, num_selected_knots=2339
2025-09-06 15:14:52,817 - Iter 114: obj=-731.733458, change=1.48e-01, α=1.000, ‖θ[1:]‖₁=242.257, num_selected_knots=2338
2025-09-06 15:14:56,394 - Iter 115: obj=-736.278755, change=1.48e-01, α=1.000, ‖θ[1:]‖₁=243.334, num_selected_knots=2335
2025-09-06 15:14:59,768 - Iter 116: obj=-740.820374, change=1.48e-01, α=1.000, ‖θ[1:]‖₁=244.402, num_selected_knots=2333
2025-09-06 15:15:03,023 - Iter 117: obj=-745.356033, change=1.47e-01, α=1.000, ‖θ[1:]‖₁=245.466, num_selected_knots=2332
2025-09-06 15:15:06,307 - Iter 118: obj=-749.884308, change=1.47e-01, α=1.000, ‖θ[1:]‖₁=246.520, num_selected_knots=2333
2025-09-06 15:15:09,610 - Iter 119: obj=-754.405639, change=1.47e-01, α=1.000, ‖θ[1:]‖₁=247.567, num_selected_knots=2328
2025-09-06 15:15:12,862 - Iter 120: obj=-758.917617, change=1.47e-01, α=1.000, ‖θ[1:]‖₁=248.605, num_selected_knots=2328
2025-09-06 15:15:16,137 - Iter 121: obj=-763.417559, change=1.47e-01, α=1.000, ‖θ[1:]‖₁=249.634, num_selected_knots=2326
2025-09-06 15:15:19,422 - Iter 122: obj=-767.904930, change=1.46e-01, α=1.000, ‖θ[1:]‖₁=250.655, num_selected_knots=2325
2025-09-06 15:15:23,070 - Iter 123: obj=-772.378554, change=1.46e-01, α=1.000, ‖θ[1:]‖₁=251.667, num_selected_knots=2318
2025-09-06 15:15:26,425 - Iter 124: obj=-776.838285, change=1.46e-01, α=1.000, ‖θ[1:]‖₁=252.672, num_selected_knots=2321
2025-09-06 15:15:29,889 - Iter 125: obj=-781.281752, change=1.46e-01, α=1.000, ‖θ[1:]‖₁=253.668, num_selected_knots=2319
2025-09-06 15:15:33,263 - Iter 126: obj=-785.706303, change=1.45e-01, α=1.000, ‖θ[1:]‖₁=254.656, num_selected_knots=2312
2025-09-06 15:15:36,661 - Iter 127: obj=-790.111650, change=1.45e-01, α=1.000, ‖θ[1:]‖₁=255.638, num_selected_knots=2311
2025-09-06 15:15:39,997 - Iter 128: obj=-794.496339, change=1.45e-01, α=1.000, ‖θ[1:]‖₁=256.612, num_selected_knots=2309
2025-09-06 15:15:43,371 - Iter 129: obj=-798.863331, change=1.44e-01, α=1.000, ‖θ[1:]‖₁=257.578, num_selected_knots=2308
2025-09-06 15:15:46,809 - Iter 130: obj=-803.212597, change=1.44e-01, α=1.000, ‖θ[1:]‖₁=258.536, num_selected_knots=2308
2025-09-06 15:15:50,267 - Iter 131: obj=-807.544374, change=1.44e-01, α=1.000, ‖θ[1:]‖₁=259.485, num_selected_knots=2307
2025-09-06 15:15:53,662 - Iter 132: obj=-811.856834, change=1.43e-01, α=1.000, ‖θ[1:]‖₁=260.426, num_selected_knots=2303
2025-09-06 15:15:57,039 - Iter 133: obj=-816.148771, change=1.43e-01, α=1.000, ‖θ[1:]‖₁=261.361, num_selected_knots=2301
2025-09-06 15:16:00,471 - Iter 134: obj=-820.419182, change=1.42e-01, α=1.000, ‖θ[1:]‖₁=262.287, num_selected_knots=2303
2025-09-06 15:16:07,879 - Iter 135: obj=-824.669014, change=1.42e-01, α=1.000, ‖θ[1:]‖₁=263.207, num_selected_knots=2304
2025-09-06 15:16:11,585 - Iter 136: obj=-828.897056, change=1.42e-01, α=1.000, ‖θ[1:]‖₁=264.118, num_selected_knots=2303
2025-09-06 15:16:15,061 - Iter 137: obj=-833.102398, change=1.41e-01, α=1.000, ‖θ[1:]‖₁=265.021, num_selected_knots=2300
2025-09-06 15:16:18,449 - Iter 138: obj=-837.285093, change=1.41e-01, α=1.000, ‖θ[1:]‖₁=265.917, num_selected_knots=2300
2025-09-06 15:16:21,853 - Iter 139: obj=-841.444044, change=1.40e-01, α=1.000, ‖θ[1:]‖₁=266.805, num_selected_knots=2297
2025-09-06 15:16:25,346 - Iter 140: obj=-845.578670, change=1.40e-01, α=1.000, ‖θ[1:]‖₁=267.686, num_selected_knots=2296
2025-09-06 15:16:28,853 - Iter 141: obj=-849.687953, change=1.40e-01, α=1.000, ‖θ[1:]‖₁=268.560, num_selected_knots=2291
2025-09-06 15:16:32,307 - Iter 142: obj=-853.771353, change=1.39e-01, α=1.000, ‖θ[1:]‖₁=269.428, num_selected_knots=2295
2025-09-06 15:16:38,304 - Iter 143: obj=-857.829487, change=1.39e-01, α=1.000, ‖θ[1:]‖₁=270.290, num_selected_knots=2291
2025-09-06 15:16:41,599 - Iter 144: obj=-861.861988, change=1.38e-01, α=1.000, ‖θ[1:]‖₁=271.144, num_selected_knots=2290
2025-09-06 15:16:44,876 - Iter 145: obj=-865.864970, change=1.38e-01, α=1.000, ‖θ[1:]‖₁=271.991, num_selected_knots=2287
2025-09-06 15:16:48,197 - Iter 146: obj=-869.841194, change=1.37e-01, α=1.000, ‖θ[1:]‖₁=272.831, num_selected_knots=2285
2025-09-06 15:16:51,824 - Iter 147: obj=-873.791186, change=1.37e-01, α=1.000, ‖θ[1:]‖₁=273.664, num_selected_knots=2287
2025-09-06 15:16:55,650 - Iter 148: obj=-877.715415, change=1.36e-01, α=1.000, ‖θ[1:]‖₁=274.489, num_selected_knots=2287
2025-09-06 15:16:59,134 - Iter 149: obj=-881.613101, change=1.36e-01, α=1.000, ‖θ[1:]‖₁=275.307, num_selected_knots=2286
2025-09-06 15:17:02,638 - Iter 150: obj=-885.483216, change=1.35e-01, α=1.000, ‖θ[1:]‖₁=276.118, num_selected_knots=2285
2025-09-06 15:17:06,121 - Iter 151: obj=-889.325704, change=1.35e-01, α=1.000, ‖θ[1:]‖₁=276.922, num_selected_knots=2286
2025-09-06 15:17:14,070 - Iter 152: obj=-893.140022, change=1.34e-01, α=1.000, ‖θ[1:]‖₁=277.718, num_selected_knots=2284
2025-09-06 15:17:17,436 - Iter 153: obj=-896.925292, change=1.34e-01, α=1.000, ‖θ[1:]‖₁=278.507, num_selected_knots=2283
2025-09-06 15:17:20,748 - Iter 154: obj=-900.681471, change=1.33e-01, α=1.000, ‖θ[1:]‖₁=279.289, num_selected_knots=2279
2025-09-06 15:17:24,026 - Iter 155: obj=-904.408601, change=1.33e-01, α=1.000, ‖θ[1:]‖₁=280.065, num_selected_knots=2280
2025-09-06 15:17:27,292 - Iter 156: obj=-908.105859, change=1.32e-01, α=1.000, ‖θ[1:]‖₁=280.835, num_selected_knots=2280
2025-09-06 15:17:30,879 - Iter 157: obj=-911.773998, change=1.32e-01, α=1.000, ‖θ[1:]‖₁=281.597, num_selected_knots=2281
2025-09-06 15:17:34,232 - Iter 158: obj=-915.414020, change=1.31e-01, α=1.000, ‖θ[1:]‖₁=282.353, num_selected_knots=2278
2025-09-06 15:17:37,553 - Iter 159: obj=-919.025391, change=1.31e-01, α=1.000, ‖θ[1:]‖₁=283.102, num_selected_knots=2275
2025-09-06 15:17:41,131 - Iter 160: obj=-922.607514, change=1.30e-01, α=1.000, ‖θ[1:]‖₁=283.845, num_selected_knots=2274
2025-09-06 15:17:44,560 - Iter 161: obj=-926.159471, change=1.29e-01, α=1.000, ‖θ[1:]‖₁=284.587, num_selected_knots=2270
2025-09-06 15:17:47,946 - Iter 162: obj=-929.681583, change=1.29e-01, α=1.000, ‖θ[1:]‖₁=285.325, num_selected_knots=2272
2025-09-06 15:17:56,322 - Iter 163: obj=-933.167283, change=1.28e-01, α=1.000, ‖θ[1:]‖₁=286.056, num_selected_knots=2269
2025-09-06 15:17:59,551 - Iter 164: obj=-936.626425, change=1.28e-01, α=1.000, ‖θ[1:]‖₁=286.781, num_selected_knots=2264
2025-09-06 15:18:02,818 - Iter 165: obj=-940.058837, change=1.27e-01, α=1.000, ‖θ[1:]‖₁=287.501, num_selected_knots=2269
2025-09-06 15:18:06,076 - Iter 166: obj=-943.463654, change=1.27e-01, α=1.000, ‖θ[1:]‖₁=288.219, num_selected_knots=2267
2025-09-06 15:18:09,608 - Iter 167: obj=-946.836450, change=1.26e-01, α=1.000, ‖θ[1:]‖₁=288.931, num_selected_knots=2264
2025-09-06 15:18:13,159 - Iter 168: obj=-950.179326, change=1.26e-01, α=1.000, ‖θ[1:]‖₁=289.638, num_selected_knots=2264
2025-09-06 15:18:16,667 - Iter 169: obj=-953.495569, change=1.25e-01, α=1.000, ‖θ[1:]‖₁=290.338, num_selected_knots=2259
2025-09-06 15:18:20,107 - Iter 170: obj=-956.785168, change=1.24e-01, α=1.000, ‖θ[1:]‖₁=291.031, num_selected_knots=2263
2025-09-06 15:18:23,441 - Iter 171: obj=-960.046763, change=1.24e-01, α=1.000, ‖θ[1:]‖₁=291.719, num_selected_knots=2261
2025-09-06 15:18:26,988 - Iter 172: obj=-963.278696, change=1.23e-01, α=1.000, ‖θ[1:]‖₁=292.401, num_selected_knots=2261
2025-09-06 15:18:33,034 - Iter 173: obj=-966.480090, change=1.23e-01, α=1.000, ‖θ[1:]‖₁=293.076, num_selected_knots=2260
2025-09-06 15:18:36,290 - Iter 174: obj=-969.652156, change=1.22e-01, α=1.000, ‖θ[1:]‖₁=293.745, num_selected_knots=2258
2025-09-06 15:18:39,660 - Iter 175: obj=-972.792703, change=1.21e-01, α=1.000, ‖θ[1:]‖₁=294.408, num_selected_knots=2258
2025-09-06 15:18:42,964 - Iter 176: obj=-975.902020, change=1.21e-01, α=1.000, ‖θ[1:]‖₁=295.064, num_selected_knots=2257
2025-09-06 15:18:46,292 - Iter 177: obj=-978.980915, change=1.20e-01, α=1.000, ‖θ[1:]‖₁=295.714, num_selected_knots=2253
2025-09-06 15:18:49,552 - Iter 178: obj=-982.028694, change=1.20e-01, α=1.000, ‖θ[1:]‖₁=296.358, num_selected_knots=2254
2025-09-06 15:18:53,031 - Iter 179: obj=-985.045468, change=1.19e-01, α=1.000, ‖θ[1:]‖₁=296.997, num_selected_knots=2254
2025-09-06 15:18:56,823 - Iter 180: obj=-988.031383, change=1.18e-01, α=1.000, ‖θ[1:]‖₁=297.629, num_selected_knots=2253
2025-09-06 15:19:00,238 - Iter 181: obj=-990.986420, change=1.18e-01, α=1.000, ‖θ[1:]‖₁=298.255, num_selected_knots=2253
2025-09-06 15:19:03,714 - Iter 182: obj=-993.911380, change=1.17e-01, α=1.000, ‖θ[1:]‖₁=298.876, num_selected_knots=2255
2025-09-06 15:19:07,107 - Iter 183: obj=-996.806179, change=1.17e-01, α=1.000, ‖θ[1:]‖₁=299.490, num_selected_knots=2254
2025-09-06 15:19:10,477 - Iter 184: obj=-999.670553, change=1.16e-01, α=1.000, ‖θ[1:]‖₁=300.098, num_selected_knots=2250
2025-09-06 15:19:13,878 - Iter 185: obj=-1002.504343, change=1.15e-01, α=1.000, ‖θ[1:]‖₁=300.701, num_selected_knots=2250
2025-09-06 15:19:20,438 - Iter 186: obj=-1005.306586, change=1.15e-01, α=1.000, ‖θ[1:]‖₁=301.298, num_selected_knots=2248
2025-09-06 15:19:23,742 - Iter 187: obj=-1008.078587, change=1.14e-01, α=1.000, ‖θ[1:]‖₁=301.890, num_selected_knots=2250
2025-09-06 15:19:27,198 - Iter 188: obj=-1010.821003, change=1.13e-01, α=1.000, ‖θ[1:]‖₁=302.476, num_selected_knots=2248
2025-09-06 15:19:31,387 - Iter 189: obj=-1013.532537, change=1.13e-01, α=1.000, ‖θ[1:]‖₁=303.056, num_selected_knots=2246
2025-09-06 15:19:34,772 - Iter 190: obj=-1016.213940, change=1.12e-01, α=1.000, ‖θ[1:]‖₁=303.631, num_selected_knots=2248
2025-09-06 15:19:42,118 - Iter 191: obj=-1018.866326, change=1.12e-01, α=1.000, ‖θ[1:]‖₁=304.200, num_selected_knots=2247
2025-09-06 15:19:45,390 - Iter 192: obj=-1021.490162, change=1.11e-01, α=1.000, ‖θ[1:]‖₁=304.764, num_selected_knots=2245
2025-09-06 15:19:49,076 - Iter 193: obj=-1024.085426, change=1.10e-01, α=1.000, ‖θ[1:]‖₁=305.322, num_selected_knots=2244
2025-09-06 15:19:56,491 - Iter 194: obj=-1026.651883, change=1.10e-01, α=1.000, ‖θ[1:]‖₁=305.874, num_selected_knots=2244
2025-09-06 15:19:59,775 - Iter 195: obj=-1029.189811, change=1.09e-01, α=1.000, ‖θ[1:]‖₁=306.420, num_selected_knots=2243
2025-09-06 15:20:03,105 - Iter 196: obj=-1031.699727, change=1.08e-01, α=1.000, ‖θ[1:]‖₁=306.962, num_selected_knots=2244
2025-09-06 15:20:06,412 - Iter 197: obj=-1034.181533, change=1.08e-01, α=1.000, ‖θ[1:]‖₁=307.498, num_selected_knots=2243
2025-09-06 15:20:09,807 - Iter 198: obj=-1036.636078, change=1.07e-01, α=1.000, ‖θ[1:]‖₁=308.028, num_selected_knots=2242
2025-09-06 15:20:13,226 - Iter 199: obj=-1039.061752, change=1.07e-01, α=1.000, ‖θ[1:]‖₁=308.553, num_selected_knots=2240
2025-09-06 15:20:16,557 - Iter 200: obj=-1041.459329, change=1.06e-01, α=1.000, ‖θ[1:]‖₁=309.072, num_selected_knots=2242
2025-09-06 15:20:23,045 - Iter 201: obj=-1043.829733, change=1.05e-01, α=1.000, ‖θ[1:]‖₁=309.586, num_selected_knots=2240
2025-09-06 15:20:26,306 - Iter 202: obj=-1046.173546, change=1.05e-01, α=1.000, ‖θ[1:]‖₁=310.095, num_selected_knots=2240
2025-09-06 15:20:29,595 - Iter 203: obj=-1048.490826, change=1.04e-01, α=1.000, ‖θ[1:]‖₁=310.599, num_selected_knots=2241
2025-09-06 15:20:32,827 - Iter 204: obj=-1050.781322, change=1.03e-01, α=1.000, ‖θ[1:]‖₁=311.097, num_selected_knots=2238
2025-09-06 15:20:36,213 - Iter 205: obj=-1053.045471, change=1.03e-01, α=1.000, ‖θ[1:]‖₁=311.590, num_selected_knots=2239
2025-09-06 15:20:39,812 - Iter 206: obj=-1055.283232, change=1.02e-01, α=1.000, ‖θ[1:]‖₁=312.079, num_selected_knots=2234
2025-09-06 15:20:43,311 - Iter 207: obj=-1057.495426, change=1.02e-01, α=1.000, ‖θ[1:]‖₁=312.563, num_selected_knots=2234
2025-09-06 15:20:46,727 - Iter 208: obj=-1059.680642, change=1.01e-01, α=1.000, ‖θ[1:]‖₁=313.042, num_selected_knots=2231
2025-09-06 15:20:50,097 - Iter 209: obj=-1061.841002, change=1.00e-01, α=1.000, ‖θ[1:]‖₁=313.519, num_selected_knots=2232
2025-09-06 15:20:53,445 - Iter 210: obj=-1063.976468, change=9.99e-02, α=1.000, ‖θ[1:]‖₁=313.994, num_selected_knots=2232
2025-09-06 15:21:01,539 - Iter 211: obj=-1066.085259, change=9.93e-02, α=1.000, ‖θ[1:]‖₁=314.463, num_selected_knots=2229
2025-09-06 15:21:04,830 - Iter 212: obj=-1068.167844, change=9.87e-02, α=1.000, ‖θ[1:]‖₁=314.927, num_selected_knots=2230
2025-09-06 15:21:08,445 - Iter 213: obj=-1070.228071, change=9.82e-02, α=1.000, ‖θ[1:]‖₁=315.387, num_selected_knots=2230
2025-09-06 15:21:11,980 - Iter 214: obj=-1072.265865, change=9.76e-02, α=1.000, ‖θ[1:]‖₁=315.843, num_selected_knots=2230
2025-09-06 15:21:15,333 - Iter 215: obj=-1074.281061, change=9.71e-02, α=1.000, ‖θ[1:]‖₁=316.293, num_selected_knots=2226
2025-09-06 15:21:18,739 - Iter 216: obj=-1076.273181, change=9.63e-02, α=1.000, ‖θ[1:]‖₁=316.745, num_selected_knots=2223
2025-09-06 15:21:22,128 - Iter 217: obj=-1078.236637, change=9.57e-02, α=1.000, ‖θ[1:]‖₁=317.192, num_selected_knots=2219
2025-09-06 15:21:25,489 - Iter 218: obj=-1080.174567, change=9.52e-02, α=1.000, ‖θ[1:]‖₁=317.635, num_selected_knots=2220
2025-09-06 15:21:28,910 - Iter 219: obj=-1082.091235, change=9.46e-02, α=1.000, ‖θ[1:]‖₁=318.072, num_selected_knots=2219
2025-09-06 15:21:32,309 - Iter 220: obj=-1083.987063, change=9.41e-02, α=1.000, ‖θ[1:]‖₁=318.505, num_selected_knots=2218
2025-09-06 15:21:35,666 - Iter 221: obj=-1085.861661, change=9.35e-02, α=1.000, ‖θ[1:]‖₁=318.933, num_selected_knots=2216
2025-09-06 15:21:38,994 - Iter 222: obj=-1087.714094, change=9.29e-02, α=1.000, ‖θ[1:]‖₁=319.357, num_selected_knots=2216
2025-09-06 15:21:42,315 - Iter 223: obj=-1089.543701, change=9.23e-02, α=1.000, ‖θ[1:]‖₁=319.776, num_selected_knots=2217
2025-09-06 15:21:45,670 - Iter 224: obj=-1091.350505, change=9.17e-02, α=1.000, ‖θ[1:]‖₁=320.190, num_selected_knots=2216
2025-09-06 15:21:49,051 - Iter 225: obj=-1093.134446, change=9.11e-02, α=1.000, ‖θ[1:]‖₁=320.599, num_selected_knots=2215
2025-09-06 15:21:52,472 - Iter 226: obj=-1094.895730, change=9.05e-02, α=1.000, ‖θ[1:]‖₁=321.004, num_selected_knots=2215
2025-09-06 15:21:56,396 - Iter 227: obj=-1096.634116, change=8.99e-02, α=1.000, ‖θ[1:]‖₁=321.405, num_selected_knots=2216
2025-09-06 15:22:02,505 - Iter 228: obj=-1098.349098, change=8.93e-02, α=1.000, ‖θ[1:]‖₁=321.801, num_selected_knots=2215
2025-09-06 15:22:05,773 - Iter 229: obj=-1100.041194, change=8.86e-02, α=1.000, ‖θ[1:]‖₁=322.191, num_selected_knots=2214
2025-09-06 15:22:09,011 - Iter 230: obj=-1101.709229, change=8.80e-02, α=1.000, ‖θ[1:]‖₁=322.577, num_selected_knots=2210
2025-09-06 15:22:12,295 - Iter 231: obj=-1103.354360, change=8.74e-02, α=1.000, ‖θ[1:]‖₁=322.960, num_selected_knots=2211
2025-09-06 15:22:15,559 - Iter 232: obj=-1104.977141, change=8.68e-02, α=1.000, ‖θ[1:]‖₁=323.337, num_selected_knots=2212
2025-09-06 15:22:18,880 - Iter 233: obj=-1106.578748, change=8.62e-02, α=1.000, ‖θ[1:]‖₁=323.711, num_selected_knots=2213
2025-09-06 15:22:22,249 - Iter 234: obj=-1108.158978, change=8.56e-02, α=1.000, ‖θ[1:]‖₁=324.080, num_selected_knots=2212
2025-09-06 15:22:25,498 - Iter 235: obj=-1109.717867, change=8.50e-02, α=1.000, ‖θ[1:]‖₁=324.444, num_selected_knots=2212
2025-09-06 15:22:28,774 - Iter 236: obj=-1111.255511, change=8.44e-02, α=1.000, ‖θ[1:]‖₁=324.804, num_selected_knots=2211
2025-09-06 15:22:32,054 - Iter 237: obj=-1112.772326, change=8.38e-02, α=1.000, ‖θ[1:]‖₁=325.159, num_selected_knots=2208
2025-09-06 15:22:35,353 - Iter 238: obj=-1114.268422, change=8.32e-02, α=1.000, ‖θ[1:]‖₁=325.512, num_selected_knots=2210
2025-09-06 15:22:38,649 - Iter 239: obj=-1115.743664, change=8.26e-02, α=1.000, ‖θ[1:]‖₁=325.860, num_selected_knots=2210
2025-09-06 15:22:42,159 - Iter 240: obj=-1117.198305, change=8.20e-02, α=1.000, ‖θ[1:]‖₁=326.204, num_selected_knots=2209
2025-09-06 15:22:45,875 - Iter 241: obj=-1118.632696, change=8.14e-02, α=1.000, ‖θ[1:]‖₁=326.544, num_selected_knots=2209
2025-09-06 15:22:49,177 - Iter 242: obj=-1120.047140, change=8.08e-02, α=1.000, ‖θ[1:]‖₁=326.880, num_selected_knots=2208
2025-09-06 15:22:52,536 - Iter 243: obj=-1121.442237, change=8.02e-02, α=1.000, ‖θ[1:]‖₁=327.212, num_selected_knots=2207
2025-09-06 15:23:00,654 - Iter 244: obj=-1122.817796, change=7.96e-02, α=1.000, ‖θ[1:]‖₁=327.543, num_selected_knots=2203
2025-09-06 15:23:03,901 - Iter 245: obj=-1124.174133, change=7.90e-02, α=1.000, ‖θ[1:]‖₁=327.874, num_selected_knots=2204
2025-09-06 15:23:07,147 - Iter 246: obj=-1125.509123, change=7.85e-02, α=1.000, ‖θ[1:]‖₁=328.201, num_selected_knots=2202
2025-09-06 15:23:10,441 - Iter 247: obj=-1126.824845, change=7.80e-02, α=1.000, ‖θ[1:]‖₁=328.524, num_selected_knots=2203
2025-09-06 15:23:13,742 - Iter 248: obj=-1128.124992, change=7.75e-02, α=1.000, ‖θ[1:]‖₁=328.843, num_selected_knots=2201
2025-09-06 15:23:17,228 - Iter 249: obj=-1129.409354, change=7.70e-02, α=1.000, ‖θ[1:]‖₁=329.158, num_selected_knots=2200
2025-09-06 15:23:20,511 - Iter 250: obj=-1130.676827, change=7.65e-02, α=1.000, ‖θ[1:]‖₁=329.469, num_selected_knots=2201
2025-09-06 15:23:23,872 - Iter 251: obj=-1131.926647, change=7.59e-02, α=1.000, ‖θ[1:]‖₁=329.776, num_selected_knots=2201
2025-09-06 15:23:27,138 - Iter 252: obj=-1133.159319, change=7.53e-02, α=1.000, ‖θ[1:]‖₁=330.079, num_selected_knots=2201
2025-09-06 15:23:30,788 - Iter 253: obj=-1134.374816, change=7.48e-02, α=1.000, ‖θ[1:]‖₁=330.378, num_selected_knots=2202
2025-09-06 15:23:34,164 - Iter 254: obj=-1135.573209, change=7.41e-02, α=1.000, ‖θ[1:]‖₁=330.677, num_selected_knots=2199
2025-09-06 15:23:37,533 - Iter 255: obj=-1136.752980, change=7.34e-02, α=1.000, ‖θ[1:]‖₁=330.975, num_selected_knots=2200
2025-09-06 15:23:44,418 - Iter 256: obj=-1137.912608, change=7.29e-02, α=1.000, ‖θ[1:]‖₁=331.270, num_selected_knots=2198
2025-09-06 15:23:47,643 - Iter 257: obj=-1139.057123, change=7.24e-02, α=1.000, ‖θ[1:]‖₁=331.560, num_selected_knots=2197
2025-09-06 15:23:50,940 - Iter 258: obj=-1140.187197, change=7.19e-02, α=1.000, ‖θ[1:]‖₁=331.847, num_selected_knots=2197
2025-09-06 15:23:54,216 - Iter 259: obj=-1141.301824, change=7.14e-02, α=1.000, ‖θ[1:]‖₁=332.130, num_selected_knots=2195
2025-09-06 15:23:57,560 - Iter 260: obj=-1142.400779, change=7.09e-02, α=1.000, ‖θ[1:]‖₁=332.410, num_selected_knots=2196
2025-09-06 15:24:01,046 - Iter 261: obj=-1143.483731, change=7.03e-02, α=1.000, ‖θ[1:]‖₁=332.686, num_selected_knots=2192
2025-09-06 15:24:04,388 - Iter 262: obj=-1144.551129, change=6.98e-02, α=1.000, ‖θ[1:]‖₁=332.958, num_selected_knots=2196
2025-09-06 15:24:07,822 - Iter 263: obj=-1145.603180, change=6.92e-02, α=1.000, ‖θ[1:]‖₁=333.226, num_selected_knots=2196
2025-09-06 15:24:11,418 - Iter 264: obj=-1146.639550, change=6.86e-02, α=1.000, ‖θ[1:]‖₁=333.490, num_selected_knots=2196
2025-09-06 15:24:14,815 - Iter 265: obj=-1147.660071, change=6.81e-02, α=1.000, ‖θ[1:]‖₁=333.751, num_selected_knots=2195
2025-09-06 15:24:18,187 - Iter 266: obj=-1148.664848, change=6.75e-02, α=1.000, ‖θ[1:]‖₁=334.007, num_selected_knots=2194
2025-09-06 15:24:23,739 - Iter 267: obj=-1149.653534, change=6.69e-02, α=1.000, ‖θ[1:]‖₁=334.261, num_selected_knots=2191
2025-09-06 15:24:27,015 - Iter 268: obj=-1150.626365, change=6.63e-02, α=1.000, ‖θ[1:]‖₁=334.511, num_selected_knots=2193
2025-09-06 15:24:30,369 - Iter 269: obj=-1151.583515, change=6.58e-02, α=1.000, ‖θ[1:]‖₁=334.757, num_selected_knots=2191
2025-09-06 15:24:33,944 - Iter 270: obj=-1152.525404, change=6.52e-02, α=1.000, ‖θ[1:]‖₁=335.000, num_selected_knots=2192
2025-09-06 15:24:37,493 - Iter 271: obj=-1153.451865, change=6.46e-02, α=1.000, ‖θ[1:]‖₁=335.239, num_selected_knots=2191
2025-09-06 15:24:40,895 - Iter 272: obj=-1154.363366, change=6.41e-02, α=1.000, ‖θ[1:]‖₁=335.475, num_selected_knots=2187
2025-09-06 15:24:44,256 - Iter 273: obj=-1155.260297, change=6.35e-02, α=1.000, ‖θ[1:]‖₁=335.708, num_selected_knots=2188
2025-09-06 15:24:47,668 - Iter 274: obj=-1156.142616, change=6.30e-02, α=1.000, ‖θ[1:]‖₁=335.937, num_selected_knots=2185
2025-09-06 15:24:56,585 - Iter 275: obj=-1157.010433, change=6.24e-02, α=1.000, ‖θ[1:]‖₁=336.162, num_selected_knots=2186
2025-09-06 15:25:04,247 - Iter 276: obj=-1157.863034, change=6.18e-02, α=1.000, ‖θ[1:]‖₁=336.383, num_selected_knots=2186
2025-09-06 15:25:07,495 - Iter 277: obj=-1158.701285, change=6.13e-02, α=1.000, ‖θ[1:]‖₁=336.601, num_selected_knots=2184
2025-09-06 15:25:10,836 - Iter 278: obj=-1159.526433, change=6.08e-02, α=1.000, ‖θ[1:]‖₁=336.815, num_selected_knots=2181
2025-09-06 15:25:14,231 - Iter 279: obj=-1160.338668, change=6.03e-02, α=1.000, ‖θ[1:]‖₁=337.027, num_selected_knots=2181
2025-09-06 15:25:17,737 - Iter 280: obj=-1161.137876, change=5.97e-02, α=1.000, ‖θ[1:]‖₁=337.235, num_selected_knots=2181
2025-09-06 15:25:21,296 - Iter 281: obj=-1161.924049, change=5.92e-02, α=1.000, ‖θ[1:]‖₁=337.440, num_selected_knots=2176
2025-09-06 15:25:37,670 - Iter 282: obj=-1162.697489, change=5.87e-02, α=1.000, ‖θ[1:]‖₁=337.642, num_selected_knots=2174
2025-09-06 15:25:41,243 - Iter 283: obj=-1163.458033, change=5.82e-02, α=1.000, ‖θ[1:]‖₁=337.842, num_selected_knots=2173
2025-09-06 15:25:44,933 - Iter 284: obj=-1164.205881, change=5.76e-02, α=1.000, ‖θ[1:]‖₁=338.038, num_selected_knots=2170
2025-09-06 15:25:48,304 - Iter 285: obj=-1164.941652, change=5.71e-02, α=1.000, ‖θ[1:]‖₁=338.231, num_selected_knots=2170
2025-09-06 15:25:55,243 - Iter 286: obj=-1165.665242, change=5.66e-02, α=1.000, ‖θ[1:]‖₁=338.420, num_selected_knots=2169
2025-09-06 15:25:58,485 - Iter 287: obj=-1166.376964, change=5.61e-02, α=1.000, ‖θ[1:]‖₁=338.606, num_selected_knots=2168
2025-09-06 15:26:01,754 - Iter 288: obj=-1167.077051, change=5.55e-02, α=1.000, ‖θ[1:]‖₁=338.792, num_selected_knots=2166
2025-09-06 15:26:05,073 - Iter 289: obj=-1167.764845, change=5.50e-02, α=1.000, ‖θ[1:]‖₁=338.975, num_selected_knots=2162
2025-09-06 15:26:08,535 - Iter 290: obj=-1168.440851, change=5.45e-02, α=1.000, ‖θ[1:]‖₁=339.154, num_selected_knots=2155
2025-09-06 15:26:15,445 - Iter 291: obj=-1169.106469, change=5.41e-02, α=1.000, ‖θ[1:]‖₁=339.331, num_selected_knots=2151
2025-09-06 15:26:18,721 - Iter 292: obj=-1169.761187, change=5.36e-02, α=1.000, ‖θ[1:]‖₁=339.504, num_selected_knots=2152
2025-09-06 15:26:21,991 - Iter 293: obj=-1170.406736, change=5.31e-02, α=1.000, ‖θ[1:]‖₁=339.675, num_selected_knots=2151
2025-09-06 15:26:25,321 - Iter 294: obj=-1171.041937, change=5.26e-02, α=1.000, ‖θ[1:]‖₁=339.842, num_selected_knots=2150
2025-09-06 15:26:28,819 - Iter 295: obj=-1171.666370, change=5.21e-02, α=1.000, ‖θ[1:]‖₁=340.006, num_selected_knots=2150
2025-09-06 15:26:32,163 - Iter 296: obj=-1172.280188, change=5.16e-02, α=1.000, ‖θ[1:]‖₁=340.167, num_selected_knots=2150
2025-09-06 15:26:35,486 - Iter 297: obj=-1172.883588, change=5.11e-02, α=1.000, ‖θ[1:]‖₁=340.325, num_selected_knots=2145
2025-09-06 15:26:38,799 - Iter 298: obj=-1173.476664, change=5.06e-02, α=1.000, ‖θ[1:]‖₁=340.480, num_selected_knots=2145
2025-09-06 15:26:42,086 - Iter 299: obj=-1174.059520, change=5.01e-02, α=1.000, ‖θ[1:]‖₁=340.632, num_selected_knots=2147
2025-09-06 15:26:46,634 - Iter 300: obj=-1174.632787, change=4.96e-02, α=1.000, ‖θ[1:]‖₁=340.781, num_selected_knots=2142
2025-09-06 15:26:49,937 - Iter 301: obj=-1175.196368, change=4.91e-02, α=1.000, ‖θ[1:]‖₁=340.928, num_selected_knots=2138
2025-09-06 15:26:53,282 - Iter 302: obj=-1175.750345, change=4.86e-02, α=1.000, ‖θ[1:]‖₁=341.072, num_selected_knots=2136
2025-09-06 15:27:00,962 - Iter 303: obj=-1176.294779, change=4.81e-02, α=1.000, ‖θ[1:]‖₁=341.213, num_selected_knots=2135
2025-09-06 15:27:04,224 - Iter 304: obj=-1176.829654, change=4.76e-02, α=1.000, ‖θ[1:]‖₁=341.351, num_selected_knots=2133
2025-09-06 15:27:07,514 - Iter 305: obj=-1177.355018, change=4.71e-02, α=1.000, ‖θ[1:]‖₁=341.487, num_selected_knots=2130
2025-09-06 15:27:10,910 - Iter 306: obj=-1177.871056, change=4.67e-02, α=1.000, ‖θ[1:]‖₁=341.620, num_selected_knots=2124
2025-09-06 15:27:14,166 - Iter 307: obj=-1178.377950, change=4.62e-02, α=1.000, ‖θ[1:]‖₁=341.750, num_selected_knots=2123
2025-09-06 15:27:17,420 - Iter 308: obj=-1178.875403, change=4.57e-02, α=1.000, ‖θ[1:]‖₁=341.878, num_selected_knots=2126
2025-09-06 15:27:20,680 - Iter 309: obj=-1179.364163, change=4.52e-02, α=1.000, ‖θ[1:]‖₁=342.003, num_selected_knots=2119
2025-09-06 15:27:23,916 - Iter 310: obj=-1179.844298, change=4.47e-02, α=1.000, ‖θ[1:]‖₁=342.126, num_selected_knots=2121
2025-09-06 15:27:27,656 - Iter 311: obj=-1180.316005, change=4.43e-02, α=1.000, ‖θ[1:]‖₁=342.246, num_selected_knots=2114
2025-09-06 15:27:34,557 - Iter 312: obj=-1180.779265, change=4.38e-02, α=1.000, ‖θ[1:]‖₁=342.363, num_selected_knots=2111
2025-09-06 15:27:37,882 - Iter 313: obj=-1181.234267, change=4.33e-02, α=1.000, ‖θ[1:]‖₁=342.478, num_selected_knots=2106
2025-09-06 15:27:41,190 - Iter 314: obj=-1181.681078, change=4.28e-02, α=1.000, ‖θ[1:]‖₁=342.592, num_selected_knots=2106
2025-09-06 15:27:44,493 - Iter 315: obj=-1182.119438, change=4.24e-02, α=1.000, ‖θ[1:]‖₁=342.706, num_selected_knots=2106
2025-09-06 15:27:47,750 - Iter 316: obj=-1182.548593, change=4.19e-02, α=1.000, ‖θ[1:]‖₁=342.817, num_selected_knots=2103
2025-09-06 15:27:51,014 - Iter 317: obj=-1182.970333, change=4.15e-02, α=1.000, ‖θ[1:]‖₁=342.925, num_selected_knots=2102
2025-09-06 15:27:54,288 - Iter 318: obj=-1183.384473, change=4.10e-02, α=1.000, ‖θ[1:]‖₁=343.031, num_selected_knots=2096
2025-09-06 15:27:57,781 - Iter 319: obj=-1183.790910, change=4.06e-02, α=1.000, ‖θ[1:]‖₁=343.134, num_selected_knots=2090
2025-09-06 15:28:01,151 - Iter 320: obj=-1184.189960, change=4.01e-02, α=1.000, ‖θ[1:]‖₁=343.234, num_selected_knots=2089
2025-09-06 15:28:04,433 - Iter 321: obj=-1184.581307, change=3.97e-02, α=1.000, ‖θ[1:]‖₁=343.332, num_selected_knots=2087
2025-09-06 15:28:07,697 - Iter 322: obj=-1184.965438, change=3.92e-02, α=1.000, ‖θ[1:]‖₁=343.427, num_selected_knots=2085
2025-09-06 15:28:11,045 - Iter 323: obj=-1185.342280, change=3.88e-02, α=1.000, ‖θ[1:]‖₁=343.520, num_selected_knots=2085
2025-09-06 15:28:14,386 - Iter 324: obj=-1185.712483, change=3.83e-02, α=1.000, ‖θ[1:]‖₁=343.611, num_selected_knots=2086
2025-09-06 15:28:17,717 - Iter 325: obj=-1186.076129, change=3.79e-02, α=1.000, ‖θ[1:]‖₁=343.699, num_selected_knots=2085
2025-09-06 15:28:21,020 - Iter 326: obj=-1186.433193, change=3.75e-02, α=1.000, ‖θ[1:]‖₁=343.785, num_selected_knots=2083
2025-09-06 15:28:24,320 - Iter 327: obj=-1186.783708, change=3.70e-02, α=1.000, ‖θ[1:]‖₁=343.868, num_selected_knots=2081
2025-09-06 15:28:27,709 - Iter 328: obj=-1187.127632, change=3.66e-02, α=1.000, ‖θ[1:]‖₁=343.948, num_selected_knots=2080
2025-09-06 15:28:31,061 - Iter 329: obj=-1187.464997, change=3.61e-02, α=1.000, ‖θ[1:]‖₁=344.027, num_selected_knots=2079
2025-09-06 15:28:34,524 - Iter 330: obj=-1187.795898, change=3.57e-02, α=1.000, ‖θ[1:]‖₁=344.102, num_selected_knots=2075
2025-09-06 15:28:37,960 - Iter 331: obj=-1188.119606, change=3.52e-02, α=1.000, ‖θ[1:]‖₁=344.175, num_selected_knots=2072
2025-09-06 15:28:44,488 - Iter 332: obj=-1188.436837, change=3.48e-02, α=1.000, ‖θ[1:]‖₁=344.246, num_selected_knots=2070
2025-09-06 15:28:47,791 - Iter 333: obj=-1188.747868, change=3.43e-02, α=1.000, ‖θ[1:]‖₁=344.314, num_selected_knots=2064
2025-09-06 15:28:51,260 - Iter 334: obj=-1189.052993, change=3.39e-02, α=1.000, ‖θ[1:]‖₁=344.380, num_selected_knots=2064
2025-09-06 15:28:54,913 - Iter 335: obj=-1189.351969, change=3.35e-02, α=1.000, ‖θ[1:]‖₁=344.444, num_selected_knots=2062
2025-09-06 15:28:58,632 - Iter 336: obj=-1189.645210, change=3.30e-02, α=1.000, ‖θ[1:]‖₁=344.505, num_selected_knots=2061
2025-09-06 15:29:02,928 - Iter 337: obj=-1189.932800, change=3.26e-02, α=1.000, ‖θ[1:]‖₁=344.564, num_selected_knots=2057
2025-09-06 15:29:06,325 - Iter 338: obj=-1190.214786, change=3.22e-02, α=1.000, ‖θ[1:]‖₁=344.621, num_selected_knots=2057
2025-09-06 15:29:09,696 - Iter 339: obj=-1190.490534, change=3.17e-02, α=1.000, ‖θ[1:]‖₁=344.676, num_selected_knots=2053
2025-09-06 15:29:13,028 - Iter 340: obj=-1190.760560, change=3.13e-02, α=1.000, ‖θ[1:]‖₁=344.728, num_selected_knots=2054
2025-09-06 15:29:16,367 - Iter 341: obj=-1191.025246, change=3.09e-02, α=1.000, ‖θ[1:]‖₁=344.778, num_selected_knots=2051
2025-09-06 15:29:19,860 - Iter 342: obj=-1191.284891, change=3.05e-02, α=1.000, ‖θ[1:]‖₁=344.826, num_selected_knots=2050
2025-09-06 15:29:23,298 - Iter 343: obj=-1191.539499, change=3.01e-02, α=1.000, ‖θ[1:]‖₁=344.872, num_selected_knots=2050
2025-09-06 15:29:27,088 - Iter 344: obj=-1191.789328, change=2.97e-02, α=1.000, ‖θ[1:]‖₁=344.916, num_selected_knots=2046
2025-09-06 15:29:34,952 - Iter 345: obj=-1192.034466, change=2.93e-02, α=1.000, ‖θ[1:]‖₁=344.958, num_selected_knots=2046
2025-09-06 15:29:38,212 - Iter 346: obj=-1192.274964, change=2.89e-02, α=1.000, ‖θ[1:]‖₁=344.998, num_selected_knots=2042
2025-09-06 15:29:41,547 - Iter 347: obj=-1192.511212, change=2.85e-02, α=1.000, ‖θ[1:]‖₁=345.036, num_selected_knots=2039
2025-09-06 15:29:44,827 - Iter 348: obj=-1192.743310, change=2.81e-02, α=1.000, ‖θ[1:]‖₁=345.072, num_selected_knots=2036
2025-09-06 15:29:48,361 - Iter 349: obj=-1192.970823, change=2.77e-02, α=1.000, ‖θ[1:]‖₁=345.106, num_selected_knots=2034
2025-09-06 15:29:52,095 - Iter 350: obj=-1193.193873, change=2.72e-02, α=1.000, ‖θ[1:]‖₁=345.139, num_selected_knots=2034
2025-09-06 15:29:55,524 - Iter 351: obj=-1193.412026, change=2.68e-02, α=1.000, ‖θ[1:]‖₁=345.169, num_selected_knots=2031
2025-09-06 15:29:58,933 - Iter 352: obj=-1193.625955, change=2.64e-02, α=1.000, ‖θ[1:]‖₁=345.198, num_selected_knots=2026
2025-09-06 15:30:02,341 - Iter 353: obj=-1193.835646, change=2.60e-02, α=1.000, ‖θ[1:]‖₁=345.224, num_selected_knots=2024
2025-09-06 15:30:05,806 - Iter 354: obj=-1194.041301, change=2.56e-02, α=1.000, ‖θ[1:]‖₁=345.249, num_selected_knots=2022
2025-09-06 15:30:09,170 - Iter 355: obj=-1194.242882, change=2.52e-02, α=1.000, ‖θ[1:]‖₁=345.271, num_selected_knots=2015
2025-09-06 15:30:16,382 - Iter 356: obj=-1194.440649, change=2.48e-02, α=1.000, ‖θ[1:]‖₁=345.291, num_selected_knots=2011
2025-09-06 15:30:19,624 - Iter 357: obj=-1194.634668, change=2.43e-02, α=1.000, ‖θ[1:]‖₁=345.309, num_selected_knots=2005
2025-09-06 15:30:22,906 - Iter 358: obj=-1194.824551, change=2.39e-02, α=1.000, ‖θ[1:]‖₁=345.325, num_selected_knots=2003
2025-09-06 15:30:26,180 - Iter 359: obj=-1195.010424, change=2.35e-02, α=1.000, ‖θ[1:]‖₁=345.338, num_selected_knots=1994
2025-09-06 15:30:29,608 - Iter 360: obj=-1195.192600, change=2.31e-02, α=1.000, ‖θ[1:]‖₁=345.350, num_selected_knots=1991
2025-09-06 15:30:33,051 - Iter 361: obj=-1195.371083, change=2.27e-02, α=1.000, ‖θ[1:]‖₁=345.360, num_selected_knots=1985
2025-09-06 15:30:38,379 - Iter 362: obj=-1195.545934, change=2.23e-02, α=1.000, ‖θ[1:]‖₁=345.368, num_selected_knots=1982
2025-09-06 15:30:41,659 - Iter 363: obj=-1195.717217, change=2.19e-02, α=1.000, ‖θ[1:]‖₁=345.373, num_selected_knots=1981
2025-09-06 15:30:44,926 - Iter 364: obj=-1195.885011, change=2.15e-02, α=1.000, ‖θ[1:]‖₁=345.377, num_selected_knots=1979
2025-09-06 15:30:48,196 - Iter 365: obj=-1196.049492, change=2.11e-02, α=1.000, ‖θ[1:]‖₁=345.379, num_selected_knots=1975
2025-09-06 15:30:51,528 - Iter 366: obj=-1196.210806, change=2.07e-02, α=1.000, ‖θ[1:]‖₁=345.387, num_selected_knots=1980
2025-09-06 15:30:55,004 - Iter 367: obj=-1196.368555, change=2.07e-02, α=1.000, ‖θ[1:]‖₁=345.392, num_selected_knots=1967
2025-09-06 15:30:58,780 - Iter 368: obj=-1196.522179, change=2.07e-02, α=1.000, ‖θ[1:]‖₁=345.394, num_selected_knots=1963
2025-09-06 15:31:02,483 - Iter 369: obj=-1196.673613, change=2.07e-02, α=1.000, ‖θ[1:]‖₁=345.395, num_selected_knots=1956
2025-09-06 15:31:05,898 - Iter 370: obj=-1196.822911, change=2.07e-02, α=1.000, ‖θ[1:]‖₁=345.394, num_selected_knots=1948
2025-09-06 15:31:14,047 - Iter 371: obj=-1196.969805, change=2.07e-02, α=1.000, ‖θ[1:]‖₁=345.391, num_selected_knots=1935
2025-09-06 15:31:17,513 - Iter 372: obj=-1197.114353, change=2.07e-02, α=1.000, ‖θ[1:]‖₁=345.386, num_selected_knots=1926
2025-09-06 15:31:20,913 - Iter 373: obj=-1197.256067, change=2.07e-02, α=1.000, ‖θ[1:]‖₁=345.382, num_selected_knots=1916
2025-09-06 15:31:24,273 - Iter 374: obj=-1197.392387, change=2.07e-02, α=1.000, ‖θ[1:]‖₁=345.399, num_selected_knots=1916
2025-09-06 15:31:27,692 - Iter 375: obj=-1197.509804, change=2.07e-02, α=1.000, ‖θ[1:]‖₁=345.413, num_selected_knots=1917
2025-09-06 15:31:31,414 - Iter 376: obj=-1197.624455, change=2.07e-02, α=1.000, ‖θ[1:]‖₁=345.426, num_selected_knots=1914
2025-09-06 15:31:34,818 - Iter 377: obj=-1197.736523, change=2.07e-02, α=1.000, ‖θ[1:]‖₁=345.437, num_selected_knots=1910
2025-09-06 15:31:38,195 - Iter 378: obj=-1197.846151, change=2.07e-02, α=1.000, ‖θ[1:]‖₁=345.446, num_selected_knots=1908
2025-09-06 15:31:41,531 - Iter 379: obj=-1197.953449, change=2.07e-02, α=1.000, ‖θ[1:]‖₁=345.454, num_selected_knots=1908
2025-09-06 15:31:44,929 - Iter 380: obj=-1198.058460, change=2.06e-02, α=1.000, ‖θ[1:]‖₁=345.460, num_selected_knots=1906
2025-09-06 15:31:48,352 - Iter 381: obj=-1198.161136, change=2.06e-02, α=1.000, ‖θ[1:]‖₁=345.465, num_selected_knots=1903
2025-09-06 15:31:51,713 - Iter 382: obj=-1198.261322, change=2.00e-02, α=1.000, ‖θ[1:]‖₁=345.468, num_selected_knots=1901
2025-09-06 15:31:59,620 - Iter 383: obj=-1198.359197, change=2.00e-02, α=1.000, ‖θ[1:]‖₁=345.469, num_selected_knots=1900
2025-09-06 15:32:02,913 - Iter 384: obj=-1198.454761, change=2.00e-02, α=1.000, ‖θ[1:]‖₁=345.468, num_selected_knots=1897
2025-09-06 15:32:06,169 - Iter 385: obj=-1198.548404, change=2.00e-02, α=1.000, ‖θ[1:]‖₁=345.466, num_selected_knots=1894
2025-09-06 15:32:09,446 - Iter 386: obj=-1198.640293, change=2.00e-02, α=1.000, ‖θ[1:]‖₁=345.463, num_selected_knots=1895
2025-09-06 15:32:12,849 - Iter 387: obj=-1198.730506, change=1.99e-02, α=1.000, ‖θ[1:]‖₁=345.458, num_selected_knots=1894
2025-09-06 15:32:16,268 - Iter 388: obj=-1198.818924, change=1.99e-02, α=1.000, ‖θ[1:]‖₁=345.452, num_selected_knots=1890
2025-09-06 15:32:19,825 - Iter 389: obj=-1198.905707, change=1.99e-02, α=1.000, ‖θ[1:]‖₁=345.444, num_selected_knots=1885
2025-09-06 15:32:23,436 - Iter 390: obj=-1198.990989, change=1.99e-02, α=1.000, ‖θ[1:]‖₁=345.435, num_selected_knots=1884
2025-09-06 15:32:30,778 - Iter 391: obj=-1199.074867, change=1.99e-02, α=1.000, ‖θ[1:]‖₁=345.424, num_selected_knots=1881
2025-09-06 15:32:34,090 - Iter 392: obj=-1199.157192, change=1.99e-02, α=1.000, ‖θ[1:]‖₁=345.412, num_selected_knots=1880
2025-09-06 15:32:37,393 - Iter 393: obj=-1199.237987, change=1.99e-02, α=1.000, ‖θ[1:]‖₁=345.399, num_selected_knots=1880
2025-09-06 15:32:40,700 - Iter 394: obj=-1199.317304, change=1.99e-02, α=1.000, ‖θ[1:]‖₁=345.384, num_selected_knots=1879
2025-09-06 15:32:43,966 - Iter 395: obj=-1199.395188, change=1.99e-02, α=1.000, ‖θ[1:]‖₁=345.368, num_selected_knots=1878
2025-09-06 15:32:47,302 - Iter 396: obj=-1199.471638, change=1.99e-02, α=1.000, ‖θ[1:]‖₁=345.351, num_selected_knots=1877
2025-09-06 15:32:50,701 - Iter 397: obj=-1199.546708, change=1.99e-02, α=1.000, ‖θ[1:]‖₁=345.332, num_selected_knots=1876
2025-09-06 15:32:54,156 - Iter 398: obj=-1199.620491, change=1.98e-02, α=1.000, ‖θ[1:]‖₁=345.312, num_selected_knots=1876
2025-09-06 15:33:02,022 - Iter 399: obj=-1199.692910, change=1.98e-02, α=1.000, ‖θ[1:]‖₁=345.291, num_selected_knots=1876
2025-09-06 15:33:05,384 - Iter 400: obj=-1199.764074, change=1.98e-02, α=1.000, ‖θ[1:]‖₁=345.269, num_selected_knots=1875
2025-09-06 15:33:08,982 - Iter 401: obj=-1199.833767, change=1.97e-02, α=1.000, ‖θ[1:]‖₁=345.248, num_selected_knots=1874
2025-09-06 15:33:12,293 - Iter 402: obj=-1199.901081, change=1.97e-02, α=1.000, ‖θ[1:]‖₁=345.226, num_selected_knots=1874
2025-09-06 15:33:15,807 - Iter 403: obj=-1199.967149, change=1.97e-02, α=1.000, ‖θ[1:]‖₁=345.203, num_selected_knots=1872
2025-09-06 15:33:19,194 - Iter 404: obj=-1200.031811, change=1.97e-02, α=1.000, ‖θ[1:]‖₁=345.181, num_selected_knots=1872
2025-09-06 15:33:22,514 - Iter 405: obj=-1200.093870, change=1.97e-02, α=1.000, ‖θ[1:]‖₁=345.158, num_selected_knots=1869
2025-09-06 15:33:26,001 - Iter 406: obj=-1200.154837, change=1.97e-02, α=1.000, ‖θ[1:]‖₁=345.133, num_selected_knots=1866
2025-09-06 15:33:30,595 - Iter 407: obj=-1200.214905, change=1.96e-02, α=1.000, ‖θ[1:]‖₁=345.107, num_selected_knots=1865
2025-09-06 15:33:38,122 - Iter 408: obj=-1200.274073, change=1.96e-02, α=1.000, ‖θ[1:]‖₁=345.080, num_selected_knots=1863
2025-09-06 15:33:41,464 - Iter 409: obj=-1200.332375, change=1.96e-02, α=1.000, ‖θ[1:]‖₁=345.052, num_selected_knots=1862
2025-09-06 15:33:44,807 - Iter 410: obj=-1200.389876, change=1.96e-02, α=1.000, ‖θ[1:]‖₁=345.023, num_selected_knots=1861
2025-09-06 15:33:48,170 - Iter 411: obj=-1200.446664, change=1.95e-02, α=1.000, ‖θ[1:]‖₁=344.992, num_selected_knots=1858
2025-09-06 15:33:55,205 - Iter 412: obj=-1200.502726, change=1.95e-02, α=1.000, ‖θ[1:]‖₁=344.961, num_selected_knots=1858
2025-09-06 15:33:58,330 - Iter 413: obj=-1200.558157, change=1.95e-02, α=1.000, ‖θ[1:]‖₁=344.928, num_selected_knots=1856
2025-09-06 15:34:01,451 - Iter 414: obj=-1200.612941, change=1.94e-02, α=1.000, ‖θ[1:]‖₁=344.893, num_selected_knots=1855
2025-09-06 15:34:04,595 - Iter 415: obj=-1200.666787, change=1.71e-02, α=1.000, ‖θ[1:]‖₁=344.857, num_selected_knots=1853
2025-09-06 15:34:07,719 - Iter 416: obj=-1200.718737, change=1.69e-02, α=1.000, ‖θ[1:]‖₁=344.818, num_selected_knots=1852
2025-09-06 15:34:10,863 - Iter 417: obj=-1200.768588, change=1.69e-02, α=1.000, ‖θ[1:]‖₁=344.779, num_selected_knots=1850
2025-09-06 15:34:14,002 - Iter 418: obj=-1200.817907, change=1.69e-02, α=1.000, ‖θ[1:]‖₁=344.739, num_selected_knots=1849
2025-09-06 15:34:17,138 - Iter 419: obj=-1200.866870, change=1.68e-02, α=1.000, ‖θ[1:]‖₁=344.697, num_selected_knots=1848
2025-09-06 15:34:20,282 - Iter 420: obj=-1200.915389, change=1.68e-02, α=1.000, ‖θ[1:]‖₁=344.655, num_selected_knots=1847
2025-09-06 15:34:23,404 - Iter 421: obj=-1200.963475, change=1.68e-02, α=1.000, ‖θ[1:]‖₁=344.612, num_selected_knots=1847
2025-09-06 15:34:26,520 - Iter 422: obj=-1201.011156, change=1.68e-02, α=1.000, ‖θ[1:]‖₁=344.568, num_selected_knots=1845
2025-09-06 15:34:29,677 - Iter 423: obj=-1201.058479, change=1.67e-02, α=1.000, ‖θ[1:]‖₁=344.523, num_selected_knots=1843
2025-09-06 15:34:32,849 - Iter 424: obj=-1201.105485, change=1.67e-02, α=1.000, ‖θ[1:]‖₁=344.478, num_selected_knots=1841
2025-09-06 15:34:36,006 - Iter 425: obj=-1201.152201, change=1.67e-02, α=1.000, ‖θ[1:]‖₁=344.431, num_selected_knots=1841
2025-09-06 15:34:39,139 - Iter 426: obj=-1201.198624, change=1.67e-02, α=1.000, ‖θ[1:]‖₁=344.384, num_selected_knots=1840
2025-09-06 15:34:42,278 - Iter 427: obj=-1201.244789, change=1.67e-02, α=1.000, ‖θ[1:]‖₁=344.335, num_selected_knots=1837
2025-09-06 15:34:45,444 - Iter 428: obj=-1201.290733, change=1.66e-02, α=1.000, ‖θ[1:]‖₁=344.286, num_selected_knots=1836
2025-09-06 15:34:48,653 - Iter 429: obj=-1201.336527, change=1.66e-02, α=1.000, ‖θ[1:]‖₁=344.236, num_selected_knots=1836
2025-09-06 15:34:51,954 - Iter 430: obj=-1201.382148, change=1.66e-02, α=1.000, ‖θ[1:]‖₁=344.185, num_selected_knots=1831
2025-09-06 15:34:55,340 - Iter 431: obj=-1201.427170, change=1.66e-02, α=1.000, ‖θ[1:]‖₁=344.137, num_selected_knots=1828
2025-09-06 15:35:02,304 - Iter 432: obj=-1201.471222, change=1.65e-02, α=1.000, ‖θ[1:]‖₁=344.087, num_selected_knots=1827
2025-09-06 15:35:05,573 - Iter 433: obj=-1201.515205, change=1.65e-02, α=1.000, ‖θ[1:]‖₁=344.036, num_selected_knots=1824
2025-09-06 15:35:08,714 - Iter 434: obj=-1201.559129, change=1.65e-02, α=1.000, ‖θ[1:]‖₁=343.985, num_selected_knots=1821
2025-09-06 15:35:11,916 - Iter 435: obj=-1201.603171, change=1.65e-02, α=1.000, ‖θ[1:]‖₁=343.932, num_selected_knots=1821
2025-09-06 15:35:15,508 - Iter 436: obj=-1201.647214, change=1.65e-02, α=1.000, ‖θ[1:]‖₁=343.879, num_selected_knots=1820
2025-09-06 15:35:23,134 - Iter 437: obj=-1201.691305, change=1.64e-02, α=1.000, ‖θ[1:]‖₁=343.828, num_selected_knots=1819
2025-09-06 15:35:26,259 - Iter 438: obj=-1201.734241, change=1.64e-02, α=1.000, ‖θ[1:]‖₁=343.777, num_selected_knots=1818
2025-09-06 15:35:29,443 - Iter 439: obj=-1201.776859, change=1.64e-02, α=1.000, ‖θ[1:]‖₁=343.725, num_selected_knots=1816
2025-09-06 15:35:32,567 - Iter 440: obj=-1201.819604, change=1.64e-02, α=1.000, ‖θ[1:]‖₁=343.672, num_selected_knots=1815
2025-09-06 15:35:35,697 - Iter 441: obj=-1201.862451, change=1.64e-02, α=1.000, ‖θ[1:]‖₁=343.618, num_selected_knots=1813
2025-09-06 15:35:38,836 - Iter 442: obj=-1201.905572, change=1.63e-02, α=1.000, ‖θ[1:]‖₁=343.563, num_selected_knots=1813
2025-09-06 15:35:41,996 - Iter 443: obj=-1201.948884, change=1.63e-02, α=1.000, ‖θ[1:]‖₁=343.508, num_selected_knots=1812
2025-09-06 15:35:45,133 - Iter 444: obj=-1201.992419, change=1.63e-02, α=1.000, ‖θ[1:]‖₁=343.452, num_selected_knots=1809
2025-09-06 15:35:48,463 - Iter 445: obj=-1202.036152, change=1.63e-02, α=1.000, ‖θ[1:]‖₁=343.395, num_selected_knots=1807
2025-09-06 15:35:51,691 - Iter 446: obj=-1202.080168, change=1.63e-02, α=1.000, ‖θ[1:]‖₁=343.337, num_selected_knots=1804
2025-09-06 15:35:54,939 - Iter 447: obj=-1202.124541, change=1.62e-02, α=1.000, ‖θ[1:]‖₁=343.279, num_selected_knots=1801
2025-09-06 15:35:58,159 - Iter 448: obj=-1202.169206, change=1.62e-02, α=1.000, ‖θ[1:]‖₁=343.219, num_selected_knots=1799
2025-09-06 15:36:01,382 - Iter 449: obj=-1202.214118, change=1.62e-02, α=1.000, ‖θ[1:]‖₁=343.163, num_selected_knots=1798
2025-09-06 15:36:04,597 - Iter 450: obj=-1202.258030, change=1.62e-02, α=1.000, ‖θ[1:]‖₁=343.106, num_selected_knots=1797
2025-09-06 15:36:07,792 - Iter 451: obj=-1202.302011, change=1.62e-02, α=1.000, ‖θ[1:]‖₁=343.048, num_selected_knots=1796
2025-09-06 15:36:11,057 - Iter 452: obj=-1202.346388, change=1.61e-02, α=1.000, ‖θ[1:]‖₁=342.990, num_selected_knots=1796
2025-09-06 15:36:14,289 - Iter 453: obj=-1202.391129, change=1.61e-02, α=1.000, ‖θ[1:]‖₁=342.931, num_selected_knots=1796
2025-09-06 15:36:17,508 - Iter 454: obj=-1202.436207, change=1.61e-02, α=1.000, ‖θ[1:]‖₁=342.871, num_selected_knots=1795
2025-09-06 15:36:20,758 - Iter 455: obj=-1202.481633, change=1.61e-02, α=1.000, ‖θ[1:]‖₁=342.811, num_selected_knots=1795
2025-09-06 15:36:23,956 - Iter 456: obj=-1202.527394, change=1.61e-02, α=1.000, ‖θ[1:]‖₁=342.751, num_selected_knots=1795
2025-09-06 15:36:27,165 - Iter 457: obj=-1202.572970, change=1.61e-02, α=1.000, ‖θ[1:]‖₁=342.692, num_selected_knots=1795
2025-09-06 15:36:30,380 - Iter 458: obj=-1202.618495, change=1.60e-02, α=1.000, ‖θ[1:]‖₁=342.633, num_selected_knots=1794
2025-09-06 15:36:33,577 - Iter 459: obj=-1202.664488, change=1.60e-02, α=1.000, ‖θ[1:]‖₁=342.572, num_selected_knots=1793
2025-09-06 15:36:36,793 - Iter 460: obj=-1202.710909, change=1.60e-02, α=1.000, ‖θ[1:]‖₁=342.511, num_selected_knots=1791
2025-09-06 15:36:40,015 - Iter 461: obj=-1202.757732, change=1.60e-02, α=1.000, ‖θ[1:]‖₁=342.449, num_selected_knots=1791
2025-09-06 15:36:43,241 - Iter 462: obj=-1202.804966, change=1.60e-02, α=1.000, ‖θ[1:]‖₁=342.387, num_selected_knots=1792
2025-09-06 15:36:46,483 - Iter 463: obj=-1202.852613, change=1.60e-02, α=1.000, ‖θ[1:]‖₁=342.324, num_selected_knots=1789
2025-09-06 15:36:49,733 - Iter 464: obj=-1202.900659, change=1.59e-02, α=1.000, ‖θ[1:]‖₁=342.260, num_selected_knots=1789
2025-09-06 15:36:52,964 - Iter 465: obj=-1202.949175, change=1.59e-02, α=1.000, ‖θ[1:]‖₁=342.196, num_selected_knots=1788
2025-09-06 15:37:01,035 - Iter 466: obj=-1202.998064, change=1.59e-02, α=1.000, ‖θ[1:]‖₁=342.131, num_selected_knots=1788
2025-09-06 15:37:04,180 - Iter 467: obj=-1203.047309, change=1.59e-02, α=1.000, ‖θ[1:]‖₁=342.065, num_selected_knots=1788
2025-09-06 15:37:07,277 - Iter 468: obj=-1203.096979, change=1.59e-02, α=1.000, ‖θ[1:]‖₁=341.999, num_selected_knots=1786
2025-09-06 15:37:10,383 - Iter 469: obj=-1203.147077, change=1.59e-02, α=1.000, ‖θ[1:]‖₁=341.938, num_selected_knots=1792
2025-09-06 15:37:13,482 - Iter 470: obj=-1203.197680, change=1.59e-02, α=1.000, ‖θ[1:]‖₁=341.879, num_selected_knots=1799
2025-09-06 15:37:16,657 - Iter 471: obj=-1203.249042, change=1.59e-02, α=1.000, ‖θ[1:]‖₁=341.820, num_selected_knots=1797
2025-09-06 15:37:19,919 - Iter 472: obj=-1203.300516, change=1.59e-02, α=1.000, ‖θ[1:]‖₁=341.760, num_selected_knots=1797
2025-09-06 15:37:23,043 - Iter 473: obj=-1203.351975, change=1.59e-02, α=1.000, ‖θ[1:]‖₁=341.700, num_selected_knots=1796
2025-09-06 15:37:26,168 - Iter 474: obj=-1203.403585, change=1.59e-02, α=1.000, ‖θ[1:]‖₁=341.640, num_selected_knots=1794
2025-09-06 15:37:29,358 - Iter 475: obj=-1203.455433, change=1.60e-02, α=1.000, ‖θ[1:]‖₁=341.578, num_selected_knots=1793
2025-09-06 15:37:32,517 - Iter 476: obj=-1203.507611, change=1.60e-02, α=1.000, ‖θ[1:]‖₁=341.516, num_selected_knots=1792
2025-09-06 15:37:35,643 - Iter 477: obj=-1203.560209, change=1.59e-02, α=1.000, ‖θ[1:]‖₁=341.454, num_selected_knots=1792
2025-09-06 15:37:38,776 - Iter 478: obj=-1203.613149, change=1.59e-02, α=1.000, ‖θ[1:]‖₁=341.391, num_selected_knots=1792
2025-09-06 15:37:41,912 - Iter 479: obj=-1203.666558, change=1.59e-02, α=1.000, ‖θ[1:]‖₁=341.327, num_selected_knots=1791
2025-09-06 15:37:45,027 - Iter 480: obj=-1203.720480, change=1.59e-02, α=1.000, ‖θ[1:]‖₁=341.263, num_selected_knots=1791
2025-09-06 15:37:48,187 - Iter 481: obj=-1203.774946, change=1.59e-02, α=1.000, ‖θ[1:]‖₁=341.198, num_selected_knots=1790
2025-09-06 15:37:51,316 - Iter 482: obj=-1203.829977, change=1.59e-02, α=1.000, ‖θ[1:]‖₁=341.132, num_selected_knots=1790
2025-09-06 15:37:54,614 - Iter 483: obj=-1203.885590, change=1.60e-02, α=1.000, ‖θ[1:]‖₁=341.065, num_selected_knots=1790
2025-09-06 15:37:57,781 - Iter 484: obj=-1203.941791, change=1.60e-02, α=1.000, ‖θ[1:]‖₁=340.997, num_selected_knots=1788
2025-09-06 15:38:01,093 - Iter 485: obj=-1203.998586, change=1.60e-02, α=1.000, ‖θ[1:]‖₁=340.929, num_selected_knots=1786
2025-09-06 15:38:04,266 - Iter 486: obj=-1204.056003, change=1.60e-02, α=1.000, ‖θ[1:]‖₁=340.860, num_selected_knots=1784
2025-09-06 15:38:07,467 - Iter 487: obj=-1204.114050, change=1.60e-02, α=1.000, ‖θ[1:]‖₁=340.791, num_selected_knots=1782
2025-09-06 15:38:10,641 - Iter 488: obj=-1204.172757, change=1.60e-02, α=1.000, ‖θ[1:]‖₁=340.721, num_selected_knots=1782
2025-09-06 15:38:13,853 - Iter 489: obj=-1204.232117, change=1.60e-02, α=1.000, ‖θ[1:]‖₁=340.650, num_selected_knots=1781
2025-09-06 15:38:17,028 - Iter 490: obj=-1204.292109, change=1.60e-02, α=1.000, ‖θ[1:]‖₁=340.578, num_selected_knots=1780
2025-09-06 15:38:20,241 - Iter 491: obj=-1204.352722, change=1.60e-02, α=1.000, ‖θ[1:]‖₁=340.508, num_selected_knots=1777
2025-09-06 15:38:23,715 - Iter 492: obj=-1204.413434, change=1.60e-02, α=1.000, ‖θ[1:]‖₁=340.438, num_selected_knots=1773
2025-09-06 15:38:26,932 - Iter 493: obj=-1204.474997, change=1.60e-02, α=1.000, ‖θ[1:]‖₁=340.366, num_selected_knots=1772
2025-09-06 15:38:30,151 - Iter 494: obj=-1204.537362, change=1.58e-02, α=1.000, ‖θ[1:]‖₁=340.297, num_selected_knots=1771
2025-09-06 15:38:33,374 - Iter 495: obj=-1204.599930, change=1.58e-02, α=1.000, ‖θ[1:]‖₁=340.229, num_selected_knots=1771
2025-09-06 15:38:36,552 - Iter 496: obj=-1204.662911, change=1.55e-02, α=1.000, ‖θ[1:]‖₁=340.162, num_selected_knots=1770
2025-09-06 15:38:39,781 - Iter 497: obj=-1204.726607, change=1.49e-02, α=1.000, ‖θ[1:]‖₁=340.095, num_selected_knots=1770
2025-09-06 15:38:46,617 - Iter 498: obj=-1204.790790, change=1.49e-02, α=1.000, ‖θ[1:]‖₁=340.028, num_selected_knots=1771
2025-09-06 15:38:49,919 - Iter 499: obj=-1204.855754, change=1.49e-02, α=1.000, ‖θ[1:]‖₁=339.960, num_selected_knots=1771
2025-09-06 15:38:53,047 - Iter 500: obj=-1204.921475, change=1.49e-02, α=1.000, ‖θ[1:]‖₁=339.891, num_selected_knots=1770
2025-09-06 15:38:53,063 - Final: obj=-1204.987877, selected_knots=1770, iterations=501
