2025-09-07 00:07:25,158 - ProximalNewtonLBFGS: lam=30, memory=5, n_grid=200, basis_order=0, n_samples=3200, K=3201
2025-09-07 00:07:25,393 - Iter   0: obj=0.000000, change=1.62e+00, α=0.000, ‖θ[1:]‖₁=6.209, γ=200357.395, num_knots=2860
2025-09-07 00:07:25,705 - Iter  10: obj=-921.448951, change=1.90e-03, α=1.000, ‖θ[1:]‖₁=10.124, γ=635712.687, num_knots=2994
2025-09-07 00:07:26,051 - Iter  20: obj=-974.026159, change=4.27e-03, α=1.000, ‖θ[1:]‖₁=10.743, γ=651961.738, num_knots=2580
2025-09-07 00:07:26,452 - Iter  30: obj=-996.626427, change=6.73e-03, α=1.000, ‖θ[1:]‖₁=11.083, γ=6157.035, num_knots=2127
2025-09-07 00:07:26,714 - Iter  40: obj=-1035.942993, change=1.49e-04, α=0.100, ‖θ[1:]‖₁=12.276, γ=850131.541, num_knots=1885
2025-09-07 00:07:26,945 - Iter  50: obj=-1036.147873, change=7.20e-05, α=0.100, ‖θ[1:]‖₁=12.267, γ=563447.064, num_knots=1885
2025-09-07 00:07:27,187 - Iter  60: obj=-1036.625365, change=2.70e-04, α=0.100, ‖θ[1:]‖₁=12.244, γ=43123.369, num_knots=1883
2025-09-07 00:07:27,484 - Iter  70: obj=-1046.316188, change=1.47e-03, α=1.000, ‖θ[1:]‖₁=12.113, γ=83829.949, num_knots=1670
2025-09-07 00:07:27,805 - Iter  80: obj=-1051.835303, change=1.06e-03, α=1.000, ‖θ[1:]‖₁=12.229, γ=26604.550, num_knots=1598
2025-09-07 00:07:28,122 - Iter  90: obj=-1063.179159, change=9.69e-05, α=1.000, ‖θ[1:]‖₁=12.550, γ=550663.461, num_knots=1469
2025-09-07 00:07:28,461 - Iter 100: obj=-1065.765969, change=1.19e-04, α=1.000, ‖θ[1:]‖₁=12.576, γ=491698.393, num_knots=1432
2025-09-07 00:07:28,796 - Iter 110: obj=-1073.760833, change=5.64e-04, α=1.000, ‖θ[1:]‖₁=12.788, γ=991214.778, num_knots=1340
2025-09-07 00:07:29,081 - Iter 120: obj=-1078.221004, change=1.88e-03, α=1.000, ‖θ[1:]‖₁=12.839, γ=1000000.000, num_knots=1282
2025-09-07 00:07:29,409 - Iter 130: obj=-1078.637913, change=1.51e-02, α=1.000, ‖θ[1:]‖₁=12.920, γ=109431.861, num_knots=1221
2025-09-07 00:07:29,697 - Iter 140: obj=-1081.780396, change=2.17e-04, α=1.000, ‖θ[1:]‖₁=12.924, γ=471551.448, num_knots=1215
2025-09-07 00:07:30,117 - Iter 150: obj=-1084.827866, change=1.54e-04, α=1.000, ‖θ[1:]‖₁=12.979, γ=793025.100, num_knots=1166
2025-09-07 00:07:30,491 - Iter 160: obj=-1091.661549, change=1.96e-03, α=1.000, ‖θ[1:]‖₁=13.132, γ=1000000.000, num_knots=1205
2025-09-07 00:07:30,798 - Iter 170: obj=-1091.872295, change=1.42e-04, α=1.000, ‖θ[1:]‖₁=13.131, γ=300295.609, num_knots=1067
2025-09-07 00:07:31,167 - Iter 180: obj=-1095.789824, change=7.09e-04, α=1.000, ‖θ[1:]‖₁=13.201, γ=1000000.000, num_knots=993
2025-09-07 00:07:31,477 - Iter 190: obj=-1095.913557, change=1.35e-04, α=1.000, ‖θ[1:]‖₁=13.202, γ=185309.136, num_knots=991
2025-09-07 00:07:31,751 - Iter 200: obj=-1096.944211, change=1.11e-05, α=1.000, ‖θ[1:]‖₁=13.211, γ=828062.827, num_knots=979
2025-09-07 00:07:32,093 - Iter 210: obj=-1098.125859, change=1.36e-04, α=1.000, ‖θ[1:]‖₁=13.229, γ=1000000.000, num_knots=960
2025-09-07 00:07:32,421 - Iter 220: obj=-1098.987578, change=1.04e-03, α=1.000, ‖θ[1:]‖₁=13.247, γ=967270.088, num_knots=944
2025-09-07 00:07:32,751 - Iter 230: obj=-1099.293205, change=8.65e-05, α=1.000, ‖θ[1:]‖₁=13.248, γ=463226.211, num_knots=941
2025-09-07 00:07:33,166 - Iter 240: obj=-1101.331276, change=1.36e-04, α=1.000, ‖θ[1:]‖₁=13.296, γ=995818.018, num_knots=894
2025-09-07 00:07:33,818 - Iter 250: obj=-1101.711101, change=4.18e-03, α=1.000, ‖θ[1:]‖₁=13.312, γ=52567.926, num_knots=876
2025-09-07 00:07:34,369 - Iter 260: obj=-1102.747786, change=7.83e-05, α=1.000, ‖θ[1:]‖₁=13.315, γ=820313.953, num_knots=870
2025-09-07 00:07:34,716 - Iter 270: obj=-1104.458202, change=1.22e-04, α=1.000, ‖θ[1:]‖₁=13.349, γ=864441.575, num_knots=842
2025-09-07 00:07:35,045 - Iter 280: obj=-1104.643637, change=2.14e-04, α=1.000, ‖θ[1:]‖₁=13.352, γ=98266.079, num_knots=838
2025-09-07 00:07:35,396 - Iter 290: obj=-1106.354860, change=2.10e-04, α=1.000, ‖θ[1:]‖₁=13.383, γ=991850.111, num_knots=810
2025-09-07 00:07:35,775 - Iter 300: obj=-1106.431634, change=6.68e-05, α=1.000, ‖θ[1:]‖₁=13.384, γ=186841.621, num_knots=809
2025-09-07 00:07:36,097 - Iter 310: obj=-1107.076199, change=2.82e-04, α=1.000, ‖θ[1:]‖₁=13.395, γ=7897.449, num_knots=794
2025-09-07 00:07:36,377 - Iter 320: obj=-1107.885331, change=6.23e-05, α=1.000, ‖θ[1:]‖₁=13.409, γ=292775.898, num_knots=779
2025-09-07 00:07:36,710 - Iter 330: obj=-1108.666223, change=8.78e-06, α=1.000, ‖θ[1:]‖₁=13.422, γ=866017.006, num_knots=765
2025-09-07 00:07:37,034 - Iter 340: obj=-1109.129507, change=4.84e-05, α=1.000, ‖θ[1:]‖₁=13.431, γ=919789.981, num_knots=750
2025-09-07 00:07:37,387 - Iter 350: obj=-1109.328966, change=3.03e-04, α=1.000, ‖θ[1:]‖₁=13.436, γ=98824.395, num_knots=744
2025-09-07 00:07:37,707 - Iter 360: obj=-1109.762727, change=4.94e-05, α=1.000, ‖θ[1:]‖₁=13.444, γ=373520.219, num_knots=738
2025-09-07 00:07:38,052 - Iter 370: obj=-1110.744616, change=9.92e-05, α=1.000, ‖θ[1:]‖₁=13.463, γ=1000000.000, num_knots=725
2025-09-07 00:07:38,376 - Iter 380: obj=-1110.792621, change=5.03e-05, α=1.000, ‖θ[1:]‖₁=13.463, γ=213699.176, num_knots=725
2025-09-07 00:07:38,748 - Iter 390: obj=-1112.056125, change=2.99e-05, α=1.000, ‖θ[1:]‖₁=13.489, γ=218873.612, num_knots=705
2025-09-07 00:07:39,098 - Iter 400: obj=-1112.833607, change=3.57e-05, α=1.000, ‖θ[1:]‖₁=13.498, γ=998331.575, num_knots=689
2025-09-07 00:07:39,391 - Iter 410: obj=-1112.878420, change=4.62e-05, α=1.000, ‖θ[1:]‖₁=13.499, γ=149701.813, num_knots=688
2025-09-07 00:07:39,686 - Iter 420: obj=-1113.267957, change=4.73e-05, α=1.000, ‖θ[1:]‖₁=13.505, γ=938751.479, num_knots=681
2025-09-07 00:07:39,966 - Iter 430: obj=-1113.639612, change=8.17e-06, α=1.000, ‖θ[1:]‖₁=13.512, γ=821410.290, num_knots=672
2025-09-07 00:07:40,290 - Iter 440: obj=-1114.044535, change=2.70e-05, α=1.000, ‖θ[1:]‖₁=13.520, γ=854170.548, num_knots=666
2025-09-07 00:07:40,598 - Iter 450: obj=-1114.312836, change=7.50e-06, α=1.000, ‖θ[1:]‖₁=13.524, γ=876600.459, num_knots=662
2025-09-07 00:07:40,943 - Iter 460: obj=-1114.563368, change=3.50e-05, α=1.000, ‖θ[1:]‖₁=13.528, γ=876358.219, num_knots=654
2025-09-07 00:07:41,242 - Iter 470: obj=-1114.817973, change=3.17e-05, α=1.000, ‖θ[1:]‖₁=13.533, γ=965595.857, num_knots=647
2025-09-07 00:07:41,550 - Iter 480: obj=-1115.353781, change=9.30e-05, α=1.000, ‖θ[1:]‖₁=13.542, γ=1000000.000, num_knots=642
2025-09-07 00:07:41,999 - Iter 490: obj=-1115.384747, change=2.03e-05, α=1.000, ‖θ[1:]‖₁=13.542, γ=695380.216, num_knots=642
2025-09-07 00:07:42,509 - Iter 500: obj=-1116.020052, change=4.27e-05, α=1.000, ‖θ[1:]‖₁=13.552, γ=1000000.000, num_knots=630
2025-09-07 00:07:43,042 - Iter 510: obj=-1116.049751, change=9.48e-06, α=1.000, ‖θ[1:]‖₁=13.552, γ=559831.011, num_knots=630
2025-09-07 00:07:43,469 - Iter 520: obj=-1116.581944, change=5.76e-05, α=1.000, ‖θ[1:]‖₁=13.560, γ=1000000.000, num_knots=623
2025-09-07 00:07:44,114 - Iter 530: obj=-1116.610680, change=1.65e-05, α=1.000, ‖θ[1:]‖₁=13.560, γ=587026.685, num_knots=623
2025-09-07 00:07:44,449 - Iter 540: obj=-1116.890781, change=6.96e-06, α=1.000, ‖θ[1:]‖₁=13.564, γ=899744.907, num_knots=618
2025-09-07 00:07:44,715 - Iter 550: obj=-1116.989305, change=1.64e-05, α=1.000, ‖θ[1:]‖₁=13.566, γ=42858.981, num_knots=614
2025-09-07 00:07:45,018 - Iter 560: obj=-1117.375430, change=7.48e-06, α=1.000, ‖θ[1:]‖₁=13.573, γ=789569.074, num_knots=606
2025-09-07 00:07:45,372 - Iter 570: obj=-1117.651586, change=4.43e-05, α=1.000, ‖θ[1:]‖₁=13.578, γ=134037.637, num_knots=599
2025-09-07 00:07:45,751 - Iter 580: obj=-1117.970193, change=1.52e-05, α=1.000, ‖θ[1:]‖₁=13.583, γ=596836.868, num_knots=594
2025-09-07 00:07:46,168 - Iter 590: obj=-1118.197476, change=8.24e-05, α=1.000, ‖θ[1:]‖₁=13.587, γ=26573.230, num_knots=591
2025-09-07 00:07:46,564 - Iter 600: obj=-1118.589228, change=2.29e-05, α=1.000, ‖θ[1:]‖₁=13.593, γ=930342.551, num_knots=584
2025-09-07 00:07:46,919 - Iter 610: obj=-1118.632967, change=1.18e-04, α=1.000, ‖θ[1:]‖₁=13.595, γ=47783.443, num_knots=582
2025-09-07 00:07:47,293 - Iter 620: obj=-1119.018768, change=5.82e-05, α=1.000, ‖θ[1:]‖₁=13.601, γ=982104.065, num_knots=573
2025-09-07 00:07:47,702 - Iter 630: obj=-1119.283209, change=1.01e-04, α=1.000, ‖θ[1:]‖₁=13.607, γ=952131.197, num_knots=568
2025-09-07 00:07:48,091 - Iter 640: obj=-1119.331484, change=2.49e-05, α=1.000, ‖θ[1:]‖₁=13.608, γ=413397.088, num_knots=568
2025-09-07 00:07:48,440 - Iter 650: obj=-1119.844873, change=5.08e-05, α=1.000, ‖θ[1:]‖₁=13.616, γ=1000000.000, num_knots=556
2025-09-07 00:07:48,757 - Iter 660: obj=-1119.865104, change=6.27e-06, α=1.000, ‖θ[1:]‖₁=13.617, γ=873118.062, num_knots=556
2025-09-07 00:07:49,097 - Iter 670: obj=-1119.951942, change=3.08e-05, α=1.000, ‖θ[1:]‖₁=13.618, γ=308789.468, num_knots=553
2025-09-07 00:07:49,408 - Iter 680: obj=-1120.387806, change=1.67e-04, α=1.000, ‖θ[1:]‖₁=13.625, γ=79147.301, num_knots=547
2025-09-07 00:07:49,722 - Iter 690: obj=-1120.653088, change=7.35e-06, α=1.000, ‖θ[1:]‖₁=13.628, γ=673272.391, num_knots=542
2025-09-07 00:07:50,035 - Iter 700: obj=-1120.892534, change=6.65e-06, α=1.000, ‖θ[1:]‖₁=13.631, γ=783563.514, num_knots=539
2025-09-07 00:07:50,376 - Iter 710: obj=-1121.282613, change=1.67e-04, α=1.000, ‖θ[1:]‖₁=13.637, γ=978928.088, num_knots=532
2025-09-07 00:07:50,710 - Iter 720: obj=-1121.594532, change=1.10e-05, α=1.000, ‖θ[1:]‖₁=13.640, γ=700237.676, num_knots=530
2025-09-07 00:07:51,033 - Iter 730: obj=-1121.756652, change=1.42e-05, α=1.000, ‖θ[1:]‖₁=13.642, γ=132854.754, num_knots=527
2025-09-07 00:07:51,360 - Iter 740: obj=-1122.029554, change=5.77e-06, α=1.000, ‖θ[1:]‖₁=13.646, γ=866059.342, num_knots=520
2025-09-07 00:07:51,687 - Iter 750: obj=-1122.204504, change=2.80e-04, α=1.000, ‖θ[1:]‖₁=13.649, γ=742137.532, num_knots=516
2025-09-07 00:07:52,051 - Iter 760: obj=-1122.274618, change=7.70e-06, α=1.000, ‖θ[1:]‖₁=13.650, γ=583334.322, num_knots=516
2025-09-07 00:07:52,386 - Iter 770: obj=-1122.442377, change=8.01e-04, α=1.000, ‖θ[1:]‖₁=13.655, γ=70616.956, num_knots=509
2025-09-07 00:07:52,830 - Iter 780: obj=-1122.721448, change=1.28e-05, α=1.000, ‖θ[1:]‖₁=13.656, γ=775005.812, num_knots=509
2025-09-07 00:07:53,202 - Iter 790: obj=-1122.922495, change=5.11e-05, α=1.000, ‖θ[1:]‖₁=13.658, γ=944210.196, num_knots=507
2025-09-07 00:07:53,579 - Iter 800: obj=-1123.014238, change=5.56e-05, α=1.000, ‖θ[1:]‖₁=13.659, γ=818844.163, num_knots=506
2025-09-07 00:07:53,922 - Iter 810: obj=-1123.818311, change=5.87e-05, α=1.000, ‖θ[1:]‖₁=13.682, γ=269306.625, num_knots=488
2025-09-07 00:07:54,302 - Iter 820: obj=-1123.876566, change=2.72e-05, α=1.000, ‖θ[1:]‖₁=13.681, γ=195436.469, num_knots=485
2025-09-07 00:07:54,611 - Iter 830: obj=-1124.006180, change=7.14e-06, α=1.000, ‖θ[1:]‖₁=13.681, γ=319397.747, num_knots=482
2025-09-07 00:07:54,931 - Iter 840: obj=-1124.192358, change=8.98e-05, α=1.000, ‖θ[1:]‖₁=13.681, γ=19855.493, num_knots=479
2025-09-07 00:07:55,239 - Iter 850: obj=-1124.428003, change=2.84e-05, α=1.000, ‖θ[1:]‖₁=13.682, γ=118375.603, num_knots=477
2025-09-07 00:07:55,533 - Iter 860: obj=-1124.646813, change=3.01e-05, α=1.000, ‖θ[1:]‖₁=13.685, γ=865047.184, num_knots=471
2025-09-07 00:07:55,877 - Iter 870: obj=-1124.943067, change=1.03e-05, α=1.000, ‖θ[1:]‖₁=13.690, γ=827849.977, num_knots=465
2025-09-07 00:07:56,220 - Iter 880: obj=-1125.041824, change=8.52e-06, α=1.000, ‖θ[1:]‖₁=13.691, γ=54328.870, num_knots=461
2025-09-07 00:07:56,534 - Iter 890: obj=-1125.281178, change=1.97e-05, α=1.000, ‖θ[1:]‖₁=13.696, γ=780098.320, num_knots=455
2025-09-07 00:07:56,829 - Iter 900: obj=-1125.590049, change=1.44e-05, α=1.000, ‖θ[1:]‖₁=13.700, γ=986332.760, num_knots=453
2025-09-07 00:07:57,148 - Iter 910: obj=-1125.602974, change=6.92e-06, α=1.000, ‖θ[1:]‖₁=13.700, γ=571644.472, num_knots=453
2025-09-07 00:07:57,497 - Iter 920: obj=-1125.702529, change=5.80e-06, α=1.000, ‖θ[1:]‖₁=13.702, γ=719937.439, num_knots=451
2025-09-07 00:07:57,879 - Iter 930: obj=-1125.925980, change=1.17e-04, α=1.000, ‖θ[1:]‖₁=13.705, γ=962459.250, num_knots=450
2025-09-07 00:07:58,346 - Iter 940: obj=-1126.112853, change=5.47e-05, α=1.000, ‖θ[1:]‖₁=13.706, γ=973389.724, num_knots=448
2025-09-07 00:07:58,769 - Iter 950: obj=-1126.231544, change=9.97e-06, α=1.000, ‖θ[1:]‖₁=13.708, γ=368140.416, num_knots=445
2025-09-07 00:07:59,116 - Iter 960: obj=-1126.470545, change=6.43e-06, α=1.000, ‖θ[1:]‖₁=13.711, γ=885448.218, num_knots=444
2025-09-07 00:07:59,408 - Iter 970: obj=-1126.487415, change=1.68e-05, α=1.000, ‖θ[1:]‖₁=13.711, γ=162802.711, num_knots=444
2025-09-07 00:07:59,703 - Iter 980: obj=-1126.706165, change=6.46e-06, α=1.000, ‖θ[1:]‖₁=13.714, γ=621260.352, num_knots=440
2025-09-07 00:07:59,995 - Iter 990: obj=-1126.792070, change=3.28e-04, α=1.000, ‖θ[1:]‖₁=13.715, γ=81207.482, num_knots=438
2025-09-07 00:08:00,332 - Iter 1000: obj=-1127.173314, change=1.49e-05, α=1.000, ‖θ[1:]‖₁=13.719, γ=1000000.000, num_knots=434
2025-09-07 00:08:00,634 - Iter 1010: obj=-1127.183888, change=4.99e-06, α=1.000, ‖θ[1:]‖₁=13.719, γ=848007.550, num_knots=434
2025-09-07 00:08:00,954 - Iter 1020: obj=-1127.210890, change=2.40e-04, α=1.000, ‖θ[1:]‖₁=13.720, γ=85411.866, num_knots=433
2025-09-07 00:08:01,269 - Iter 1030: obj=-1127.329245, change=3.98e-05, α=1.000, ‖θ[1:]‖₁=13.721, γ=15089.892, num_knots=431
2025-09-07 00:08:01,531 - Iter 1040: obj=-1127.449619, change=8.23e-06, α=1.000, ‖θ[1:]‖₁=13.722, γ=561133.325, num_knots=429
2025-09-07 00:08:01,831 - Iter 1050: obj=-1127.621288, change=9.81e-06, α=1.000, ‖θ[1:]‖₁=13.724, γ=872113.312, num_knots=425
2025-09-07 00:08:02,097 - Iter 1060: obj=-1127.641466, change=5.75e-05, α=1.000, ‖θ[1:]‖₁=13.725, γ=36459.619, num_knots=424
2025-09-07 00:08:02,439 - Iter 1070: obj=-1127.704077, change=1.05e-04, α=1.000, ‖θ[1:]‖₁=13.726, γ=11906.237, num_knots=423
2025-09-07 00:08:02,796 - Iter 1080: obj=-1127.817772, change=7.03e-06, α=1.000, ‖θ[1:]‖₁=13.727, γ=770903.934, num_knots=422
2025-09-07 00:08:03,148 - Iter 1090: obj=-1127.869294, change=4.00e-05, α=1.000, ‖θ[1:]‖₁=13.728, γ=300864.753, num_knots=420
2025-09-07 00:08:03,466 - Iter 1100: obj=-1128.000948, change=9.86e-05, α=1.000, ‖θ[1:]‖₁=13.731, γ=17376.271, num_knots=414
2025-09-07 00:08:03,777 - Iter 1110: obj=-1128.120958, change=1.97e-04, α=1.000, ‖θ[1:]‖₁=13.734, γ=14716.129, num_knots=413
2025-09-07 00:08:04,126 - Iter 1120: obj=-1128.250124, change=1.60e-05, α=1.000, ‖θ[1:]‖₁=13.735, γ=148546.102, num_knots=411
2025-09-07 00:08:04,503 - Iter 1130: obj=-1128.396266, change=2.83e-04, α=1.000, ‖θ[1:]‖₁=13.738, γ=56317.349, num_knots=407
2025-09-07 00:08:04,829 - Iter 1140: obj=-1128.481753, change=1.30e-05, α=1.000, ‖θ[1:]‖₁=13.739, γ=206007.985, num_knots=407
2025-09-07 00:08:05,119 - Iter 1150: obj=-1128.698100, change=1.53e-05, α=1.000, ‖θ[1:]‖₁=13.742, γ=259287.202, num_knots=403
2025-09-07 00:08:05,444 - Iter 1160: obj=-1128.797350, change=4.94e-06, α=1.000, ‖θ[1:]‖₁=13.743, γ=790552.746, num_knots=401
2025-09-07 00:08:05,738 - Iter 1170: obj=-1128.825808, change=1.84e-04, α=1.000, ‖θ[1:]‖₁=13.744, γ=21973.460, num_knots=400
2025-09-07 00:08:06,044 - Iter 1180: obj=-1128.922081, change=1.11e-04, α=1.000, ‖θ[1:]‖₁=13.745, γ=9226.247, num_knots=399
2025-09-07 00:08:06,336 - Iter 1190: obj=-1129.054497, change=1.83e-05, α=1.000, ‖θ[1:]‖₁=13.747, γ=112299.604, num_knots=397
2025-09-07 00:08:06,657 - Iter 1200: obj=-1129.248979, change=3.79e-04, α=1.000, ‖θ[1:]‖₁=13.750, γ=8205.747, num_knots=395
2025-09-07 00:08:06,964 - Iter 1210: obj=-1129.654288, change=8.61e-05, α=1.000, ‖θ[1:]‖₁=13.753, γ=984634.844, num_knots=394
2025-09-07 00:08:07,294 - Iter 1220: obj=-1129.665712, change=5.68e-06, α=1.000, ‖θ[1:]‖₁=13.753, γ=623038.303, num_knots=392
2025-09-07 00:08:07,590 - Iter 1230: obj=-1129.772820, change=2.18e-04, α=1.000, ‖θ[1:]‖₁=13.754, γ=312752.692, num_knots=392
2025-09-07 00:08:07,896 - Iter 1240: obj=-1129.826748, change=1.07e-05, α=1.000, ‖θ[1:]‖₁=13.754, γ=249781.414, num_knots=392
2025-09-07 00:08:08,186 - Iter 1250: obj=-1129.944419, change=5.23e-06, α=1.000, ‖θ[1:]‖₁=13.755, γ=679891.700, num_knots=389
2025-09-07 00:08:08,503 - Iter 1260: obj=-1130.032471, change=4.77e-06, α=1.000, ‖θ[1:]‖₁=13.755, γ=87249.878, num_knots=385
2025-09-07 00:08:08,813 - Iter 1270: obj=-1130.217959, change=4.24e-06, α=1.000, ‖θ[1:]‖₁=13.758, γ=864965.376, num_knots=382
2025-09-07 00:08:09,157 - Iter 1280: obj=-1130.227421, change=7.03e-06, α=1.000, ‖θ[1:]‖₁=13.759, γ=447204.160, num_knots=380
2025-09-07 00:08:09,478 - Iter 1290: obj=-1130.400753, change=2.33e-05, α=1.000, ‖θ[1:]‖₁=13.762, γ=998218.796, num_knots=376
2025-09-07 00:08:09,789 - Iter 1300: obj=-1130.407911, change=9.53e-06, α=1.000, ‖θ[1:]‖₁=13.762, γ=920773.367, num_knots=375
2025-09-07 00:08:10,101 - Iter 1310: obj=-1130.416713, change=7.27e-06, α=1.000, ‖θ[1:]‖₁=13.762, γ=432293.779, num_knots=375
2025-09-07 00:08:10,418 - Iter 1320: obj=-1130.526295, change=8.79e-06, α=1.000, ‖θ[1:]‖₁=13.764, γ=344650.151, num_knots=373
2025-09-07 00:08:10,725 - Iter 1330: obj=-1130.682647, change=1.10e-05, α=1.000, ‖θ[1:]‖₁=13.766, γ=401442.260, num_knots=371
2025-09-07 00:08:11,037 - Iter 1340: obj=-1130.857837, change=5.39e-06, α=1.000, ‖θ[1:]‖₁=13.768, γ=972973.547, num_knots=369
2025-09-07 00:08:11,351 - Iter 1350: obj=-1130.865343, change=5.12e-06, α=1.000, ‖θ[1:]‖₁=13.768, γ=663047.641, num_knots=369
2025-09-07 00:08:11,668 - Iter 1360: obj=-1130.891780, change=1.39e-04, α=1.000, ‖θ[1:]‖₁=13.769, γ=12611.660, num_knots=367
2025-09-07 00:08:11,983 - Iter 1370: obj=-1131.004332, change=6.35e-06, α=1.000, ‖θ[1:]‖₁=13.770, γ=496530.566, num_knots=367
2025-09-07 00:08:12,277 - Iter 1380: obj=-1131.171775, change=6.11e-06, α=1.000, ‖θ[1:]‖₁=13.772, γ=487138.404, num_knots=363
2025-09-07 00:08:12,587 - Iter 1390: obj=-1131.237346, change=5.04e-06, α=1.000, ‖θ[1:]‖₁=13.773, γ=676887.151, num_knots=362
2025-09-07 00:08:12,871 - Iter 1400: obj=-1131.314214, change=8.49e-05, α=1.000, ‖θ[1:]‖₁=13.774, γ=301606.546, num_knots=361
2025-09-07 00:08:13,167 - Iter 1410: obj=-1131.424790, change=7.50e-06, α=1.000, ‖θ[1:]‖₁=13.775, γ=12213.234, num_knots=359
2025-09-07 00:08:13,461 - Iter 1420: obj=-1131.544726, change=1.42e-05, α=1.000, ‖θ[1:]‖₁=13.777, γ=21916.491, num_knots=356
2025-09-07 00:08:13,756 - Iter 1430: obj=-1131.696423, change=2.63e-04, α=1.000, ‖θ[1:]‖₁=13.780, γ=121732.107, num_knots=354
2025-09-07 00:08:14,094 - Iter 1440: obj=-1131.822870, change=7.21e-06, α=1.000, ‖θ[1:]‖₁=13.781, γ=400925.031, num_knots=353
2025-09-07 00:08:14,383 - Iter 1450: obj=-1132.129370, change=9.90e-06, α=1.000, ‖θ[1:]‖₁=13.787, γ=952765.340, num_knots=344
2025-09-07 00:08:14,671 - Iter 1460: obj=-1132.135672, change=4.71e-06, α=1.000, ‖θ[1:]‖₁=13.787, γ=710187.701, num_knots=344
2025-09-07 00:08:14,991 - Iter 1470: obj=-1132.156786, change=1.12e-04, α=1.000, ‖θ[1:]‖₁=13.787, γ=24563.182, num_knots=344
2025-09-07 00:08:15,298 - Iter 1480: obj=-1132.280105, change=5.83e-04, α=1.000, ‖θ[1:]‖₁=13.789, γ=83243.908, num_knots=343
2025-09-07 00:08:15,601 - Iter 1490: obj=-1132.498737, change=4.89e-06, α=1.000, ‖θ[1:]‖₁=13.791, γ=643095.966, num_knots=341
2025-09-07 00:08:16,006 - Iter 1500: obj=-1132.513946, change=2.48e-05, α=1.000, ‖θ[1:]‖₁=13.791, γ=71179.470, num_knots=340
2025-09-07 00:08:16,372 - Iter 1510: obj=-1132.660169, change=5.76e-06, α=1.000, ‖θ[1:]‖₁=13.793, γ=431789.131, num_knots=339
2025-09-07 00:08:16,757 - Iter 1520: obj=-1132.776369, change=2.61e-05, α=1.000, ‖θ[1:]‖₁=13.794, γ=130291.188, num_knots=337
2025-09-07 00:08:17,038 - Iter 1530: obj=-1132.854670, change=1.74e-05, α=1.000, ‖θ[1:]‖₁=13.795, γ=107035.537, num_knots=337
2025-09-07 00:08:17,374 - Iter 1540: obj=-1133.017959, change=8.07e-06, α=1.000, ‖θ[1:]‖₁=13.797, γ=977171.808, num_knots=334
2025-09-07 00:08:17,685 - Iter 1550: obj=-1133.023542, change=4.26e-06, α=1.000, ‖θ[1:]‖₁=13.797, γ=779891.422, num_knots=334
2025-09-07 00:08:17,990 - Iter 1560: obj=-1133.033221, change=1.49e-05, α=1.000, ‖θ[1:]‖₁=13.797, γ=166657.686, num_knots=334
2025-09-07 00:08:18,291 - Iter 1570: obj=-1133.163495, change=5.90e-06, α=1.000, ‖θ[1:]‖₁=13.799, γ=861997.606, num_knots=331
2025-09-07 00:08:18,642 - Iter 1580: obj=-1133.171364, change=8.73e-06, α=1.000, ‖θ[1:]‖₁=13.799, γ=538570.492, num_knots=330
2025-09-07 00:08:18,966 - Iter 1590: obj=-1133.312724, change=5.90e-05, α=1.000, ‖θ[1:]‖₁=13.801, γ=901952.846, num_knots=328
2025-09-07 00:08:19,247 - Iter 1600: obj=-1133.329242, change=1.85e-05, α=1.000, ‖θ[1:]‖₁=13.802, γ=92805.559, num_knots=328
2025-09-07 00:08:19,589 - Iter 1610: obj=-1133.597104, change=5.43e-06, α=1.000, ‖θ[1:]‖₁=13.806, γ=830147.486, num_knots=323
2025-09-07 00:08:19,888 - Iter 1620: obj=-1133.604031, change=7.47e-06, α=1.000, ‖θ[1:]‖₁=13.806, γ=394109.344, num_knots=323
2025-09-07 00:08:20,177 - Iter 1630: obj=-1133.627439, change=4.55e-05, α=1.000, ‖θ[1:]‖₁=13.806, γ=46356.212, num_knots=323
2025-09-07 00:08:20,471 - Iter 1640: obj=-1133.762060, change=4.44e-06, α=1.000, ‖θ[1:]‖₁=13.808, γ=957564.457, num_knots=320
2025-09-07 00:08:20,760 - Iter 1650: obj=-1133.767210, change=4.60e-06, α=1.000, ‖θ[1:]‖₁=13.808, γ=666262.516, num_knots=320
2025-09-07 00:08:21,074 - Iter 1660: obj=-1133.818376, change=6.81e-04, α=1.000, ‖θ[1:]‖₁=13.809, γ=46426.729, num_knots=318
2025-09-07 00:08:21,394 - Iter 1670: obj=-1133.925126, change=4.36e-06, α=1.000, ‖θ[1:]‖₁=13.809, γ=703394.180, num_knots=318
2025-09-07 00:08:21,718 - Iter 1680: obj=-1133.959972, change=2.16e-04, α=1.000, ‖θ[1:]‖₁=13.810, γ=61916.740, num_knots=316
2025-09-07 00:08:22,043 - Iter 1690: obj=-1134.067253, change=2.80e-04, α=1.000, ‖θ[1:]‖₁=13.811, γ=223497.662, num_knots=313
2025-09-07 00:08:22,328 - Iter 1700: obj=-1134.111030, change=6.40e-06, α=1.000, ‖θ[1:]‖₁=13.812, γ=433013.778, num_knots=313
2025-09-07 00:08:22,612 - Iter 1710: obj=-1134.163010, change=6.09e-06, α=1.000, ‖θ[1:]‖₁=13.812, γ=479207.822, num_knots=312
2025-09-07 00:08:22,968 - Iter 1720: obj=-1134.243504, change=3.31e-06, α=1.000, ‖θ[1:]‖₁=13.813, γ=952160.795, num_knots=309
2025-09-07 00:08:23,278 - Iter 1730: obj=-1134.248362, change=4.54e-06, α=1.000, ‖θ[1:]‖₁=13.813, γ=650865.720, num_knots=309
2025-09-07 00:08:23,582 - Iter 1740: obj=-1134.266008, change=1.94e-04, α=1.000, ‖θ[1:]‖₁=13.814, γ=16183.977, num_knots=308
2025-09-07 00:08:23,914 - Iter 1750: obj=-1134.408064, change=7.60e-06, α=1.000, ‖θ[1:]‖₁=13.815, γ=328265.967, num_knots=306
2025-09-07 00:08:24,249 - Iter 1760: obj=-1134.497140, change=8.44e-05, α=1.000, ‖θ[1:]‖₁=13.816, γ=195852.446, num_knots=304
2025-09-07 00:08:24,559 - Iter 1770: obj=-1134.604305, change=4.94e-06, α=1.000, ‖θ[1:]‖₁=13.817, γ=591754.654, num_knots=304
2025-09-07 00:08:24,908 - Iter 1780: obj=-1134.636003, change=8.11e-05, α=1.000, ‖θ[1:]‖₁=13.818, γ=22675.075, num_knots=303
2025-09-07 00:08:25,206 - Iter 1790: obj=-1134.744342, change=3.38e-06, α=1.000, ‖θ[1:]‖₁=13.818, γ=911054.421, num_knots=303
2025-09-07 00:08:25,508 - Iter 1800: obj=-1134.749408, change=5.69e-06, α=1.000, ‖θ[1:]‖₁=13.819, γ=473811.776, num_knots=303
2025-09-07 00:08:25,833 - Iter 1810: obj=-1134.957512, change=3.37e-06, α=1.000, ‖θ[1:]‖₁=13.819, γ=315459.693, num_knots=302
2025-09-07 00:08:26,139 - Iter 1820: obj=-1135.025212, change=1.49e-03, α=1.000, ‖θ[1:]‖₁=13.821, γ=357758.455, num_knots=298
2025-09-07 00:08:26,501 - Iter 1830: obj=-1135.215683, change=1.72e-05, α=1.000, ‖θ[1:]‖₁=13.822, γ=825123.803, num_knots=298
2025-09-07 00:08:26,821 - Iter 1840: obj=-1135.221043, change=1.06e-05, α=1.000, ‖θ[1:]‖₁=13.822, γ=487389.432, num_knots=298
2025-09-07 00:08:27,163 - Iter 1850: obj=-1135.232923, change=1.53e-05, α=1.000, ‖θ[1:]‖₁=13.822, γ=192447.761, num_knots=298
2025-09-07 00:08:27,579 - Iter 1860: obj=-1135.255485, change=3.05e-05, α=1.000, ‖θ[1:]‖₁=13.822, γ=73325.566, num_knots=297
2025-09-07 00:08:28,002 - Iter 1870: obj=-1135.541309, change=2.50e-05, α=1.000, ‖θ[1:]‖₁=13.826, γ=954799.022, num_knots=296
2025-09-07 00:08:28,384 - Iter 1880: obj=-1135.545404, change=1.24e-05, α=1.000, ‖θ[1:]‖₁=13.826, γ=831273.975, num_knots=296
2025-09-07 00:08:28,748 - Iter 1890: obj=-1135.550566, change=7.64e-06, α=1.000, ‖θ[1:]‖₁=13.826, γ=495358.371, num_knots=296
2025-09-07 00:08:29,165 - Iter 1900: obj=-1135.562433, change=1.67e-05, α=1.000, ‖θ[1:]‖₁=13.826, γ=168324.277, num_knots=296
2025-09-07 00:08:29,499 - Iter 1910: obj=-1135.608059, change=8.95e-06, α=1.000, ‖θ[1:]‖₁=13.826, γ=195482.756, num_knots=294
2025-09-07 00:08:29,844 - Iter 1920: obj=-1135.649206, change=3.57e-05, α=1.000, ‖θ[1:]‖₁=13.827, γ=32068.505, num_knots=291
2025-09-07 00:08:30,226 - Iter 1930: obj=-1135.781451, change=3.44e-06, α=1.000, ‖θ[1:]‖₁=13.829, γ=844316.212, num_knots=291
2025-09-07 00:08:30,564 - Iter 1940: obj=-1135.786874, change=8.92e-06, α=1.000, ‖θ[1:]‖₁=13.829, γ=244745.416, num_knots=291
2025-09-07 00:08:30,898 - Iter 1950: obj=-1136.007119, change=5.57e-06, α=1.000, ‖θ[1:]‖₁=13.834, γ=979652.288, num_knots=287
2025-09-07 00:08:31,276 - Iter 1960: obj=-1136.010749, change=3.35e-06, α=1.000, ‖θ[1:]‖₁=13.834, γ=857042.955, num_knots=287
2025-09-07 00:08:31,607 - Iter 1970: obj=-1136.015281, change=4.99e-06, α=1.000, ‖θ[1:]‖₁=13.834, γ=542077.509, num_knots=286
2025-09-07 00:08:31,923 - Iter 1980: obj=-1136.025839, change=1.94e-05, α=1.000, ‖θ[1:]‖₁=13.834, γ=127978.525, num_knots=286
2025-09-07 00:08:32,336 - Iter 1990: obj=-1136.078126, change=1.44e-04, α=1.000, ‖θ[1:]‖₁=13.835, γ=16001.184, num_knots=284
2025-09-07 00:08:32,642 - Iter 2000: obj=-1136.151351, change=1.54e-04, α=1.000, ‖θ[1:]‖₁=13.836, γ=48917.045, num_knots=283
2025-09-07 00:08:32,972 - Iter 2010: obj=-1136.282786, change=3.15e-06, α=1.000, ‖θ[1:]‖₁=13.838, γ=911973.715, num_knots=282
2025-09-07 00:08:33,293 - Iter 2020: obj=-1136.286818, change=4.76e-06, α=1.000, ‖θ[1:]‖₁=13.838, γ=550767.826, num_knots=282
2025-09-07 00:08:33,605 - Iter 2030: obj=-1136.364108, change=2.20e-04, α=1.000, ‖θ[1:]‖₁=13.839, γ=609922.970, num_knots=282
2025-09-07 00:08:33,924 - Iter 2040: obj=-1136.392172, change=3.22e-06, α=1.000, ‖θ[1:]‖₁=13.839, γ=885163.110, num_knots=282
2025-09-07 00:08:34,218 - Iter 2050: obj=-1136.396544, change=5.90e-06, α=1.000, ‖θ[1:]‖₁=13.839, γ=414743.556, num_knots=282
2025-09-07 00:08:34,547 - Iter 2060: obj=-1136.602222, change=9.23e-06, α=1.000, ‖θ[1:]‖₁=13.840, γ=1000000.000, num_knots=281
2025-09-07 00:08:34,841 - Iter 2070: obj=-1136.605473, change=4.14e-06, α=1.000, ‖θ[1:]‖₁=13.840, γ=974348.629, num_knots=281
2025-09-07 00:08:35,181 - Iter 2080: obj=-1136.608927, change=3.41e-06, α=1.000, ‖θ[1:]‖₁=13.840, γ=820783.767, num_knots=281
2025-09-07 00:08:35,525 - Iter 2090: obj=-1136.614175, change=9.77e-06, α=1.000, ‖θ[1:]‖₁=13.840, γ=207120.780, num_knots=281
2025-09-07 00:08:35,829 - Iter 2100: obj=-1136.651832, change=4.05e-06, α=1.000, ‖θ[1:]‖₁=13.841, γ=666045.777, num_knots=278
2025-09-07 00:08:36,148 - Iter 2110: obj=-1136.663126, change=1.96e-05, α=1.000, ‖θ[1:]‖₁=13.841, γ=427010.874, num_knots=277
2025-09-07 00:08:36,471 - Iter 2120: obj=-1136.729582, change=1.02e-05, α=1.000, ‖θ[1:]‖₁=13.842, γ=188086.696, num_knots=274
2025-09-07 00:08:36,782 - Iter 2130: obj=-1136.795010, change=1.03e-05, α=1.000, ‖θ[1:]‖₁=13.844, γ=186372.665, num_knots=274
2025-09-07 00:08:37,098 - Iter 2140: obj=-1136.876221, change=2.96e-06, α=1.000, ‖θ[1:]‖₁=13.846, γ=941239.624, num_knots=273
2025-09-07 00:08:37,430 - Iter 2150: obj=-1136.879681, change=3.96e-06, α=1.000, ‖θ[1:]‖₁=13.846, γ=668095.360, num_knots=273
2025-09-07 00:08:37,736 - Iter 2160: obj=-1136.887675, change=2.53e-05, α=1.000, ‖θ[1:]‖₁=13.846, γ=66608.161, num_knots=273
2025-09-07 00:08:38,095 - Iter 2170: obj=-1136.905644, change=9.17e-06, α=1.000, ‖θ[1:]‖₁=13.846, γ=226003.790, num_knots=271
2025-09-07 00:08:38,391 - Iter 2180: obj=-1137.055992, change=7.90e-06, α=1.000, ‖θ[1:]‖₁=13.849, γ=1000000.000, num_knots=270
2025-09-07 00:08:38,716 - Iter 2190: obj=-1137.058924, change=3.82e-06, α=1.000, ‖θ[1:]‖₁=13.849, γ=961496.110, num_knots=270
2025-09-07 00:08:39,025 - Iter 2200: obj=-1137.062109, change=3.50e-06, α=1.000, ‖θ[1:]‖₁=13.849, γ=767593.015, num_knots=270
2025-09-07 00:08:39,348 - Iter 2210: obj=-1137.067715, change=1.44e-05, α=1.000, ‖θ[1:]‖₁=13.849, γ=115181.987, num_knots=270
2025-09-07 00:08:39,669 - Iter 2220: obj=-1137.146431, change=2.72e-04, α=1.000, ‖θ[1:]‖₁=13.851, γ=162902.928, num_knots=267
2025-09-07 00:08:39,982 - Iter 2230: obj=-1137.183844, change=6.39e-05, α=1.000, ‖θ[1:]‖₁=13.852, γ=14449.155, num_knots=266
2025-09-07 00:08:40,307 - Iter 2240: obj=-1137.256907, change=3.43e-06, α=1.000, ‖θ[1:]‖₁=13.854, γ=776444.830, num_knots=265
2025-09-07 00:08:40,596 - Iter 2250: obj=-1137.261901, change=1.20e-05, α=1.000, ‖θ[1:]‖₁=13.854, γ=146858.623, num_knots=265
2025-09-07 00:08:40,930 - Iter 2260: obj=-1137.302413, change=5.75e-06, α=1.000, ‖θ[1:]‖₁=13.855, γ=408777.579, num_knots=263
2025-09-07 00:08:41,246 - Iter 2270: obj=-1137.367942, change=3.04e-06, α=1.000, ‖θ[1:]‖₁=13.856, γ=906563.577, num_knots=262
2025-09-07 00:08:41,575 - Iter 2280: obj=-1137.371180, change=4.27e-06, α=1.000, ‖θ[1:]‖₁=13.856, γ=588517.224, num_knots=262
2025-09-07 00:08:41,900 - Iter 2290: obj=-1137.391879, change=6.82e-04, α=1.000, ‖θ[1:]‖₁=13.858, γ=14348.650, num_knots=261
2025-09-07 00:08:42,225 - Iter 2300: obj=-1137.478647, change=3.00e-06, α=1.000, ‖θ[1:]‖₁=13.858, γ=946435.851, num_knots=261
2025-09-07 00:08:42,606 - Iter 2310: obj=-1137.481620, change=3.55e-06, α=1.000, ‖θ[1:]‖₁=13.858, γ=729571.460, num_knots=261
2025-09-07 00:08:42,965 - Iter 2320: obj=-1137.487426, change=1.94e-05, α=1.000, ‖θ[1:]‖₁=13.859, γ=68617.612, num_knots=261
2025-09-07 00:08:43,273 - Iter 2330: obj=-1137.611930, change=5.84e-06, α=1.000, ‖θ[1:]‖₁=13.860, γ=921978.889, num_knots=259
2025-09-07 00:08:43,594 - Iter 2340: obj=-1137.614908, change=3.49e-06, α=1.000, ‖θ[1:]‖₁=13.860, γ=747701.525, num_knots=259
2025-09-07 00:08:43,931 - Iter 2350: obj=-1137.619292, change=7.48e-06, α=1.000, ‖θ[1:]‖₁=13.860, γ=305518.219, num_knots=259
2025-09-07 00:08:44,218 - Iter 2360: obj=-1137.652921, change=3.28e-04, α=1.000, ‖θ[1:]‖₁=13.861, γ=363829.434, num_knots=257
2025-09-07 00:08:44,529 - Iter 2370: obj=-1137.686841, change=3.13e-06, α=1.000, ‖θ[1:]‖₁=13.861, γ=838196.096, num_knots=257
2025-09-07 00:08:44,835 - Iter 2380: obj=-1137.690540, change=6.29e-06, α=1.000, ‖θ[1:]‖₁=13.861, γ=354953.481, num_knots=257
2025-09-07 00:08:45,167 - Iter 2390: obj=-1137.716076, change=1.57e-05, α=1.000, ‖θ[1:]‖₁=13.862, γ=97346.074, num_knots=256
2025-09-07 00:08:45,452 - Iter 2400: obj=-1137.778824, change=1.88e-04, α=1.000, ‖θ[1:]‖₁=13.863, γ=5491.531, num_knots=256
2025-09-07 00:08:45,768 - Iter 2410: obj=-1138.034432, change=2.56e-05, α=1.000, ‖θ[1:]‖₁=13.865, γ=1000000.000, num_knots=254
2025-09-07 00:08:46,127 - Iter 2420: obj=-1138.037027, change=1.06e-05, α=1.000, ‖θ[1:]‖₁=13.865, γ=959206.544, num_knots=254
2025-09-07 00:08:46,408 - Iter 2430: obj=-1138.039712, change=3.46e-06, α=1.000, ‖θ[1:]‖₁=13.865, γ=831854.493, num_knots=254
2025-09-07 00:08:46,715 - Iter 2440: obj=-1138.043027, change=4.52e-06, α=1.000, ‖θ[1:]‖₁=13.865, γ=555075.380, num_knots=254
2025-09-07 00:08:47,022 - Iter 2450: obj=-1138.048873, change=9.60e-06, α=1.000, ‖θ[1:]‖₁=13.865, γ=258635.094, num_knots=254
2025-09-07 00:08:47,331 - Iter 2460: obj=-1138.060548, change=1.81e-05, α=1.000, ‖θ[1:]‖₁=13.865, γ=132386.669, num_knots=254
2025-09-07 00:08:47,623 - Iter 2470: obj=-1138.181333, change=1.89e-03, α=1.000, ‖θ[1:]‖₁=13.868, γ=363766.898, num_knots=248
2025-09-07 00:08:47,973 - Iter 2480: obj=-1138.351974, change=8.68e-06, α=1.000, ‖θ[1:]‖₁=13.868, γ=958738.412, num_knots=248
2025-09-07 00:08:48,281 - Iter 2490: obj=-1138.354471, change=3.34e-06, α=1.000, ‖θ[1:]‖₁=13.868, γ=835376.781, num_knots=248
2025-09-07 00:08:48,579 - Iter 2500: obj=-1138.357542, change=4.38e-06, α=1.000, ‖θ[1:]‖₁=13.868, γ=564717.272, num_knots=248
2025-09-07 00:08:48,890 - Iter 2510: obj=-1138.362717, change=8.41e-06, α=1.000, ‖θ[1:]‖₁=13.868, γ=283094.401, num_knots=246
2025-09-07 00:08:49,222 - Iter 2520: obj=-1138.374018, change=2.23e-05, α=1.000, ‖θ[1:]‖₁=13.868, γ=99087.195, num_knots=246
2025-09-07 00:08:49,542 - Iter 2530: obj=-1138.514330, change=9.90e-06, α=1.000, ‖θ[1:]‖₁=13.870, γ=990594.264, num_knots=245
2025-09-07 00:08:49,879 - Iter 2540: obj=-1138.516601, change=5.19e-06, α=1.000, ‖θ[1:]‖₁=13.870, γ=959434.275, num_knots=245
2025-09-07 00:08:50,180 - Iter 2550: obj=-1138.518984, change=2.95e-06, α=1.000, ‖θ[1:]‖₁=13.870, γ=863329.548, num_knots=245
2025-09-07 00:08:50,486 - Iter 2560: obj=-1138.521860, change=4.32e-06, α=1.000, ‖θ[1:]‖₁=13.870, γ=550351.516, num_knots=245
2025-09-07 00:08:50,800 - Iter 2570: obj=-1138.535538, change=1.91e-04, α=1.000, ‖θ[1:]‖₁=13.870, γ=8648.556, num_knots=245
2025-09-07 00:08:51,117 - Iter 2580: obj=-1138.598304, change=4.13e-06, α=1.000, ‖θ[1:]‖₁=13.870, γ=573500.142, num_knots=244
2025-09-07 00:08:51,462 - Iter 2590: obj=-1138.613251, change=6.65e-04, α=1.000, ‖θ[1:]‖₁=13.871, γ=4804.932, num_knots=243
2025-09-07 00:08:51,771 - Iter 2600: obj=-1138.722460, change=9.12e-06, α=1.000, ‖θ[1:]‖₁=13.871, γ=204069.751, num_knots=243
2025-09-07 00:08:52,079 - Iter 2610: obj=-1138.955544, change=5.36e-06, α=1.000, ‖θ[1:]‖₁=13.872, γ=421804.679, num_knots=239
2025-09-07 00:08:52,390 - Iter 2620: obj=-1138.964478, change=2.28e-05, α=1.000, ‖θ[1:]‖₁=13.872, γ=92167.366, num_knots=239
2025-09-07 00:08:52,707 - Iter 2630: obj=-1138.990098, change=3.06e-05, α=1.000, ‖θ[1:]‖₁=13.872, γ=39927.714, num_knots=237
2025-09-07 00:08:53,018 - Iter 2640: obj=-1139.022045, change=5.22e-06, α=1.000, ‖θ[1:]‖₁=13.873, γ=417682.145, num_knots=236
2025-09-07 00:08:53,325 - Iter 2650: obj=-1139.071960, change=2.71e-04, α=1.000, ‖θ[1:]‖₁=13.874, γ=40456.964, num_knots=235
2025-09-07 00:08:53,685 - Iter 2660: obj=-1139.118067, change=9.23e-04, α=1.000, ‖θ[1:]‖₁=13.874, γ=2199.707, num_knots=235
2025-09-07 00:08:54,092 - Iter 2670: obj=-1139.292951, change=1.18e-04, α=1.000, ‖θ[1:]‖₁=13.875, γ=1619.021, num_knots=234
2025-09-07 00:08:54,440 - Iter 2680: obj=-1139.424119, change=1.52e-05, α=1.000, ‖θ[1:]‖₁=13.877, γ=1000000.000, num_knots=231
2025-09-07 00:08:54,750 - Iter 2690: obj=-1139.426093, change=7.05e-06, α=1.000, ‖θ[1:]‖₁=13.877, γ=969320.983, num_knots=231
2025-09-07 00:08:55,276 - Iter 2700: obj=-1139.428145, change=3.04e-06, α=1.000, ‖θ[1:]‖₁=13.877, γ=868545.643, num_knots=231
2025-09-07 00:08:55,704 - Iter 2710: obj=-1139.430561, change=3.64e-06, α=1.000, ‖θ[1:]‖₁=13.877, γ=637206.209, num_knots=231
2025-09-07 00:08:56,057 - Iter 2720: obj=-1139.434406, change=7.39e-06, α=1.000, ‖θ[1:]‖₁=13.877, γ=298299.772, num_knots=231
2025-09-07 00:08:56,400 - Iter 2730: obj=-1139.443810, change=2.06e-05, α=1.000, ‖θ[1:]‖₁=13.877, γ=100067.686, num_knots=231
2025-09-07 00:08:56,729 - Iter 2740: obj=-1139.644352, change=3.49e-05, α=1.000, ‖θ[1:]‖₁=13.877, γ=732592.244, num_knots=230
2025-09-07 00:08:57,052 - Iter 2750: obj=-1139.651793, change=1.28e-05, α=1.000, ‖θ[1:]‖₁=13.877, γ=171485.494, num_knots=230
2025-09-07 00:08:57,452 - Iter 2760: obj=-1139.671825, change=1.12e-04, α=1.000, ‖θ[1:]‖₁=13.877, γ=7552.138, num_knots=230
2025-09-07 00:08:57,822 - Iter 2770: obj=-1139.831635, change=9.33e-06, α=1.000, ‖θ[1:]‖₁=13.878, γ=901031.479, num_knots=228
2025-09-07 00:08:58,273 - Iter 2780: obj=-1139.833823, change=5.64e-06, α=1.000, ‖θ[1:]‖₁=13.878, γ=758551.685, num_knots=228
2025-09-07 00:08:58,908 - Iter 2790: obj=-1139.836661, change=4.68e-06, α=1.000, ‖θ[1:]‖₁=13.878, γ=468639.975, num_knots=228
2025-09-07 00:08:59,211 - Iter 2800: obj=-1139.842340, change=1.13e-05, α=1.000, ‖θ[1:]‖₁=13.878, γ=193730.167, num_knots=228
2025-09-07 00:08:59,527 - Iter 2810: obj=-1139.856169, change=3.98e-05, α=1.000, ‖θ[1:]‖₁=13.878, γ=40141.906, num_knots=228
2025-09-07 00:08:59,840 - Iter 2820: obj=-1139.900606, change=3.69e-06, α=1.000, ‖θ[1:]‖₁=13.878, γ=588592.610, num_knots=227
2025-09-07 00:09:00,164 - Iter 2830: obj=-1139.907814, change=5.99e-05, α=1.000, ‖θ[1:]‖₁=13.878, γ=12286.131, num_knots=227
2025-09-07 00:09:00,477 - Iter 2840: obj=-1139.968692, change=3.63e-06, α=1.000, ‖θ[1:]‖₁=13.878, γ=601931.180, num_knots=226
2025-09-07 00:09:00,780 - Iter 2850: obj=-1139.974694, change=5.66e-05, α=1.000, ‖θ[1:]‖₁=13.878, γ=55494.979, num_knots=224
2025-09-07 00:09:01,144 - Iter 2860: obj=-1140.008859, change=8.27e-06, α=1.000, ‖θ[1:]‖₁=13.879, γ=210547.727, num_knots=222
2025-09-07 00:09:01,491 - Iter 2870: obj=-1140.046223, change=3.16e-04, α=1.000, ‖θ[1:]‖₁=13.881, γ=532120.087, num_knots=219
2025-09-07 00:09:01,830 - Iter 2880: obj=-1140.071554, change=2.43e-06, α=1.000, ‖θ[1:]‖₁=13.881, γ=941543.050, num_knots=219
2025-09-07 00:09:02,144 - Iter 2890: obj=-1140.073463, change=2.81e-06, α=1.000, ‖θ[1:]‖₁=13.881, γ=791370.641, num_knots=219
2025-09-07 00:09:02,516 - Iter 2900: obj=-1140.076102, change=5.46e-06, α=1.000, ‖θ[1:]‖₁=13.881, γ=357782.152, num_knots=219
2025-09-07 00:09:02,871 - Iter 2910: obj=-1140.115856, change=1.03e-04, α=1.000, ‖θ[1:]‖₁=13.882, γ=92946.150, num_knots=219
2025-09-07 00:09:03,245 - Iter 2920: obj=-1140.227325, change=3.05e-06, α=1.000, ‖θ[1:]‖₁=13.884, γ=714045.896, num_knots=218
2025-09-07 00:09:03,549 - Iter 2930: obj=-1140.230712, change=1.02e-05, α=1.000, ‖θ[1:]‖₁=13.884, γ=151439.389, num_knots=218
2025-09-07 00:09:03,844 - Iter 2940: obj=-1140.313115, change=2.31e-06, α=1.000, ‖θ[1:]‖₁=13.885, γ=965511.626, num_knots=218
2025-09-07 00:09:04,181 - Iter 2950: obj=-1140.314928, change=2.56e-06, α=1.000, ‖θ[1:]‖₁=13.885, γ=858506.791, num_knots=218
2025-09-07 00:09:04,530 - Iter 2960: obj=-1140.317170, change=3.93e-06, α=1.000, ‖θ[1:]‖₁=13.885, γ=519170.325, num_knots=218
2025-09-07 00:09:04,833 - Iter 2970: obj=-1140.332548, change=1.11e-03, α=1.000, ‖θ[1:]‖₁=13.888, γ=39874.723, num_knots=213
2025-09-07 00:09:05,135 - Iter 2980: obj=-1140.419707, change=3.32e-06, α=1.000, ‖θ[1:]‖₁=13.888, γ=627887.656, num_knots=213
2025-09-07 00:09:05,417 - Iter 2990: obj=-1140.424024, change=1.95e-05, α=1.000, ‖θ[1:]‖₁=13.888, γ=61537.514, num_knots=213
2025-09-07 00:09:05,752 - Iter 3000: obj=-1140.469833, change=1.11e-04, α=1.000, ‖θ[1:]‖₁=13.889, γ=13360.023, num_knots=212
2025-09-07 00:09:06,060 - Iter 3010: obj=-1140.538443, change=3.41e-06, α=1.000, ‖θ[1:]‖₁=13.890, γ=591690.972, num_knots=211
2025-09-07 00:09:06,373 - Iter 3020: obj=-1140.542897, change=1.86e-05, α=1.000, ‖θ[1:]‖₁=13.890, γ=74954.991, num_knots=211
2025-09-07 00:09:06,694 - Iter 3030: obj=-1140.585410, change=5.84e-06, α=1.000, ‖θ[1:]‖₁=13.892, γ=9020.733, num_knots=209
2025-09-07 00:09:06,995 - Iter 3040: obj=-1140.656496, change=3.01e-06, α=1.000, ‖θ[1:]‖₁=13.894, γ=693546.952, num_knots=209
2025-09-07 00:09:07,297 - Iter 3050: obj=-1140.659413, change=8.27e-06, α=1.000, ‖θ[1:]‖₁=13.894, γ=198803.865, num_knots=208
2025-09-07 00:09:07,641 - Iter 3060: obj=-1140.688355, change=4.22e-06, α=1.000, ‖θ[1:]‖₁=13.895, γ=462158.306, num_knots=207
2025-09-07 00:09:07,941 - Iter 3070: obj=-1140.699860, change=8.41e-05, α=1.000, ‖θ[1:]‖₁=13.895, γ=21327.006, num_knots=207
2025-09-07 00:09:08,255 - Iter 3080: obj=-1140.732620, change=2.89e-06, α=1.000, ‖θ[1:]‖₁=13.896, γ=718379.525, num_knots=206
2025-09-07 00:09:08,530 - Iter 3090: obj=-1140.735388, change=8.10e-06, α=1.000, ‖θ[1:]‖₁=13.896, γ=199545.008, num_knots=206
2025-09-07 00:09:08,852 - Iter 3100: obj=-1140.779343, change=1.09e-05, α=1.000, ‖θ[1:]‖₁=13.897, γ=126852.587, num_knots=206
2025-09-07 00:09:09,189 - Iter 3110: obj=-1140.847810, change=2.68e-06, α=1.000, ‖θ[1:]‖₁=13.899, γ=781273.716, num_knots=206
2025-09-07 00:09:09,523 - Iter 3120: obj=-1140.849698, change=3.15e-06, α=1.000, ‖θ[1:]‖₁=13.899, γ=647802.724, num_knots=205
2025-09-07 00:09:09,819 - Iter 3130: obj=-1140.852951, change=1.05e-05, α=1.000, ‖θ[1:]‖₁=13.899, γ=151190.485, num_knots=205
2025-09-07 00:09:10,115 - Iter 3140: obj=-1140.933729, change=2.71e-06, α=1.000, ‖θ[1:]‖₁=13.900, γ=604389.936, num_knots=205
2025-09-07 00:09:10,424 - Iter 3150: obj=-1140.938026, change=2.73e-05, α=1.000, ‖θ[1:]‖₁=13.900, γ=29116.870, num_knots=205
2025-09-07 00:09:10,759 - Iter 3160: obj=-1141.032666, change=3.50e-06, α=1.000, ‖θ[1:]‖₁=13.902, γ=997010.588, num_knots=205
2025-09-07 00:09:11,070 - Iter 3170: obj=-1141.034127, change=2.21e-06, α=1.000, ‖θ[1:]‖₁=13.902, γ=962112.057, num_knots=205
2025-09-07 00:09:11,374 - Iter 3180: obj=-1141.035675, change=2.47e-06, α=1.000, ‖θ[1:]‖₁=13.902, γ=850537.897, num_knots=205
2025-09-07 00:09:11,698 - Iter 3190: obj=-1141.037598, change=3.77e-06, α=1.000, ‖θ[1:]‖₁=13.902, γ=518261.796, num_knots=205
2025-09-07 00:09:12,076 - Iter 3200: obj=-1141.047907, change=6.19e-04, α=1.000, ‖θ[1:]‖₁=13.902, γ=16963.775, num_knots=204
2025-09-07 00:09:12,398 - Iter 3210: obj=-1141.105186, change=6.79e-06, α=1.000, ‖θ[1:]‖₁=13.903, γ=201946.585, num_knots=202
2025-09-07 00:09:12,708 - Iter 3220: obj=-1141.118714, change=4.24e-06, α=1.000, ‖θ[1:]‖₁=13.903, γ=453424.767, num_knots=201
2025-09-07 00:09:12,997 - Iter 3230: obj=-1141.129487, change=1.04e-04, α=1.000, ‖θ[1:]‖₁=13.904, γ=15814.555, num_knots=201
2025-09-07 00:09:13,307 - Iter 3240: obj=-1141.180606, change=4.11e-05, α=1.000, ‖θ[1:]‖₁=13.905, γ=15901.709, num_knots=200
2025-09-07 00:09:13,616 - Iter 3250: obj=-1141.194708, change=1.76e-05, α=1.000, ‖θ[1:]‖₁=13.906, γ=67938.941, num_knots=199
2025-09-07 00:09:13,938 - Iter 3260: obj=-1141.216085, change=4.69e-06, α=1.000, ‖θ[1:]‖₁=13.907, γ=394737.081, num_knots=198
2025-09-07 00:09:14,263 - Iter 3270: obj=-1141.232317, change=3.67e-06, α=1.000, ‖θ[1:]‖₁=13.907, γ=812005.999, num_knots=197
2025-09-07 00:09:14,578 - Iter 3280: obj=-1141.234189, change=4.20e-06, α=1.000, ‖θ[1:]‖₁=13.908, γ=446986.454, num_knots=197
2025-09-07 00:09:14,865 - Iter 3290: obj=-1141.245633, change=8.54e-05, α=1.000, ‖θ[1:]‖₁=13.908, γ=18732.766, num_knots=196
2025-09-07 00:09:15,181 - Iter 3300: obj=-1141.282148, change=1.16e-04, α=1.000, ‖θ[1:]‖₁=13.910, γ=15106.045, num_knots=195
2025-09-07 00:09:15,483 - Iter 3310: obj=-1141.336998, change=7.45e-06, α=1.000, ‖θ[1:]‖₁=13.912, γ=213601.717, num_knots=194
2025-09-07 00:09:15,856 - Iter 3320: obj=-1141.387366, change=2.40e-04, α=1.000, ‖θ[1:]‖₁=13.914, γ=136245.602, num_knots=193
2025-09-07 00:09:16,192 - Iter 3330: obj=-1141.403646, change=7.35e-06, α=1.000, ‖θ[1:]‖₁=13.914, γ=215623.683, num_knots=193
2025-09-07 00:09:16,514 - Iter 3340: obj=-1141.421828, change=4.17e-06, α=1.000, ‖θ[1:]‖₁=13.915, γ=439821.173, num_knots=192
2025-09-07 00:09:16,814 - Iter 3350: obj=-1141.432365, change=2.67e-04, α=1.000, ‖θ[1:]‖₁=13.915, γ=3988.224, num_knots=192
2025-09-07 00:09:17,141 - Iter 3360: obj=-1141.488976, change=2.41e-06, α=1.000, ‖θ[1:]‖₁=13.916, γ=823879.979, num_knots=192
2025-09-07 00:09:17,437 - Iter 3370: obj=-1141.490550, change=3.77e-06, α=1.000, ‖θ[1:]‖₁=13.916, γ=491161.545, num_knots=192
2025-09-07 00:09:17,731 - Iter 3380: obj=-1141.498173, change=2.70e-04, α=1.000, ‖θ[1:]‖₁=13.917, γ=2661.937, num_knots=192
2025-09-07 00:09:18,026 - Iter 3390: obj=-1141.560896, change=2.40e-06, α=1.000, ‖θ[1:]‖₁=13.918, γ=823111.151, num_knots=191
2025-09-07 00:09:18,341 - Iter 3400: obj=-1141.562452, change=3.73e-06, α=1.000, ‖θ[1:]‖₁=13.918, γ=495090.505, num_knots=191
2025-09-07 00:09:18,657 - Iter 3410: obj=-1141.569270, change=1.46e-04, α=1.000, ‖θ[1:]‖₁=13.918, γ=7322.485, num_knots=191
2025-09-07 00:09:18,991 - Iter 3420: obj=-1141.609949, change=7.57e-06, α=1.000, ‖θ[1:]‖₁=13.918, γ=202931.634, num_knots=191
2025-09-07 00:09:19,274 - Iter 3430: obj=-1141.674016, change=4.16e-06, α=1.000, ‖θ[1:]‖₁=13.919, γ=427371.878, num_knots=191
2025-09-07 00:09:19,571 - Iter 3440: obj=-1141.738974, change=6.72e-04, α=1.000, ‖θ[1:]‖₁=13.920, γ=589610.777, num_knots=190
2025-09-07 00:09:19,874 - Iter 3450: obj=-1141.777041, change=5.03e-06, α=1.000, ‖θ[1:]‖₁=13.920, γ=1000000.000, num_knots=190
2025-09-07 00:09:20,196 - Iter 3460: obj=-1141.778143, change=2.93e-06, α=1.000, ‖θ[1:]‖₁=13.920, γ=993625.442, num_knots=190
2025-09-07 00:09:20,544 - Iter 3470: obj=-1141.779264, change=2.08e-06, α=1.000, ‖θ[1:]‖₁=13.920, γ=949844.499, num_knots=190
2025-09-07 00:09:20,901 - Iter 3480: obj=-1141.780464, change=2.36e-06, α=1.000, ‖θ[1:]‖₁=13.920, γ=826308.117, num_knots=190
2025-09-07 00:09:21,187 - Iter 3490: obj=-1141.781979, change=3.62e-06, α=1.000, ‖θ[1:]‖₁=13.920, γ=503548.431, num_knots=190
2025-09-07 00:09:21,466 - Iter 3500: obj=-1141.787594, change=8.30e-05, α=1.000, ‖θ[1:]‖₁=13.920, γ=8162.358, num_knots=190
2025-09-07 00:09:21,749 - Iter 3510: obj=-1141.837232, change=2.35e-06, α=1.000, ‖θ[1:]‖₁=13.921, γ=826713.205, num_knots=190
2025-09-07 00:09:22,050 - Iter 3520: obj=-1141.838744, change=3.63e-06, α=1.000, ‖θ[1:]‖₁=13.921, γ=499679.263, num_knots=190
2025-09-07 00:09:22,364 - Iter 3530: obj=-1141.845691, change=2.55e-04, α=1.000, ‖θ[1:]‖₁=13.921, γ=2333.610, num_knots=190
2025-09-07 00:09:22,682 - Iter 3540: obj=-1141.911252, change=2.35e-06, α=1.000, ‖θ[1:]‖₁=13.921, γ=825046.673, num_knots=190
2025-09-07 00:09:22,975 - Iter 3550: obj=-1141.912766, change=3.67e-06, α=1.000, ‖θ[1:]‖₁=13.921, γ=493335.215, num_knots=190
2025-09-07 00:09:23,272 - Iter 3560: obj=-1141.920309, change=3.66e-04, α=1.000, ‖θ[1:]‖₁=13.921, γ=54452.799, num_knots=189
2025-09-07 00:09:23,614 - Iter 3570: obj=-1141.972349, change=2.44e-04, α=1.000, ‖θ[1:]‖₁=13.922, γ=4841.396, num_knots=189
2025-09-07 00:09:23,932 - Iter 3580: obj=-1142.008808, change=3.45e-06, α=1.000, ‖θ[1:]‖₁=13.922, γ=987834.827, num_knots=188
2025-09-07 00:09:24,258 - Iter 3590: obj=-1142.009903, change=2.15e-06, α=1.000, ‖θ[1:]‖₁=13.922, γ=949709.417, num_knots=188
2025-09-07 00:09:24,560 - Iter 3600: obj=-1142.011066, change=2.37e-06, α=1.000, ‖θ[1:]‖₁=13.922, γ=822982.202, num_knots=187
2025-09-07 00:09:24,856 - Iter 3610: obj=-1142.012520, change=3.53e-06, α=1.000, ‖θ[1:]‖₁=13.922, γ=519303.673, num_knots=187
2025-09-07 00:09:25,143 - Iter 3620: obj=-1142.016973, change=4.60e-05, α=1.000, ‖θ[1:]‖₁=13.922, γ=17248.209, num_knots=187
2025-09-07 00:09:25,439 - Iter 3630: obj=-1142.046219, change=2.24e-04, α=1.000, ‖θ[1:]‖₁=13.923, γ=11078.748, num_knots=186
2025-09-07 00:09:25,740 - Iter 3640: obj=-1142.127043, change=2.38e-05, α=1.000, ‖θ[1:]‖₁=13.924, γ=875909.811, num_knots=184
2025-09-07 00:09:26,061 - Iter 3650: obj=-1142.131326, change=2.42e-05, α=1.000, ‖θ[1:]‖₁=13.925, γ=40789.843, num_knots=184
2025-09-07 00:09:26,383 - Iter 3660: obj=-1142.161680, change=2.45e-05, α=1.000, ‖θ[1:]‖₁=13.925, γ=55834.190, num_knots=183
2025-09-07 00:09:26,743 - Iter 3670: obj=-1142.239414, change=2.08e-06, α=1.000, ‖θ[1:]‖₁=13.927, γ=963178.909, num_knots=183
2025-09-07 00:09:27,056 - Iter 3680: obj=-1142.240470, change=2.23e-06, α=1.000, ‖θ[1:]‖₁=13.927, γ=874290.052, num_knots=183
2025-09-07 00:09:27,359 - Iter 3690: obj=-1142.241705, change=2.95e-06, α=1.000, ‖θ[1:]‖₁=13.927, γ=635483.078, num_knots=183
2025-09-07 00:09:27,667 - Iter 3700: obj=-1142.244063, change=1.19e-05, α=1.000, ‖θ[1:]‖₁=13.927, γ=106569.799, num_knots=183
2025-09-07 00:09:27,990 - Iter 3710: obj=-1142.401608, change=2.26e-06, α=1.000, ‖θ[1:]‖₁=13.929, γ=997377.875, num_knots=183
2025-09-07 00:09:28,295 - Iter 3720: obj=-1142.402606, change=2.04e-06, α=1.000, ‖θ[1:]‖₁=13.929, γ=965713.091, num_knots=183
2025-09-07 00:09:28,594 - Iter 3730: obj=-1142.403654, change=2.22e-06, α=1.000, ‖θ[1:]‖₁=13.929, γ=877221.995, num_knots=183
2025-09-07 00:09:28,930 - Iter 3740: obj=-1142.404877, change=2.93e-06, α=1.000, ‖θ[1:]‖₁=13.929, γ=638491.076, num_knots=183
2025-09-07 00:09:29,231 - Iter 3750: obj=-1142.407195, change=1.15e-05, α=1.000, ‖θ[1:]‖₁=13.929, γ=112035.063, num_knots=183
2025-09-07 00:09:29,592 - Iter 3760: obj=-1142.534757, change=1.95e-05, α=1.000, ‖θ[1:]‖₁=13.932, γ=1000000.000, num_knots=180
2025-09-07 00:09:29,887 - Iter 3770: obj=-1142.535823, change=1.12e-05, α=1.000, ‖θ[1:]‖₁=13.932, γ=976496.537, num_knots=180
2025-09-07 00:09:30,151 - Iter 3780: obj=-1142.536862, change=6.36e-06, α=1.000, ‖θ[1:]‖₁=13.932, γ=915797.666, num_knots=180
2025-09-07 00:09:30,437 - Iter 3790: obj=-1142.537968, change=3.54e-06, α=1.000, ‖θ[1:]‖₁=13.932, γ=794904.366, num_knots=180
2025-09-07 00:09:30,742 - Iter 3800: obj=-1142.539290, change=3.16e-06, α=1.000, ‖θ[1:]‖₁=13.932, γ=591491.769, num_knots=180
2025-09-07 00:09:31,053 - Iter 3810: obj=-1142.541214, change=5.18e-06, α=1.000, ‖θ[1:]‖₁=13.932, γ=354951.259, num_knots=180
2025-09-07 00:09:31,364 - Iter 3820: obj=-1142.544427, change=8.15e-06, α=1.000, ‖θ[1:]‖₁=13.932, γ=232315.148, num_knots=180
2025-09-07 00:09:31,693 - Iter 3830: obj=-1142.548930, change=1.10e-05, α=1.000, ‖θ[1:]‖₁=13.932, γ=169859.752, num_knots=180
2025-09-07 00:09:32,011 - Iter 3840: obj=-1142.556728, change=3.40e-05, α=1.000, ‖θ[1:]‖₁=13.932, γ=41231.164, num_knots=180
2025-09-07 00:09:32,342 - Iter 3850: obj=-1142.637237, change=2.20e-05, α=1.000, ‖θ[1:]‖₁=13.934, γ=1000000.000, num_knots=178
2025-09-07 00:09:32,623 - Iter 3860: obj=-1142.638248, change=1.32e-05, α=1.000, ‖θ[1:]‖₁=13.934, γ=1000000.000, num_knots=178
2025-09-07 00:09:32,959 - Iter 3870: obj=-1142.639199, change=7.93e-06, α=1.000, ‖θ[1:]‖₁=13.934, γ=1000000.000, num_knots=178
2025-09-07 00:09:33,280 - Iter 3880: obj=-1142.640129, change=4.79e-06, α=1.000, ‖θ[1:]‖₁=13.934, γ=1000000.000, num_knots=178
2025-09-07 00:09:33,617 - Iter 3890: obj=-1142.641051, change=2.93e-06, α=1.000, ‖θ[1:]‖₁=13.934, γ=1000000.000, num_knots=178
2025-09-07 00:09:33,928 - Iter 3900: obj=-1142.641971, change=1.96e-06, α=1.000, ‖θ[1:]‖₁=13.934, γ=987225.766, num_knots=178
2025-09-07 00:09:34,315 - Iter 3910: obj=-1142.642918, change=2.08e-06, α=1.000, ‖θ[1:]‖₁=13.934, γ=920688.775, num_knots=178
2025-09-07 00:09:34,607 - Iter 3920: obj=-1142.643974, change=2.51e-06, α=1.000, ‖θ[1:]‖₁=13.934, γ=746718.522, num_knots=178
2025-09-07 00:09:34,878 - Iter 3930: obj=-1142.645475, change=4.78e-06, α=1.000, ‖θ[1:]‖₁=13.934, γ=354374.464, num_knots=178
2025-09-07 00:09:35,160 - Iter 3940: obj=-1142.665986, change=8.16e-06, α=1.000, ‖θ[1:]‖₁=13.935, γ=1000000.000, num_knots=177
2025-09-07 00:09:35,446 - Iter 3950: obj=-1142.666955, change=3.04e-06, α=1.000, ‖θ[1:]‖₁=13.935, γ=976285.912, num_knots=177
2025-09-07 00:09:35,793 - Iter 3960: obj=-1142.667889, change=2.09e-06, α=1.000, ‖θ[1:]‖₁=13.935, γ=918293.249, num_knots=177
2025-09-07 00:09:36,079 - Iter 3970: obj=-1142.668913, change=2.44e-06, α=1.000, ‖θ[1:]‖₁=13.935, γ=772957.981, num_knots=177
2025-09-07 00:09:36,408 - Iter 3980: obj=-1142.670265, change=4.01e-06, α=1.000, ‖θ[1:]‖₁=13.935, γ=437746.280, num_knots=177
2025-09-07 00:09:36,698 - Iter 3990: obj=-1142.675608, change=6.65e-05, α=1.000, ‖θ[1:]‖₁=13.935, γ=15445.457, num_knots=177
2025-09-07 00:09:36,988 - Iter 4000: obj=-1142.737698, change=2.06e-06, α=1.000, ‖θ[1:]‖₁=13.937, γ=932797.840, num_knots=177
2025-09-07 00:09:37,295 - Iter 4010: obj=-1142.738695, change=2.36e-06, α=1.000, ‖θ[1:]‖₁=13.937, γ=800621.462, num_knots=177
2025-09-07 00:09:37,596 - Iter 4020: obj=-1142.739979, change=3.74e-06, α=1.000, ‖θ[1:]‖₁=13.937, γ=469271.352, num_knots=177
2025-09-07 00:09:37,933 - Iter 4030: obj=-1142.746986, change=5.38e-04, α=1.000, ‖θ[1:]‖₁=13.937, γ=4580.511, num_knots=177
2025-09-07 00:09:38,224 - Iter 4040: obj=-1142.792275, change=2.05e-06, α=1.000, ‖θ[1:]‖₁=13.938, γ=930869.864, num_knots=177
2025-09-07 00:09:38,503 - Iter 4050: obj=-1142.793277, change=2.39e-06, α=1.000, ‖θ[1:]‖₁=13.938, γ=785384.086, num_knots=177
2025-09-07 00:09:38,807 - Iter 4060: obj=-1142.794608, change=4.05e-06, α=1.000, ‖θ[1:]‖₁=13.938, γ=426496.390, num_knots=177
2025-09-07 00:09:39,141 - Iter 4070: obj=-1142.810823, change=1.40e-03, α=1.000, ‖θ[1:]‖₁=13.939, γ=14230.737, num_knots=177
2025-09-07 00:09:39,489 - Iter 4080: obj=-1142.882364, change=2.08e-06, α=1.000, ‖θ[1:]‖₁=13.939, γ=994903.028, num_knots=177
2025-09-07 00:09:39,786 - Iter 4090: obj=-1142.883265, change=1.99e-06, α=1.000, ‖θ[1:]‖₁=13.939, γ=958962.503, num_knots=177
2025-09-07 00:09:40,072 - Iter 4100: obj=-1142.884218, change=2.19e-06, α=1.000, ‖θ[1:]‖₁=13.939, γ=862641.766, num_knots=177
2025-09-07 00:09:40,385 - Iter 4110: obj=-1142.885345, change=2.96e-06, α=1.000, ‖θ[1:]‖₁=13.939, γ=613974.579, num_knots=177
2025-09-07 00:09:40,670 - Iter 4120: obj=-1142.887581, change=1.27e-05, α=1.000, ‖θ[1:]‖₁=13.939, γ=94343.235, num_knots=177
2025-09-07 00:09:40,960 - Iter 4130: obj=-1143.011309, change=4.83e-06, α=1.000, ‖θ[1:]‖₁=13.940, γ=1000000.000, num_knots=176
2025-09-07 00:09:41,247 - Iter 4140: obj=-1143.012194, change=2.73e-06, α=1.000, ‖θ[1:]‖₁=13.940, γ=976719.162, num_knots=176
2025-09-07 00:09:41,551 - Iter 4150: obj=-1143.013109, change=2.07e-06, α=1.000, ‖θ[1:]‖₁=13.940, γ=913925.592, num_knots=176
2025-09-07 00:09:41,857 - Iter 4160: obj=-1143.014110, change=2.38e-06, α=1.000, ‖θ[1:]‖₁=13.940, γ=786734.375, num_knots=176
2025-09-07 00:09:42,161 - Iter 4170: obj=-1143.015339, change=3.24e-06, α=1.000, ‖θ[1:]‖₁=13.940, γ=564305.172, num_knots=176
2025-09-07 00:09:42,482 - Iter 4180: obj=-1143.017278, change=6.17e-06, α=1.000, ‖θ[1:]‖₁=13.940, γ=284672.135, num_knots=176
2025-09-07 00:09:42,821 - Iter 4190: obj=-1143.021717, change=1.67e-05, α=1.000, ‖θ[1:]‖₁=13.941, γ=99796.029, num_knots=176
2025-09-07 00:09:43,091 - Iter 4200: obj=-1143.134361, change=7.53e-04, α=1.000, ‖θ[1:]‖₁=13.942, γ=227594.486, num_knots=175
2025-09-07 00:09:43,412 - Iter 4210: obj=-1143.169649, change=2.08e-06, α=1.000, ‖θ[1:]‖₁=13.942, γ=909328.369, num_knots=175
2025-09-07 00:09:43,696 - Iter 4220: obj=-1143.170651, change=2.42e-06, α=1.000, ‖θ[1:]‖₁=13.942, γ=769267.156, num_knots=175
2025-09-07 00:09:44,005 - Iter 4230: obj=-1143.171925, change=3.54e-06, α=1.000, ‖θ[1:]‖₁=13.942, γ=506626.490, num_knots=175
2025-09-07 00:09:44,284 - Iter 4240: obj=-1143.174360, change=9.82e-06, α=1.000, ‖θ[1:]‖₁=13.942, γ=164864.110, num_knots=175
2025-09-07 00:09:44,580 - Iter 4250: obj=-1143.193213, change=5.62e-04, α=1.000, ‖θ[1:]‖₁=13.942, γ=863.530, num_knots=175
2025-09-07 00:09:44,934 - Iter 4260: obj=-1143.318187, change=1.35e-05, α=1.000, ‖θ[1:]‖₁=13.944, γ=994801.898, num_knots=173
2025-09-07 00:09:45,230 - Iter 4270: obj=-1143.319119, change=7.71e-06, α=1.000, ‖θ[1:]‖₁=13.944, γ=955792.608, num_knots=173
2025-09-07 00:09:45,529 - Iter 4280: obj=-1143.320060, change=4.15e-06, α=1.000, ‖θ[1:]‖₁=13.944, γ=876295.518, num_knots=173
2025-09-07 00:09:45,900 - Iter 4290: obj=-1143.321096, change=2.57e-06, α=1.000, ‖θ[1:]‖₁=13.944, γ=732264.416, num_knots=173
2025-09-07 00:09:46,266 - Iter 4300: obj=-1143.322394, change=3.54e-06, α=1.000, ‖θ[1:]‖₁=13.944, γ=519181.340, num_knots=173
2025-09-07 00:09:46,587 - Iter 4310: obj=-1143.324347, change=5.74e-06, α=1.000, ‖θ[1:]‖₁=13.944, γ=318901.052, num_knots=173
2025-09-07 00:09:46,924 - Iter 4320: obj=-1143.327355, change=7.94e-06, α=1.000, ‖θ[1:]‖₁=13.945, γ=301514.051, num_knots=172
2025-09-07 00:09:47,230 - Iter 4330: obj=-1143.330927, change=1.01e-05, α=1.000, ‖θ[1:]‖₁=13.945, γ=183804.361, num_knots=172
2025-09-07 00:09:47,623 - Iter 4340: obj=-1143.336230, change=1.67e-05, α=1.000, ‖θ[1:]‖₁=13.945, γ=103880.705, num_knots=172
2025-09-07 00:09:47,900 - Iter 4350: obj=-1143.351267, change=8.55e-05, α=1.000, ‖θ[1:]‖₁=13.945, γ=18168.805, num_knots=172
2025-09-07 00:09:48,191 - Iter 4360: obj=-1143.522870, change=1.53e-05, α=1.000, ‖θ[1:]‖₁=13.946, γ=1000000.000, num_knots=170
2025-09-07 00:09:48,517 - Iter 4370: obj=-1143.523804, change=3.58e-06, α=1.000, ‖θ[1:]‖₁=13.946, γ=994157.336, num_knots=170
2025-09-07 00:09:48,797 - Iter 4380: obj=-1143.524621, change=2.26e-06, α=1.000, ‖θ[1:]‖₁=13.946, γ=975297.185, num_knots=170
2025-09-07 00:09:49,137 - Iter 4390: obj=-1143.525458, change=2.00e-06, α=1.000, ‖θ[1:]‖₁=13.946, γ=932612.796, num_knots=170
2025-09-07 00:09:49,500 - Iter 4400: obj=-1143.526350, change=2.21e-06, α=1.000, ‖θ[1:]‖₁=13.946, γ=831848.850, num_knots=170
2025-09-07 00:09:49,861 - Iter 4410: obj=-1143.527413, change=2.99e-06, α=1.000, ‖θ[1:]‖₁=13.946, γ=591144.074, num_knots=170
2025-09-07 00:09:50,177 - Iter 4420: obj=-1143.529494, change=1.23e-05, α=1.000, ‖θ[1:]‖₁=13.946, γ=97036.928, num_knots=170
2025-09-07 00:09:50,490 - Iter 4430: obj=-1143.576103, change=2.70e-06, α=1.000, ‖θ[1:]‖₁=13.947, γ=403112.232, num_knots=168
2025-09-07 00:09:50,778 - Iter 4440: obj=-1143.583349, change=2.33e-04, α=1.000, ‖θ[1:]‖₁=13.947, γ=5277.748, num_knots=168
2025-09-07 00:09:51,136 - Iter 4450: obj=-1143.613366, change=5.11e-06, α=1.000, ‖θ[1:]‖₁=13.948, γ=302767.317, num_knots=168
2025-09-07 00:09:51,493 - Iter 4460: obj=-1143.675612, change=6.03e-06, α=1.000, ‖θ[1:]‖₁=13.948, γ=993006.518, num_knots=168
2025-09-07 00:09:51,796 - Iter 4470: obj=-1143.676600, change=1.89e-06, α=1.000, ‖θ[1:]‖₁=13.948, γ=944552.816, num_knots=168
2025-09-07 00:09:52,170 - Iter 4480: obj=-1143.677459, change=2.11e-06, α=1.000, ‖θ[1:]‖₁=13.948, γ=835849.249, num_knots=168
2025-09-07 00:09:52,471 - Iter 4490: obj=-1143.678499, change=2.95e-06, α=1.000, ‖θ[1:]‖₁=13.948, γ=571582.340, num_knots=168
2025-09-07 00:09:52,776 - Iter 4500: obj=-1143.680751, change=1.53e-05, α=1.000, ‖θ[1:]‖₁=13.948, γ=67015.889, num_knots=168
2025-09-07 00:09:53,093 - Iter 4510: obj=-1143.738038, change=1.86e-06, α=1.000, ‖θ[1:]‖₁=13.949, γ=953480.402, num_knots=167
2025-09-07 00:09:53,381 - Iter 4520: obj=-1143.738868, change=2.03e-06, α=1.000, ‖θ[1:]‖₁=13.949, γ=865866.796, num_knots=167
2025-09-07 00:09:53,707 - Iter 4530: obj=-1143.739830, change=2.62e-06, α=1.000, ‖θ[1:]‖₁=13.949, γ=651353.076, num_knots=167
2025-09-07 00:09:54,017 - Iter 4540: obj=-1143.741442, change=7.24e-06, α=1.000, ‖θ[1:]‖₁=13.949, γ=189253.609, num_knots=167
2025-09-07 00:09:54,313 - Iter 4550: obj=-1143.760869, change=3.01e-05, α=1.000, ‖θ[1:]‖₁=13.949, γ=21404.568, num_knots=166
2025-09-07 00:09:54,637 - Iter 4560: obj=-1143.789834, change=8.27e-06, α=1.000, ‖θ[1:]‖₁=13.949, γ=156585.819, num_knots=166
2025-09-07 00:09:54,909 - Iter 4570: obj=-1143.859011, change=2.76e-06, α=1.000, ‖θ[1:]‖₁=13.950, γ=687734.509, num_knots=164
2025-09-07 00:09:55,230 - Iter 4580: obj=-1143.860400, change=5.54e-06, α=1.000, ‖θ[1:]‖₁=13.950, γ=261765.393, num_knots=164
2025-09-07 00:09:55,574 - Iter 4590: obj=-1143.898823, change=2.45e-06, α=1.000, ‖θ[1:]‖₁=13.951, γ=22716.728, num_knots=163
2025-09-07 00:09:55,895 - Iter 4600: obj=-1143.949366, change=3.14e-06, α=1.000, ‖θ[1:]‖₁=13.952, γ=821603.259, num_knots=163
2025-09-07 00:09:56,193 - Iter 4610: obj=-1143.950414, change=3.10e-06, α=1.000, ‖θ[1:]‖₁=13.952, γ=522261.133, num_knots=163
2025-09-07 00:09:56,501 - Iter 4620: obj=-1143.953138, change=3.04e-05, α=1.000, ‖θ[1:]‖₁=13.952, γ=20222.720, num_knots=163
2025-09-07 00:09:56,941 - Iter 4630: obj=-1143.997213, change=1.92e-06, α=1.000, ‖θ[1:]‖₁=13.952, γ=896366.011, num_knots=163
2025-09-07 00:09:57,270 - Iter 4640: obj=-1143.998071, change=2.34e-06, α=1.000, ‖θ[1:]‖₁=13.952, γ=717417.505, num_knots=163
2025-09-07 00:09:57,550 - Iter 4650: obj=-1143.999324, change=4.75e-06, α=1.000, ‖θ[1:]‖₁=13.952, γ=312803.453, num_knots=163
2025-09-07 00:09:57,882 - Iter 4660: obj=-1144.070257, change=8.23e-05, α=1.000, ‖θ[1:]‖₁=13.952, γ=897406.554, num_knots=163
2025-09-07 00:09:58,206 - Iter 4670: obj=-1144.074397, change=2.06e-06, α=1.000, ‖θ[1:]‖₁=13.952, γ=827196.103, num_knots=163
2025-09-07 00:09:58,512 - Iter 4680: obj=-1144.075370, change=2.93e-06, α=1.000, ‖θ[1:]‖₁=13.952, γ=553548.101, num_knots=163
2025-09-07 00:09:58,809 - Iter 4690: obj=-1144.077642, change=1.89e-05, α=1.000, ‖θ[1:]‖₁=13.952, γ=45244.430, num_knots=163
2025-09-07 00:09:59,147 - Iter 4700: obj=-1144.134190, change=5.05e-06, α=1.000, ‖θ[1:]‖₁=13.953, γ=965331.210, num_knots=161
2025-09-07 00:09:59,501 - Iter 4710: obj=-1144.134944, change=3.39e-06, α=1.000, ‖θ[1:]‖₁=13.953, γ=926163.865, num_knots=161
2025-09-07 00:09:59,911 - Iter 4720: obj=-1144.135737, change=2.36e-06, α=1.000, ‖θ[1:]‖₁=13.953, γ=851055.927, num_knots=161
2025-09-07 00:10:00,183 - Iter 4730: obj=-1144.136623, change=2.39e-06, α=1.000, ‖θ[1:]‖₁=13.953, γ=708478.368, num_knots=161
2025-09-07 00:10:00,506 - Iter 4740: obj=-1144.137769, change=3.53e-06, α=1.000, ‖θ[1:]‖₁=13.953, γ=462184.155, num_knots=161
2025-09-07 00:10:00,846 - Iter 4750: obj=-1144.139884, change=8.36e-06, α=1.000, ‖θ[1:]‖₁=13.953, γ=187034.050, num_knots=161
2025-09-07 00:10:01,159 - Iter 4760: obj=-1144.145538, change=2.51e-05, α=1.000, ‖θ[1:]‖₁=13.953, γ=58198.674, num_knots=161
2025-09-07 00:10:01,494 - Iter 4770: obj=-1144.175770, change=1.68e-04, α=1.000, ‖θ[1:]‖₁=13.953, γ=8975.889, num_knots=161
2025-09-07 00:10:01,793 - Iter 4780: obj=-1144.247218, change=1.23e-05, α=1.000, ‖θ[1:]‖₁=13.953, γ=78370.598, num_knots=161
2025-09-07 00:10:02,073 - Iter 4790: obj=-1144.287569, change=2.33e-06, α=1.000, ‖θ[1:]‖₁=13.954, γ=717855.383, num_knots=161
2025-09-07 00:10:02,405 - Iter 4800: obj=-1144.288794, change=4.66e-06, α=1.000, ‖θ[1:]‖₁=13.954, γ=318796.902, num_knots=161
2025-09-07 00:10:02,746 - Iter 4810: obj=-1144.314413, change=2.29e-06, α=1.000, ‖θ[1:]‖₁=13.954, γ=557495.126, num_knots=160
2025-09-07 00:10:03,042 - Iter 4820: obj=-1144.316265, change=1.05e-05, α=1.000, ‖θ[1:]‖₁=13.954, γ=119464.396, num_knots=160
2025-09-07 00:10:03,352 - Iter 4830: obj=-1144.352670, change=2.93e-06, α=1.000, ‖θ[1:]‖₁=13.954, γ=1000000.000, num_knots=159
2025-09-07 00:10:03,668 - Iter 4840: obj=-1144.353357, change=1.87e-06, α=1.000, ‖θ[1:]‖₁=13.954, γ=983322.000, num_knots=159
2025-09-07 00:10:03,986 - Iter 4850: obj=-1144.354062, change=1.83e-06, α=1.000, ‖θ[1:]‖₁=13.954, γ=935792.549, num_knots=159
2025-09-07 00:10:04,298 - Iter 4860: obj=-1144.354818, change=2.06e-06, α=1.000, ‖θ[1:]‖₁=13.954, γ=823330.013, num_knots=159
2025-09-07 00:10:04,605 - Iter 4870: obj=-1144.355736, change=2.85e-06, α=1.000, ‖θ[1:]‖₁=13.954, γ=572841.797, num_knots=159
2025-09-07 00:10:04,914 - Iter 4880: obj=-1144.357490, change=9.58e-06, α=1.000, ‖θ[1:]‖₁=13.955, γ=135595.580, num_knots=159
2025-09-07 00:10:05,215 - Iter 4890: obj=-1144.381175, change=7.20e-05, α=1.000, ‖θ[1:]‖₁=13.956, γ=70214.647, num_knots=157
2025-09-07 00:10:05,506 - Iter 4900: obj=-1144.422758, change=4.66e-05, α=1.000, ‖θ[1:]‖₁=13.957, γ=569997.216, num_knots=157
2025-09-07 00:10:05,789 - Iter 4910: obj=-1144.451082, change=2.10e-06, α=1.000, ‖θ[1:]‖₁=13.958, γ=763430.803, num_knots=157
2025-09-07 00:10:06,133 - Iter 4920: obj=-1144.452073, change=3.51e-06, α=1.000, ‖θ[1:]‖₁=13.958, γ=422108.012, num_knots=157
2025-09-07 00:10:06,477 - Iter 4930: obj=-1144.457841, change=2.96e-04, α=1.000, ‖θ[1:]‖₁=13.958, γ=3393.655, num_knots=157
2025-09-07 00:10:06,846 - Iter 4940: obj=-1144.507941, change=3.44e-04, α=1.000, ‖θ[1:]‖₁=13.959, γ=107834.574, num_knots=157
2025-09-07 00:10:07,306 - Iter 4950: obj=-1144.522823, change=2.76e-06, α=1.000, ‖θ[1:]‖₁=13.959, γ=555028.339, num_knots=157
2025-09-07 00:10:07,714 - Iter 4960: obj=-1144.524752, change=1.48e-05, α=1.000, ‖θ[1:]‖₁=13.959, γ=62070.094, num_knots=157
2025-09-07 00:10:08,218 - Iter 4970: obj=-1144.527357, change=4.68e-06, α=1.000, ‖θ[1:]‖₁=13.959, γ=311599.642, num_knots=156
2025-09-07 00:10:08,664 - Iter 4980: obj=-1144.531672, change=3.25e-05, α=1.000, ‖θ[1:]‖₁=13.959, γ=38880.798, num_knots=156
2025-09-07 00:10:09,099 - Iter 4990: obj=-1144.580316, change=4.38e-04, α=1.000, ‖θ[1:]‖₁=13.961, γ=324831.246, num_knots=155
2025-09-07 00:10:09,497 - Iter 5000: obj=-1144.597584, change=1.67e-06, α=1.000, ‖θ[1:]‖₁=13.961, γ=949098.535, num_knots=155
2025-09-07 00:10:09,497 - Final: selected_knots=155, iterations=5000
