2025-09-06 19:00:35,822 - ProximalNewton: lam=30, n_grid=200, cd_sweeps=2, basis_order=0, n_samples=3200, K=3201
2025-09-06 19:00:40,428 - Iter   0: obj=0.000000, change=1.97e+00, α=1.000, ‖θ[1:]‖₁=8.407, num_selected_knots=1193
2025-09-06 19:00:43,829 - Iter   1: obj=-312.414958, change=7.19e-01, α=1.000, ‖θ[1:]‖₁=15.179, num_selected_knots=1166
2025-09-06 19:00:47,123 - Iter   2: obj=-357.532377, change=2.09e-01, α=1.000, ‖θ[1:]‖₁=18.457, num_selected_knots=1061
2025-09-06 19:00:50,361 - Iter   3: obj=-414.650697, change=1.75e+00, α=1.000, ‖θ[1:]‖₁=17.573, num_selected_knots=890
2025-09-06 19:00:53,612 - Iter   4: obj=-453.299260, change=5.73e-01, α=1.000, ‖θ[1:]‖₁=19.951, num_selected_knots=875
2025-09-06 19:00:57,444 - Iter   5: obj=-543.266705, change=9.27e-01, α=1.000, ‖θ[1:]‖₁=22.184, num_selected_knots=778
2025-09-06 19:01:00,917 - Iter   6: obj=-618.282361, change=5.73e-01, α=1.000, ‖θ[1:]‖₁=21.758, num_selected_knots=678
2025-09-06 19:01:05,470 - Iter   7: obj=-683.592414, change=1.55e-01, α=1.000, ‖θ[1:]‖₁=20.726, num_selected_knots=582
2025-09-06 19:01:08,698 - Iter   8: obj=-728.536759, change=2.84e-01, α=1.000, ‖θ[1:]‖₁=20.097, num_selected_knots=615
2025-09-06 19:01:12,174 - Iter   9: obj=-786.027037, change=2.70e-01, α=1.000, ‖θ[1:]‖₁=19.597, num_selected_knots=558
2025-09-06 19:01:15,526 - Iter  10: obj=-838.030252, change=2.32e-01, α=1.000, ‖θ[1:]‖₁=18.582, num_selected_knots=519
2025-09-06 19:01:19,467 - Iter  11: obj=-886.360131, change=1.10e-01, α=1.000, ‖θ[1:]‖₁=17.773, num_selected_knots=515
2025-09-06 19:01:23,287 - Iter  12: obj=-927.837061, change=9.31e-02, α=1.000, ‖θ[1:]‖₁=17.446, num_selected_knots=543
2025-09-06 19:01:27,738 - Iter  13: obj=-959.084759, change=7.83e-02, α=1.000, ‖θ[1:]‖₁=17.288, num_selected_knots=521
2025-09-06 19:01:31,273 - Iter  14: obj=-986.770707, change=8.34e-02, α=1.000, ‖θ[1:]‖₁=17.034, num_selected_knots=460
2025-09-06 19:01:35,882 - Iter  15: obj=-1013.682461, change=1.43e-01, α=1.000, ‖θ[1:]‖₁=16.505, num_selected_knots=409
2025-09-06 19:01:39,202 - Iter  16: obj=-1044.527101, change=1.00e-01, α=1.000, ‖θ[1:]‖₁=16.556, num_selected_knots=390
2025-09-06 19:01:42,638 - Iter  17: obj=-1066.216178, change=1.27e-01, α=1.000, ‖θ[1:]‖₁=16.394, num_selected_knots=376
2025-09-06 19:01:45,878 - Iter  18: obj=-1081.793942, change=9.97e-02, α=1.000, ‖θ[1:]‖₁=15.998, num_selected_knots=333
2025-09-06 19:01:49,147 - Iter  19: obj=-1095.197608, change=8.74e-02, α=1.000, ‖θ[1:]‖₁=15.597, num_selected_knots=310
2025-09-06 19:01:52,346 - Iter  20: obj=-1105.988853, change=7.65e-02, α=1.000, ‖θ[1:]‖₁=15.155, num_selected_knots=282
2025-09-06 19:01:57,007 - Iter  21: obj=-1114.831022, change=7.89e-02, α=1.000, ‖θ[1:]‖₁=14.630, num_selected_knots=249
2025-09-06 19:02:00,467 - Iter  22: obj=-1122.256195, change=7.30e-02, α=1.000, ‖θ[1:]‖₁=14.158, num_selected_knots=229
2025-09-06 19:02:03,753 - Iter  23: obj=-1128.353366, change=2.68e-02, α=1.000, ‖θ[1:]‖₁=13.996, num_selected_knots=229
2025-09-06 19:02:06,985 - Iter  24: obj=-1130.830658, change=3.73e-02, α=1.000, ‖θ[1:]‖₁=13.959, num_selected_knots=225
2025-09-06 19:02:10,257 - Iter  25: obj=-1132.260023, change=3.61e-02, α=1.000, ‖θ[1:]‖₁=13.978, num_selected_knots=223
2025-09-06 19:02:13,514 - Iter  26: obj=-1133.457281, change=3.25e-02, α=1.000, ‖θ[1:]‖₁=14.031, num_selected_knots=217
2025-09-06 19:02:16,724 - Iter  27: obj=-1134.503519, change=2.28e-02, α=1.000, ‖θ[1:]‖₁=14.100, num_selected_knots=215
2025-09-06 19:02:20,029 - Iter  28: obj=-1135.481010, change=2.40e-02, α=1.000, ‖θ[1:]‖₁=14.152, num_selected_knots=207
2025-09-06 19:02:23,466 - Iter  29: obj=-1136.398647, change=2.45e-02, α=1.000, ‖θ[1:]‖₁=14.194, num_selected_knots=203
2025-09-06 19:02:27,896 - Iter  30: obj=-1137.165764, change=2.34e-02, α=1.000, ‖θ[1:]‖₁=14.212, num_selected_knots=199
2025-09-06 19:02:32,378 - Iter  31: obj=-1137.800627, change=2.24e-02, α=1.000, ‖θ[1:]‖₁=14.201, num_selected_knots=189
2025-09-06 19:02:35,593 - Iter  32: obj=-1138.331067, change=2.33e-02, α=1.000, ‖θ[1:]‖₁=14.168, num_selected_knots=186
2025-09-06 19:02:38,938 - Iter  33: obj=-1138.790640, change=2.36e-02, α=1.000, ‖θ[1:]‖₁=14.126, num_selected_knots=184
2025-09-06 19:02:43,378 - Iter  34: obj=-1139.205978, change=2.14e-02, α=1.000, ‖θ[1:]‖₁=14.083, num_selected_knots=180
2025-09-06 19:02:46,604 - Iter  35: obj=-1139.608188, change=2.46e-02, α=1.000, ‖θ[1:]‖₁=14.046, num_selected_knots=176
2025-09-06 19:02:51,061 - Iter  36: obj=-1139.960152, change=2.30e-02, α=1.000, ‖θ[1:]‖₁=14.017, num_selected_knots=177
2025-09-06 19:02:54,327 - Iter  37: obj=-1140.285871, change=2.15e-02, α=1.000, ‖θ[1:]‖₁=13.998, num_selected_knots=174
2025-09-06 19:02:59,086 - Iter  38: obj=-1140.602015, change=2.02e-02, α=1.000, ‖θ[1:]‖₁=13.988, num_selected_knots=169
2025-09-06 19:03:02,411 - Iter  39: obj=-1140.894906, change=1.91e-02, α=1.000, ‖θ[1:]‖₁=13.986, num_selected_knots=170
2025-09-06 19:03:05,668 - Iter  40: obj=-1141.178157, change=1.81e-02, α=1.000, ‖θ[1:]‖₁=13.993, num_selected_knots=165
2025-09-06 19:03:09,071 - Iter  41: obj=-1141.449751, change=1.73e-02, α=1.000, ‖θ[1:]‖₁=14.000, num_selected_knots=160
2025-09-06 19:03:12,380 - Iter  42: obj=-1141.710743, change=1.66e-02, α=1.000, ‖θ[1:]‖₁=14.010, num_selected_knots=159
2025-09-06 19:03:15,608 - Iter  43: obj=-1141.973627, change=1.61e-02, α=1.000, ‖θ[1:]‖₁=14.022, num_selected_knots=157
2025-09-06 19:03:18,818 - Iter  44: obj=-1142.228097, change=1.56e-02, α=1.000, ‖θ[1:]‖₁=14.031, num_selected_knots=154
2025-09-06 19:03:22,103 - Iter  45: obj=-1142.465748, change=1.50e-02, α=1.000, ‖θ[1:]‖₁=14.038, num_selected_knots=151
2025-09-06 19:03:26,544 - Iter  46: obj=-1142.691938, change=1.89e-02, α=1.000, ‖θ[1:]‖₁=14.044, num_selected_knots=150
2025-09-06 19:03:29,828 - Iter  47: obj=-1142.904925, change=2.23e-02, α=1.000, ‖θ[1:]‖₁=14.047, num_selected_knots=150
2025-09-06 19:03:34,332 - Iter  48: obj=-1143.115047, change=2.12e-02, α=1.000, ‖θ[1:]‖₁=14.050, num_selected_knots=147
2025-09-06 19:03:37,567 - Iter  49: obj=-1143.319474, change=2.03e-02, α=1.000, ‖θ[1:]‖₁=14.052, num_selected_knots=145
2025-09-06 19:03:40,834 - Iter  50: obj=-1143.515297, change=1.96e-02, α=1.000, ‖θ[1:]‖₁=14.053, num_selected_knots=145
2025-09-06 19:03:44,026 - Iter  51: obj=-1143.702888, change=1.90e-02, α=1.000, ‖θ[1:]‖₁=14.053, num_selected_knots=143
2025-09-06 19:03:47,416 - Iter  52: obj=-1143.883209, change=1.85e-02, α=1.000, ‖θ[1:]‖₁=14.054, num_selected_knots=140
2025-09-06 19:03:52,015 - Iter  53: obj=-1144.043253, change=1.80e-02, α=1.000, ‖θ[1:]‖₁=14.053, num_selected_knots=139
2025-09-06 19:03:55,317 - Iter  54: obj=-1144.195804, change=1.77e-02, α=1.000, ‖θ[1:]‖₁=14.052, num_selected_knots=135
2025-09-06 19:03:58,649 - Iter  55: obj=-1144.338205, change=1.74e-02, α=1.000, ‖θ[1:]‖₁=14.051, num_selected_knots=134
2025-09-06 19:04:03,024 - Iter  56: obj=-1144.466161, change=1.69e-02, α=1.000, ‖θ[1:]‖₁=14.051, num_selected_knots=134
2025-09-06 19:04:06,243 - Iter  57: obj=-1144.585254, change=1.66e-02, α=1.000, ‖θ[1:]‖₁=14.050, num_selected_knots=134
2025-09-06 19:04:09,457 - Iter  58: obj=-1144.700562, change=1.34e-02, α=1.000, ‖θ[1:]‖₁=14.051, num_selected_knots=130
2025-09-06 19:04:14,023 - Iter  59: obj=-1144.798643, change=1.19e-02, α=1.000, ‖θ[1:]‖₁=14.050, num_selected_knots=129
2025-09-06 19:04:17,264 - Iter  60: obj=-1144.893270, change=1.02e-02, α=1.000, ‖θ[1:]‖₁=14.048, num_selected_knots=129
2025-09-06 19:04:20,600 - Iter  61: obj=-1144.983408, change=8.14e-03, α=1.000, ‖θ[1:]‖₁=14.045, num_selected_knots=129
2025-09-06 19:04:23,828 - Iter  62: obj=-1145.070639, change=7.44e-03, α=1.000, ‖θ[1:]‖₁=14.043, num_selected_knots=128
2025-09-06 19:04:27,064 - Iter  63: obj=-1145.154595, change=7.42e-03, α=1.000, ‖θ[1:]‖₁=14.042, num_selected_knots=128
2025-09-06 19:04:31,742 - Iter  64: obj=-1145.235561, change=7.35e-03, α=1.000, ‖θ[1:]‖₁=14.041, num_selected_knots=127
2025-09-06 19:04:35,132 - Iter  65: obj=-1145.307795, change=7.26e-03, α=1.000, ‖θ[1:]‖₁=14.040, num_selected_knots=127
2025-09-06 19:04:38,544 - Iter  66: obj=-1145.378234, change=7.16e-03, α=1.000, ‖θ[1:]‖₁=14.039, num_selected_knots=127
2025-09-06 19:04:41,786 - Iter  67: obj=-1145.448061, change=7.07e-03, α=1.000, ‖θ[1:]‖₁=14.038, num_selected_knots=127
2025-09-06 19:04:44,997 - Iter  68: obj=-1145.517345, change=6.99e-03, α=1.000, ‖θ[1:]‖₁=14.037, num_selected_knots=126
2025-09-06 19:04:48,424 - Iter  69: obj=-1145.586242, change=6.91e-03, α=1.000, ‖θ[1:]‖₁=14.037, num_selected_knots=125
2025-09-06 19:04:52,975 - Iter  70: obj=-1145.651422, change=6.64e-03, α=1.000, ‖θ[1:]‖₁=14.036, num_selected_knots=124
2025-09-06 19:04:56,246 - Iter  71: obj=-1145.712502, change=9.02e-03, α=1.000, ‖θ[1:]‖₁=14.035, num_selected_knots=124
2025-09-06 19:05:00,805 - Iter  72: obj=-1145.772625, change=8.38e-03, α=1.000, ‖θ[1:]‖₁=14.034, num_selected_knots=124
2025-09-06 19:05:04,104 - Iter  73: obj=-1145.831560, change=7.84e-03, α=1.000, ‖θ[1:]‖₁=14.034, num_selected_knots=124
2025-09-06 19:05:07,351 - Iter  74: obj=-1145.888798, change=7.38e-03, α=1.000, ‖θ[1:]‖₁=14.033, num_selected_knots=124
2025-09-06 19:05:10,640 - Iter  75: obj=-1145.944445, change=6.98e-03, α=1.000, ‖θ[1:]‖₁=14.033, num_selected_knots=123
2025-09-06 19:05:14,292 - Iter  76: obj=-1145.997914, change=6.63e-03, α=1.000, ‖θ[1:]‖₁=14.033, num_selected_knots=123
2025-09-06 19:05:18,770 - Iter  77: obj=-1146.050424, change=6.33e-03, α=1.000, ‖θ[1:]‖₁=14.033, num_selected_knots=122
2025-09-06 19:05:23,253 - Iter  78: obj=-1146.099285, change=6.06e-03, α=1.000, ‖θ[1:]‖₁=14.032, num_selected_knots=122
2025-09-06 19:05:26,494 - Iter  79: obj=-1146.144475, change=5.83e-03, α=1.000, ‖θ[1:]‖₁=14.032, num_selected_knots=122
2025-09-06 19:05:31,129 - Iter  80: obj=-1146.188702, change=5.63e-03, α=1.000, ‖θ[1:]‖₁=14.032, num_selected_knots=121
2025-09-06 19:05:34,566 - Iter  81: obj=-1146.231413, change=5.45e-03, α=1.000, ‖θ[1:]‖₁=14.032, num_selected_knots=121
2025-09-06 19:05:39,182 - Iter  82: obj=-1146.272116, change=5.30e-03, α=1.000, ‖θ[1:]‖₁=14.033, num_selected_knots=121
2025-09-06 19:05:42,631 - Iter  83: obj=-1146.312529, change=5.18e-03, α=1.000, ‖θ[1:]‖₁=14.033, num_selected_knots=121
2025-09-06 19:05:45,975 - Iter  84: obj=-1146.352695, change=5.14e-03, α=1.000, ‖θ[1:]‖₁=14.033, num_selected_knots=121
2025-09-06 19:05:50,475 - Iter  85: obj=-1146.392653, change=5.10e-03, α=1.000, ‖θ[1:]‖₁=14.033, num_selected_knots=119
2025-09-06 19:05:53,881 - Iter  86: obj=-1146.432351, change=5.06e-03, α=1.000, ‖θ[1:]‖₁=14.033, num_selected_knots=119
2025-09-06 19:05:58,498 - Iter  87: obj=-1146.471724, change=5.02e-03, α=1.000, ‖θ[1:]‖₁=14.033, num_selected_knots=119
2025-09-06 19:06:01,850 - Iter  88: obj=-1146.510784, change=4.99e-03, α=1.000, ‖θ[1:]‖₁=14.034, num_selected_knots=119
2025-09-06 19:06:05,239 - Iter  89: obj=-1146.549555, change=4.95e-03, α=1.000, ‖θ[1:]‖₁=14.034, num_selected_knots=118
2025-09-06 19:06:08,472 - Iter  90: obj=-1146.586355, change=4.91e-03, α=1.000, ‖θ[1:]‖₁=14.034, num_selected_knots=118
2025-09-06 19:06:13,153 - Iter  91: obj=-1146.617193, change=4.88e-03, α=1.000, ‖θ[1:]‖₁=14.035, num_selected_knots=118
2025-09-06 19:06:17,670 - Iter  92: obj=-1146.647821, change=4.84e-03, α=1.000, ‖θ[1:]‖₁=14.035, num_selected_knots=117
2025-09-06 19:06:20,946 - Iter  93: obj=-1146.678305, change=4.80e-03, α=1.000, ‖θ[1:]‖₁=14.035, num_selected_knots=116
2025-09-06 19:06:24,154 - Iter  94: obj=-1146.709868, change=4.77e-03, α=1.000, ‖θ[1:]‖₁=14.034, num_selected_knots=116
2025-09-06 19:06:27,401 - Iter  95: obj=-1146.742678, change=4.73e-03, α=1.000, ‖θ[1:]‖₁=14.034, num_selected_knots=115
2025-09-06 19:06:30,830 - Iter  96: obj=-1146.775488, change=4.69e-03, α=1.000, ‖θ[1:]‖₁=14.034, num_selected_knots=115
2025-09-06 19:06:35,340 - Iter  97: obj=-1146.807922, change=4.65e-03, α=1.000, ‖θ[1:]‖₁=14.035, num_selected_knots=115
2025-09-06 19:06:38,571 - Iter  98: obj=-1146.840043, change=4.61e-03, α=1.000, ‖θ[1:]‖₁=14.035, num_selected_knots=115
2025-09-06 19:06:41,787 - Iter  99: obj=-1146.871910, change=4.57e-03, α=1.000, ‖θ[1:]‖₁=14.035, num_selected_knots=115
2025-09-06 19:06:46,160 - Iter 100: obj=-1146.903556, change=4.53e-03, α=1.000, ‖θ[1:]‖₁=14.036, num_selected_knots=115
2025-09-06 19:06:46,170 - Final: obj=-1146.935003, selected_knots=115, iterations=101
