2025-09-01 23:39:27,216 - ProximalNewtonLBFGS: lam=80, memory=5, n_grid=200, basis_order=0, n_samples=3200, K=3201
2025-09-01 23:39:27,489 - Iter   0: obj=0.000000, change=4.34e+00, α=0.000, ‖θ[1:]‖₁=14.727, γ=229928.161, num_knots=3023
2025-09-01 23:39:27,841 - Iter  10: obj=-4372.376811, change=2.12e-02, α=1.000, ‖θ[1:]‖₁=7.961, γ=1000000.000, num_knots=1554
2025-09-01 23:39:28,184 - Iter  20: obj=-4430.537261, change=7.78e-03, α=1.000, ‖θ[1:]‖₁=8.369, γ=122153.864, num_knots=934
2025-09-01 23:39:28,672 - Iter  30: obj=-4488.542914, change=7.45e-04, α=1.000, ‖θ[1:]‖₁=8.730, γ=747259.476, num_knots=794
2025-09-01 23:39:29,032 - Iter  40: obj=-4491.778629, change=5.93e-03, α=1.000, ‖θ[1:]‖₁=8.768, γ=17200.791, num_knots=774
2025-09-01 23:39:29,339 - Iter  50: obj=-4513.895956, change=1.51e-02, α=1.000, ‖θ[1:]‖₁=8.986, γ=62613.162, num_knots=640
2025-09-01 23:39:29,679 - Iter  60: obj=-4528.006836, change=1.43e-03, α=1.000, ‖θ[1:]‖₁=9.064, γ=55215.496, num_knots=587
2025-09-01 23:39:29,973 - Iter  70: obj=-4536.725255, change=5.34e-04, α=1.000, ‖θ[1:]‖₁=9.157, γ=170877.426, num_knots=532
2025-09-01 23:39:30,310 - Iter  80: obj=-4542.682326, change=2.51e-02, α=1.000, ‖θ[1:]‖₁=9.309, γ=61529.257, num_knots=457
2025-09-01 23:39:30,500 - Iter  90: obj=-4546.394759, change=1.23e-04, α=0.100, ‖θ[1:]‖₁=9.305, γ=188093.631, num_knots=460
2025-09-01 23:39:30,697 - Iter 100: obj=-4546.463608, change=1.03e-04, α=0.100, ‖θ[1:]‖₁=9.302, γ=185136.569, num_knots=460
2025-09-01 23:39:30,899 - Iter 110: obj=-4546.532009, change=8.76e-05, α=0.100, ‖θ[1:]‖₁=9.300, γ=180193.608, num_knots=460
2025-09-01 23:39:31,110 - Iter 120: obj=-4546.601169, change=7.50e-05, α=0.100, ‖θ[1:]‖₁=9.298, γ=173764.498, num_knots=460
2025-09-01 23:39:31,328 - Iter 130: obj=-4546.672040, change=6.39e-05, α=0.100, ‖θ[1:]‖₁=9.297, γ=165878.085, num_knots=460
2025-09-01 23:39:31,512 - Iter 140: obj=-4546.745869, change=5.42e-05, α=0.100, ‖θ[1:]‖₁=9.296, γ=155502.078, num_knots=460
2025-09-01 23:39:31,800 - Iter 150: obj=-4547.420719, change=6.97e-04, α=1.000, ‖θ[1:]‖₁=9.298, γ=2516.731, num_knots=449
2025-09-01 23:39:32,010 - Iter 160: obj=-4551.645318, change=1.74e-04, α=0.100, ‖θ[1:]‖₁=9.388, γ=191882.307, num_knots=425
2025-09-01 23:39:32,200 - Iter 170: obj=-4551.700082, change=1.50e-04, α=0.100, ‖θ[1:]‖₁=9.384, γ=191354.514, num_knots=425
2025-09-01 23:39:32,402 - Iter 180: obj=-4551.752300, change=1.30e-04, α=0.100, ‖θ[1:]‖₁=9.380, γ=190729.850, num_knots=425
2025-09-01 23:39:32,609 - Iter 190: obj=-4551.802644, change=1.12e-04, α=0.100, ‖θ[1:]‖₁=9.377, γ=189828.953, num_knots=425
2025-09-01 23:39:32,824 - Iter 200: obj=-4551.851664, change=9.67e-05, α=0.100, ‖θ[1:]‖₁=9.375, γ=188583.388, num_knots=425
2025-09-01 23:39:33,121 - Iter 210: obj=-4551.899767, change=8.33e-05, α=0.100, ‖θ[1:]‖₁=9.373, γ=187059.692, num_knots=425
2025-09-01 23:39:33,305 - Iter 220: obj=-4551.947272, change=7.14e-05, α=0.100, ‖θ[1:]‖₁=9.371, γ=185135.578, num_knots=423
2025-09-01 23:39:33,487 - Iter 230: obj=-4551.994491, change=5.93e-05, α=0.100, ‖θ[1:]‖₁=9.370, γ=182801.854, num_knots=422
2025-09-01 23:39:33,665 - Iter 240: obj=-4552.041644, change=4.93e-05, α=0.100, ‖θ[1:]‖₁=9.368, γ=179304.095, num_knots=422
2025-09-01 23:39:33,896 - Iter 250: obj=-4552.089015, change=4.10e-05, α=0.100, ‖θ[1:]‖₁=9.367, γ=174184.409, num_knots=422
2025-09-01 23:39:34,128 - Iter 260: obj=-4552.137470, change=3.39e-05, α=0.100, ‖θ[1:]‖₁=9.367, γ=166013.530, num_knots=422
2025-09-01 23:39:34,456 - Iter 270: obj=-4552.556366, change=3.41e-04, α=1.000, ‖θ[1:]‖₁=9.367, γ=32983.812, num_knots=408
2025-09-01 23:39:34,797 - Iter 280: obj=-4556.192823, change=3.24e-03, α=1.000, ‖θ[1:]‖₁=9.427, γ=22310.048, num_knots=377
2025-09-01 23:39:35,109 - Iter 290: obj=-4559.245870, change=3.71e-05, α=0.100, ‖θ[1:]‖₁=9.467, γ=375046.804, num_knots=355
2025-09-01 23:39:35,331 - Iter 300: obj=-4559.258955, change=3.60e-05, α=0.100, ‖θ[1:]‖₁=9.466, γ=357467.362, num_knots=355
2025-09-01 23:39:35,571 - Iter 310: obj=-4559.272633, change=3.48e-05, α=0.100, ‖θ[1:]‖₁=9.466, γ=339441.479, num_knots=355
2025-09-01 23:39:35,794 - Iter 320: obj=-4559.286992, change=3.37e-05, α=0.100, ‖θ[1:]‖₁=9.466, γ=320974.666, num_knots=355
2025-09-01 23:39:35,997 - Iter 330: obj=-4559.302137, change=3.22e-05, α=0.100, ‖θ[1:]‖₁=9.465, γ=298413.734, num_knots=355
2025-09-01 23:39:36,226 - Iter 340: obj=-4559.318444, change=3.08e-05, α=0.100, ‖θ[1:]‖₁=9.465, γ=271922.287, num_knots=355
2025-09-01 23:39:36,459 - Iter 350: obj=-4559.336153, change=2.98e-05, α=0.100, ‖θ[1:]‖₁=9.464, γ=249269.798, num_knots=355
2025-09-01 23:39:36,665 - Iter 360: obj=-4559.355396, change=2.88e-05, α=0.100, ‖θ[1:]‖₁=9.464, γ=227894.423, num_knots=355
2025-09-01 23:39:36,886 - Iter 370: obj=-4559.376431, change=2.78e-04, α=1.000, ‖θ[1:]‖₁=9.464, γ=206686.392, num_knots=354
2025-09-01 23:39:37,213 - Iter 380: obj=-4559.863538, change=7.58e-04, α=1.000, ‖θ[1:]‖₁=9.469, γ=2096.792, num_knots=351
2025-09-01 23:39:37,394 - Iter 390: obj=-4562.171549, change=8.15e-05, α=0.100, ‖θ[1:]‖₁=9.514, γ=193027.755, num_knots=336
2025-09-01 23:39:37,607 - Iter 400: obj=-4562.192736, change=7.36e-05, α=0.100, ‖θ[1:]‖₁=9.512, γ=190626.909, num_knots=336
2025-09-01 23:39:37,809 - Iter 410: obj=-4562.213812, change=6.63e-05, α=0.100, ‖θ[1:]‖₁=9.511, γ=188447.614, num_knots=336
2025-09-01 23:39:38,045 - Iter 420: obj=-4562.234819, change=5.97e-05, α=0.100, ‖θ[1:]‖₁=9.510, γ=186409.425, num_knots=336
2025-09-01 23:39:38,266 - Iter 430: obj=-4562.255797, change=5.36e-05, α=0.100, ‖θ[1:]‖₁=9.509, γ=184427.105, num_knots=336
2025-09-01 23:39:38,524 - Iter 440: obj=-4562.276789, change=4.81e-05, α=0.100, ‖θ[1:]‖₁=9.508, γ=182409.386, num_knots=336
2025-09-01 23:39:38,753 - Iter 450: obj=-4562.297841, change=4.32e-05, α=0.100, ‖θ[1:]‖₁=9.507, γ=180257.121, num_knots=336
2025-09-01 23:39:39,051 - Iter 460: obj=-4562.319007, change=3.87e-05, α=0.100, ‖θ[1:]‖₁=9.506, γ=177860.872, num_knots=336
2025-09-01 23:39:39,356 - Iter 470: obj=-4562.340368, change=3.45e-05, α=0.100, ‖θ[1:]‖₁=9.506, γ=171853.773, num_knots=336
2025-09-01 23:39:39,649 - Iter 480: obj=-4562.362493, change=3.08e-05, α=0.100, ‖θ[1:]‖₁=9.505, γ=165391.241, num_knots=336
2025-09-01 23:39:39,856 - Iter 490: obj=-4562.385238, change=2.76e-05, α=0.100, ‖θ[1:]‖₁=9.505, γ=160404.946, num_knots=336
2025-09-01 23:39:40,169 - Iter 500: obj=-4562.408724, change=2.52e-05, α=0.100, ‖θ[1:]‖₁=9.504, γ=152866.346, num_knots=336
2025-09-01 23:39:40,529 - Iter 510: obj=-4562.559478, change=1.40e-04, α=1.000, ‖θ[1:]‖₁=9.503, γ=82803.489, num_knots=333
2025-09-01 23:39:40,943 - Iter 520: obj=-4563.581717, change=2.46e-04, α=1.000, ‖θ[1:]‖₁=9.518, γ=13989.452, num_knots=322
2025-09-01 23:39:41,348 - Iter 530: obj=-4564.484513, change=1.74e-03, α=1.000, ‖θ[1:]‖₁=9.539, γ=82587.785, num_knots=310
2025-09-01 23:39:41,677 - Iter 540: obj=-4565.163083, change=4.39e-05, α=1.000, ‖θ[1:]‖₁=9.540, γ=185163.864, num_knots=310
2025-09-01 23:39:41,973 - Iter 550: obj=-4565.751826, change=5.27e-05, α=1.000, ‖θ[1:]‖₁=9.548, γ=111238.097, num_knots=303
2025-09-01 23:39:42,267 - Iter 560: obj=-4566.724846, change=9.91e-05, α=1.000, ‖θ[1:]‖₁=9.563, γ=54019.138, num_knots=292
2025-09-01 23:39:42,599 - Iter 570: obj=-4567.863588, change=4.19e-05, α=1.000, ‖θ[1:]‖₁=9.577, γ=400250.238, num_knots=286
2025-09-01 23:39:42,919 - Iter 580: obj=-4567.950864, change=1.24e-04, α=1.000, ‖θ[1:]‖₁=9.579, γ=44968.115, num_knots=286
2025-09-01 23:39:43,249 - Iter 590: obj=-4569.098592, change=7.54e-05, α=1.000, ‖θ[1:]‖₁=9.596, γ=78937.571, num_knots=276
2025-09-01 23:39:43,565 - Iter 600: obj=-4569.570985, change=3.09e-05, α=1.000, ‖θ[1:]‖₁=9.602, γ=189116.868, num_knots=269
2025-09-01 23:39:43,994 - Iter 610: obj=-4570.166785, change=1.01e-04, α=1.000, ‖θ[1:]‖₁=9.611, γ=79894.967, num_knots=261
2025-09-01 23:39:44,343 - Iter 620: obj=-4570.653813, change=7.65e-04, α=1.000, ‖θ[1:]‖₁=9.619, γ=29615.076, num_knots=259
2025-09-01 23:39:44,716 - Iter 630: obj=-4571.301714, change=2.55e-05, α=1.000, ‖θ[1:]‖₁=9.626, γ=289895.980, num_knots=254
2025-09-01 23:39:45,042 - Iter 640: obj=-4571.392428, change=1.66e-04, α=1.000, ‖θ[1:]‖₁=9.627, γ=18047.767, num_knots=254
2025-09-01 23:39:45,350 - Iter 650: obj=-4572.087497, change=3.43e-05, α=1.000, ‖θ[1:]‖₁=9.638, γ=158564.862, num_knots=247
2025-09-01 23:39:45,665 - Iter 660: obj=-4572.277158, change=6.70e-04, α=1.000, ‖θ[1:]‖₁=9.641, γ=79840.818, num_knots=245
2025-09-01 23:39:46,023 - Iter 670: obj=-4572.934058, change=1.45e-05, α=1.000, ‖θ[1:]‖₁=9.648, γ=641459.426, num_knots=239
2025-09-01 23:39:46,355 - Iter 680: obj=-4572.952748, change=1.28e-05, α=1.000, ‖θ[1:]‖₁=9.648, γ=480135.742, num_knots=239
2025-09-01 23:39:46,678 - Iter 690: obj=-4572.981027, change=2.26e-05, α=1.000, ‖θ[1:]‖₁=9.648, γ=234748.886, num_knots=239
2025-09-01 23:39:46,995 - Iter 700: obj=-4573.131197, change=2.50e-04, α=1.000, ‖θ[1:]‖₁=9.650, γ=7566.090, num_knots=237
2025-09-01 23:39:47,381 - Iter 710: obj=-4573.402355, change=1.21e-04, α=1.000, ‖θ[1:]‖₁=9.653, γ=71108.323, num_knots=231
2025-09-01 23:39:47,696 - Iter 720: obj=-4573.827003, change=1.85e-05, α=1.000, ‖θ[1:]‖₁=9.658, γ=262373.081, num_knots=226
2025-09-01 23:39:48,003 - Iter 730: obj=-4573.937602, change=3.37e-04, α=1.000, ‖θ[1:]‖₁=9.660, γ=8760.418, num_knots=226
2025-09-01 23:39:48,306 - Iter 740: obj=-4574.351145, change=1.87e-04, α=1.000, ‖θ[1:]‖₁=9.664, γ=18276.203, num_knots=224
2025-09-01 23:39:48,664 - Iter 750: obj=-4574.770684, change=4.74e-05, α=1.000, ‖θ[1:]‖₁=9.668, γ=84251.248, num_knots=222
2025-09-01 23:39:49,004 - Iter 760: obj=-4574.871271, change=7.25e-05, α=1.000, ‖θ[1:]‖₁=9.670, γ=56293.636, num_knots=219
2025-09-01 23:39:49,312 - Iter 770: obj=-4575.413944, change=9.09e-06, α=1.000, ‖θ[1:]‖₁=9.677, γ=559559.359, num_knots=216
2025-09-01 23:39:49,691 - Iter 780: obj=-4575.429797, change=1.35e-05, α=1.000, ‖θ[1:]‖₁=9.677, γ=364511.941, num_knots=216
2025-09-01 23:39:50,008 - Iter 790: obj=-4575.459921, change=3.86e-05, α=1.000, ‖θ[1:]‖₁=9.677, γ=110325.061, num_knots=216
2025-09-01 23:39:50,430 - Iter 800: obj=-4575.796975, change=1.68e-05, α=1.000, ‖θ[1:]‖₁=9.682, γ=293951.619, num_knots=215
2025-09-01 23:39:50,852 - Iter 810: obj=-4575.842809, change=9.86e-05, α=1.000, ‖θ[1:]‖₁=9.683, γ=31435.494, num_knots=215
2025-09-01 23:39:51,243 - Iter 820: obj=-4576.066759, change=3.23e-05, α=1.000, ‖θ[1:]‖₁=9.686, γ=131862.112, num_knots=212
2025-09-01 23:39:51,624 - Iter 830: obj=-4576.220355, change=1.30e-04, α=1.000, ‖θ[1:]‖₁=9.689, γ=260327.509, num_knots=207
2025-09-01 23:39:51,935 - Iter 840: obj=-4576.288693, change=8.31e-05, α=1.000, ‖θ[1:]‖₁=9.690, γ=42088.934, num_knots=206
2025-09-01 23:39:52,237 - Iter 850: obj=-4576.472025, change=3.85e-05, α=1.000, ‖θ[1:]‖₁=9.693, γ=100958.818, num_knots=206
2025-09-01 23:39:52,539 - Iter 860: obj=-4576.750293, change=5.37e-04, α=1.000, ‖θ[1:]‖₁=9.696, γ=60584.027, num_knots=203
2025-09-01 23:39:52,848 - Iter 870: obj=-4577.024135, change=2.60e-04, α=1.000, ‖θ[1:]‖₁=9.700, γ=9549.356, num_knots=200
2025-09-01 23:39:53,141 - Iter 880: obj=-4577.247188, change=1.69e-05, α=1.000, ‖θ[1:]‖₁=9.702, γ=247040.385, num_knots=198
2025-09-01 23:39:53,438 - Iter 890: obj=-4577.295046, change=1.75e-04, α=1.000, ‖θ[1:]‖₁=9.703, γ=11795.408, num_knots=198
2025-09-01 23:39:53,681 - Iter 900: obj=-4577.818038, change=2.87e-06, α=0.100, ‖θ[1:]‖₁=9.710, γ=523495.516, num_knots=194
2025-09-01 23:39:53,950 - Iter 910: obj=-4577.819049, change=2.84e-06, α=0.100, ‖θ[1:]‖₁=9.710, γ=514897.951, num_knots=194
2025-09-01 23:39:54,163 - Iter 920: obj=-4577.820076, change=2.81e-06, α=0.100, ‖θ[1:]‖₁=9.710, γ=506140.279, num_knots=194
2025-09-01 23:39:54,396 - Iter 930: obj=-4577.821122, change=2.78e-06, α=0.100, ‖θ[1:]‖₁=9.710, γ=497220.238, num_knots=194
2025-09-01 23:39:54,606 - Iter 940: obj=-4577.822186, change=2.75e-06, α=0.100, ‖θ[1:]‖₁=9.710, γ=488135.474, num_knots=194
2025-09-01 23:39:54,813 - Iter 950: obj=-4577.823270, change=2.72e-06, α=0.100, ‖θ[1:]‖₁=9.710, γ=478883.767, num_knots=194
2025-09-01 23:39:55,003 - Iter 960: obj=-4577.824374, change=2.69e-06, α=0.100, ‖θ[1:]‖₁=9.710, γ=469462.758, num_knots=194
2025-09-01 23:39:55,225 - Iter 970: obj=-4577.825501, change=2.66e-06, α=0.100, ‖θ[1:]‖₁=9.709, γ=459870.166, num_knots=194
2025-09-01 23:39:55,449 - Iter 980: obj=-4577.826651, change=2.63e-06, α=0.100, ‖θ[1:]‖₁=9.709, γ=450103.701, num_knots=194
2025-09-01 23:39:55,663 - Iter 990: obj=-4577.827826, change=2.61e-06, α=0.100, ‖θ[1:]‖₁=9.709, γ=440161.101, num_knots=194
2025-09-01 23:39:55,858 - Iter 1000: obj=-4577.829028, change=2.58e-06, α=0.100, ‖θ[1:]‖₁=9.709, γ=430040.033, num_knots=194
2025-09-01 23:39:56,044 - Iter 1010: obj=-4577.830258, change=2.56e-06, α=0.100, ‖θ[1:]‖₁=9.709, γ=419738.263, num_knots=194
2025-09-01 23:39:56,238 - Iter 1020: obj=-4577.831518, change=2.54e-06, α=0.100, ‖θ[1:]‖₁=9.709, γ=409253.500, num_knots=194
2025-09-01 23:39:56,461 - Iter 1030: obj=-4577.832811, change=2.51e-06, α=0.100, ‖θ[1:]‖₁=9.709, γ=398583.407, num_knots=194
2025-09-01 23:39:56,674 - Iter 1040: obj=-4577.834139, change=2.49e-06, α=0.100, ‖θ[1:]‖₁=9.709, γ=387725.761, num_knots=194
2025-09-01 23:39:56,898 - Iter 1050: obj=-4577.835504, change=2.47e-06, α=0.100, ‖θ[1:]‖₁=9.709, γ=376678.186, num_knots=194
2025-09-01 23:39:57,090 - Iter 1060: obj=-4577.836910, change=2.45e-06, α=0.100, ‖θ[1:]‖₁=9.709, γ=365438.354, num_knots=194
2025-09-01 23:39:57,290 - Iter 1070: obj=-4577.838359, change=2.44e-06, α=0.100, ‖θ[1:]‖₁=9.709, γ=354003.871, num_knots=194
2025-09-01 23:39:57,461 - Iter 1080: obj=-4577.839855, change=2.42e-06, α=0.100, ‖θ[1:]‖₁=9.709, γ=342372.268, num_knots=194
2025-09-01 23:39:57,679 - Iter 1090: obj=-4577.841404, change=2.40e-06, α=0.100, ‖θ[1:]‖₁=9.709, γ=330541.008, num_knots=194
2025-09-01 23:39:57,877 - Iter 1100: obj=-4577.843008, change=2.39e-06, α=0.100, ‖θ[1:]‖₁=9.709, γ=318507.406, num_knots=194
2025-09-01 23:39:58,064 - Iter 1110: obj=-4577.844673, change=2.38e-06, α=0.100, ‖θ[1:]‖₁=9.709, γ=306268.642, num_knots=194
2025-09-01 23:39:58,269 - Iter 1120: obj=-4577.846407, change=2.37e-06, α=0.100, ‖θ[1:]‖₁=9.709, γ=293821.715, num_knots=194
2025-09-01 23:39:58,448 - Iter 1130: obj=-4577.848215, change=2.36e-06, α=0.100, ‖θ[1:]‖₁=9.709, γ=281163.240, num_knots=194
2025-09-01 23:39:58,679 - Iter 1140: obj=-4577.850106, change=2.35e-06, α=0.100, ‖θ[1:]‖₁=9.709, γ=268289.618, num_knots=194
2025-09-01 23:39:58,917 - Iter 1150: obj=-4577.852089, change=2.34e-06, α=0.100, ‖θ[1:]‖₁=9.709, γ=255196.717, num_knots=194
2025-09-01 23:39:59,135 - Iter 1160: obj=-4577.854177, change=2.34e-06, α=0.100, ‖θ[1:]‖₁=9.709, γ=241879.815, num_knots=194
2025-09-01 23:39:59,327 - Iter 1170: obj=-4577.856382, change=2.34e-06, α=0.100, ‖θ[1:]‖₁=9.709, γ=228333.491, num_knots=194
2025-09-01 23:39:59,620 - Iter 1180: obj=-4577.876170, change=3.23e-05, α=1.000, ‖θ[1:]‖₁=9.709, γ=126905.841, num_knots=194
2025-09-01 23:39:59,930 - Iter 1190: obj=-4577.948947, change=1.08e-04, α=1.000, ‖θ[1:]‖₁=9.709, γ=37868.671, num_knots=193
2025-09-01 23:40:00,270 - Iter 1200: obj=-4578.044663, change=2.67e-05, α=1.000, ‖θ[1:]‖₁=9.710, γ=150917.050, num_knots=190
2025-09-01 23:40:00,567 - Iter 1210: obj=-4578.082745, change=7.06e-05, α=1.000, ‖θ[1:]‖₁=9.710, γ=49684.982, num_knots=189
2025-09-01 23:40:00,898 - Iter 1220: obj=-4578.687517, change=2.89e-04, α=1.000, ‖θ[1:]‖₁=9.716, γ=67140.239, num_knots=186
2025-09-01 23:40:01,221 - Iter 1230: obj=-4578.876953, change=1.25e-04, α=1.000, ‖θ[1:]‖₁=9.718, γ=44368.328, num_knots=184
2025-09-01 23:40:01,506 - Iter 1240: obj=-4579.230686, change=1.11e-04, α=1.000, ‖θ[1:]‖₁=9.723, γ=26966.533, num_knots=181
2025-09-01 23:40:01,865 - Iter 1250: obj=-4579.478257, change=8.67e-06, α=1.000, ‖θ[1:]‖₁=9.727, γ=625827.297, num_knots=179
2025-09-01 23:40:02,279 - Iter 1260: obj=-4579.484956, change=7.96e-06, α=1.000, ‖θ[1:]‖₁=9.727, γ=503075.200, num_knots=178
2025-09-01 23:40:02,615 - Iter 1270: obj=-4579.493853, change=1.20e-05, α=1.000, ‖θ[1:]‖₁=9.727, γ=324593.639, num_knots=178
2025-09-01 23:40:02,906 - Iter 1280: obj=-4579.513840, change=3.40e-05, α=1.000, ‖θ[1:]‖₁=9.727, γ=95877.517, num_knots=177
2025-09-01 23:40:03,220 - Iter 1290: obj=-4579.586658, change=1.83e-04, α=1.000, ‖θ[1:]‖₁=9.728, γ=29560.835, num_knots=176
2025-09-01 23:40:03,526 - Iter 1300: obj=-4579.693307, change=1.57e-04, α=1.000, ‖θ[1:]‖₁=9.729, γ=38539.263, num_knots=173
2025-09-01 23:40:03,779 - Iter 1310: obj=-4579.739366, change=2.16e-05, α=1.000, ‖θ[1:]‖₁=9.730, γ=170809.628, num_knots=172
2025-09-01 23:40:04,087 - Iter 1320: obj=-4579.772687, change=8.11e-05, α=1.000, ‖θ[1:]‖₁=9.731, γ=39608.447, num_knots=172
2025-09-01 23:40:04,370 - Iter 1330: obj=-4579.842018, change=7.27e-05, α=1.000, ‖θ[1:]‖₁=9.732, γ=46145.914, num_knots=170
2025-09-01 23:40:04,686 - Iter 1340: obj=-4580.035093, change=1.10e-05, α=1.000, ‖θ[1:]‖₁=9.734, γ=322120.260, num_knots=169
2025-09-01 23:40:05,026 - Iter 1350: obj=-4580.049218, change=2.86e-05, α=1.000, ‖θ[1:]‖₁=9.735, γ=110745.283, num_knots=169
2025-09-01 23:40:05,378 - Iter 1360: obj=-4580.172367, change=1.56e-05, α=1.000, ‖θ[1:]‖₁=9.737, γ=52180.846, num_knots=168
2025-09-01 23:40:05,659 - Iter 1370: obj=-4580.309450, change=4.52e-05, α=1.000, ‖θ[1:]‖₁=9.739, γ=23280.472, num_knots=166
2025-09-01 23:40:05,994 - Iter 1380: obj=-4580.398211, change=1.59e-04, α=1.000, ‖θ[1:]‖₁=9.741, γ=19395.867, num_knots=165
2025-09-01 23:40:06,371 - Iter 1390: obj=-4580.630378, change=6.00e-04, α=1.000, ‖θ[1:]‖₁=9.745, γ=4923.003, num_knots=164
2025-09-01 23:40:06,680 - Iter 1400: obj=-4580.744714, change=9.75e-06, α=1.000, ‖θ[1:]‖₁=9.747, γ=361689.711, num_knots=162
2025-09-01 23:40:07,013 - Iter 1410: obj=-4580.754759, change=1.90e-05, α=1.000, ‖θ[1:]‖₁=9.747, γ=174361.649, num_knots=162
2025-09-01 23:40:07,358 - Iter 1420: obj=-4580.789762, change=1.59e-04, α=1.000, ‖θ[1:]‖₁=9.747, γ=14484.138, num_knots=162
2025-09-01 23:40:07,692 - Iter 1430: obj=-4581.029587, change=1.24e-05, α=1.000, ‖θ[1:]‖₁=9.750, γ=249839.179, num_knots=160
2025-09-01 23:40:08,023 - Iter 1440: obj=-4581.046541, change=2.44e-05, α=1.000, ‖θ[1:]‖₁=9.751, γ=115871.628, num_knots=159
2025-09-01 23:40:08,380 - Iter 1450: obj=-4581.208388, change=8.64e-04, α=1.000, ‖θ[1:]‖₁=9.754, γ=5141.587, num_knots=158
2025-09-01 23:40:08,676 - Iter 1460: obj=-4581.366541, change=3.97e-05, α=1.000, ‖θ[1:]‖₁=9.755, γ=68495.426, num_knots=156
2025-09-01 23:40:09,013 - Iter 1470: obj=-4581.433645, change=1.50e-04, α=1.000, ‖θ[1:]‖₁=9.756, γ=16570.337, num_knots=155
2025-09-01 23:40:09,335 - Iter 1480: obj=-4581.545433, change=4.45e-05, α=1.000, ‖θ[1:]‖₁=9.758, γ=68827.259, num_knots=154
2025-09-01 23:40:09,692 - Iter 1490: obj=-4581.611867, change=1.88e-04, α=1.000, ‖θ[1:]‖₁=9.759, γ=16261.663, num_knots=154
2025-09-01 23:40:09,991 - Iter 1500: obj=-4581.658844, change=5.16e-05, α=1.000, ‖θ[1:]‖₁=9.760, γ=59705.191, num_knots=153
2025-09-01 23:40:10,308 - Iter 1510: obj=-4581.717813, change=1.44e-04, α=1.000, ‖θ[1:]‖₁=9.761, γ=20441.657, num_knots=153
2025-09-01 23:40:10,642 - Iter 1520: obj=-4581.861295, change=1.03e-04, α=1.000, ‖θ[1:]‖₁=9.763, γ=38428.077, num_knots=151
2025-09-01 23:40:10,972 - Iter 1530: obj=-4582.050334, change=8.77e-05, α=1.000, ‖θ[1:]‖₁=9.765, γ=48088.609, num_knots=150
2025-09-01 23:40:11,281 - Iter 1540: obj=-4582.168152, change=1.80e-05, α=1.000, ‖θ[1:]‖₁=9.767, γ=156118.830, num_knots=149
2025-09-01 23:40:11,620 - Iter 1550: obj=-4582.208383, change=2.76e-04, α=1.000, ‖θ[1:]‖₁=9.767, γ=15361.408, num_knots=148
2025-09-01 23:40:11,907 - Iter 1560: obj=-4582.373026, change=6.65e-06, α=1.000, ‖θ[1:]‖₁=9.769, γ=451024.198, num_knots=147
2025-09-01 23:40:12,245 - Iter 1570: obj=-4582.378378, change=1.01e-05, α=1.000, ‖θ[1:]‖₁=9.769, γ=289399.525, num_knots=147
2025-09-01 23:40:12,630 - Iter 1580: obj=-4582.388195, change=2.47e-05, α=1.000, ‖θ[1:]‖₁=9.769, γ=107597.040, num_knots=147
2025-09-01 23:40:12,926 - Iter 1590: obj=-4582.469254, change=6.43e-04, α=1.000, ‖θ[1:]‖₁=9.770, γ=3407.213, num_knots=147
2025-09-01 23:40:13,146 - Iter 1600: obj=-4582.659191, change=7.21e-07, α=0.100, ‖θ[1:]‖₁=9.772, γ=720345.810, num_knots=146
2025-09-01 23:40:13,327 - Iter 1610: obj=-4582.659477, change=7.13e-07, α=0.100, ‖θ[1:]‖₁=9.772, γ=716453.110, num_knots=146
2025-09-01 23:40:13,521 - Iter 1620: obj=-4582.659765, change=7.06e-07, α=0.100, ‖θ[1:]‖₁=9.772, γ=712475.328, num_knots=146
2025-09-01 23:40:13,712 - Iter 1630: obj=-4582.660055, change=6.99e-07, α=0.100, ‖θ[1:]‖₁=9.772, γ=708410.207, num_knots=146
2025-09-01 23:40:13,954 - Iter 1640: obj=-4582.660346, change=6.92e-07, α=0.100, ‖θ[1:]‖₁=9.772, γ=704255.100, num_knots=146
2025-09-01 23:40:14,146 - Iter 1650: obj=-4582.660639, change=6.85e-07, α=0.100, ‖θ[1:]‖₁=9.772, γ=700007.822, num_knots=146
2025-09-01 23:40:14,338 - Iter 1660: obj=-4582.660934, change=6.78e-07, α=0.100, ‖θ[1:]‖₁=9.772, γ=695665.609, num_knots=146
2025-09-01 23:40:14,524 - Iter 1670: obj=-4582.661230, change=6.72e-07, α=0.100, ‖θ[1:]‖₁=9.772, γ=691225.718, num_knots=146
2025-09-01 23:40:14,742 - Iter 1680: obj=-4582.661529, change=6.65e-07, α=0.100, ‖θ[1:]‖₁=9.772, γ=686685.678, num_knots=146
2025-09-01 23:40:15,027 - Iter 1690: obj=-4582.663053, change=4.04e-06, α=1.000, ‖θ[1:]‖₁=9.772, γ=753725.663, num_knots=145
2025-09-01 23:40:15,361 - Iter 1700: obj=-4582.665805, change=4.37e-06, α=1.000, ‖θ[1:]‖₁=9.772, γ=693028.328, num_knots=145
2025-09-01 23:40:15,684 - Iter 1710: obj=-4582.668834, change=4.91e-06, α=1.000, ‖θ[1:]‖₁=9.772, γ=613438.791, num_knots=145
2025-09-01 23:40:15,984 - Iter 1720: obj=-4582.672325, change=5.86e-06, α=1.000, ‖θ[1:]‖₁=9.772, γ=509944.516, num_knots=145
2025-09-01 23:40:16,279 - Iter 1730: obj=-4582.676681, change=7.78e-06, α=1.000, ‖θ[1:]‖₁=9.772, γ=377670.971, num_knots=145
2025-09-01 23:40:16,609 - Iter 1740: obj=-4582.683054, change=1.31e-05, α=1.000, ‖θ[1:]‖₁=9.772, γ=215819.529, num_knots=145
2025-09-01 23:40:16,936 - Iter 1750: obj=-4582.696998, change=2.67e-05, α=1.000, ‖θ[1:]‖₁=9.772, γ=99112.909, num_knots=144
2025-09-01 23:40:17,292 - Iter 1760: obj=-4582.740790, change=1.58e-04, α=1.000, ‖θ[1:]‖₁=9.772, γ=15886.498, num_knots=144
2025-09-01 23:40:17,683 - Iter 1770: obj=-4582.903333, change=3.50e-05, α=1.000, ‖θ[1:]‖₁=9.774, γ=66455.160, num_knots=142
2025-09-01 23:40:18,009 - Iter 1780: obj=-4582.975544, change=1.02e-05, α=1.000, ‖θ[1:]‖₁=9.774, γ=281211.542, num_knots=141
2025-09-01 23:40:18,311 - Iter 1790: obj=-4582.984367, change=2.42e-05, α=1.000, ‖θ[1:]‖₁=9.774, γ=108375.380, num_knots=141
2025-09-01 23:40:18,634 - Iter 1800: obj=-4583.032710, change=2.61e-04, α=1.000, ‖θ[1:]‖₁=9.774, γ=9601.285, num_knots=141
2025-09-01 23:40:18,984 - Iter 1810: obj=-4583.259492, change=1.22e-04, α=1.000, ‖θ[1:]‖₁=9.775, γ=12188.698, num_knots=140
2025-09-01 23:40:19,315 - Iter 1820: obj=-4583.314266, change=1.63e-05, α=1.000, ‖θ[1:]‖₁=9.776, γ=170850.977, num_knots=138
2025-09-01 23:40:19,631 - Iter 1830: obj=-4583.331218, change=6.34e-05, α=1.000, ‖θ[1:]‖₁=9.776, γ=39740.261, num_knots=138
2025-09-01 23:40:19,966 - Iter 1840: obj=-4583.390409, change=1.79e-04, α=1.000, ‖θ[1:]‖₁=9.777, γ=14436.054, num_knots=137
2025-09-01 23:40:20,387 - Iter 1850: obj=-4583.531291, change=3.53e-05, α=1.000, ‖θ[1:]‖₁=9.778, γ=75787.290, num_knots=136
2025-09-01 23:40:20,774 - Iter 1860: obj=-4583.563881, change=1.14e-04, α=1.000, ‖θ[1:]‖₁=9.778, γ=20722.284, num_knots=136
2025-09-01 23:40:21,098 - Iter 1870: obj=-4583.639103, change=5.66e-06, α=1.000, ‖θ[1:]‖₁=9.779, γ=175693.704, num_knots=133
2025-09-01 23:40:21,404 - Iter 1880: obj=-4583.650854, change=4.39e-05, α=1.000, ‖θ[1:]‖₁=9.779, γ=53880.680, num_knots=133
2025-09-01 23:40:21,678 - Iter 1890: obj=-4583.714988, change=2.60e-04, α=1.000, ‖θ[1:]‖₁=9.781, γ=9476.193, num_knots=133
2025-09-01 23:40:22,006 - Iter 1900: obj=-4583.835166, change=3.98e-05, α=1.000, ‖θ[1:]‖₁=9.782, γ=58302.862, num_knots=131
2025-09-01 23:40:22,316 - Iter 1910: obj=-4583.905963, change=4.13e-04, α=1.000, ‖θ[1:]‖₁=9.783, γ=5614.079, num_knots=131
2025-09-01 23:40:22,614 - Iter 1920: obj=-4584.266905, change=8.96e-04, α=1.000, ‖θ[1:]‖₁=9.786, γ=8108.600, num_knots=131
2025-09-01 23:40:22,938 - Iter 1930: obj=-4584.505206, change=3.63e-05, α=1.000, ‖θ[1:]‖₁=9.787, γ=54923.189, num_knots=131
2025-09-01 23:40:23,269 - Iter 1940: obj=-4584.567556, change=4.61e-06, α=1.000, ‖θ[1:]‖₁=9.788, γ=547772.860, num_knots=130
2025-09-01 23:40:23,572 - Iter 1950: obj=-4584.570296, change=5.82e-06, α=1.000, ‖θ[1:]‖₁=9.788, γ=429951.595, num_knots=130
2025-09-01 23:40:23,874 - Iter 1960: obj=-4584.573978, change=8.59e-06, α=1.000, ‖θ[1:]‖₁=9.788, γ=284564.206, num_knots=130
2025-09-01 23:40:24,163 - Iter 1970: obj=-4584.580381, change=1.91e-05, α=1.000, ‖θ[1:]‖₁=9.788, γ=177850.850, num_knots=129
2025-09-01 23:40:24,458 - Iter 1980: obj=-4584.587840, change=2.04e-05, α=1.000, ‖θ[1:]‖₁=9.788, γ=110777.273, num_knots=129
2025-09-01 23:40:24,779 - Iter 1990: obj=-4584.612748, change=2.77e-05, α=1.000, ‖θ[1:]‖₁=9.788, γ=430924.234, num_knots=127
2025-09-01 23:40:25,099 - Iter 2000: obj=-4584.617595, change=9.04e-06, α=1.000, ‖θ[1:]‖₁=9.788, γ=272043.586, num_knots=127
2025-09-01 23:40:25,474 - Iter 2010: obj=-4584.623490, change=1.60e-05, α=1.000, ‖θ[1:]‖₁=9.788, γ=148613.225, num_knots=127
2025-09-01 23:40:25,791 - Iter 2020: obj=-4584.636463, change=4.52e-05, α=1.000, ‖θ[1:]‖₁=9.789, γ=49161.204, num_knots=127
2025-09-01 23:40:26,114 - Iter 2030: obj=-4584.679888, change=1.34e-04, α=1.000, ‖θ[1:]‖₁=9.790, γ=18027.324, num_knots=127
2025-09-01 23:40:26,456 - Iter 2040: obj=-4584.740864, change=1.69e-04, α=1.000, ‖θ[1:]‖₁=9.791, γ=367823.982, num_knots=125
2025-09-01 23:40:26,783 - Iter 2050: obj=-4584.753501, change=1.14e-05, α=1.000, ‖θ[1:]‖₁=9.791, γ=207292.824, num_knots=125
2025-09-01 23:40:27,128 - Iter 2060: obj=-4584.761464, change=2.41e-05, α=1.000, ‖θ[1:]‖₁=9.791, γ=93979.021, num_knots=125
2025-09-01 23:40:27,487 - Iter 2070: obj=-4584.784206, change=9.27e-05, α=1.000, ‖θ[1:]‖₁=9.792, γ=23157.894, num_knots=125
2025-09-01 23:40:27,821 - Iter 2080: obj=-4584.872456, change=2.70e-04, α=1.000, ‖θ[1:]‖₁=9.795, γ=11759.691, num_knots=124
2025-09-01 23:40:28,148 - Iter 2090: obj=-4584.950371, change=1.67e-04, α=1.000, ‖θ[1:]‖₁=9.797, γ=11351.043, num_knots=123
2025-09-01 23:40:28,478 - Iter 2100: obj=-4585.043060, change=1.73e-04, α=1.000, ‖θ[1:]‖₁=9.799, γ=10285.782, num_knots=122
2025-09-01 23:40:28,791 - Iter 2110: obj=-4585.153805, change=1.89e-05, α=1.000, ‖θ[1:]‖₁=9.802, γ=121816.328, num_knots=121
2025-09-01 23:40:29,165 - Iter 2120: obj=-4585.168259, change=5.90e-05, α=1.000, ‖θ[1:]‖₁=9.802, γ=37752.475, num_knots=121
2025-09-01 23:40:29,473 - Iter 2130: obj=-4585.217177, change=7.45e-05, α=1.000, ‖θ[1:]‖₁=9.803, γ=116123.640, num_knots=120
2025-09-01 23:40:29,785 - Iter 2140: obj=-4585.239889, change=1.08e-04, α=1.000, ‖θ[1:]‖₁=9.804, γ=17692.958, num_knots=119
2025-09-01 23:40:30,102 - Iter 2150: obj=-4585.303556, change=2.02e-04, α=1.000, ‖θ[1:]‖₁=9.806, γ=11100.512, num_knots=117
2025-09-01 23:40:30,405 - Iter 2160: obj=-4585.353245, change=5.90e-05, α=1.000, ‖θ[1:]‖₁=9.807, γ=39678.053, num_knots=115
2025-09-01 23:40:30,726 - Iter 2170: obj=-4585.391109, change=1.81e-04, α=1.000, ‖θ[1:]‖₁=9.808, γ=12409.961, num_knots=115
2025-09-01 23:40:31,048 - Iter 2180: obj=-4585.523671, change=2.50e-06, α=1.000, ‖θ[1:]‖₁=9.811, γ=868861.299, num_knots=113
2025-09-01 23:40:31,365 - Iter 2190: obj=-4585.524723, change=2.62e-06, α=1.000, ‖θ[1:]‖₁=9.811, γ=833683.755, num_knots=113
2025-09-01 23:40:31,690 - Iter 2200: obj=-4585.525826, change=2.76e-06, α=1.000, ‖θ[1:]‖₁=9.811, γ=790400.421, num_knots=113
2025-09-01 23:40:32,012 - Iter 2210: obj=-4585.526994, change=2.96e-06, α=1.000, ‖θ[1:]‖₁=9.811, γ=737752.478, num_knots=113
2025-09-01 23:40:32,313 - Iter 2220: obj=-4585.528254, change=3.23e-06, α=1.000, ‖θ[1:]‖₁=9.811, γ=674429.828, num_knots=113
2025-09-01 23:40:32,635 - Iter 2230: obj=-4585.529645, change=3.63e-06, α=1.000, ‖θ[1:]‖₁=9.811, γ=599209.224, num_knots=113
2025-09-01 23:40:32,970 - Iter 2240: obj=-4585.531232, change=4.23e-06, α=1.000, ‖θ[1:]‖₁=9.811, γ=511181.443, num_knots=113
2025-09-01 23:40:33,297 - Iter 2250: obj=-4585.533130, change=5.23e-06, α=1.000, ‖θ[1:]‖₁=9.811, γ=410203.369, num_knots=113
2025-09-01 23:40:33,575 - Iter 2260: obj=-4585.535574, change=7.12e-06, α=1.000, ‖θ[1:]‖₁=9.811, γ=297867.994, num_knots=113
2025-09-01 23:40:33,872 - Iter 2270: obj=-4585.539149, change=1.15e-05, α=1.000, ‖θ[1:]‖₁=9.811, γ=179874.288, num_knots=113
2025-09-01 23:40:34,208 - Iter 2280: obj=-4585.545920, change=2.68e-05, α=1.000, ‖θ[1:]‖₁=9.811, γ=72836.560, num_knots=113
2025-09-01 23:40:34,512 - Iter 2290: obj=-4585.568587, change=1.20e-04, α=1.000, ‖θ[1:]‖₁=9.812, γ=15387.946, num_knots=113
2025-09-01 23:40:34,840 - Iter 2300: obj=-4585.648527, change=3.65e-04, α=1.000, ‖θ[1:]‖₁=9.813, γ=5007.352, num_knots=112
2025-09-01 23:40:35,162 - Iter 2310: obj=-4585.813920, change=5.59e-06, α=1.000, ‖θ[1:]‖₁=9.816, γ=365255.056, num_knots=111
2025-09-01 23:40:35,459 - Iter 2320: obj=-4585.816644, change=8.44e-06, α=1.000, ‖θ[1:]‖₁=9.816, γ=235662.878, num_knots=111
2025-09-01 23:40:35,792 - Iter 2330: obj=-4585.821610, change=2.06e-05, α=1.000, ‖θ[1:]‖₁=9.816, γ=87229.968, num_knots=111
2025-09-01 23:40:36,129 - Iter 2340: obj=-4585.868342, change=5.97e-04, α=1.000, ‖θ[1:]‖₁=9.817, γ=7768.664, num_knots=110
2025-09-01 23:40:36,464 - Iter 2350: obj=-4585.921284, change=1.73e-04, α=1.000, ‖θ[1:]‖₁=9.817, γ=8035.172, num_knots=110
2025-09-01 23:40:36,776 - Iter 2360: obj=-4586.111747, change=3.02e-06, α=1.000, ‖θ[1:]‖₁=9.819, γ=682666.888, num_knots=109
2025-09-01 23:40:37,105 - Iter 2370: obj=-4586.112982, change=3.30e-06, α=1.000, ‖θ[1:]‖₁=9.819, γ=621960.521, num_knots=109
2025-09-01 23:40:37,405 - Iter 2380: obj=-4586.114354, change=3.74e-06, α=1.000, ‖θ[1:]‖₁=9.819, γ=547144.402, num_knots=109
2025-09-01 23:40:37,727 - Iter 2390: obj=-4586.115941, change=4.45e-06, α=1.000, ‖θ[1:]‖₁=9.819, γ=455359.637, num_knots=109
2025-09-01 23:40:38,032 - Iter 2400: obj=-4586.117909, change=5.82e-06, α=1.000, ‖θ[1:]‖₁=9.819, γ=343842.346, num_knots=109
2025-09-01 23:40:38,395 - Iter 2410: obj=-4586.120687, change=9.18e-06, α=1.000, ‖θ[1:]‖₁=9.819, γ=211559.475, num_knots=109
2025-09-01 23:40:38,723 - Iter 2420: obj=-4586.126145, change=2.53e-05, α=1.000, ‖θ[1:]‖₁=9.819, γ=68117.695, num_knots=109
2025-09-01 23:40:39,091 - Iter 2430: obj=-4586.194345, change=5.48e-06, α=1.000, ‖θ[1:]‖₁=9.820, γ=611246.468, num_knots=108
2025-09-01 23:40:39,580 - Iter 2440: obj=-4586.195828, change=3.86e-06, α=1.000, ‖θ[1:]‖₁=9.820, γ=528394.308, num_knots=108
2025-09-01 23:40:39,915 - Iter 2450: obj=-4586.197471, change=4.68e-06, α=1.000, ‖θ[1:]‖₁=9.820, γ=431916.743, num_knots=108
2025-09-01 23:40:40,230 - Iter 2460: obj=-4586.199556, change=6.32e-06, α=1.000, ‖θ[1:]‖₁=9.820, γ=314446.488, num_knots=108
2025-09-01 23:40:40,551 - Iter 2470: obj=-4586.202664, change=1.09e-05, α=1.000, ‖θ[1:]‖₁=9.820, γ=175438.255, num_knots=108
2025-09-01 23:40:40,869 - Iter 2480: obj=-4586.210192, change=4.52e-05, α=1.000, ‖θ[1:]‖₁=9.820, γ=33803.643, num_knots=108
2025-09-01 23:40:41,299 - Iter 2490: obj=-4586.253064, change=1.43e-04, α=1.000, ‖θ[1:]‖₁=9.820, γ=11302.908, num_knots=107
2025-09-01 23:40:41,596 - Iter 2500: obj=-4586.333956, change=2.17e-04, α=1.000, ‖θ[1:]‖₁=9.821, γ=8521.988, num_knots=106
2025-09-01 23:40:41,922 - Iter 2510: obj=-4586.395238, change=2.54e-04, α=1.000, ‖θ[1:]‖₁=9.822, γ=6963.690, num_knots=105
2025-09-01 23:40:42,184 - Iter 2520: obj=-4586.620255, change=7.70e-07, α=0.100, ‖θ[1:]‖₁=9.824, γ=806626.597, num_knots=104
2025-09-01 23:40:42,385 - Iter 2530: obj=-4586.620360, change=2.86e-07, α=0.100, ‖θ[1:]‖₁=9.824, γ=803845.595, num_knots=104
2025-09-01 23:40:42,572 - Iter 2540: obj=-4586.620450, change=2.84e-07, α=0.100, ‖θ[1:]‖₁=9.824, γ=801414.181, num_knots=104
2025-09-01 23:40:42,750 - Iter 2550: obj=-4586.620540, change=2.82e-07, α=0.100, ‖θ[1:]‖₁=9.824, γ=798936.641, num_knots=104
2025-09-01 23:40:42,940 - Iter 2560: obj=-4586.620630, change=2.80e-07, α=0.100, ‖θ[1:]‖₁=9.824, γ=796412.420, num_knots=104
2025-09-01 23:40:43,137 - Iter 2570: obj=-4586.620721, change=2.78e-07, α=0.100, ‖θ[1:]‖₁=9.824, γ=793840.727, num_knots=104
2025-09-01 23:40:43,312 - Iter 2580: obj=-4586.620812, change=2.77e-07, α=0.100, ‖θ[1:]‖₁=9.824, γ=791219.734, num_knots=104
2025-09-01 23:40:43,548 - Iter 2590: obj=-4586.620904, change=2.75e-07, α=0.100, ‖θ[1:]‖₁=9.824, γ=788549.376, num_knots=104
2025-09-01 23:40:43,753 - Iter 2600: obj=-4586.620995, change=2.73e-07, α=0.100, ‖θ[1:]‖₁=9.824, γ=785828.422, num_knots=104
2025-09-01 23:40:43,964 - Iter 2610: obj=-4586.621087, change=2.71e-07, α=0.100, ‖θ[1:]‖₁=9.824, γ=783055.431, num_knots=104
2025-09-01 23:40:44,157 - Iter 2620: obj=-4586.621180, change=2.69e-07, α=0.100, ‖θ[1:]‖₁=9.824, γ=780229.472, num_knots=104
2025-09-01 23:40:44,329 - Iter 2630: obj=-4586.621272, change=2.68e-07, α=0.100, ‖θ[1:]‖₁=9.824, γ=777349.851, num_knots=104
2025-09-01 23:40:44,540 - Iter 2640: obj=-4586.621365, change=2.66e-07, α=0.100, ‖θ[1:]‖₁=9.824, γ=774414.716, num_knots=104
2025-09-01 23:40:44,748 - Iter 2650: obj=-4586.621458, change=2.66e-07, α=0.100, ‖θ[1:]‖₁=9.824, γ=771423.464, num_knots=104
2025-09-01 23:40:44,944 - Iter 2660: obj=-4586.621552, change=2.67e-07, α=0.100, ‖θ[1:]‖₁=9.824, γ=768374.800, num_knots=104
2025-09-01 23:40:45,157 - Iter 2670: obj=-4586.621646, change=2.68e-07, α=0.100, ‖θ[1:]‖₁=9.824, γ=765267.158, num_knots=104
2025-09-01 23:40:45,380 - Iter 2680: obj=-4586.621741, change=2.69e-07, α=0.100, ‖θ[1:]‖₁=9.824, γ=762099.799, num_knots=104
2025-09-01 23:40:45,594 - Iter 2690: obj=-4586.621836, change=2.70e-07, α=0.100, ‖θ[1:]‖₁=9.824, γ=758871.473, num_knots=104
2025-09-01 23:40:45,810 - Iter 2700: obj=-4586.621931, change=2.72e-07, α=0.100, ‖θ[1:]‖₁=9.824, γ=755580.583, num_knots=104
2025-09-01 23:40:46,011 - Iter 2710: obj=-4586.622026, change=2.73e-07, α=0.100, ‖θ[1:]‖₁=9.824, γ=752225.700, num_knots=104
2025-09-01 23:40:46,243 - Iter 2720: obj=-4586.622123, change=2.74e-07, α=0.100, ‖θ[1:]‖₁=9.824, γ=748805.806, num_knots=104
2025-09-01 23:40:46,449 - Iter 2730: obj=-4586.622219, change=2.75e-07, α=0.100, ‖θ[1:]‖₁=9.824, γ=745319.692, num_knots=104
2025-09-01 23:40:46,685 - Iter 2740: obj=-4586.622316, change=2.76e-07, α=0.100, ‖θ[1:]‖₁=9.824, γ=741765.154, num_knots=104
2025-09-01 23:40:46,896 - Iter 2750: obj=-4586.622413, change=2.78e-07, α=0.100, ‖θ[1:]‖₁=9.824, γ=738141.847, num_knots=104
2025-09-01 23:40:47,100 - Iter 2760: obj=-4586.622511, change=2.79e-07, α=0.100, ‖θ[1:]‖₁=9.824, γ=734447.394, num_knots=104
2025-09-01 23:40:47,295 - Iter 2770: obj=-4586.622610, change=2.80e-07, α=0.100, ‖θ[1:]‖₁=9.824, γ=730680.675, num_knots=104
2025-09-01 23:40:47,514 - Iter 2780: obj=-4586.622709, change=2.82e-07, α=0.100, ‖θ[1:]‖₁=9.824, γ=726840.023, num_knots=104
2025-09-01 23:40:47,756 - Iter 2790: obj=-4586.622808, change=2.83e-07, α=0.100, ‖θ[1:]‖₁=9.824, γ=722924.279, num_knots=104
2025-09-01 23:40:47,955 - Iter 2800: obj=-4586.622908, change=2.85e-07, α=0.100, ‖θ[1:]‖₁=9.824, γ=718931.082, num_knots=104
2025-09-01 23:40:48,158 - Iter 2810: obj=-4586.623009, change=2.87e-07, α=0.100, ‖θ[1:]‖₁=9.824, γ=714859.441, num_knots=104
2025-09-01 23:40:48,359 - Iter 2820: obj=-4586.623110, change=2.88e-07, α=0.100, ‖θ[1:]‖₁=9.824, γ=710707.724, num_knots=104
2025-09-01 23:40:48,573 - Iter 2830: obj=-4586.623211, change=2.90e-07, α=0.100, ‖θ[1:]‖₁=9.824, γ=706473.308, num_knots=104
2025-09-01 23:40:48,799 - Iter 2840: obj=-4586.623314, change=2.92e-07, α=0.100, ‖θ[1:]‖₁=9.824, γ=702155.385, num_knots=104
2025-09-01 23:40:49,059 - Iter 2850: obj=-4586.623417, change=2.93e-07, α=0.100, ‖θ[1:]‖₁=9.824, γ=697751.539, num_knots=104
2025-09-01 23:40:49,289 - Iter 2860: obj=-4586.623520, change=2.95e-07, α=0.100, ‖θ[1:]‖₁=9.824, γ=693260.470, num_knots=104
2025-09-01 23:40:49,496 - Iter 2870: obj=-4586.623625, change=2.97e-07, α=0.100, ‖θ[1:]‖₁=9.824, γ=688679.948, num_knots=104
2025-09-01 23:40:49,711 - Iter 2880: obj=-4586.623730, change=2.99e-07, α=0.100, ‖θ[1:]‖₁=9.824, γ=684008.461, num_knots=104
2025-09-01 23:40:50,020 - Iter 2890: obj=-4586.624414, change=3.11e-06, α=1.000, ‖θ[1:]‖₁=9.824, γ=651856.942, num_knots=104
2025-09-01 23:40:50,378 - Iter 2900: obj=-4586.625555, change=3.41e-06, α=1.000, ‖θ[1:]‖₁=9.824, γ=592829.512, num_knots=104
2025-09-01 23:40:50,732 - Iter 2910: obj=-4586.626825, change=3.86e-06, α=1.000, ‖θ[1:]‖₁=9.824, γ=520897.530, num_knots=104
2025-09-01 23:40:51,079 - Iter 2920: obj=-4586.628295, change=4.61e-06, α=1.000, ‖θ[1:]‖₁=9.824, γ=433275.024, num_knots=104
2025-09-01 23:40:51,414 - Iter 2930: obj=-4586.630118, change=6.03e-06, α=1.000, ‖θ[1:]‖₁=9.824, γ=326998.718, num_knots=104
2025-09-01 23:40:51,785 - Iter 2940: obj=-4586.632695, change=9.54e-06, α=1.000, ‖θ[1:]‖₁=9.824, γ=200258.141, num_knots=104
2025-09-01 23:40:52,108 - Iter 2950: obj=-4586.637835, change=2.72e-05, α=1.000, ‖θ[1:]‖₁=9.823, γ=61729.740, num_knots=104
2025-09-01 23:40:52,441 - Iter 2960: obj=-4586.674201, change=1.92e-04, α=1.000, ‖θ[1:]‖₁=9.824, γ=10248.209, num_knots=104
2025-09-01 23:40:52,769 - Iter 2970: obj=-4586.730317, change=1.84e-04, α=1.000, ‖θ[1:]‖₁=9.824, γ=92550.353, num_knots=102
2025-09-01 23:40:53,082 - Iter 2980: obj=-4586.773465, change=3.54e-04, α=1.000, ‖θ[1:]‖₁=9.825, γ=4303.490, num_knots=102
2025-09-01 23:40:53,377 - Iter 2990: obj=-4586.892339, change=4.14e-06, α=1.000, ‖θ[1:]‖₁=9.826, γ=482676.049, num_knots=101
2025-09-01 23:40:53,734 - Iter 3000: obj=-4586.893804, change=5.14e-06, α=1.000, ‖θ[1:]‖₁=9.826, γ=385408.877, num_knots=101
2025-09-01 23:40:54,104 - Iter 3010: obj=-4586.895719, change=7.22e-06, α=1.000, ‖θ[1:]‖₁=9.826, γ=269256.810, num_knots=101
2025-09-01 23:40:54,485 - Iter 3020: obj=-4586.898750, change=1.36e-05, α=1.000, ‖θ[1:]‖₁=9.826, γ=135092.904, num_knots=101
2025-09-01 23:40:54,822 - Iter 3030: obj=-4586.908421, change=1.03e-04, α=1.000, ‖θ[1:]‖₁=9.826, γ=11744.899, num_knots=101
2025-09-01 23:40:55,180 - Iter 3040: obj=-4586.993326, change=3.58e-06, α=1.000, ‖θ[1:]‖₁=9.827, γ=560951.624, num_knots=100
2025-09-01 23:40:55,560 - Iter 3050: obj=-4586.994492, change=4.11e-06, α=1.000, ‖θ[1:]‖₁=9.827, γ=486202.468, num_knots=100
2025-09-01 23:40:55,930 - Iter 3060: obj=-4586.995865, change=5.00e-06, α=1.000, ‖θ[1:]‖₁=9.827, γ=396179.113, num_knots=100
2025-09-01 23:40:56,293 - Iter 3070: obj=-4586.997611, change=6.77e-06, α=1.000, ‖θ[1:]‖₁=9.827, γ=288401.015, num_knots=100
2025-09-01 23:40:56,665 - Iter 3080: obj=-4587.000207, change=1.16e-05, α=1.000, ‖θ[1:]‖₁=9.827, γ=162296.949, num_knots=100
2025-09-01 23:40:57,013 - Iter 3090: obj=-4587.006349, change=4.60e-05, α=1.000, ‖θ[1:]‖₁=9.827, γ=33025.039, num_knots=100
2025-09-01 23:40:57,330 - Iter 3100: obj=-4587.053560, change=2.32e-04, α=1.000, ‖θ[1:]‖₁=9.828, γ=5816.952, num_knots=99
2025-09-01 23:40:57,681 - Iter 3110: obj=-4587.122066, change=7.27e-06, α=1.000, ‖θ[1:]‖₁=9.828, γ=270292.605, num_knots=98
2025-09-01 23:40:58,019 - Iter 3120: obj=-4587.124659, change=1.14e-05, α=1.000, ‖θ[1:]‖₁=9.828, γ=167870.126, num_knots=98
2025-09-01 23:40:58,355 - Iter 3130: obj=-4587.129177, change=2.16e-05, α=1.000, ‖θ[1:]‖₁=9.828, γ=88170.326, num_knots=98
2025-09-01 23:40:58,691 - Iter 3140: obj=-4587.137207, change=3.27e-05, α=1.000, ‖θ[1:]‖₁=9.829, γ=60771.972, num_knots=98
2025-09-01 23:40:59,088 - Iter 3150: obj=-4587.147664, change=3.92e-05, α=1.000, ‖θ[1:]‖₁=9.829, γ=50625.793, num_knots=98
2025-09-01 23:40:59,455 - Iter 3160: obj=-4587.160390, change=4.90e-05, α=1.000, ‖θ[1:]‖₁=9.829, γ=40235.383, num_knots=98
2025-09-01 23:40:59,831 - Iter 3170: obj=-4587.176772, change=6.56e-05, α=1.000, ‖θ[1:]‖₁=9.829, γ=29848.394, num_knots=98
2025-09-01 23:41:00,143 - Iter 3180: obj=-4587.199691, change=9.77e-05, α=1.000, ‖θ[1:]‖₁=9.829, γ=19751.426, num_knots=98
2025-09-01 23:41:00,469 - Iter 3190: obj=-4587.236954, change=1.79e-04, α=1.000, ‖θ[1:]‖₁=9.830, γ=112355.893, num_knots=97
2025-09-01 23:41:00,797 - Iter 3200: obj=-4587.244933, change=1.19e-05, α=1.000, ‖θ[1:]‖₁=9.830, γ=162359.018, num_knots=97
2025-09-01 23:41:01,116 - Iter 3210: obj=-4587.249381, change=2.16e-05, α=1.000, ‖θ[1:]‖₁=9.830, γ=87185.595, num_knots=97
2025-09-01 23:41:01,432 - Iter 3220: obj=-4587.258257, change=4.60e-05, α=1.000, ‖θ[1:]‖₁=9.830, γ=40635.081, num_knots=97
2025-09-01 23:41:01,762 - Iter 3230: obj=-4587.279416, change=1.36e-04, α=1.000, ‖θ[1:]‖₁=9.830, γ=12756.914, num_knots=97
2025-09-01 23:41:02,096 - Iter 3240: obj=-4587.318690, change=2.33e-05, α=1.000, ‖θ[1:]‖₁=9.831, γ=77595.043, num_knots=96
2025-09-01 23:41:02,405 - Iter 3250: obj=-4587.330853, change=8.23e-05, α=1.000, ‖θ[1:]‖₁=9.831, γ=22085.874, num_knots=96
2025-09-01 23:41:02,733 - Iter 3260: obj=-4587.361641, change=2.94e-04, α=1.000, ‖θ[1:]‖₁=9.831, γ=6756.578, num_knots=95
2025-09-01 23:41:03,062 - Iter 3270: obj=-4587.396577, change=1.51e-04, α=1.000, ‖θ[1:]‖₁=9.832, γ=12316.780, num_knots=94
2025-09-01 23:41:03,391 - Iter 3280: obj=-4587.428908, change=2.75e-05, α=1.000, ‖θ[1:]‖₁=9.832, γ=67943.472, num_knots=93
2025-09-01 23:41:03,708 - Iter 3290: obj=-4587.437715, change=4.99e-05, α=1.000, ‖θ[1:]‖₁=9.833, γ=35168.535, num_knots=93
2025-09-01 23:41:04,053 - Iter 3300: obj=-4587.459248, change=1.59e-04, α=1.000, ‖θ[1:]‖₁=9.833, γ=10158.358, num_knots=93
2025-09-01 23:41:04,473 - Iter 3310: obj=-4587.550179, change=7.12e-04, α=1.000, ‖θ[1:]‖₁=9.833, γ=2276.092, num_knots=93
2025-09-01 23:41:04,682 - Iter 3320: obj=-4587.589430, change=2.26e-07, α=0.100, ‖θ[1:]‖₁=9.834, γ=841926.049, num_knots=92
2025-09-01 23:41:04,933 - Iter 3330: obj=-4587.589484, change=2.25e-07, α=0.100, ‖θ[1:]‖₁=9.834, γ=839389.275, num_knots=92
2025-09-01 23:41:05,165 - Iter 3340: obj=-4587.589538, change=2.23e-07, α=0.100, ‖θ[1:]‖₁=9.834, γ=836806.981, num_knots=92
2025-09-01 23:41:05,395 - Iter 3350: obj=-4587.589592, change=2.22e-07, α=0.100, ‖θ[1:]‖₁=9.834, γ=834178.659, num_knots=92
2025-09-01 23:41:05,629 - Iter 3360: obj=-4587.589646, change=2.21e-07, α=0.100, ‖θ[1:]‖₁=9.834, γ=831503.274, num_knots=92
2025-09-01 23:41:05,872 - Iter 3370: obj=-4587.589700, change=2.20e-07, α=0.100, ‖θ[1:]‖₁=9.834, γ=828779.705, num_knots=92
2025-09-01 23:41:06,130 - Iter 3380: obj=-4587.589754, change=2.19e-07, α=0.100, ‖θ[1:]‖₁=9.834, γ=826007.359, num_knots=92
2025-09-01 23:41:06,372 - Iter 3390: obj=-4587.589809, change=2.18e-07, α=0.100, ‖θ[1:]‖₁=9.834, γ=823185.959, num_knots=92
2025-09-01 23:41:06,593 - Iter 3400: obj=-4587.589864, change=2.17e-07, α=0.100, ‖θ[1:]‖₁=9.834, γ=820313.674, num_knots=92
2025-09-01 23:41:06,803 - Iter 3410: obj=-4587.589919, change=2.18e-07, α=0.100, ‖θ[1:]‖₁=9.834, γ=817390.432, num_knots=92
2025-09-01 23:41:07,136 - Iter 3420: obj=-4587.589974, change=2.19e-07, α=0.100, ‖θ[1:]‖₁=9.834, γ=814414.530, num_knots=92
2025-09-01 23:41:07,400 - Iter 3430: obj=-4587.590030, change=2.19e-07, α=0.100, ‖θ[1:]‖₁=9.834, γ=811385.978, num_knots=92
2025-09-01 23:41:07,623 - Iter 3440: obj=-4587.590085, change=2.20e-07, α=0.100, ‖θ[1:]‖₁=9.834, γ=808303.584, num_knots=92
2025-09-01 23:41:07,832 - Iter 3450: obj=-4587.590141, change=2.21e-07, α=0.100, ‖θ[1:]‖₁=9.834, γ=805166.117, num_knots=92
2025-09-01 23:41:08,040 - Iter 3460: obj=-4587.590197, change=2.22e-07, α=0.100, ‖θ[1:]‖₁=9.834, γ=801972.778, num_knots=92
2025-09-01 23:41:08,266 - Iter 3470: obj=-4587.590253, change=2.23e-07, α=0.100, ‖θ[1:]‖₁=9.834, γ=798722.788, num_knots=92
2025-09-01 23:41:08,492 - Iter 3480: obj=-4587.590310, change=2.24e-07, α=0.100, ‖θ[1:]‖₁=9.834, γ=795414.947, num_knots=92
2025-09-01 23:41:08,715 - Iter 3490: obj=-4587.590367, change=2.24e-07, α=0.100, ‖θ[1:]‖₁=9.834, γ=792048.671, num_knots=92
2025-09-01 23:41:08,970 - Iter 3500: obj=-4587.590424, change=2.25e-07, α=0.100, ‖θ[1:]‖₁=9.834, γ=788622.084, num_knots=92
2025-09-01 23:41:09,193 - Iter 3510: obj=-4587.590481, change=2.26e-07, α=0.100, ‖θ[1:]‖₁=9.834, γ=785135.404, num_knots=92
2025-09-01 23:41:09,496 - Iter 3520: obj=-4587.590538, change=2.27e-07, α=0.100, ‖θ[1:]‖₁=9.834, γ=781586.351, num_knots=92
2025-09-01 23:41:09,695 - Iter 3530: obj=-4587.590596, change=2.28e-07, α=0.100, ‖θ[1:]‖₁=9.834, γ=777975.113, num_knots=92
2025-09-01 23:41:09,931 - Iter 3540: obj=-4587.590654, change=2.29e-07, α=0.100, ‖θ[1:]‖₁=9.834, γ=774299.541, num_knots=92
2025-09-01 23:41:10,197 - Iter 3550: obj=-4587.590712, change=2.31e-07, α=0.100, ‖θ[1:]‖₁=9.834, γ=770558.831, num_knots=92
2025-09-01 23:41:10,406 - Iter 3560: obj=-4587.590771, change=2.32e-07, α=0.100, ‖θ[1:]‖₁=9.834, γ=766752.296, num_knots=92
2025-09-01 23:41:10,628 - Iter 3570: obj=-4587.590830, change=2.33e-07, α=0.100, ‖θ[1:]‖₁=9.834, γ=762878.710, num_knots=92
2025-09-01 23:41:10,834 - Iter 3580: obj=-4587.590889, change=2.34e-07, α=0.100, ‖θ[1:]‖₁=9.834, γ=758936.918, num_knots=92
2025-09-01 23:41:11,033 - Iter 3590: obj=-4587.590948, change=2.35e-07, α=0.100, ‖θ[1:]‖₁=9.834, γ=754925.355, num_knots=92
2025-09-01 23:41:11,249 - Iter 3600: obj=-4587.591008, change=2.36e-07, α=0.100, ‖θ[1:]‖₁=9.834, γ=750843.102, num_knots=92
2025-09-01 23:41:11,455 - Iter 3610: obj=-4587.591068, change=2.38e-07, α=0.100, ‖θ[1:]‖₁=9.834, γ=746689.167, num_knots=92
2025-09-01 23:41:11,665 - Iter 3620: obj=-4587.591129, change=2.39e-07, α=0.100, ‖θ[1:]‖₁=9.834, γ=742462.120, num_knots=92
2025-09-01 23:41:11,873 - Iter 3630: obj=-4587.591189, change=2.40e-07, α=0.100, ‖θ[1:]‖₁=9.834, γ=738161.217, num_knots=92
2025-09-01 23:41:12,074 - Iter 3640: obj=-4587.591251, change=2.42e-07, α=0.100, ‖θ[1:]‖₁=9.834, γ=733784.229, num_knots=92
2025-09-01 23:41:12,277 - Iter 3650: obj=-4587.591312, change=2.43e-07, α=0.100, ‖θ[1:]‖₁=9.834, γ=729330.985, num_knots=92
2025-09-01 23:41:12,486 - Iter 3660: obj=-4587.591374, change=2.45e-07, α=0.100, ‖θ[1:]‖₁=9.834, γ=724799.637, num_knots=92
2025-09-01 23:41:12,689 - Iter 3670: obj=-4587.591436, change=2.46e-07, α=0.100, ‖θ[1:]‖₁=9.834, γ=720188.875, num_knots=92
2025-09-01 23:41:12,941 - Iter 3680: obj=-4587.591499, change=2.48e-07, α=0.100, ‖θ[1:]‖₁=9.834, γ=715497.471, num_knots=92
2025-09-01 23:41:13,174 - Iter 3690: obj=-4587.591562, change=2.49e-07, α=0.100, ‖θ[1:]‖₁=9.834, γ=710724.310, num_knots=92
2025-09-01 23:41:13,365 - Iter 3700: obj=-4587.591625, change=2.51e-07, α=0.100, ‖θ[1:]‖₁=9.834, γ=705867.816, num_knots=92
2025-09-01 23:41:13,553 - Iter 3710: obj=-4587.591689, change=2.53e-07, α=0.100, ‖θ[1:]‖₁=9.834, γ=700926.610, num_knots=92
2025-09-01 23:41:13,874 - Iter 3720: obj=-4587.591754, change=2.55e-07, α=0.100, ‖θ[1:]‖₁=9.834, γ=695899.290, num_knots=92
2025-09-01 23:41:14,346 - Iter 3730: obj=-4587.591819, change=2.56e-07, α=0.100, ‖θ[1:]‖₁=9.834, γ=690784.503, num_knots=92
2025-09-01 23:41:14,569 - Iter 3740: obj=-4587.591884, change=2.58e-07, α=0.100, ‖θ[1:]‖₁=9.834, γ=685581.025, num_knots=92
2025-09-01 23:41:14,749 - Iter 3750: obj=-4587.591950, change=2.60e-07, α=0.100, ‖θ[1:]‖₁=9.834, γ=680287.177, num_knots=92
2025-09-01 23:41:14,954 - Iter 3760: obj=-4587.592016, change=2.62e-07, α=0.100, ‖θ[1:]‖₁=9.834, γ=674901.336, num_knots=92
2025-09-01 23:41:15,165 - Iter 3770: obj=-4587.592083, change=2.64e-07, α=0.100, ‖θ[1:]‖₁=9.834, γ=669422.373, num_knots=92
2025-09-01 23:41:15,394 - Iter 3780: obj=-4587.592150, change=2.67e-07, α=0.100, ‖θ[1:]‖₁=9.834, γ=663848.396, num_knots=92
2025-09-01 23:41:15,627 - Iter 3790: obj=-4587.592218, change=2.69e-07, α=0.100, ‖θ[1:]‖₁=9.834, γ=658178.424, num_knots=92
2025-09-01 23:41:15,841 - Iter 3800: obj=-4587.592287, change=2.71e-07, α=0.100, ‖θ[1:]‖₁=9.834, γ=652410.667, num_knots=92
2025-09-01 23:41:16,065 - Iter 3810: obj=-4587.592356, change=2.74e-07, α=0.100, ‖θ[1:]‖₁=9.834, γ=646543.484, num_knots=92
2025-09-01 23:41:16,313 - Iter 3820: obj=-4587.592426, change=2.76e-07, α=0.100, ‖θ[1:]‖₁=9.834, γ=640575.113, num_knots=92
2025-09-01 23:41:16,524 - Iter 3830: obj=-4587.592497, change=2.79e-07, α=0.100, ‖θ[1:]‖₁=9.834, γ=634504.322, num_knots=92
2025-09-01 23:41:16,733 - Iter 3840: obj=-4587.592568, change=2.81e-07, α=0.100, ‖θ[1:]‖₁=9.834, γ=628329.122, num_knots=92
2025-09-01 23:41:16,945 - Iter 3850: obj=-4587.592640, change=2.84e-07, α=0.100, ‖θ[1:]‖₁=9.834, γ=622048.463, num_knots=92
2025-09-01 23:41:17,153 - Iter 3860: obj=-4587.592712, change=2.87e-07, α=0.100, ‖θ[1:]‖₁=9.834, γ=615660.231, num_knots=92
2025-09-01 23:41:17,386 - Iter 3870: obj=-4587.592786, change=2.90e-07, α=0.100, ‖θ[1:]‖₁=9.834, γ=609162.667, num_knots=92
2025-09-01 23:41:17,689 - Iter 3880: obj=-4587.592860, change=2.93e-07, α=0.100, ‖θ[1:]‖₁=9.834, γ=602554.290, num_knots=92
2025-09-01 23:41:17,901 - Iter 3890: obj=-4587.592935, change=2.97e-07, α=0.100, ‖θ[1:]‖₁=9.834, γ=595833.697, num_knots=92
2025-09-01 23:41:18,179 - Iter 3900: obj=-4587.593010, change=3.00e-07, α=0.100, ‖θ[1:]‖₁=9.834, γ=588998.989, num_knots=92
2025-09-01 23:41:18,425 - Iter 3910: obj=-4587.593087, change=3.03e-07, α=0.100, ‖θ[1:]‖₁=9.834, γ=582048.230, num_knots=92
2025-09-01 23:41:18,653 - Iter 3920: obj=-4587.593165, change=3.07e-07, α=0.100, ‖θ[1:]‖₁=9.834, γ=574979.922, num_knots=92
2025-09-01 23:41:18,894 - Iter 3930: obj=-4587.593243, change=3.11e-07, α=0.100, ‖θ[1:]‖₁=9.834, γ=567791.914, num_knots=92
2025-09-01 23:41:19,121 - Iter 3940: obj=-4587.593323, change=3.15e-07, α=0.100, ‖θ[1:]‖₁=9.834, γ=560482.930, num_knots=92
2025-09-01 23:41:19,345 - Iter 3950: obj=-4587.593404, change=3.19e-07, α=0.100, ‖θ[1:]‖₁=9.834, γ=553050.968, num_knots=92
2025-09-01 23:41:19,574 - Iter 3960: obj=-4587.593485, change=3.24e-07, α=0.100, ‖θ[1:]‖₁=9.834, γ=545494.372, num_knots=92
2025-09-01 23:41:19,792 - Iter 3970: obj=-4587.593568, change=3.28e-07, α=0.100, ‖θ[1:]‖₁=9.834, γ=537811.350, num_knots=92
2025-09-01 23:41:20,118 - Iter 3980: obj=-4587.594201, change=3.63e-06, α=1.000, ‖θ[1:]‖₁=9.834, γ=478378.180, num_knots=92
2025-09-01 23:41:20,444 - Iter 3990: obj=-4587.595210, change=4.46e-06, α=1.000, ‖θ[1:]‖₁=9.834, γ=385699.426, num_knots=92
2025-09-01 23:41:20,789 - Iter 4000: obj=-4587.596506, change=6.06e-06, α=1.000, ‖θ[1:]‖₁=9.834, γ=279397.644, num_knots=92
2025-09-01 23:41:21,164 - Iter 4010: obj=-4587.598426, change=1.01e-05, α=1.000, ‖θ[1:]‖₁=9.834, γ=161810.540, num_knots=92
2025-09-01 23:41:21,509 - Iter 4020: obj=-4587.602495, change=3.02e-05, α=1.000, ‖θ[1:]‖₁=9.834, γ=48392.581, num_knots=92
2025-09-01 23:41:21,832 - Iter 4030: obj=-4587.626492, change=2.00e-04, α=1.000, ‖θ[1:]‖₁=9.834, γ=7963.942, num_knots=92
2025-09-01 23:41:22,153 - Iter 4040: obj=-4587.709456, change=5.41e-04, α=1.000, ‖θ[1:]‖₁=9.834, γ=2891.462, num_knots=92
2025-09-01 23:41:22,480 - Iter 4050: obj=-4587.755622, change=2.18e-06, α=1.000, ‖θ[1:]‖₁=9.835, γ=734063.371, num_knots=91
2025-09-01 23:41:22,802 - Iter 4060: obj=-4587.756222, change=2.32e-06, α=1.000, ‖θ[1:]‖₁=9.835, γ=688839.368, num_knots=91
2025-09-01 23:41:23,109 - Iter 4070: obj=-4587.756865, change=2.52e-06, α=1.000, ‖θ[1:]‖₁=9.835, γ=634770.718, num_knots=91
2025-09-01 23:41:23,431 - Iter 4080: obj=-4587.757569, change=2.80e-06, α=1.000, ‖θ[1:]‖₁=9.835, γ=570170.475, num_knots=91
2025-09-01 23:41:23,799 - Iter 4090: obj=-4587.758361, change=3.23e-06, α=1.000, ‖θ[1:]‖₁=9.835, γ=493121.177, num_knots=91
2025-09-01 23:41:24,131 - Iter 4100: obj=-4587.759296, change=3.94e-06, α=1.000, ‖θ[1:]‖₁=9.835, γ=401585.057, num_knots=91
2025-09-01 23:41:24,458 - Iter 4110: obj=-4587.760483, change=5.31e-06, α=1.000, ‖θ[1:]‖₁=9.835, γ=293850.187, num_knots=91
2025-09-01 23:41:24,786 - Iter 4120: obj=-4587.762228, change=8.86e-06, α=1.000, ‖θ[1:]‖₁=9.835, γ=170430.087, num_knots=91
2025-09-01 23:41:25,128 - Iter 4130: obj=-4587.766006, change=2.84e-05, α=1.000, ‖θ[1:]‖₁=9.835, γ=46469.999, num_knots=91
2025-09-01 23:41:25,484 - Iter 4140: obj=-4587.786399, change=1.15e-04, α=1.000, ‖θ[1:]‖₁=9.835, γ=13589.914, num_knots=91
2025-09-01 23:41:25,825 - Iter 4150: obj=-4587.822177, change=1.62e-04, α=1.000, ‖θ[1:]‖₁=9.835, γ=9479.330, num_knots=91
2025-09-01 23:41:26,178 - Iter 4160: obj=-4587.873901, change=2.32e-04, α=1.000, ‖θ[1:]‖₁=9.835, γ=6554.197, num_knots=91
2025-09-01 23:41:26,532 - Iter 4170: obj=-4587.923628, change=1.53e-05, α=1.000, ‖θ[1:]‖₁=9.836, γ=91855.046, num_knots=90
2025-09-01 23:41:26,876 - Iter 4180: obj=-4587.932281, change=9.42e-05, α=1.000, ‖θ[1:]‖₁=9.836, γ=12478.846, num_knots=90
2025-09-01 23:41:27,237 - Iter 4190: obj=-4587.959597, change=1.12e-04, α=1.000, ‖θ[1:]‖₁=9.836, γ=289502.219, num_knots=88
2025-09-01 23:41:27,647 - Iter 4200: obj=-4587.963097, change=2.95e-06, α=1.000, ‖θ[1:]‖₁=9.836, γ=515112.858, num_knots=88
2025-09-01 23:41:28,016 - Iter 4210: obj=-4587.963871, change=3.36e-06, α=1.000, ‖θ[1:]‖₁=9.836, γ=450024.169, num_knots=88
2025-09-01 23:41:28,428 - Iter 4220: obj=-4587.964769, change=3.96e-06, α=1.000, ‖θ[1:]‖₁=9.837, γ=379839.523, num_knots=88
2025-09-01 23:41:28,763 - Iter 4230: obj=-4587.965848, change=4.88e-06, α=1.000, ‖θ[1:]‖₁=9.837, γ=306432.021, num_knots=88
2025-09-01 23:41:29,127 - Iter 4240: obj=-4587.967212, change=6.35e-06, α=1.000, ‖θ[1:]‖₁=9.837, γ=233325.480, num_knots=88
2025-09-01 23:41:29,479 - Iter 4250: obj=-4587.969048, change=8.84e-06, α=1.000, ‖θ[1:]‖₁=9.837, γ=166295.263, num_knots=88
2025-09-01 23:41:29,809 - Iter 4260: obj=-4587.971679, change=1.30e-05, α=1.000, ‖θ[1:]‖₁=9.837, γ=112731.835, num_knots=88
2025-09-01 23:41:30,126 - Iter 4270: obj=-4587.975565, change=1.91e-05, α=1.000, ‖θ[1:]‖₁=9.837, γ=77066.137, num_knots=88
2025-09-01 23:41:30,477 - Iter 4280: obj=-4587.981134, change=2.66e-05, α=1.000, ‖θ[1:]‖₁=9.837, γ=55527.601, num_knots=88
2025-09-01 23:41:30,818 - Iter 4290: obj=-4587.988742, change=3.59e-05, α=1.000, ‖θ[1:]‖₁=9.837, γ=41247.927, num_knots=88
2025-09-01 23:41:31,160 - Iter 4300: obj=-4587.998973, change=4.88e-05, α=1.000, ‖θ[1:]‖₁=9.837, γ=30383.500, num_knots=88
2025-09-01 23:41:31,532 - Iter 4310: obj=-4588.013024, change=6.89e-05, α=1.000, ‖θ[1:]‖₁=9.838, γ=21487.100, num_knots=88
2025-09-01 23:41:31,839 - Iter 4320: obj=-4588.033264, change=1.02e-04, α=1.000, ‖θ[1:]‖₁=9.838, γ=14445.117, num_knots=88
2025-09-01 23:41:32,147 - Iter 4330: obj=-4588.063469, change=1.53e-04, α=1.000, ‖θ[1:]‖₁=9.839, γ=9763.464, num_knots=88
2025-09-01 23:41:32,458 - Iter 4340: obj=-4588.106674, change=2.09e-04, α=1.000, ‖θ[1:]‖₁=9.840, γ=7217.802, num_knots=88
2025-09-01 23:41:32,772 - Iter 4350: obj=-4588.163407, change=2.68e-04, α=1.000, ‖θ[1:]‖₁=9.841, γ=5623.182, num_knots=88
2025-09-01 23:41:33,096 - Iter 4360: obj=-4588.220771, change=1.84e-05, α=1.000, ‖θ[1:]‖₁=9.842, γ=79154.357, num_knots=87
2025-09-01 23:41:33,397 - Iter 4370: obj=-4588.226060, change=2.83e-05, α=1.000, ‖θ[1:]‖₁=9.842, γ=50124.584, num_knots=87
2025-09-01 23:41:33,706 - Iter 4380: obj=-4588.235585, change=6.37e-05, α=1.000, ‖θ[1:]‖₁=9.842, γ=21327.208, num_knots=87
2025-09-01 23:41:34,051 - Iter 4390: obj=-4588.264109, change=2.42e-04, α=1.000, ‖θ[1:]‖₁=9.842, γ=5523.207, num_knots=87
2025-09-01 23:41:34,362 - Iter 4400: obj=-4588.377718, change=8.54e-04, α=1.000, ‖θ[1:]‖₁=9.843, γ=1700.628, num_knots=87
2025-09-01 23:41:34,689 - Iter 4410: obj=-4588.621340, change=7.39e-06, α=1.000, ‖θ[1:]‖₁=9.844, γ=77628.243, num_knots=87
2025-09-01 23:41:35,017 - Iter 4420: obj=-4588.666406, change=1.70e-03, α=1.000, ‖θ[1:]‖₁=9.845, γ=9229.740, num_knots=87
2025-09-01 23:41:35,337 - Iter 4430: obj=-4588.747658, change=2.67e-06, α=1.000, ‖θ[1:]‖₁=9.845, γ=580678.102, num_knots=86
2025-09-01 23:41:35,673 - Iter 4440: obj=-4588.748277, change=3.05e-06, α=1.000, ‖θ[1:]‖₁=9.845, γ=505690.376, num_knots=86
2025-09-01 23:41:36,024 - Iter 4450: obj=-4588.748999, change=3.66e-06, α=1.000, ‖θ[1:]‖₁=9.845, γ=419318.817, num_knots=86
2025-09-01 23:41:36,377 - Iter 4460: obj=-4588.749892, change=4.73e-06, α=1.000, ‖θ[1:]‖₁=9.845, γ=321014.845, num_knots=86
2025-09-01 23:41:36,726 - Iter 4470: obj=-4588.751116, change=7.02e-06, α=1.000, ‖θ[1:]‖₁=9.845, γ=211638.753, num_knots=86
2025-09-01 23:41:37,089 - Iter 4480: obj=-4588.753196, change=1.44e-05, α=1.000, ‖θ[1:]‖₁=9.845, γ=96976.222, num_knots=86
2025-09-01 23:41:37,408 - Iter 4490: obj=-4588.760537, change=1.08e-04, α=1.000, ‖θ[1:]‖₁=9.845, γ=9929.712, num_knots=86
2025-09-01 23:41:37,761 - Iter 4500: obj=-4588.927526, change=3.07e-06, α=1.000, ‖θ[1:]‖₁=9.846, γ=991067.149, num_knots=85
2025-09-01 23:41:38,095 - Iter 4510: obj=-4588.927873, change=2.81e-06, α=1.000, ‖θ[1:]‖₁=9.846, γ=991996.380, num_knots=85
2025-09-01 23:41:38,442 - Iter 4520: obj=-4588.928219, change=2.57e-06, α=1.000, ‖θ[1:]‖₁=9.846, γ=992780.247, num_knots=85
2025-09-01 23:41:38,791 - Iter 4530: obj=-4588.928564, change=2.35e-06, α=1.000, ‖θ[1:]‖₁=9.846, γ=993380.564, num_knots=85
2025-09-01 23:41:39,159 - Iter 4540: obj=-4588.928907, change=2.15e-06, α=1.000, ‖θ[1:]‖₁=9.846, γ=993752.520, num_knots=85
2025-09-01 23:41:39,570 - Iter 4550: obj=-4588.929250, change=1.96e-06, α=1.000, ‖θ[1:]‖₁=9.846, γ=993843.895, num_knots=85
2025-09-01 23:41:39,890 - Iter 4560: obj=-4588.929593, change=1.80e-06, α=1.000, ‖θ[1:]‖₁=9.846, γ=993593.727, num_knots=85
2025-09-01 23:41:40,254 - Iter 4570: obj=-4588.929935, change=1.64e-06, α=1.000, ‖θ[1:]‖₁=9.846, γ=992931.326, num_knots=85
2025-09-01 23:41:40,604 - Iter 4580: obj=-4588.930277, change=1.52e-06, α=1.000, ‖θ[1:]‖₁=9.846, γ=991774.657, num_knots=85
2025-09-01 23:41:40,947 - Iter 4590: obj=-4588.930619, change=1.53e-06, α=1.000, ‖θ[1:]‖₁=9.846, γ=990028.946, num_knots=85
2025-09-01 23:41:41,254 - Iter 4600: obj=-4588.930961, change=1.53e-06, α=1.000, ‖θ[1:]‖₁=9.846, γ=987584.786, num_knots=85
2025-09-01 23:41:41,559 - Iter 4610: obj=-4588.931304, change=1.54e-06, α=1.000, ‖θ[1:]‖₁=9.846, γ=984316.130, num_knots=85
2025-09-01 23:41:41,894 - Iter 4620: obj=-4588.931648, change=1.55e-06, α=1.000, ‖θ[1:]‖₁=9.846, γ=980078.417, num_knots=85
2025-09-01 23:41:42,239 - Iter 4630: obj=-4588.931994, change=1.56e-06, α=1.000, ‖θ[1:]‖₁=9.846, γ=974705.702, num_knots=85
2025-09-01 23:41:42,565 - Iter 4640: obj=-4588.932342, change=1.57e-06, α=1.000, ‖θ[1:]‖₁=9.846, γ=968008.626, num_knots=85
2025-09-01 23:41:42,919 - Iter 4650: obj=-4588.932692, change=1.59e-06, α=1.000, ‖θ[1:]‖₁=9.846, γ=916634.544, num_knots=84
2025-09-01 23:41:43,294 - Iter 4660: obj=-4588.933059, change=1.72e-06, α=1.000, ‖θ[1:]‖₁=9.846, γ=886522.819, num_knots=84
2025-09-01 23:41:43,631 - Iter 4670: obj=-4588.933435, change=1.75e-06, α=1.000, ‖θ[1:]‖₁=9.846, γ=871520.929, num_knots=84
2025-09-01 23:41:43,957 - Iter 4680: obj=-4588.933817, change=1.79e-06, α=1.000, ‖θ[1:]‖₁=9.846, γ=853799.886, num_knots=84
2025-09-01 23:41:44,326 - Iter 4690: obj=-4588.934208, change=1.84e-06, α=1.000, ‖θ[1:]‖₁=9.846, γ=832899.370, num_knots=84
2025-09-01 23:41:44,644 - Iter 4700: obj=-4588.934610, change=1.89e-06, α=1.000, ‖θ[1:]‖₁=9.846, γ=808286.259, num_knots=84
2025-09-01 23:41:44,968 - Iter 4710: obj=-4588.935024, change=1.97e-06, α=1.000, ‖θ[1:]‖₁=9.846, γ=779345.099, num_knots=84
2025-09-01 23:41:45,299 - Iter 4720: obj=-4588.935455, change=2.05e-06, α=1.000, ‖θ[1:]‖₁=9.846, γ=745368.599, num_knots=84
2025-09-01 23:41:45,646 - Iter 4730: obj=-4588.935907, change=2.17e-06, α=1.000, ‖θ[1:]‖₁=9.846, γ=705548.389, num_knots=84
2025-09-01 23:41:45,964 - Iter 4740: obj=-4588.936387, change=2.32e-06, α=1.000, ‖θ[1:]‖₁=9.846, γ=658969.462, num_knots=84
2025-09-01 23:41:46,293 - Iter 4750: obj=-4588.936904, change=2.53e-06, α=1.000, ‖θ[1:]‖₁=9.846, γ=604610.568, num_knots=84
2025-09-01 23:41:46,657 - Iter 4760: obj=-4588.937471, change=2.82e-06, α=1.000, ‖θ[1:]‖₁=9.846, γ=541359.583, num_knots=84
2025-09-01 23:41:47,029 - Iter 4770: obj=-4588.938112, change=3.25e-06, α=1.000, ‖θ[1:]‖₁=9.846, γ=468063.181, num_knots=84
2025-09-01 23:41:47,361 - Iter 4780: obj=-4588.938867, change=3.94e-06, α=1.000, ‖θ[1:]‖₁=9.846, γ=383658.804, num_knots=84
2025-09-01 23:41:47,687 - Iter 4790: obj=-4588.939814, change=5.20e-06, α=1.000, ‖θ[1:]‖₁=9.846, γ=287535.772, num_knots=84
2025-09-01 23:41:48,012 - Iter 4800: obj=-4588.941152, change=8.07e-06, α=1.000, ‖θ[1:]‖₁=9.846, γ=180692.035, num_knots=84
2025-09-01 23:41:48,347 - Iter 4810: obj=-4588.943612, change=1.90e-05, α=1.000, ‖θ[1:]‖₁=9.846, γ=70990.577, num_knots=84
2025-09-01 23:41:48,666 - Iter 4820: obj=-4588.954836, change=1.34e-04, α=1.000, ‖θ[1:]‖₁=9.846, γ=10842.757, num_knots=84
2025-09-01 23:41:49,024 - Iter 4830: obj=-4588.978368, change=2.50e-05, α=1.000, ‖θ[1:]‖₁=9.847, γ=52091.455, num_knots=83
2025-09-01 23:41:49,382 - Iter 4840: obj=-4588.992239, change=1.35e-04, α=1.000, ‖θ[1:]‖₁=9.847, γ=10082.514, num_knots=83
2025-09-01 23:41:49,703 - Iter 4850: obj=-4589.034809, change=2.72e-04, α=1.000, ‖θ[1:]‖₁=9.848, γ=5417.170, num_knots=83
2025-09-01 23:41:50,046 - Iter 4860: obj=-4589.079472, change=1.70e-05, α=1.000, ‖θ[1:]‖₁=9.848, γ=79852.163, num_knots=82
2025-09-01 23:41:50,385 - Iter 4870: obj=-4589.088722, change=1.68e-04, α=1.000, ‖θ[1:]‖₁=9.848, γ=6506.622, num_knots=82
2025-09-01 23:41:50,710 - Iter 4880: obj=-4589.162462, change=5.50e-04, α=1.000, ‖θ[1:]‖₁=9.848, γ=2614.152, num_knots=82
2025-09-01 23:41:51,152 - Iter 4890: obj=-4589.200044, change=1.57e-05, α=1.000, ‖θ[1:]‖₁=9.849, γ=86847.262, num_knots=81
2025-09-01 23:41:51,494 - Iter 4900: obj=-4589.207809, change=1.44e-04, α=1.000, ‖θ[1:]‖₁=9.849, γ=6736.026, num_knots=81
2025-09-01 23:41:51,884 - Iter 4910: obj=-4589.306615, change=2.51e-05, α=1.000, ‖θ[1:]‖₁=9.849, γ=2208.547, num_knots=81
2025-09-01 23:41:52,180 - Iter 4920: obj=-4589.374074, change=1.59e-07, α=0.100, ‖θ[1:]‖₁=9.849, γ=829305.161, num_knots=80
2025-09-01 23:41:52,410 - Iter 4930: obj=-4589.374108, change=1.60e-07, α=0.100, ‖θ[1:]‖₁=9.849, γ=827156.836, num_knots=80
2025-09-01 23:41:52,606 - Iter 4940: obj=-4589.374141, change=1.60e-07, α=0.100, ‖θ[1:]‖₁=9.849, γ=824975.613, num_knots=80
2025-09-01 23:41:52,824 - Iter 4950: obj=-4589.374175, change=1.61e-07, α=0.100, ‖θ[1:]‖₁=9.849, γ=822761.912, num_knots=80
2025-09-01 23:41:53,039 - Iter 4960: obj=-4589.374208, change=1.61e-07, α=0.100, ‖θ[1:]‖₁=9.849, γ=820514.382, num_knots=80
2025-09-01 23:41:53,223 - Iter 4970: obj=-4589.374242, change=1.62e-07, α=0.100, ‖θ[1:]‖₁=9.849, γ=818233.098, num_knots=80
2025-09-01 23:41:53,437 - Iter 4980: obj=-4589.374276, change=1.62e-07, α=0.100, ‖θ[1:]‖₁=9.849, γ=815917.416, num_knots=80
2025-09-01 23:41:53,640 - Iter 4990: obj=-4589.374310, change=1.63e-07, α=0.100, ‖θ[1:]‖₁=9.849, γ=813566.692, num_knots=80
2025-09-01 23:41:53,839 - Iter 5000: obj=-4589.374344, change=1.63e-07, α=0.100, ‖θ[1:]‖₁=9.849, γ=811180.860, num_knots=80
2025-09-01 23:41:53,840 - Final: selected_knots=80, iterations=5000
