2025-09-02 01:06:59,475 - ProximalNewton: lam=80, n_grid=200, cd_sweeps=2, basis_order=0, n_samples=3200, K=3201
2025-09-02 01:07:06,929 - Iter   0: obj=0.000000, change=2.94e+00, α=1.000, ‖θ[1:]‖₁=10.479, num_selected_knots=2130
2025-09-02 01:07:12,347 - Iter   1: obj=-39.781787, change=5.47e-01, α=0.250, ‖θ[1:]‖₁=15.883, num_selected_knots=2163
2025-09-02 01:07:18,001 - Iter   2: obj=-2936.866378, change=4.84e-01, α=0.250, ‖θ[1:]‖₁=18.362, num_selected_knots=2187
2025-09-02 01:07:23,280 - Iter   3: obj=-3638.884309, change=7.94e-01, α=1.000, ‖θ[1:]‖₁=15.115, num_selected_knots=484
2025-09-02 01:07:28,677 - Iter   4: obj=-3869.440721, change=1.70e+00, α=1.000, ‖θ[1:]‖₁=15.578, num_selected_knots=601
2025-09-02 01:07:34,045 - Iter   5: obj=-4117.308558, change=2.17e+00, α=0.500, ‖θ[1:]‖₁=12.817, num_selected_knots=653
2025-09-02 01:07:39,288 - Iter   6: obj=-4363.767152, change=3.07e-01, α=1.000, ‖θ[1:]‖₁=12.175, num_selected_knots=311
2025-09-02 01:07:44,499 - Iter   7: obj=-4469.810215, change=4.64e-01, α=1.000, ‖θ[1:]‖₁=12.368, num_selected_knots=262
2025-09-02 01:07:49,786 - Iter   8: obj=-4511.636289, change=3.73e-01, α=1.000, ‖θ[1:]‖₁=12.290, num_selected_knots=215
2025-09-02 01:07:55,093 - Iter   9: obj=-4541.992113, change=2.79e-01, α=1.000, ‖θ[1:]‖₁=11.468, num_selected_knots=177
2025-09-02 01:08:00,383 - Iter  10: obj=-4556.920120, change=6.60e-02, α=1.000, ‖θ[1:]‖₁=11.011, num_selected_knots=156
2025-09-02 01:08:05,673 - Iter  11: obj=-4567.812550, change=7.86e-02, α=1.000, ‖θ[1:]‖₁=10.849, num_selected_knots=141
2025-09-02 01:08:10,934 - Iter  12: obj=-4573.256273, change=6.89e-02, α=1.000, ‖θ[1:]‖₁=10.701, num_selected_knots=126
2025-09-02 01:08:16,257 - Iter  13: obj=-4576.765150, change=4.63e-02, α=1.000, ‖θ[1:]‖₁=10.576, num_selected_knots=118
2025-09-02 01:08:21,415 - Iter  14: obj=-4578.767909, change=3.40e-02, α=1.000, ‖θ[1:]‖₁=10.483, num_selected_knots=112
2025-09-02 01:08:26,349 - Iter  15: obj=-4580.139419, change=2.78e-02, α=1.000, ‖θ[1:]‖₁=10.403, num_selected_knots=108
2025-09-02 01:08:31,295 - Iter  16: obj=-4581.242223, change=2.32e-02, α=1.000, ‖θ[1:]‖₁=10.329, num_selected_knots=102
2025-09-02 01:08:36,316 - Iter  17: obj=-4582.166398, change=2.53e-02, α=1.000, ‖θ[1:]‖₁=10.263, num_selected_knots=100
2025-09-02 01:08:41,471 - Iter  18: obj=-4582.976206, change=2.53e-02, α=1.000, ‖θ[1:]‖₁=10.210, num_selected_knots=98
2025-09-02 01:08:46,486 - Iter  19: obj=-4583.617830, change=2.31e-02, α=1.000, ‖θ[1:]‖₁=10.159, num_selected_knots=95
2025-09-02 01:08:51,586 - Iter  20: obj=-4584.192305, change=2.31e-02, α=1.000, ‖θ[1:]‖₁=10.112, num_selected_knots=93
2025-09-02 01:08:56,602 - Iter  21: obj=-4584.691611, change=1.74e-02, α=1.000, ‖θ[1:]‖₁=10.068, num_selected_knots=90
2025-09-02 01:09:01,490 - Iter  22: obj=-4585.151394, change=1.68e-02, α=1.000, ‖θ[1:]‖₁=10.025, num_selected_knots=88
2025-09-02 01:09:06,384 - Iter  23: obj=-4585.571425, change=1.48e-02, α=1.000, ‖θ[1:]‖₁=9.986, num_selected_knots=87
2025-09-02 01:09:11,401 - Iter  24: obj=-4585.920014, change=1.76e-02, α=1.000, ‖θ[1:]‖₁=9.953, num_selected_knots=87
2025-09-02 01:09:16,677 - Iter  25: obj=-4586.233801, change=1.90e-02, α=1.000, ‖θ[1:]‖₁=9.925, num_selected_knots=84
2025-09-02 01:09:21,805 - Iter  26: obj=-4586.498125, change=1.80e-02, α=1.000, ‖θ[1:]‖₁=9.905, num_selected_knots=82
2025-09-02 01:09:26,850 - Iter  27: obj=-4586.695007, change=1.87e-02, α=1.000, ‖θ[1:]‖₁=9.894, num_selected_knots=81
2025-09-02 01:09:31,860 - Iter  28: obj=-4586.851561, change=1.70e-02, α=1.000, ‖θ[1:]‖₁=9.885, num_selected_knots=81
2025-09-02 01:09:36,777 - Iter  29: obj=-4586.997272, change=1.63e-02, α=1.000, ‖θ[1:]‖₁=9.876, num_selected_knots=81
2025-09-02 01:09:41,846 - Iter  30: obj=-4587.140467, change=1.56e-02, α=1.000, ‖θ[1:]‖₁=9.869, num_selected_knots=81
2025-09-02 01:09:46,832 - Iter  31: obj=-4587.282443, change=1.47e-02, α=1.000, ‖θ[1:]‖₁=9.862, num_selected_knots=81
2025-09-02 01:09:51,888 - Iter  32: obj=-4587.425551, change=1.49e-02, α=1.000, ‖θ[1:]‖₁=9.857, num_selected_knots=78
2025-09-02 01:09:56,894 - Iter  33: obj=-4587.563268, change=1.39e-02, α=1.000, ‖θ[1:]‖₁=9.854, num_selected_knots=77
2025-09-02 01:10:01,850 - Iter  34: obj=-4587.688285, change=1.38e-02, α=1.000, ‖θ[1:]‖₁=9.851, num_selected_knots=76
2025-09-02 01:10:06,779 - Iter  35: obj=-4587.811681, change=1.37e-02, α=1.000, ‖θ[1:]‖₁=9.849, num_selected_knots=76
2025-09-02 01:10:11,737 - Iter  36: obj=-4587.932323, change=1.26e-02, α=1.000, ‖θ[1:]‖₁=9.847, num_selected_knots=73
2025-09-02 01:10:16,688 - Iter  37: obj=-4588.025001, change=1.22e-02, α=1.000, ‖θ[1:]‖₁=9.847, num_selected_knots=73
2025-09-02 01:10:21,730 - Iter  38: obj=-4588.104072, change=1.19e-02, α=1.000, ‖θ[1:]‖₁=9.847, num_selected_knots=74
2025-09-02 01:10:26,653 - Iter  39: obj=-4588.183326, change=1.15e-02, α=1.000, ‖θ[1:]‖₁=9.847, num_selected_knots=73
2025-09-02 01:10:31,652 - Iter  40: obj=-4588.262432, change=1.12e-02, α=1.000, ‖θ[1:]‖₁=9.847, num_selected_knots=72
2025-09-02 01:10:36,568 - Iter  41: obj=-4588.340401, change=1.09e-02, α=1.000, ‖θ[1:]‖₁=9.847, num_selected_knots=72
2025-09-02 01:10:41,536 - Iter  42: obj=-4588.417288, change=1.07e-02, α=1.000, ‖θ[1:]‖₁=9.847, num_selected_knots=72
2025-09-02 01:10:46,540 - Iter  43: obj=-4588.493227, change=1.04e-02, α=1.000, ‖θ[1:]‖₁=9.847, num_selected_knots=71
2025-09-02 01:10:51,507 - Iter  44: obj=-4588.568295, change=1.02e-02, α=1.000, ‖θ[1:]‖₁=9.847, num_selected_knots=70
2025-09-02 01:10:56,517 - Iter  45: obj=-4588.637936, change=9.16e-03, α=1.000, ‖θ[1:]‖₁=9.848, num_selected_knots=69
2025-09-02 01:11:01,520 - Iter  46: obj=-4588.700774, change=9.15e-03, α=1.000, ‖θ[1:]‖₁=9.848, num_selected_knots=67
2025-09-02 01:11:06,451 - Iter  47: obj=-4588.743445, change=9.13e-03, α=1.000, ‖θ[1:]‖₁=9.848, num_selected_knots=67
2025-09-02 01:11:11,417 - Iter  48: obj=-4588.784519, change=9.12e-03, α=1.000, ‖θ[1:]‖₁=9.848, num_selected_knots=67
2025-09-02 01:11:16,468 - Iter  49: obj=-4588.825313, change=9.11e-03, α=1.000, ‖θ[1:]‖₁=9.848, num_selected_knots=67
2025-09-02 01:11:21,460 - Iter  50: obj=-4588.864809, change=9.10e-03, α=1.000, ‖θ[1:]‖₁=9.848, num_selected_knots=66
2025-09-02 01:11:26,441 - Iter  51: obj=-4588.901408, change=9.10e-03, α=1.000, ‖θ[1:]‖₁=9.848, num_selected_knots=66
2025-09-02 01:11:31,648 - Iter  52: obj=-4588.936947, change=9.09e-03, α=1.000, ‖θ[1:]‖₁=9.848, num_selected_knots=66
2025-09-02 01:11:36,947 - Iter  53: obj=-4588.972289, change=9.09e-03, α=1.000, ‖θ[1:]‖₁=9.848, num_selected_knots=66
2025-09-02 01:11:42,075 - Iter  54: obj=-4589.007446, change=9.18e-03, α=1.000, ‖θ[1:]‖₁=9.848, num_selected_knots=66
2025-09-02 01:11:47,366 - Iter  55: obj=-4589.042428, change=9.31e-03, α=1.000, ‖θ[1:]‖₁=9.848, num_selected_knots=65
2025-09-02 01:11:52,608 - Iter  56: obj=-4589.074630, change=9.41e-03, α=1.000, ‖θ[1:]‖₁=9.848, num_selected_knots=64
2025-09-02 01:11:57,979 - Iter  57: obj=-4589.105821, change=9.43e-03, α=1.000, ‖θ[1:]‖₁=9.849, num_selected_knots=64
2025-09-02 01:12:03,272 - Iter  58: obj=-4589.136107, change=9.43e-03, α=1.000, ‖θ[1:]‖₁=9.849, num_selected_knots=64
2025-09-02 01:12:08,533 - Iter  59: obj=-4589.165529, change=9.44e-03, α=1.000, ‖θ[1:]‖₁=9.848, num_selected_knots=64
2025-09-02 01:12:13,779 - Iter  60: obj=-4589.194142, change=9.47e-03, α=1.000, ‖θ[1:]‖₁=9.848, num_selected_knots=64
2025-09-02 01:12:19,058 - Iter  61: obj=-4589.222057, change=9.51e-03, α=1.000, ‖θ[1:]‖₁=9.848, num_selected_knots=64
2025-09-02 01:12:24,337 - Iter  62: obj=-4589.249389, change=9.56e-03, α=1.000, ‖θ[1:]‖₁=9.848, num_selected_knots=62
2025-09-02 01:12:29,578 - Iter  63: obj=-4589.276183, change=9.63e-03, α=1.000, ‖θ[1:]‖₁=9.848, num_selected_knots=62
2025-09-02 01:12:34,858 - Iter  64: obj=-4589.302435, change=9.70e-03, α=1.000, ‖θ[1:]‖₁=9.848, num_selected_knots=62
2025-09-02 01:12:40,077 - Iter  65: obj=-4589.330126, change=9.77e-03, α=1.000, ‖θ[1:]‖₁=9.848, num_selected_knots=61
2025-09-02 01:12:45,311 - Iter  66: obj=-4589.359400, change=9.81e-03, α=1.000, ‖θ[1:]‖₁=9.848, num_selected_knots=61
2025-09-02 01:12:50,620 - Iter  67: obj=-4589.389075, change=9.81e-03, α=1.000, ‖θ[1:]‖₁=9.848, num_selected_knots=61
2025-09-02 01:12:56,118 - Iter  68: obj=-4589.420348, change=9.81e-03, α=1.000, ‖θ[1:]‖₁=9.848, num_selected_knots=61
2025-09-02 01:13:01,359 - Iter  69: obj=-4589.453199, change=9.80e-03, α=1.000, ‖θ[1:]‖₁=9.848, num_selected_knots=62
2025-09-02 01:13:06,662 - Iter  70: obj=-4589.489873, change=9.80e-03, α=1.000, ‖θ[1:]‖₁=9.848, num_selected_knots=60
2025-09-02 01:13:11,917 - Iter  71: obj=-4589.521665, change=1.09e-02, α=1.000, ‖θ[1:]‖₁=9.849, num_selected_knots=60
2025-09-02 01:13:17,282 - Iter  72: obj=-4589.552769, change=1.05e-02, α=1.000, ‖θ[1:]‖₁=9.849, num_selected_knots=59
2025-09-02 01:13:22,494 - Iter  73: obj=-4589.584282, change=1.01e-02, α=1.000, ‖θ[1:]‖₁=9.850, num_selected_knots=59
2025-09-02 01:13:27,724 - Iter  74: obj=-4589.615181, change=9.78e-03, α=1.000, ‖θ[1:]‖₁=9.850, num_selected_knots=59
2025-09-02 01:13:32,894 - Iter  75: obj=-4589.645423, change=9.48e-03, α=1.000, ‖θ[1:]‖₁=9.850, num_selected_knots=59
2025-09-02 01:13:38,159 - Iter  76: obj=-4589.675007, change=9.19e-03, α=1.000, ‖θ[1:]‖₁=9.850, num_selected_knots=59
2025-09-02 01:13:43,380 - Iter  77: obj=-4589.703967, change=8.91e-03, α=1.000, ‖θ[1:]‖₁=9.850, num_selected_knots=59
2025-09-02 01:13:48,596 - Iter  78: obj=-4589.732340, change=8.65e-03, α=1.000, ‖θ[1:]‖₁=9.850, num_selected_knots=58
2025-09-02 01:13:53,825 - Iter  79: obj=-4589.758993, change=8.41e-03, α=1.000, ‖θ[1:]‖₁=9.850, num_selected_knots=58
2025-09-02 01:13:59,023 - Iter  80: obj=-4589.785107, change=8.19e-03, α=1.000, ‖θ[1:]‖₁=9.850, num_selected_knots=58
2025-09-02 01:14:04,252 - Iter  81: obj=-4589.810752, change=7.98e-03, α=1.000, ‖θ[1:]‖₁=9.850, num_selected_knots=58
2025-09-02 01:14:09,531 - Iter  82: obj=-4589.835959, change=7.79e-03, α=1.000, ‖θ[1:]‖₁=9.850, num_selected_knots=58
2025-09-02 01:14:14,792 - Iter  83: obj=-4589.860772, change=7.62e-03, α=1.000, ‖θ[1:]‖₁=9.850, num_selected_knots=58
2025-09-02 01:14:20,065 - Iter  84: obj=-4589.885236, change=7.46e-03, α=1.000, ‖θ[1:]‖₁=9.850, num_selected_knots=58
2025-09-02 01:14:25,262 - Iter  85: obj=-4589.909374, change=7.32e-03, α=1.000, ‖θ[1:]‖₁=9.850, num_selected_knots=58
2025-09-02 01:14:30,513 - Iter  86: obj=-4589.933213, change=7.19e-03, α=1.000, ‖θ[1:]‖₁=9.850, num_selected_knots=58
2025-09-02 01:14:35,668 - Iter  87: obj=-4589.956785, change=7.07e-03, α=1.000, ‖θ[1:]‖₁=9.850, num_selected_knots=58
2025-09-02 01:14:40,817 - Iter  88: obj=-4589.980125, change=6.96e-03, α=1.000, ‖θ[1:]‖₁=9.851, num_selected_knots=58
2025-09-02 01:14:46,044 - Iter  89: obj=-4590.003272, change=6.92e-03, α=1.000, ‖θ[1:]‖₁=9.851, num_selected_knots=58
2025-09-02 01:14:51,379 - Iter  90: obj=-4590.026264, change=6.92e-03, α=1.000, ‖θ[1:]‖₁=9.852, num_selected_knots=58
2025-09-02 01:14:56,780 - Iter  91: obj=-4590.049145, change=6.92e-03, α=1.000, ‖θ[1:]‖₁=9.853, num_selected_knots=58
2025-09-02 01:15:01,939 - Iter  92: obj=-4590.071955, change=6.92e-03, α=1.000, ‖θ[1:]‖₁=9.854, num_selected_knots=58
2025-09-02 01:15:07,088 - Iter  93: obj=-4590.094737, change=6.92e-03, α=1.000, ‖θ[1:]‖₁=9.856, num_selected_knots=57
2025-09-02 01:15:12,093 - Iter  94: obj=-4590.117311, change=6.92e-03, α=1.000, ‖θ[1:]‖₁=9.857, num_selected_knots=57
2025-09-02 01:15:17,225 - Iter  95: obj=-4590.139576, change=6.92e-03, α=1.000, ‖θ[1:]‖₁=9.859, num_selected_knots=57
2025-09-02 01:15:22,400 - Iter  96: obj=-4590.161660, change=6.92e-03, α=1.000, ‖θ[1:]‖₁=9.861, num_selected_knots=57
2025-09-02 01:15:27,396 - Iter  97: obj=-4590.183850, change=6.34e-03, α=1.000, ‖θ[1:]‖₁=9.865, num_selected_knots=57
2025-09-02 01:15:32,367 - Iter  98: obj=-4590.203800, change=6.29e-03, α=1.000, ‖θ[1:]‖₁=9.867, num_selected_knots=56
2025-09-02 01:15:37,381 - Iter  99: obj=-4590.217603, change=6.26e-03, α=1.000, ‖θ[1:]‖₁=9.870, num_selected_knots=56
2025-09-02 01:15:42,592 - Iter 100: obj=-4590.228229, change=6.23e-03, α=1.000, ‖θ[1:]‖₁=9.872, num_selected_knots=56
2025-09-02 01:15:47,862 - Iter 101: obj=-4590.238620, change=6.20e-03, α=1.000, ‖θ[1:]‖₁=9.873, num_selected_knots=56
2025-09-02 01:15:53,191 - Iter 102: obj=-4590.248807, change=6.18e-03, α=1.000, ‖θ[1:]‖₁=9.874, num_selected_knots=56
2025-09-02 01:15:58,436 - Iter 103: obj=-4590.258842, change=6.15e-03, α=1.000, ‖θ[1:]‖₁=9.876, num_selected_knots=56
2025-09-02 01:16:03,671 - Iter 104: obj=-4590.268763, change=6.13e-03, α=1.000, ‖θ[1:]‖₁=9.877, num_selected_knots=56
2025-09-02 01:16:08,896 - Iter 105: obj=-4590.278591, change=6.11e-03, α=1.000, ‖θ[1:]‖₁=9.877, num_selected_knots=56
2025-09-02 01:16:14,171 - Iter 106: obj=-4590.288337, change=6.09e-03, α=1.000, ‖θ[1:]‖₁=9.878, num_selected_knots=56
2025-09-02 01:16:19,229 - Iter 107: obj=-4590.298011, change=6.08e-03, α=1.000, ‖θ[1:]‖₁=9.878, num_selected_knots=56
2025-09-02 01:16:24,286 - Iter 108: obj=-4590.307619, change=6.07e-03, α=1.000, ‖θ[1:]‖₁=9.879, num_selected_knots=55
2025-09-02 01:16:29,452 - Iter 109: obj=-4590.317243, change=6.06e-03, α=1.000, ‖θ[1:]‖₁=9.880, num_selected_knots=55
2025-09-02 01:16:34,661 - Iter 110: obj=-4590.326870, change=6.05e-03, α=1.000, ‖θ[1:]‖₁=9.881, num_selected_knots=55
2025-09-02 01:16:39,804 - Iter 111: obj=-4590.336480, change=6.05e-03, α=1.000, ‖θ[1:]‖₁=9.881, num_selected_knots=55
2025-09-02 01:16:44,980 - Iter 112: obj=-4590.346078, change=6.04e-03, α=1.000, ‖θ[1:]‖₁=9.882, num_selected_knots=55
2025-09-02 01:16:50,100 - Iter 113: obj=-4590.355665, change=6.04e-03, α=1.000, ‖θ[1:]‖₁=9.882, num_selected_knots=55
2025-09-02 01:16:55,314 - Iter 114: obj=-4590.365242, change=6.04e-03, α=1.000, ‖θ[1:]‖₁=9.883, num_selected_knots=55
2025-09-02 01:17:00,491 - Iter 115: obj=-4590.374814, change=6.03e-03, α=1.000, ‖θ[1:]‖₁=9.883, num_selected_knots=55
2025-09-02 01:17:05,668 - Iter 116: obj=-4590.384385, change=6.04e-03, α=1.000, ‖θ[1:]‖₁=9.884, num_selected_knots=55
2025-09-02 01:17:10,737 - Iter 117: obj=-4590.393955, change=6.06e-03, α=1.000, ‖θ[1:]‖₁=9.884, num_selected_knots=55
2025-09-02 01:17:15,926 - Iter 118: obj=-4590.403527, change=6.08e-03, α=1.000, ‖θ[1:]‖₁=9.884, num_selected_knots=55
2025-09-02 01:17:21,076 - Iter 119: obj=-4590.413102, change=6.09e-03, α=1.000, ‖θ[1:]‖₁=9.885, num_selected_knots=55
2025-09-02 01:17:26,248 - Iter 120: obj=-4590.422717, change=6.07e-03, α=1.000, ‖θ[1:]‖₁=9.886, num_selected_knots=55
2025-09-02 01:17:31,478 - Iter 121: obj=-4590.431537, change=5.90e-03, α=1.000, ‖θ[1:]‖₁=9.887, num_selected_knots=55
2025-09-02 01:17:36,778 - Iter 122: obj=-4590.439450, change=5.61e-03, α=1.000, ‖θ[1:]‖₁=9.887, num_selected_knots=55
2025-09-02 01:17:41,962 - Iter 123: obj=-4590.447146, change=5.25e-03, α=1.000, ‖θ[1:]‖₁=9.887, num_selected_knots=55
2025-09-02 01:17:47,275 - Iter 124: obj=-4590.454438, change=4.89e-03, α=1.000, ‖θ[1:]‖₁=9.887, num_selected_knots=55
2025-09-02 01:17:52,450 - Iter 125: obj=-4590.461315, change=4.59e-03, α=1.000, ‖θ[1:]‖₁=9.887, num_selected_knots=55
2025-09-02 01:17:57,721 - Iter 126: obj=-4590.467811, change=4.32e-03, α=1.000, ‖θ[1:]‖₁=9.887, num_selected_knots=55
2025-09-02 01:18:02,872 - Iter 127: obj=-4590.473983, change=4.04e-03, α=1.000, ‖θ[1:]‖₁=9.886, num_selected_knots=55
2025-09-02 01:18:08,162 - Iter 128: obj=-4590.479891, change=3.78e-03, α=1.000, ‖θ[1:]‖₁=9.886, num_selected_knots=55
2025-09-02 01:18:13,472 - Iter 129: obj=-4590.485589, change=3.55e-03, α=1.000, ‖θ[1:]‖₁=9.886, num_selected_knots=55
2025-09-02 01:18:18,946 - Iter 130: obj=-4590.491123, change=3.34e-03, α=1.000, ‖θ[1:]‖₁=9.886, num_selected_knots=55
2025-09-02 01:18:24,160 - Iter 131: obj=-4590.496530, change=3.16e-03, α=1.000, ‖θ[1:]‖₁=9.886, num_selected_knots=55
2025-09-02 01:18:29,464 - Iter 132: obj=-4590.501837, change=3.00e-03, α=1.000, ‖θ[1:]‖₁=9.886, num_selected_knots=55
2025-09-02 01:18:34,614 - Iter 133: obj=-4590.507068, change=2.86e-03, α=1.000, ‖θ[1:]‖₁=9.886, num_selected_knots=55
2025-09-02 01:18:39,905 - Iter 134: obj=-4590.512238, change=2.79e-03, α=1.000, ‖θ[1:]‖₁=9.886, num_selected_knots=55
2025-09-02 01:18:45,177 - Iter 135: obj=-4590.517363, change=2.81e-03, α=1.000, ‖θ[1:]‖₁=9.886, num_selected_knots=55
2025-09-02 01:18:50,526 - Iter 136: obj=-4590.522451, change=2.82e-03, α=1.000, ‖θ[1:]‖₁=9.886, num_selected_knots=55
2025-09-02 01:18:55,783 - Iter 137: obj=-4590.527513, change=2.82e-03, α=1.000, ‖θ[1:]‖₁=9.886, num_selected_knots=55
2025-09-02 01:19:01,089 - Iter 138: obj=-4590.532553, change=2.81e-03, α=1.000, ‖θ[1:]‖₁=9.886, num_selected_knots=55
2025-09-02 01:19:06,300 - Iter 139: obj=-4590.537579, change=2.81e-03, α=1.000, ‖θ[1:]‖₁=9.886, num_selected_knots=55
2025-09-02 01:19:11,599 - Iter 140: obj=-4590.542594, change=2.80e-03, α=1.000, ‖θ[1:]‖₁=9.886, num_selected_knots=55
2025-09-02 01:19:16,929 - Iter 141: obj=-4590.547908, change=2.80e-03, α=1.000, ‖θ[1:]‖₁=9.886, num_selected_knots=55
2025-09-02 01:19:22,218 - Iter 142: obj=-4590.555299, change=4.36e-03, α=1.000, ‖θ[1:]‖₁=9.886, num_selected_knots=54
2025-09-02 01:19:27,424 - Iter 143: obj=-4590.564683, change=5.64e-03, α=1.000, ‖θ[1:]‖₁=9.886, num_selected_knots=54
2025-09-02 01:19:32,563 - Iter 144: obj=-4590.573934, change=5.42e-03, α=1.000, ‖θ[1:]‖₁=9.886, num_selected_knots=54
2025-09-02 01:19:37,833 - Iter 145: obj=-4590.582994, change=5.26e-03, α=1.000, ‖θ[1:]‖₁=9.886, num_selected_knots=54
2025-09-02 01:19:43,085 - Iter 146: obj=-4590.591867, change=5.14e-03, α=1.000, ‖θ[1:]‖₁=9.886, num_selected_knots=54
2025-09-02 01:19:48,391 - Iter 147: obj=-4590.600571, change=5.04e-03, α=1.000, ‖θ[1:]‖₁=9.886, num_selected_knots=54
2025-09-02 01:19:53,739 - Iter 148: obj=-4590.609124, change=4.96e-03, α=1.000, ‖θ[1:]‖₁=9.886, num_selected_knots=54
2025-09-02 01:19:59,013 - Iter 149: obj=-4590.617542, change=4.89e-03, α=1.000, ‖θ[1:]‖₁=9.886, num_selected_knots=54
2025-09-02 01:20:04,344 - Iter 150: obj=-4590.625837, change=4.83e-03, α=1.000, ‖θ[1:]‖₁=9.886, num_selected_knots=54
2025-09-02 01:20:09,618 - Iter 151: obj=-4590.634018, change=4.77e-03, α=1.000, ‖θ[1:]‖₁=9.886, num_selected_knots=53
2025-09-02 01:20:14,849 - Iter 152: obj=-4590.642063, change=4.72e-03, α=1.000, ‖θ[1:]‖₁=9.886, num_selected_knots=53
2025-09-02 01:20:20,032 - Iter 153: obj=-4590.649804, change=4.67e-03, α=1.000, ‖θ[1:]‖₁=9.886, num_selected_knots=53
2025-09-02 01:20:25,304 - Iter 154: obj=-4590.657472, change=4.62e-03, α=1.000, ‖θ[1:]‖₁=9.886, num_selected_knots=53
2025-09-02 01:20:30,551 - Iter 155: obj=-4590.665069, change=4.57e-03, α=1.000, ‖θ[1:]‖₁=9.886, num_selected_knots=53
2025-09-02 01:20:35,773 - Iter 156: obj=-4590.672597, change=4.53e-03, α=1.000, ‖θ[1:]‖₁=9.886, num_selected_knots=53
2025-09-02 01:20:40,966 - Iter 157: obj=-4590.680057, change=4.48e-03, α=1.000, ‖θ[1:]‖₁=9.886, num_selected_knots=53
2025-09-02 01:20:46,301 - Iter 158: obj=-4590.687450, change=4.44e-03, α=1.000, ‖θ[1:]‖₁=9.886, num_selected_knots=53
2025-09-02 01:20:51,530 - Iter 159: obj=-4590.694777, change=4.40e-03, α=1.000, ‖θ[1:]‖₁=9.886, num_selected_knots=53
2025-09-02 01:20:56,842 - Iter 160: obj=-4590.702040, change=4.37e-03, α=1.000, ‖θ[1:]‖₁=9.886, num_selected_knots=53
2025-09-02 01:21:02,025 - Iter 161: obj=-4590.709240, change=4.33e-03, α=1.000, ‖θ[1:]‖₁=9.886, num_selected_knots=53
2025-09-02 01:21:07,338 - Iter 162: obj=-4590.716381, change=4.29e-03, α=1.000, ‖θ[1:]‖₁=9.886, num_selected_knots=53
2025-09-02 01:21:12,606 - Iter 163: obj=-4590.723462, change=4.26e-03, α=1.000, ‖θ[1:]‖₁=9.886, num_selected_knots=53
2025-09-02 01:21:17,966 - Iter 164: obj=-4590.730488, change=4.22e-03, α=1.000, ‖θ[1:]‖₁=9.886, num_selected_knots=53
2025-09-02 01:21:23,227 - Iter 165: obj=-4590.737459, change=4.19e-03, α=1.000, ‖θ[1:]‖₁=9.886, num_selected_knots=53
2025-09-02 01:21:28,424 - Iter 166: obj=-4590.744377, change=4.16e-03, α=1.000, ‖θ[1:]‖₁=9.886, num_selected_knots=53
2025-09-02 01:21:33,572 - Iter 167: obj=-4590.751245, change=4.13e-03, α=1.000, ‖θ[1:]‖₁=9.886, num_selected_knots=53
2025-09-02 01:21:38,935 - Iter 168: obj=-4590.758064, change=4.10e-03, α=1.000, ‖θ[1:]‖₁=9.886, num_selected_knots=53
2025-09-02 01:21:44,283 - Iter 169: obj=-4590.764837, change=4.06e-03, α=1.000, ‖θ[1:]‖₁=9.886, num_selected_knots=53
2025-09-02 01:21:49,538 - Iter 170: obj=-4590.771564, change=4.04e-03, α=1.000, ‖θ[1:]‖₁=9.886, num_selected_knots=53
2025-09-02 01:21:54,837 - Iter 171: obj=-4590.778248, change=4.01e-03, α=1.000, ‖θ[1:]‖₁=9.886, num_selected_knots=53
2025-09-02 01:22:00,121 - Iter 172: obj=-4590.784891, change=3.98e-03, α=1.000, ‖θ[1:]‖₁=9.886, num_selected_knots=53
2025-09-02 01:22:05,325 - Iter 173: obj=-4590.791494, change=3.95e-03, α=1.000, ‖θ[1:]‖₁=9.886, num_selected_knots=53
2025-09-02 01:22:10,603 - Iter 174: obj=-4590.798062, change=3.92e-03, α=1.000, ‖θ[1:]‖₁=9.886, num_selected_knots=53
2025-09-02 01:22:15,794 - Iter 175: obj=-4590.804596, change=3.90e-03, α=1.000, ‖θ[1:]‖₁=9.886, num_selected_knots=53
2025-09-02 01:22:21,149 - Iter 176: obj=-4590.811098, change=3.87e-03, α=1.000, ‖θ[1:]‖₁=9.886, num_selected_knots=53
2025-09-02 01:22:26,492 - Iter 177: obj=-4590.817569, change=3.85e-03, α=1.000, ‖θ[1:]‖₁=9.886, num_selected_knots=53
2025-09-02 01:22:31,850 - Iter 178: obj=-4590.824009, change=3.82e-03, α=1.000, ‖θ[1:]‖₁=9.886, num_selected_knots=53
2025-09-02 01:22:37,091 - Iter 179: obj=-4590.830422, change=3.80e-03, α=1.000, ‖θ[1:]‖₁=9.886, num_selected_knots=53
2025-09-02 01:22:42,406 - Iter 180: obj=-4590.836807, change=3.77e-03, α=1.000, ‖θ[1:]‖₁=9.886, num_selected_knots=53
2025-09-02 01:22:47,607 - Iter 181: obj=-4590.843167, change=3.75e-03, α=1.000, ‖θ[1:]‖₁=9.886, num_selected_knots=53
2025-09-02 01:22:52,956 - Iter 182: obj=-4590.849501, change=3.73e-03, α=1.000, ‖θ[1:]‖₁=9.886, num_selected_knots=53
2025-09-02 01:22:58,104 - Iter 183: obj=-4590.855813, change=3.71e-03, α=1.000, ‖θ[1:]‖₁=9.886, num_selected_knots=53
2025-09-02 01:23:03,390 - Iter 184: obj=-4590.862101, change=3.69e-03, α=1.000, ‖θ[1:]‖₁=9.886, num_selected_knots=53
2025-09-02 01:23:08,532 - Iter 185: obj=-4590.868368, change=3.66e-03, α=1.000, ‖θ[1:]‖₁=9.886, num_selected_knots=53
2025-09-02 01:23:13,810 - Iter 186: obj=-4590.874614, change=3.64e-03, α=1.000, ‖θ[1:]‖₁=9.886, num_selected_knots=53
2025-09-02 01:23:19,149 - Iter 187: obj=-4590.880840, change=3.62e-03, α=1.000, ‖θ[1:]‖₁=9.886, num_selected_knots=53
2025-09-02 01:23:24,508 - Iter 188: obj=-4590.887047, change=3.60e-03, α=1.000, ‖θ[1:]‖₁=9.886, num_selected_knots=53
2025-09-02 01:23:29,718 - Iter 189: obj=-4590.893237, change=3.58e-03, α=1.000, ‖θ[1:]‖₁=9.886, num_selected_knots=53
2025-09-02 01:23:35,019 - Iter 190: obj=-4590.899408, change=3.56e-03, α=1.000, ‖θ[1:]‖₁=9.886, num_selected_knots=53
2025-09-02 01:23:40,148 - Iter 191: obj=-4590.905564, change=3.55e-03, α=1.000, ‖θ[1:]‖₁=9.886, num_selected_knots=53
2025-09-02 01:23:45,429 - Iter 192: obj=-4590.911703, change=3.53e-03, α=1.000, ‖θ[1:]‖₁=9.886, num_selected_knots=53
2025-09-02 01:23:50,673 - Iter 193: obj=-4590.917827, change=3.51e-03, α=1.000, ‖θ[1:]‖₁=9.886, num_selected_knots=53
2025-09-02 01:23:56,085 - Iter 194: obj=-4590.923937, change=3.49e-03, α=1.000, ‖θ[1:]‖₁=9.886, num_selected_knots=53
2025-09-02 01:24:01,266 - Iter 195: obj=-4590.930033, change=3.47e-03, α=1.000, ‖θ[1:]‖₁=9.886, num_selected_knots=53
2025-09-02 01:24:06,487 - Iter 196: obj=-4590.936115, change=3.46e-03, α=1.000, ‖θ[1:]‖₁=9.886, num_selected_knots=53
2025-09-02 01:24:11,659 - Iter 197: obj=-4590.942185, change=3.44e-03, α=1.000, ‖θ[1:]‖₁=9.886, num_selected_knots=53
2025-09-02 01:24:16,950 - Iter 198: obj=-4590.948243, change=3.43e-03, α=1.000, ‖θ[1:]‖₁=9.886, num_selected_knots=53
2025-09-02 01:24:22,068 - Iter 199: obj=-4590.954289, change=3.41e-03, α=1.000, ‖θ[1:]‖₁=9.886, num_selected_knots=53
2025-09-02 01:24:27,349 - Iter 200: obj=-4590.960324, change=3.39e-03, α=1.000, ‖θ[1:]‖₁=9.886, num_selected_knots=53
2025-09-02 01:24:32,526 - Iter 201: obj=-4590.966696, change=3.38e-03, α=1.000, ‖θ[1:]‖₁=9.886, num_selected_knots=53
2025-09-02 01:24:37,814 - Iter 202: obj=-4590.973724, change=3.36e-03, α=1.000, ‖θ[1:]‖₁=9.886, num_selected_knots=52
2025-09-02 01:24:43,026 - Iter 203: obj=-4590.981124, change=3.34e-03, α=1.000, ‖θ[1:]‖₁=9.887, num_selected_knots=52
2025-09-02 01:24:48,156 - Iter 204: obj=-4590.988295, change=3.31e-03, α=1.000, ‖θ[1:]‖₁=9.887, num_selected_knots=52
2025-09-02 01:24:53,770 - Iter 205: obj=-4590.995388, change=3.30e-03, α=1.000, ‖θ[1:]‖₁=9.887, num_selected_knots=52
2025-09-02 01:24:59,056 - Iter 206: obj=-4591.002488, change=3.28e-03, α=1.000, ‖θ[1:]‖₁=9.887, num_selected_knots=52
2025-09-02 01:25:04,337 - Iter 207: obj=-4591.009627, change=3.27e-03, α=1.000, ‖θ[1:]‖₁=9.887, num_selected_knots=52
2025-09-02 01:25:09,640 - Iter 208: obj=-4591.017111, change=3.26e-03, α=1.000, ‖θ[1:]‖₁=9.887, num_selected_knots=52
2025-09-02 01:25:15,028 - Iter 209: obj=-4591.025469, change=3.16e-03, α=1.000, ‖θ[1:]‖₁=9.886, num_selected_knots=51
2025-09-02 01:25:20,256 - Iter 210: obj=-4591.036890, change=4.73e-03, α=1.000, ‖θ[1:]‖₁=9.886, num_selected_knots=51
2025-09-02 01:25:25,550 - Iter 211: obj=-4591.049006, change=4.53e-03, α=1.000, ‖θ[1:]‖₁=9.886, num_selected_knots=51
2025-09-02 01:25:30,711 - Iter 212: obj=-4591.061681, change=5.61e-03, α=1.000, ‖θ[1:]‖₁=9.885, num_selected_knots=51
2025-09-02 01:25:35,926 - Iter 213: obj=-4591.075035, change=5.80e-03, α=1.000, ‖θ[1:]‖₁=9.885, num_selected_knots=50
2025-09-02 01:25:41,143 - Iter 214: obj=-4591.088141, change=5.83e-03, α=1.000, ‖θ[1:]‖₁=9.885, num_selected_knots=50
2025-09-02 01:25:46,388 - Iter 215: obj=-4591.100691, change=5.18e-03, α=1.000, ‖θ[1:]‖₁=9.885, num_selected_knots=49
2025-09-02 01:25:51,671 - Iter 216: obj=-4591.113031, change=5.36e-03, α=1.000, ‖θ[1:]‖₁=9.885, num_selected_knots=49
2025-09-02 01:25:56,960 - Iter 217: obj=-4591.124490, change=4.76e-03, α=1.000, ‖θ[1:]‖₁=9.885, num_selected_knots=49
2025-09-02 01:26:02,214 - Iter 218: obj=-4591.135189, change=4.32e-03, α=1.000, ‖θ[1:]‖₁=9.885, num_selected_knots=49
2025-09-02 01:26:07,443 - Iter 219: obj=-4591.145270, change=3.99e-03, α=1.000, ‖θ[1:]‖₁=9.885, num_selected_knots=49
2025-09-02 01:26:12,692 - Iter 220: obj=-4591.154887, change=3.73e-03, α=1.000, ‖θ[1:]‖₁=9.885, num_selected_knots=49
2025-09-02 01:26:17,962 - Iter 221: obj=-4591.164165, change=3.52e-03, α=1.000, ‖θ[1:]‖₁=9.885, num_selected_knots=49
2025-09-02 01:26:23,185 - Iter 222: obj=-4591.173190, change=3.35e-03, α=1.000, ‖θ[1:]‖₁=9.885, num_selected_knots=49
2025-09-02 01:26:28,443 - Iter 223: obj=-4591.182021, change=3.21e-03, α=1.000, ‖θ[1:]‖₁=9.885, num_selected_knots=49
2025-09-02 01:26:33,648 - Iter 224: obj=-4591.190695, change=3.10e-03, α=1.000, ‖θ[1:]‖₁=9.885, num_selected_knots=49
2025-09-02 01:26:38,867 - Iter 225: obj=-4591.199243, change=3.00e-03, α=1.000, ‖θ[1:]‖₁=9.885, num_selected_knots=49
2025-09-02 01:26:44,134 - Iter 226: obj=-4591.207684, change=2.91e-03, α=1.000, ‖θ[1:]‖₁=9.885, num_selected_knots=49
2025-09-02 01:26:49,310 - Iter 227: obj=-4591.216034, change=2.89e-03, α=1.000, ‖θ[1:]‖₁=9.885, num_selected_knots=49
2025-09-02 01:26:54,583 - Iter 228: obj=-4591.224305, change=2.88e-03, α=1.000, ‖θ[1:]‖₁=9.885, num_selected_knots=49
2025-09-02 01:26:59,721 - Iter 229: obj=-4591.232509, change=2.88e-03, α=1.000, ‖θ[1:]‖₁=9.885, num_selected_knots=49
2025-09-02 01:27:04,916 - Iter 230: obj=-4591.240652, change=2.87e-03, α=1.000, ‖θ[1:]‖₁=9.885, num_selected_knots=49
2025-09-02 01:27:10,364 - Iter 231: obj=-4591.248744, change=2.87e-03, α=1.000, ‖θ[1:]‖₁=9.885, num_selected_knots=49
2025-09-02 01:27:15,663 - Iter 232: obj=-4591.256789, change=2.86e-03, α=1.000, ‖θ[1:]‖₁=9.884, num_selected_knots=48
2025-09-02 01:27:20,882 - Iter 233: obj=-4591.266846, change=3.67e-03, α=1.000, ‖θ[1:]‖₁=9.884, num_selected_knots=48
2025-09-02 01:27:26,176 - Iter 234: obj=-4591.276685, change=3.34e-03, α=1.000, ‖θ[1:]‖₁=9.883, num_selected_knots=48
2025-09-02 01:27:31,350 - Iter 235: obj=-4591.286102, change=3.13e-03, α=1.000, ‖θ[1:]‖₁=9.883, num_selected_knots=48
2025-09-02 01:27:36,695 - Iter 236: obj=-4591.295228, change=2.98e-03, α=1.000, ‖θ[1:]‖₁=9.883, num_selected_knots=48
2025-09-02 01:27:41,868 - Iter 237: obj=-4591.304138, change=2.87e-03, α=1.000, ‖θ[1:]‖₁=9.884, num_selected_knots=48
2025-09-02 01:27:47,171 - Iter 238: obj=-4591.312878, change=2.83e-03, α=1.000, ‖θ[1:]‖₁=9.884, num_selected_knots=48
2025-09-02 01:27:52,403 - Iter 239: obj=-4591.321479, change=2.83e-03, α=1.000, ‖θ[1:]‖₁=9.884, num_selected_knots=48
2025-09-02 01:27:58,083 - Iter 240: obj=-4591.329964, change=2.83e-03, α=1.000, ‖θ[1:]‖₁=9.884, num_selected_knots=48
2025-09-02 01:28:03,399 - Iter 241: obj=-4591.338346, change=2.83e-03, α=1.000, ‖θ[1:]‖₁=9.884, num_selected_knots=48
2025-09-02 01:28:08,637 - Iter 242: obj=-4591.346637, change=2.84e-03, α=1.000, ‖θ[1:]‖₁=9.884, num_selected_knots=48
2025-09-02 01:28:14,048 - Iter 243: obj=-4591.354847, change=2.84e-03, α=1.000, ‖θ[1:]‖₁=9.883, num_selected_knots=48
2025-09-02 01:28:19,296 - Iter 244: obj=-4591.362983, change=2.84e-03, α=1.000, ‖θ[1:]‖₁=9.883, num_selected_knots=48
2025-09-02 01:28:24,688 - Iter 245: obj=-4591.371052, change=2.84e-03, α=1.000, ‖θ[1:]‖₁=9.883, num_selected_knots=48
2025-09-02 01:28:30,030 - Iter 246: obj=-4591.379060, change=2.84e-03, α=1.000, ‖θ[1:]‖₁=9.883, num_selected_knots=48
2025-09-02 01:28:35,280 - Iter 247: obj=-4591.387012, change=2.38e-03, α=1.000, ‖θ[1:]‖₁=9.883, num_selected_knots=47
2025-09-02 01:28:40,533 - Iter 248: obj=-4591.393665, change=3.44e-03, α=1.000, ‖θ[1:]‖₁=9.883, num_selected_knots=47
2025-09-02 01:28:45,716 - Iter 249: obj=-4591.400420, change=5.54e-03, α=1.000, ‖θ[1:]‖₁=9.883, num_selected_knots=47
2025-09-02 01:28:50,979 - Iter 250: obj=-4591.409204, change=6.61e-03, α=1.000, ‖θ[1:]‖₁=9.883, num_selected_knots=46
2025-09-02 01:28:56,420 - Iter 251: obj=-4591.418876, change=6.46e-03, α=1.000, ‖θ[1:]‖₁=9.883, num_selected_knots=46
2025-09-02 01:29:01,578 - Iter 252: obj=-4591.428202, change=6.24e-03, α=1.000, ‖θ[1:]‖₁=9.883, num_selected_knots=46
2025-09-02 01:29:06,842 - Iter 253: obj=-4591.437262, change=5.98e-03, α=1.000, ‖θ[1:]‖₁=9.883, num_selected_knots=46
2025-09-02 01:29:12,172 - Iter 254: obj=-4591.446105, change=5.71e-03, α=1.000, ‖θ[1:]‖₁=9.883, num_selected_knots=46
2025-09-02 01:29:17,427 - Iter 255: obj=-4591.454767, change=5.58e-03, α=1.000, ‖θ[1:]‖₁=9.883, num_selected_knots=46
2025-09-02 01:29:22,669 - Iter 256: obj=-4591.463285, change=5.16e-03, α=1.000, ‖θ[1:]‖₁=9.883, num_selected_knots=45
2025-09-02 01:29:27,993 - Iter 257: obj=-4591.473069, change=6.50e-03, α=1.000, ‖θ[1:]‖₁=9.883, num_selected_knots=45
2025-09-02 01:29:33,163 - Iter 258: obj=-4591.482175, change=5.97e-03, α=1.000, ‖θ[1:]‖₁=9.883, num_selected_knots=45
2025-09-02 01:29:38,497 - Iter 259: obj=-4591.490648, change=5.52e-03, α=1.000, ‖θ[1:]‖₁=9.883, num_selected_knots=45
2025-09-02 01:29:43,791 - Iter 260: obj=-4591.498554, change=5.15e-03, α=1.000, ‖θ[1:]‖₁=9.883, num_selected_knots=45
2025-09-02 01:29:49,037 - Iter 261: obj=-4591.505948, change=4.81e-03, α=1.000, ‖θ[1:]‖₁=9.883, num_selected_knots=45
2025-09-02 01:29:54,462 - Iter 262: obj=-4591.512893, change=4.51e-03, α=1.000, ‖θ[1:]‖₁=9.883, num_selected_knots=45
2025-09-02 01:29:59,842 - Iter 263: obj=-4591.519442, change=4.23e-03, α=1.000, ‖θ[1:]‖₁=9.883, num_selected_knots=45
2025-09-02 01:30:05,154 - Iter 264: obj=-4591.525642, change=3.98e-03, α=1.000, ‖θ[1:]‖₁=9.883, num_selected_knots=45
2025-09-02 01:30:10,368 - Iter 265: obj=-4591.531532, change=3.74e-03, α=1.000, ‖θ[1:]‖₁=9.883, num_selected_knots=45
2025-09-02 01:30:15,710 - Iter 266: obj=-4591.537146, change=3.52e-03, α=1.000, ‖θ[1:]‖₁=9.883, num_selected_knots=45
2025-09-02 01:30:21,007 - Iter 267: obj=-4591.542515, change=3.31e-03, α=1.000, ‖θ[1:]‖₁=9.883, num_selected_knots=45
2025-09-02 01:30:26,187 - Iter 268: obj=-4591.547665, change=3.11e-03, α=1.000, ‖θ[1:]‖₁=9.883, num_selected_knots=45
2025-09-02 01:30:31,596 - Iter 269: obj=-4591.552617, change=2.92e-03, α=1.000, ‖θ[1:]‖₁=9.883, num_selected_knots=45
2025-09-02 01:30:36,803 - Iter 270: obj=-4591.557394, change=2.75e-03, α=1.000, ‖θ[1:]‖₁=9.883, num_selected_knots=45
2025-09-02 01:30:42,015 - Iter 271: obj=-4591.562011, change=2.58e-03, α=1.000, ‖θ[1:]‖₁=9.883, num_selected_knots=45
2025-09-02 01:30:47,311 - Iter 272: obj=-4591.566484, change=2.42e-03, α=1.000, ‖θ[1:]‖₁=9.883, num_selected_knots=45
2025-09-02 01:30:52,608 - Iter 273: obj=-4591.570828, change=2.28e-03, α=1.000, ‖θ[1:]‖₁=9.883, num_selected_knots=45
2025-09-02 01:30:57,895 - Iter 274: obj=-4591.575054, change=2.14e-03, α=1.000, ‖θ[1:]‖₁=9.883, num_selected_knots=45
2025-09-02 01:31:03,205 - Iter 275: obj=-4591.579173, change=2.01e-03, α=1.000, ‖θ[1:]‖₁=9.883, num_selected_knots=45
2025-09-02 01:31:08,497 - Iter 276: obj=-4591.583195, change=1.95e-03, α=1.000, ‖θ[1:]‖₁=9.883, num_selected_knots=45
2025-09-02 01:31:13,843 - Iter 277: obj=-4591.587128, change=1.94e-03, α=1.000, ‖θ[1:]‖₁=9.883, num_selected_knots=45
2025-09-02 01:31:19,312 - Iter 278: obj=-4591.590979, change=1.93e-03, α=1.000, ‖θ[1:]‖₁=9.883, num_selected_knots=45
2025-09-02 01:31:24,626 - Iter 279: obj=-4591.594756, change=1.93e-03, α=1.000, ‖θ[1:]‖₁=9.883, num_selected_knots=45
2025-09-02 01:31:29,898 - Iter 280: obj=-4591.598464, change=1.92e-03, α=1.000, ‖θ[1:]‖₁=9.883, num_selected_knots=45
2025-09-02 01:31:35,212 - Iter 281: obj=-4591.602110, change=1.91e-03, α=1.000, ‖θ[1:]‖₁=9.883, num_selected_knots=45
2025-09-02 01:31:40,429 - Iter 282: obj=-4591.605697, change=1.91e-03, α=1.000, ‖θ[1:]‖₁=9.883, num_selected_knots=45
2025-09-02 01:31:45,805 - Iter 283: obj=-4591.609230, change=1.90e-03, α=1.000, ‖θ[1:]‖₁=9.883, num_selected_knots=45
2025-09-02 01:31:51,057 - Iter 284: obj=-4591.612714, change=1.90e-03, α=1.000, ‖θ[1:]‖₁=9.883, num_selected_knots=45
2025-09-02 01:31:56,502 - Iter 285: obj=-4591.616151, change=1.89e-03, α=1.000, ‖θ[1:]‖₁=9.883, num_selected_knots=44
2025-09-02 01:32:01,614 - Iter 286: obj=-4591.619984, change=1.88e-03, α=1.000, ‖θ[1:]‖₁=9.883, num_selected_knots=44
2025-09-02 01:32:06,901 - Iter 287: obj=-4591.623807, change=1.88e-03, α=1.000, ‖θ[1:]‖₁=9.883, num_selected_knots=44
2025-09-02 01:32:12,292 - Iter 288: obj=-4591.627618, change=1.87e-03, α=1.000, ‖θ[1:]‖₁=9.883, num_selected_knots=44
2025-09-02 01:32:17,521 - Iter 289: obj=-4591.631418, change=1.87e-03, α=1.000, ‖θ[1:]‖₁=9.883, num_selected_knots=44
2025-09-02 01:32:22,811 - Iter 290: obj=-4591.635211, change=1.86e-03, α=1.000, ‖θ[1:]‖₁=9.883, num_selected_knots=44
2025-09-02 01:32:28,032 - Iter 291: obj=-4591.638996, change=1.86e-03, α=1.000, ‖θ[1:]‖₁=9.883, num_selected_knots=44
2025-09-02 01:32:33,358 - Iter 292: obj=-4591.642774, change=1.85e-03, α=1.000, ‖θ[1:]‖₁=9.883, num_selected_knots=44
2025-09-02 01:32:38,595 - Iter 293: obj=-4591.646550, change=1.85e-03, α=1.000, ‖θ[1:]‖₁=9.883, num_selected_knots=44
2025-09-02 01:32:43,835 - Iter 294: obj=-4591.650329, change=1.84e-03, α=1.000, ‖θ[1:]‖₁=9.883, num_selected_knots=44
2025-09-02 01:32:49,124 - Iter 295: obj=-4591.654109, change=1.84e-03, α=1.000, ‖θ[1:]‖₁=9.883, num_selected_knots=44
2025-09-02 01:32:54,431 - Iter 296: obj=-4591.657890, change=1.83e-03, α=1.000, ‖θ[1:]‖₁=9.883, num_selected_knots=44
2025-09-02 01:32:59,714 - Iter 297: obj=-4591.661671, change=1.83e-03, α=1.000, ‖θ[1:]‖₁=9.882, num_selected_knots=44
2025-09-02 01:33:04,996 - Iter 298: obj=-4591.667171, change=3.14e-03, α=1.000, ‖θ[1:]‖₁=9.882, num_selected_knots=43
2025-09-02 01:33:10,139 - Iter 299: obj=-4591.672627, change=3.02e-03, α=1.000, ‖θ[1:]‖₁=9.882, num_selected_knots=43
2025-09-02 01:33:15,483 - Iter 300: obj=-4591.677875, change=2.88e-03, α=1.000, ‖θ[1:]‖₁=9.882, num_selected_knots=43
2025-09-02 01:33:20,919 - Iter 301: obj=-4591.682939, change=2.76e-03, α=1.000, ‖θ[1:]‖₁=9.882, num_selected_knots=43
2025-09-02 01:33:26,198 - Iter 302: obj=-4591.687844, change=2.65e-03, α=1.000, ‖θ[1:]‖₁=9.882, num_selected_knots=43
2025-09-02 01:33:31,528 - Iter 303: obj=-4591.692614, change=2.56e-03, α=1.000, ‖θ[1:]‖₁=9.882, num_selected_knots=43
2025-09-02 01:33:36,756 - Iter 304: obj=-4591.697271, change=2.48e-03, α=1.000, ‖θ[1:]‖₁=9.882, num_selected_knots=43
2025-09-02 01:33:42,109 - Iter 305: obj=-4591.701831, change=2.41e-03, α=1.000, ‖θ[1:]‖₁=9.882, num_selected_knots=43
2025-09-02 01:33:47,332 - Iter 306: obj=-4591.706308, change=2.35e-03, α=1.000, ‖θ[1:]‖₁=9.882, num_selected_knots=43
2025-09-02 01:33:52,704 - Iter 307: obj=-4591.710716, change=2.30e-03, α=1.000, ‖θ[1:]‖₁=9.882, num_selected_knots=43
2025-09-02 01:33:58,170 - Iter 308: obj=-4591.715063, change=2.25e-03, α=1.000, ‖θ[1:]‖₁=9.882, num_selected_knots=43
2025-09-02 01:34:03,513 - Iter 309: obj=-4591.719359, change=2.20e-03, α=1.000, ‖θ[1:]‖₁=9.882, num_selected_knots=43
2025-09-02 01:34:08,808 - Iter 310: obj=-4591.723609, change=2.17e-03, α=1.000, ‖θ[1:]‖₁=9.882, num_selected_knots=43
2025-09-02 01:34:14,128 - Iter 311: obj=-4591.727819, change=2.13e-03, α=1.000, ‖θ[1:]‖₁=9.882, num_selected_knots=43
2025-09-02 01:34:19,427 - Iter 312: obj=-4591.731995, change=2.10e-03, α=1.000, ‖θ[1:]‖₁=9.882, num_selected_knots=43
2025-09-02 01:34:24,717 - Iter 313: obj=-4591.736139, change=2.08e-03, α=1.000, ‖θ[1:]‖₁=9.882, num_selected_knots=43
2025-09-02 01:34:29,922 - Iter 314: obj=-4591.740494, change=2.05e-03, α=1.000, ‖θ[1:]‖₁=9.882, num_selected_knots=42
2025-09-02 01:34:35,210 - Iter 315: obj=-4591.745419, change=2.02e-03, α=1.000, ‖θ[1:]‖₁=9.883, num_selected_knots=42
2025-09-02 01:34:40,382 - Iter 316: obj=-4591.750312, change=2.01e-03, α=1.000, ‖θ[1:]‖₁=9.883, num_selected_knots=42
2025-09-02 01:34:45,663 - Iter 317: obj=-4591.755111, change=1.99e-03, α=1.000, ‖θ[1:]‖₁=9.884, num_selected_knots=42
2025-09-02 01:34:50,892 - Iter 318: obj=-4591.759818, change=1.98e-03, α=1.000, ‖θ[1:]‖₁=9.885, num_selected_knots=42
2025-09-02 01:34:56,377 - Iter 319: obj=-4591.764446, change=1.97e-03, α=1.000, ‖θ[1:]‖₁=9.885, num_selected_knots=42
2025-09-02 01:35:01,622 - Iter 320: obj=-4591.769009, change=1.96e-03, α=1.000, ‖θ[1:]‖₁=9.886, num_selected_knots=42
2025-09-02 01:35:06,940 - Iter 321: obj=-4591.773518, change=1.95e-03, α=1.000, ‖θ[1:]‖₁=9.886, num_selected_knots=42
2025-09-02 01:35:12,151 - Iter 322: obj=-4591.777981, change=1.94e-03, α=1.000, ‖θ[1:]‖₁=9.886, num_selected_knots=42
2025-09-02 01:35:17,567 - Iter 323: obj=-4591.782404, change=1.93e-03, α=1.000, ‖θ[1:]‖₁=9.887, num_selected_knots=42
2025-09-02 01:35:22,911 - Iter 324: obj=-4591.786793, change=1.92e-03, α=1.000, ‖θ[1:]‖₁=9.887, num_selected_knots=42
2025-09-02 01:35:28,209 - Iter 325: obj=-4591.791153, change=1.92e-03, α=1.000, ‖θ[1:]‖₁=9.887, num_selected_knots=42
2025-09-02 01:35:33,411 - Iter 326: obj=-4591.795487, change=1.91e-03, α=1.000, ‖θ[1:]‖₁=9.887, num_selected_knots=42
2025-09-02 01:35:38,741 - Iter 327: obj=-4591.799799, change=1.91e-03, α=1.000, ‖θ[1:]‖₁=9.887, num_selected_knots=42
2025-09-02 01:35:44,011 - Iter 328: obj=-4591.804090, change=1.90e-03, α=1.000, ‖θ[1:]‖₁=9.888, num_selected_knots=42
2025-09-02 01:35:49,373 - Iter 329: obj=-4591.808363, change=1.90e-03, α=1.000, ‖θ[1:]‖₁=9.888, num_selected_knots=42
2025-09-02 01:35:54,663 - Iter 330: obj=-4591.812620, change=1.89e-03, α=1.000, ‖θ[1:]‖₁=9.888, num_selected_knots=42
2025-09-02 01:35:59,974 - Iter 331: obj=-4591.816863, change=1.89e-03, α=1.000, ‖θ[1:]‖₁=9.888, num_selected_knots=42
2025-09-02 01:36:05,382 - Iter 332: obj=-4591.821093, change=1.89e-03, α=1.000, ‖θ[1:]‖₁=9.888, num_selected_knots=42
2025-09-02 01:36:10,659 - Iter 333: obj=-4591.825310, change=1.89e-03, α=1.000, ‖θ[1:]‖₁=9.888, num_selected_knots=42
2025-09-02 01:36:15,862 - Iter 334: obj=-4591.829517, change=1.88e-03, α=1.000, ‖θ[1:]‖₁=9.888, num_selected_knots=42
2025-09-02 01:36:21,177 - Iter 335: obj=-4591.833713, change=1.88e-03, α=1.000, ‖θ[1:]‖₁=9.888, num_selected_knots=42
2025-09-02 01:36:26,409 - Iter 336: obj=-4591.837900, change=1.88e-03, α=1.000, ‖θ[1:]‖₁=9.888, num_selected_knots=42
2025-09-02 01:36:31,609 - Iter 337: obj=-4591.842079, change=1.88e-03, α=1.000, ‖θ[1:]‖₁=9.888, num_selected_knots=42
2025-09-02 01:36:36,924 - Iter 338: obj=-4591.846249, change=1.88e-03, α=1.000, ‖θ[1:]‖₁=9.888, num_selected_knots=42
2025-09-02 01:36:42,219 - Iter 339: obj=-4591.850412, change=1.88e-03, α=1.000, ‖θ[1:]‖₁=9.888, num_selected_knots=42
2025-09-02 01:36:47,289 - Iter 340: obj=-4591.854567, change=1.88e-03, α=1.000, ‖θ[1:]‖₁=9.888, num_selected_knots=42
2025-09-02 01:36:52,587 - Iter 341: obj=-4591.858716, change=1.88e-03, α=1.000, ‖θ[1:]‖₁=9.888, num_selected_knots=42
2025-09-02 01:36:57,936 - Iter 342: obj=-4591.862858, change=1.88e-03, α=1.000, ‖θ[1:]‖₁=9.888, num_selected_knots=42
2025-09-02 01:37:03,118 - Iter 343: obj=-4591.867539, change=1.91e-03, α=1.000, ‖θ[1:]‖₁=9.888, num_selected_knots=42
2025-09-02 01:37:08,316 - Iter 344: obj=-4591.872895, change=2.62e-03, α=1.000, ‖θ[1:]‖₁=9.888, num_selected_knots=42
2025-09-02 01:37:13,607 - Iter 345: obj=-4591.878924, change=2.97e-03, α=1.000, ‖θ[1:]‖₁=9.888, num_selected_knots=41
2025-09-02 01:37:19,048 - Iter 346: obj=-4591.885222, change=2.86e-03, α=1.000, ‖θ[1:]‖₁=9.888, num_selected_knots=41
2025-09-02 01:37:24,261 - Iter 347: obj=-4591.891302, change=2.75e-03, α=1.000, ‖θ[1:]‖₁=9.888, num_selected_knots=41
2025-09-02 01:37:29,519 - Iter 348: obj=-4591.897236, change=2.69e-03, α=1.000, ‖θ[1:]‖₁=9.888, num_selected_knots=41
2025-09-02 01:37:34,801 - Iter 349: obj=-4591.903060, change=2.65e-03, α=1.000, ‖θ[1:]‖₁=9.888, num_selected_knots=41
2025-09-02 01:37:40,048 - Iter 350: obj=-4591.908799, change=2.64e-03, α=1.000, ‖θ[1:]‖₁=9.888, num_selected_knots=41
2025-09-02 01:37:45,526 - Iter 351: obj=-4591.914478, change=1.96e-03, α=1.000, ‖θ[1:]‖₁=9.888, num_selected_knots=40
2025-09-02 01:37:50,917 - Iter 352: obj=-4591.920155, change=2.36e-03, α=1.000, ‖θ[1:]‖₁=9.888, num_selected_knots=40
2025-09-02 01:37:56,305 - Iter 353: obj=-4591.925397, change=1.91e-03, α=1.000, ‖θ[1:]‖₁=9.888, num_selected_knots=40
2025-09-02 01:38:01,590 - Iter 354: obj=-4591.930434, change=1.90e-03, α=1.000, ‖θ[1:]‖₁=9.888, num_selected_knots=40
2025-09-02 01:38:06,772 - Iter 355: obj=-4591.935280, change=1.90e-03, α=1.000, ‖θ[1:]‖₁=9.888, num_selected_knots=40
2025-09-02 01:38:12,006 - Iter 356: obj=-4591.939943, change=1.89e-03, α=1.000, ‖θ[1:]‖₁=9.887, num_selected_knots=40
2025-09-02 01:38:17,192 - Iter 357: obj=-4591.944473, change=1.89e-03, α=1.000, ‖θ[1:]‖₁=9.887, num_selected_knots=40
2025-09-02 01:38:22,472 - Iter 358: obj=-4591.948904, change=1.89e-03, α=1.000, ‖θ[1:]‖₁=9.887, num_selected_knots=40
2025-09-02 01:38:27,713 - Iter 359: obj=-4591.953254, change=1.90e-03, α=1.000, ‖θ[1:]‖₁=9.887, num_selected_knots=40
2025-09-02 01:38:32,946 - Iter 360: obj=-4591.957532, change=1.90e-03, α=1.000, ‖θ[1:]‖₁=9.887, num_selected_knots=40
2025-09-02 01:38:38,260 - Iter 361: obj=-4591.961742, change=1.90e-03, α=1.000, ‖θ[1:]‖₁=9.887, num_selected_knots=40
2025-09-02 01:38:43,529 - Iter 362: obj=-4591.965888, change=1.90e-03, α=1.000, ‖θ[1:]‖₁=9.887, num_selected_knots=40
2025-09-02 01:38:48,850 - Iter 363: obj=-4591.969971, change=1.90e-03, α=1.000, ‖θ[1:]‖₁=9.887, num_selected_knots=40
2025-09-02 01:38:54,072 - Iter 364: obj=-4591.973993, change=1.90e-03, α=1.000, ‖θ[1:]‖₁=9.887, num_selected_knots=40
2025-09-02 01:38:59,395 - Iter 365: obj=-4591.977955, change=1.90e-03, α=1.000, ‖θ[1:]‖₁=9.887, num_selected_knots=40
2025-09-02 01:39:04,566 - Iter 366: obj=-4591.981858, change=1.91e-03, α=1.000, ‖θ[1:]‖₁=9.887, num_selected_knots=40
2025-09-02 01:39:09,916 - Iter 367: obj=-4591.985704, change=1.91e-03, α=1.000, ‖θ[1:]‖₁=9.887, num_selected_knots=40
2025-09-02 01:39:15,199 - Iter 368: obj=-4591.989495, change=1.91e-03, α=1.000, ‖θ[1:]‖₁=9.887, num_selected_knots=40
2025-09-02 01:39:20,595 - Iter 369: obj=-4591.993232, change=1.91e-03, α=1.000, ‖θ[1:]‖₁=9.887, num_selected_knots=40
2025-09-02 01:39:25,876 - Iter 370: obj=-4591.996917, change=1.91e-03, α=1.000, ‖θ[1:]‖₁=9.887, num_selected_knots=40
2025-09-02 01:39:31,197 - Iter 371: obj=-4592.000551, change=1.91e-03, α=1.000, ‖θ[1:]‖₁=9.887, num_selected_knots=40
2025-09-02 01:39:36,457 - Iter 372: obj=-4592.004136, change=1.91e-03, α=1.000, ‖θ[1:]‖₁=9.887, num_selected_knots=40
2025-09-02 01:39:41,839 - Iter 373: obj=-4592.007675, change=1.91e-03, α=1.000, ‖θ[1:]‖₁=9.887, num_selected_knots=40
2025-09-02 01:39:46,979 - Iter 374: obj=-4592.011169, change=1.92e-03, α=1.000, ‖θ[1:]‖₁=9.887, num_selected_knots=40
2025-09-02 01:39:52,402 - Iter 375: obj=-4592.014640, change=1.92e-03, α=1.000, ‖θ[1:]‖₁=9.887, num_selected_knots=40
2025-09-02 01:39:57,838 - Iter 376: obj=-4592.018269, change=1.92e-03, α=1.000, ‖θ[1:]‖₁=9.887, num_selected_knots=40
2025-09-02 01:40:03,121 - Iter 377: obj=-4592.022025, change=1.92e-03, α=1.000, ‖θ[1:]‖₁=9.887, num_selected_knots=40
2025-09-02 01:40:08,403 - Iter 378: obj=-4592.025892, change=1.95e-03, α=1.000, ‖θ[1:]‖₁=9.887, num_selected_knots=41
2025-09-02 01:40:13,610 - Iter 379: obj=-4592.029881, change=2.28e-03, α=1.000, ‖θ[1:]‖₁=9.887, num_selected_knots=41
2025-09-02 01:40:18,914 - Iter 380: obj=-4592.034043, change=2.62e-03, α=1.000, ‖θ[1:]‖₁=9.887, num_selected_knots=40
2025-09-02 01:40:24,257 - Iter 381: obj=-4592.038361, change=2.97e-03, α=1.000, ‖θ[1:]‖₁=9.887, num_selected_knots=40
2025-09-02 01:40:29,625 - Iter 382: obj=-4592.042577, change=2.88e-03, α=1.000, ‖θ[1:]‖₁=9.887, num_selected_knots=40
2025-09-02 01:40:34,903 - Iter 383: obj=-4592.046701, change=2.83e-03, α=1.000, ‖θ[1:]‖₁=9.887, num_selected_knots=40
2025-09-02 01:40:40,252 - Iter 384: obj=-4592.050759, change=2.78e-03, α=1.000, ‖θ[1:]‖₁=9.887, num_selected_knots=40
2025-09-02 01:40:45,555 - Iter 385: obj=-4592.054763, change=2.73e-03, α=1.000, ‖θ[1:]‖₁=9.887, num_selected_knots=40
2025-09-02 01:40:50,837 - Iter 386: obj=-4592.058724, change=2.68e-03, α=1.000, ‖θ[1:]‖₁=9.887, num_selected_knots=40
2025-09-02 01:40:56,137 - Iter 387: obj=-4592.062649, change=2.62e-03, α=1.000, ‖θ[1:]‖₁=9.887, num_selected_knots=40
2025-09-02 01:41:01,369 - Iter 388: obj=-4592.066542, change=2.57e-03, α=1.000, ‖θ[1:]‖₁=9.887, num_selected_knots=40
2025-09-02 01:41:06,730 - Iter 389: obj=-4592.070406, change=2.51e-03, α=1.000, ‖θ[1:]‖₁=9.887, num_selected_knots=40
2025-09-02 01:41:11,941 - Iter 390: obj=-4592.074243, change=2.45e-03, α=1.000, ‖θ[1:]‖₁=9.887, num_selected_knots=40
2025-09-02 01:41:17,414 - Iter 391: obj=-4592.078057, change=2.40e-03, α=1.000, ‖θ[1:]‖₁=9.887, num_selected_knots=40
2025-09-02 01:41:22,681 - Iter 392: obj=-4592.081847, change=2.34e-03, α=1.000, ‖θ[1:]‖₁=9.887, num_selected_knots=40
2025-09-02 01:41:27,989 - Iter 393: obj=-4592.085617, change=2.29e-03, α=1.000, ‖θ[1:]‖₁=9.887, num_selected_knots=40
2025-09-02 01:41:33,256 - Iter 394: obj=-4592.089366, change=2.23e-03, α=1.000, ‖θ[1:]‖₁=9.887, num_selected_knots=40
2025-09-02 01:41:38,622 - Iter 395: obj=-4592.093097, change=2.18e-03, α=1.000, ‖θ[1:]‖₁=9.887, num_selected_knots=40
2025-09-02 01:41:43,904 - Iter 396: obj=-4592.096810, change=2.13e-03, α=1.000, ‖θ[1:]‖₁=9.887, num_selected_knots=40
2025-09-02 01:41:49,228 - Iter 397: obj=-4592.100506, change=2.08e-03, α=1.000, ‖θ[1:]‖₁=9.887, num_selected_knots=40
2025-09-02 01:41:54,408 - Iter 398: obj=-4592.104186, change=2.03e-03, α=1.000, ‖θ[1:]‖₁=9.887, num_selected_knots=40
2025-09-02 01:41:59,706 - Iter 399: obj=-4592.107850, change=1.98e-03, α=1.000, ‖θ[1:]‖₁=9.887, num_selected_knots=40
2025-09-02 01:42:04,928 - Iter 400: obj=-4592.111500, change=1.97e-03, α=1.000, ‖θ[1:]‖₁=9.887, num_selected_knots=40
2025-09-02 01:42:10,279 - Iter 401: obj=-4592.115136, change=1.96e-03, α=1.000, ‖θ[1:]‖₁=9.887, num_selected_knots=40
2025-09-02 01:42:15,559 - Iter 402: obj=-4592.118759, change=1.95e-03, α=1.000, ‖θ[1:]‖₁=9.887, num_selected_knots=40
2025-09-02 01:42:20,855 - Iter 403: obj=-4592.122369, change=1.94e-03, α=1.000, ‖θ[1:]‖₁=9.887, num_selected_knots=40
2025-09-02 01:42:26,158 - Iter 404: obj=-4592.125985, change=1.93e-03, α=1.000, ‖θ[1:]‖₁=9.887, num_selected_knots=40
2025-09-02 01:42:31,294 - Iter 405: obj=-4592.129617, change=1.94e-03, α=1.000, ‖θ[1:]‖₁=9.887, num_selected_knots=40
2025-09-02 01:42:36,608 - Iter 406: obj=-4592.133249, change=1.95e-03, α=1.000, ‖θ[1:]‖₁=9.887, num_selected_knots=40
2025-09-02 01:42:41,800 - Iter 407: obj=-4592.136872, change=1.95e-03, α=1.000, ‖θ[1:]‖₁=9.887, num_selected_knots=40
2025-09-02 01:42:47,111 - Iter 408: obj=-4592.140484, change=1.96e-03, α=1.000, ‖θ[1:]‖₁=9.888, num_selected_knots=40
2025-09-02 01:42:52,357 - Iter 409: obj=-4592.144079, change=1.96e-03, α=1.000, ‖θ[1:]‖₁=9.888, num_selected_knots=40
2025-09-02 01:42:57,747 - Iter 410: obj=-4592.147653, change=1.96e-03, α=1.000, ‖θ[1:]‖₁=9.888, num_selected_knots=39
2025-09-02 01:43:03,201 - Iter 411: obj=-4592.151194, change=1.97e-03, α=1.000, ‖θ[1:]‖₁=9.889, num_selected_knots=39
2025-09-02 01:43:08,526 - Iter 412: obj=-4592.154735, change=1.96e-03, α=1.000, ‖θ[1:]‖₁=9.889, num_selected_knots=39
2025-09-02 01:43:13,817 - Iter 413: obj=-4592.158256, change=1.95e-03, α=1.000, ‖θ[1:]‖₁=9.889, num_selected_knots=39
2025-09-02 01:43:19,268 - Iter 414: obj=-4592.161747, change=1.95e-03, α=1.000, ‖θ[1:]‖₁=9.889, num_selected_knots=39
2025-09-02 01:43:24,580 - Iter 415: obj=-4592.165210, change=1.94e-03, α=1.000, ‖θ[1:]‖₁=9.889, num_selected_knots=39
2025-09-02 01:43:29,833 - Iter 416: obj=-4592.168648, change=1.94e-03, α=1.000, ‖θ[1:]‖₁=9.890, num_selected_knots=39
2025-09-02 01:43:35,131 - Iter 417: obj=-4592.172063, change=1.93e-03, α=1.000, ‖θ[1:]‖₁=9.890, num_selected_knots=39
2025-09-02 01:43:40,438 - Iter 418: obj=-4592.175458, change=1.93e-03, α=1.000, ‖θ[1:]‖₁=9.890, num_selected_knots=39
2025-09-02 01:43:45,681 - Iter 419: obj=-4592.178834, change=1.93e-03, α=1.000, ‖θ[1:]‖₁=9.890, num_selected_knots=39
2025-09-02 01:43:51,059 - Iter 420: obj=-4592.182192, change=1.92e-03, α=1.000, ‖θ[1:]‖₁=9.890, num_selected_knots=39
2025-09-02 01:43:56,281 - Iter 421: obj=-4592.185535, change=1.92e-03, α=1.000, ‖θ[1:]‖₁=9.890, num_selected_knots=39
2025-09-02 01:44:01,572 - Iter 422: obj=-4592.188863, change=1.92e-03, α=1.000, ‖θ[1:]‖₁=9.890, num_selected_knots=39
2025-09-02 01:44:06,863 - Iter 423: obj=-4592.192178, change=1.92e-03, α=1.000, ‖θ[1:]‖₁=9.890, num_selected_knots=39
2025-09-02 01:44:12,115 - Iter 424: obj=-4592.195480, change=1.91e-03, α=1.000, ‖θ[1:]‖₁=9.890, num_selected_knots=39
2025-09-02 01:44:17,417 - Iter 425: obj=-4592.198770, change=1.91e-03, α=1.000, ‖θ[1:]‖₁=9.891, num_selected_knots=39
2025-09-02 01:44:22,672 - Iter 426: obj=-4592.202049, change=1.91e-03, α=1.000, ‖θ[1:]‖₁=9.891, num_selected_knots=39
2025-09-02 01:44:27,952 - Iter 427: obj=-4592.205318, change=1.91e-03, α=1.000, ‖θ[1:]‖₁=9.891, num_selected_knots=39
2025-09-02 01:44:33,166 - Iter 428: obj=-4592.208577, change=1.91e-03, α=1.000, ‖θ[1:]‖₁=9.891, num_selected_knots=39
2025-09-02 01:44:38,562 - Iter 429: obj=-4592.211827, change=1.90e-03, α=1.000, ‖θ[1:]‖₁=9.891, num_selected_knots=39
2025-09-02 01:44:43,774 - Iter 430: obj=-4592.215068, change=1.90e-03, α=1.000, ‖θ[1:]‖₁=9.891, num_selected_knots=39
2025-09-02 01:44:49,128 - Iter 431: obj=-4592.218302, change=1.90e-03, α=1.000, ‖θ[1:]‖₁=9.891, num_selected_knots=38
2025-09-02 01:44:54,464 - Iter 432: obj=-4592.221527, change=1.90e-03, α=1.000, ‖θ[1:]‖₁=9.891, num_selected_knots=38
2025-09-02 01:44:59,808 - Iter 433: obj=-4592.224547, change=1.90e-03, α=1.000, ‖θ[1:]‖₁=9.891, num_selected_knots=38
2025-09-02 01:45:05,144 - Iter 434: obj=-4592.227412, change=1.89e-03, α=1.000, ‖θ[1:]‖₁=9.891, num_selected_knots=38
2025-09-02 01:45:10,515 - Iter 435: obj=-4592.230248, change=1.90e-03, α=1.000, ‖θ[1:]‖₁=9.892, num_selected_knots=38
2025-09-02 01:45:15,950 - Iter 436: obj=-4592.233092, change=1.90e-03, α=1.000, ‖θ[1:]‖₁=9.892, num_selected_knots=38
2025-09-02 01:45:21,335 - Iter 437: obj=-4592.235930, change=1.89e-03, α=1.000, ‖θ[1:]‖₁=9.892, num_selected_knots=38
2025-09-02 01:45:26,582 - Iter 438: obj=-4592.238758, change=1.89e-03, α=1.000, ‖θ[1:]‖₁=9.892, num_selected_knots=38
2025-09-02 01:45:31,869 - Iter 439: obj=-4592.241576, change=1.89e-03, α=1.000, ‖θ[1:]‖₁=9.893, num_selected_knots=38
2025-09-02 01:45:37,165 - Iter 440: obj=-4592.244387, change=1.89e-03, α=1.000, ‖θ[1:]‖₁=9.893, num_selected_knots=38
2025-09-02 01:45:42,471 - Iter 441: obj=-4592.247191, change=1.89e-03, α=1.000, ‖θ[1:]‖₁=9.893, num_selected_knots=38
2025-09-02 01:45:47,729 - Iter 442: obj=-4592.249989, change=1.89e-03, α=1.000, ‖θ[1:]‖₁=9.893, num_selected_knots=38
2025-09-02 01:45:53,111 - Iter 443: obj=-4592.252779, change=1.89e-03, α=1.000, ‖θ[1:]‖₁=9.893, num_selected_knots=38
2025-09-02 01:45:58,460 - Iter 444: obj=-4592.255563, change=1.89e-03, α=1.000, ‖θ[1:]‖₁=9.893, num_selected_knots=38
2025-09-02 01:46:03,908 - Iter 445: obj=-4592.258340, change=1.89e-03, α=1.000, ‖θ[1:]‖₁=9.894, num_selected_knots=38
2025-09-02 01:46:09,229 - Iter 446: obj=-4592.261109, change=1.89e-03, α=1.000, ‖θ[1:]‖₁=9.894, num_selected_knots=38
2025-09-02 01:46:14,582 - Iter 447: obj=-4592.263872, change=1.89e-03, α=1.000, ‖θ[1:]‖₁=9.894, num_selected_knots=38
2025-09-02 01:46:19,844 - Iter 448: obj=-4592.266627, change=1.89e-03, α=1.000, ‖θ[1:]‖₁=9.894, num_selected_knots=38
2025-09-02 01:46:25,160 - Iter 449: obj=-4592.269375, change=1.89e-03, α=1.000, ‖θ[1:]‖₁=9.894, num_selected_knots=38
2025-09-02 01:46:30,417 - Iter 450: obj=-4592.272116, change=1.89e-03, α=1.000, ‖θ[1:]‖₁=9.894, num_selected_knots=38
2025-09-02 01:46:35,777 - Iter 451: obj=-4592.274849, change=1.89e-03, α=1.000, ‖θ[1:]‖₁=9.894, num_selected_knots=38
2025-09-02 01:46:41,014 - Iter 452: obj=-4592.277574, change=1.84e-03, α=1.000, ‖θ[1:]‖₁=9.894, num_selected_knots=37
2025-09-02 01:46:46,326 - Iter 453: obj=-4592.281597, change=2.64e-03, α=1.000, ‖θ[1:]‖₁=9.894, num_selected_knots=37
2025-09-02 01:46:51,586 - Iter 454: obj=-4592.285434, change=2.43e-03, α=1.000, ‖θ[1:]‖₁=9.894, num_selected_knots=37
2025-09-02 01:46:56,992 - Iter 455: obj=-4592.289017, change=2.28e-03, α=1.000, ‖θ[1:]‖₁=9.894, num_selected_knots=37
2025-09-02 01:47:02,255 - Iter 456: obj=-4592.292404, change=2.16e-03, α=1.000, ‖θ[1:]‖₁=9.894, num_selected_knots=37
2025-09-02 01:47:07,586 - Iter 457: obj=-4592.295635, change=2.07e-03, α=1.000, ‖θ[1:]‖₁=9.894, num_selected_knots=37
2025-09-02 01:47:12,808 - Iter 458: obj=-4592.298739, change=2.00e-03, α=1.000, ‖θ[1:]‖₁=9.894, num_selected_knots=37
2025-09-02 01:47:18,270 - Iter 459: obj=-4592.301736, change=1.93e-03, α=1.000, ‖θ[1:]‖₁=9.894, num_selected_knots=37
2025-09-02 01:47:23,529 - Iter 460: obj=-4592.304639, change=1.88e-03, α=1.000, ‖θ[1:]‖₁=9.894, num_selected_knots=37
2025-09-02 01:47:28,842 - Iter 461: obj=-4592.307462, change=1.83e-03, α=1.000, ‖θ[1:]‖₁=9.894, num_selected_knots=37
2025-09-02 01:47:34,090 - Iter 462: obj=-4592.310214, change=1.79e-03, α=1.000, ‖θ[1:]‖₁=9.894, num_selected_knots=37
2025-09-02 01:47:39,425 - Iter 463: obj=-4592.312901, change=1.75e-03, α=1.000, ‖θ[1:]‖₁=9.894, num_selected_knots=37
2025-09-02 01:47:44,604 - Iter 464: obj=-4592.315532, change=1.72e-03, α=1.000, ‖θ[1:]‖₁=9.894, num_selected_knots=37
2025-09-02 01:47:49,809 - Iter 465: obj=-4592.318109, change=1.69e-03, α=1.000, ‖θ[1:]‖₁=9.894, num_selected_knots=37
2025-09-02 01:47:55,181 - Iter 466: obj=-4592.320639, change=1.66e-03, α=1.000, ‖θ[1:]‖₁=9.894, num_selected_knots=37
2025-09-02 01:48:00,473 - Iter 467: obj=-4592.323125, change=1.63e-03, α=1.000, ‖θ[1:]‖₁=9.894, num_selected_knots=37
2025-09-02 01:48:05,788 - Iter 468: obj=-4592.325570, change=1.60e-03, α=1.000, ‖θ[1:]‖₁=9.894, num_selected_knots=37
2025-09-02 01:48:11,103 - Iter 469: obj=-4592.327978, change=1.58e-03, α=1.000, ‖θ[1:]‖₁=9.894, num_selected_knots=37
2025-09-02 01:48:16,442 - Iter 470: obj=-4592.330350, change=1.56e-03, α=1.000, ‖θ[1:]‖₁=9.894, num_selected_knots=37
2025-09-02 01:48:21,664 - Iter 471: obj=-4592.332689, change=1.54e-03, α=1.000, ‖θ[1:]‖₁=9.894, num_selected_knots=37
2025-09-02 01:48:26,944 - Iter 472: obj=-4592.334997, change=1.52e-03, α=1.000, ‖θ[1:]‖₁=9.894, num_selected_knots=37
2025-09-02 01:48:32,253 - Iter 473: obj=-4592.337276, change=1.50e-03, α=1.000, ‖θ[1:]‖₁=9.894, num_selected_knots=37
2025-09-02 01:48:37,515 - Iter 474: obj=-4592.339527, change=1.49e-03, α=1.000, ‖θ[1:]‖₁=9.894, num_selected_knots=37
2025-09-02 01:48:42,807 - Iter 475: obj=-4592.341753, change=1.47e-03, α=1.000, ‖θ[1:]‖₁=9.894, num_selected_knots=37
2025-09-02 01:48:48,094 - Iter 476: obj=-4592.343954, change=1.45e-03, α=1.000, ‖θ[1:]‖₁=9.894, num_selected_knots=37
2025-09-02 01:48:53,427 - Iter 477: obj=-4592.346132, change=1.44e-03, α=1.000, ‖θ[1:]‖₁=9.894, num_selected_knots=37
2025-09-02 01:48:58,758 - Iter 478: obj=-4592.348288, change=1.43e-03, α=1.000, ‖θ[1:]‖₁=9.894, num_selected_knots=37
2025-09-02 01:49:04,159 - Iter 479: obj=-4592.350423, change=1.42e-03, α=1.000, ‖θ[1:]‖₁=9.894, num_selected_knots=37
2025-09-02 01:49:09,552 - Iter 480: obj=-4592.352538, change=1.41e-03, α=1.000, ‖θ[1:]‖₁=9.894, num_selected_knots=37
2025-09-02 01:49:15,008 - Iter 481: obj=-4592.354633, change=1.42e-03, α=1.000, ‖θ[1:]‖₁=9.894, num_selected_knots=37
2025-09-02 01:49:20,324 - Iter 482: obj=-4592.356711, change=1.43e-03, α=1.000, ‖θ[1:]‖₁=9.894, num_selected_knots=37
2025-09-02 01:49:25,604 - Iter 483: obj=-4592.358770, change=1.44e-03, α=1.000, ‖θ[1:]‖₁=9.894, num_selected_knots=37
2025-09-02 01:49:30,873 - Iter 484: obj=-4592.360813, change=1.45e-03, α=1.000, ‖θ[1:]‖₁=9.894, num_selected_knots=37
2025-09-02 01:49:36,150 - Iter 485: obj=-4592.362840, change=1.46e-03, α=1.000, ‖θ[1:]‖₁=9.894, num_selected_knots=37
2025-09-02 01:49:41,433 - Iter 486: obj=-4592.364852, change=1.47e-03, α=1.000, ‖θ[1:]‖₁=9.894, num_selected_knots=37
2025-09-02 01:49:46,716 - Iter 487: obj=-4592.366848, change=1.48e-03, α=1.000, ‖θ[1:]‖₁=9.894, num_selected_knots=37
2025-09-02 01:49:52,139 - Iter 488: obj=-4592.368830, change=1.49e-03, α=1.000, ‖θ[1:]‖₁=9.894, num_selected_knots=37
2025-09-02 01:49:57,534 - Iter 489: obj=-4592.370797, change=1.50e-03, α=1.000, ‖θ[1:]‖₁=9.894, num_selected_knots=37
2025-09-02 01:50:02,683 - Iter 490: obj=-4592.372751, change=1.51e-03, α=1.000, ‖θ[1:]‖₁=9.894, num_selected_knots=37
2025-09-02 01:50:08,093 - Iter 491: obj=-4592.374692, change=1.52e-03, α=1.000, ‖θ[1:]‖₁=9.894, num_selected_knots=37
2025-09-02 01:50:13,259 - Iter 492: obj=-4592.376621, change=1.53e-03, α=1.000, ‖θ[1:]‖₁=9.894, num_selected_knots=37
2025-09-02 01:50:18,437 - Iter 493: obj=-4592.378537, change=1.53e-03, α=1.000, ‖θ[1:]‖₁=9.894, num_selected_knots=37
2025-09-02 01:50:23,739 - Iter 494: obj=-4592.380440, change=1.54e-03, α=1.000, ‖θ[1:]‖₁=9.894, num_selected_knots=37
2025-09-02 01:50:29,006 - Iter 495: obj=-4592.382333, change=1.55e-03, α=1.000, ‖θ[1:]‖₁=9.894, num_selected_knots=37
2025-09-02 01:50:34,329 - Iter 496: obj=-4592.384213, change=1.55e-03, α=1.000, ‖θ[1:]‖₁=9.894, num_selected_knots=37
2025-09-02 01:50:39,604 - Iter 497: obj=-4592.386083, change=1.56e-03, α=1.000, ‖θ[1:]‖₁=9.894, num_selected_knots=37
2025-09-02 01:50:44,882 - Iter 498: obj=-4592.387941, change=1.56e-03, α=1.000, ‖θ[1:]‖₁=9.894, num_selected_knots=37
2025-09-02 01:50:50,123 - Iter 499: obj=-4592.389789, change=1.57e-03, α=1.000, ‖θ[1:]‖₁=9.894, num_selected_knots=37
2025-09-02 01:50:55,498 - Iter 500: obj=-4592.391627, change=1.57e-03, α=1.000, ‖θ[1:]‖₁=9.894, num_selected_knots=37
2025-09-02 01:50:55,511 - Final: obj=-4592.393455, selected_knots=37, iterations=501
