2025-09-02 01:51:00,918 - ProximalNewton: lam=0.05, n_grid=200, cd_sweeps=2, basis_order=1, n_samples=3200, K=3202
2025-09-02 01:51:09,599 - Iter   0: obj=0.000000, change=2.18e+00, α=1.000, ‖θ[1:]‖₁=10.055, num_selected_knots=1949
2025-09-02 01:51:12,822 - Iter   1: obj=-867.732862, change=2.95e+00, α=1.000, ‖θ[1:]‖₁=26.664, num_selected_knots=2764
2025-09-02 01:51:16,216 - Iter   2: obj=-2012.804170, change=5.40e+00, α=1.000, ‖θ[1:]‖₁=52.902, num_selected_knots=3030
2025-09-02 01:51:19,412 - Iter   3: obj=-3358.447657, change=6.80e+00, α=1.000, ‖θ[1:]‖₁=83.792, num_selected_knots=3125
2025-09-02 01:51:22,637 - Iter   4: obj=-4449.360934, change=6.93e+00, α=1.000, ‖θ[1:]‖₁=115.100, num_selected_knots=3122
2025-09-02 01:51:25,868 - Iter   5: obj=-5073.661639, change=5.12e+00, α=1.000, ‖θ[1:]‖₁=139.813, num_selected_knots=3145
2025-09-02 01:51:29,039 - Iter   6: obj=-5260.612871, change=1.47e+00, α=1.000, ‖θ[1:]‖₁=145.019, num_selected_knots=3083
2025-09-02 01:51:32,261 - Iter   7: obj=-5270.539829, change=4.02e+00, α=1.000, ‖θ[1:]‖₁=147.711, num_selected_knots=3084
2025-09-02 01:51:35,476 - Iter   8: obj=-5276.542603, change=9.14e-01, α=1.000, ‖θ[1:]‖₁=157.889, num_selected_knots=3013
2025-09-02 01:51:38,634 - Iter   9: obj=-5279.926439, change=8.48e-01, α=1.000, ‖θ[1:]‖₁=167.398, num_selected_knots=2895
2025-09-02 01:51:41,901 - Iter  10: obj=-5280.214126, change=8.13e-01, α=1.000, ‖θ[1:]‖₁=176.159, num_selected_knots=2792
2025-09-02 01:51:45,145 - Iter  11: obj=-5280.934919, change=7.76e-01, α=1.000, ‖θ[1:]‖₁=184.373, num_selected_knots=2683
2025-09-02 01:51:48,314 - Iter  12: obj=-5282.112926, change=7.54e-01, α=1.000, ‖θ[1:]‖₁=191.975, num_selected_knots=2568
2025-09-02 01:51:51,525 - Iter  13: obj=-5283.372482, change=9.17e-01, α=1.000, ‖θ[1:]‖₁=199.266, num_selected_knots=2487
2025-09-02 01:51:54,897 - Iter  14: obj=-5284.666130, change=8.01e-01, α=1.000, ‖θ[1:]‖₁=206.597, num_selected_knots=2453
2025-09-02 01:51:58,083 - Iter  15: obj=-5286.031529, change=8.72e-01, α=1.000, ‖θ[1:]‖₁=213.805, num_selected_knots=2385
2025-09-02 01:52:01,464 - Iter  16: obj=-5287.522252, change=7.97e-01, α=1.000, ‖θ[1:]‖₁=220.825, num_selected_knots=2320
2025-09-02 01:52:04,678 - Iter  17: obj=-5289.174214, change=4.79e-01, α=1.000, ‖θ[1:]‖₁=227.791, num_selected_knots=2253
2025-09-02 01:52:12,318 - Iter  18: obj=-5290.967024, change=4.92e-01, α=1.000, ‖θ[1:]‖₁=234.775, num_selected_knots=2206
2025-09-02 01:52:15,621 - Iter  19: obj=-5292.862981, change=4.98e-01, α=1.000, ‖θ[1:]‖₁=241.848, num_selected_knots=2203
2025-09-02 01:52:18,885 - Iter  20: obj=-5294.808187, change=4.98e-01, α=1.000, ‖θ[1:]‖₁=248.790, num_selected_knots=2167
2025-09-02 01:52:22,068 - Iter  21: obj=-5296.749824, change=4.93e-01, α=1.000, ‖θ[1:]‖₁=255.708, num_selected_knots=2157
2025-09-02 01:52:25,305 - Iter  22: obj=-5298.630450, change=4.83e-01, α=1.000, ‖θ[1:]‖₁=263.062, num_selected_knots=2190
2025-09-02 01:52:28,622 - Iter  23: obj=-5300.405532, change=4.68e-01, α=1.000, ‖θ[1:]‖₁=270.261, num_selected_knots=2196
2025-09-02 01:52:31,791 - Iter  24: obj=-5302.047562, change=4.47e-01, α=1.000, ‖θ[1:]‖₁=277.201, num_selected_knots=2180
2025-09-02 01:52:35,036 - Iter  25: obj=-5303.536244, change=4.23e-01, α=1.000, ‖θ[1:]‖₁=283.872, num_selected_knots=2175
2025-09-02 01:52:38,252 - Iter  26: obj=-5304.864376, change=3.98e-01, α=1.000, ‖θ[1:]‖₁=290.651, num_selected_knots=2200
2025-09-02 01:52:41,425 - Iter  27: obj=-5306.027567, change=3.71e-01, α=1.000, ‖θ[1:]‖₁=297.248, num_selected_knots=2215
2025-09-02 01:52:44,642 - Iter  28: obj=-5307.030465, change=3.43e-01, α=1.000, ‖θ[1:]‖₁=303.584, num_selected_knots=2220
2025-09-02 01:52:47,835 - Iter  29: obj=-5307.885021, change=3.14e-01, α=1.000, ‖θ[1:]‖₁=309.664, num_selected_knots=2219
2025-09-02 01:52:51,057 - Iter  30: obj=-5308.602510, change=2.85e-01, α=1.000, ‖θ[1:]‖₁=315.493, num_selected_knots=2213
2025-09-02 01:52:54,585 - Iter  31: obj=-5309.194463, change=2.56e-01, α=1.000, ‖θ[1:]‖₁=321.075, num_selected_knots=2213
2025-09-02 01:52:57,898 - Iter  32: obj=-5309.672802, change=2.26e-01, α=1.000, ‖θ[1:]‖₁=326.424, num_selected_knots=2210
2025-09-02 01:53:01,755 - Iter  33: obj=-5310.054083, change=1.98e-01, α=1.000, ‖θ[1:]‖₁=331.695, num_selected_knots=2208
2025-09-02 01:53:04,985 - Iter  34: obj=-5310.351503, change=1.68e-01, α=1.000, ‖θ[1:]‖₁=336.784, num_selected_knots=2198
2025-09-02 01:53:08,264 - Iter  35: obj=-5310.580098, change=1.42e-01, α=1.000, ‖θ[1:]‖₁=341.817, num_selected_knots=2192
2025-09-02 01:53:16,209 - Iter  36: obj=-5310.753587, change=1.17e-01, α=1.000, ‖θ[1:]‖₁=346.628, num_selected_knots=2190
2025-09-02 01:53:19,410 - Iter  37: obj=-5310.883577, change=1.23e-01, α=1.000, ‖θ[1:]‖₁=351.223, num_selected_knots=2188
2025-09-02 01:53:22,541 - Iter  38: obj=-5310.980040, change=1.26e-01, α=1.000, ‖θ[1:]‖₁=355.606, num_selected_knots=2168
2025-09-02 01:53:25,706 - Iter  39: obj=-5311.051260, change=1.29e-01, α=1.000, ‖θ[1:]‖₁=359.784, num_selected_knots=2156
2025-09-02 01:53:28,877 - Iter  40: obj=-5311.107880, change=1.12e-01, α=1.000, ‖θ[1:]‖₁=363.765, num_selected_knots=2147
2025-09-02 01:53:32,026 - Iter  41: obj=-5311.158343, change=1.36e-01, α=1.000, ‖θ[1:]‖₁=367.558, num_selected_knots=2138
2025-09-02 01:53:35,198 - Iter  42: obj=-5311.208879, change=1.43e-01, α=1.000, ‖θ[1:]‖₁=371.172, num_selected_knots=2124
2025-09-02 01:53:38,348 - Iter  43: obj=-5311.266899, change=1.46e-01, α=1.000, ‖θ[1:]‖₁=374.618, num_selected_knots=2108
2025-09-02 01:53:41,465 - Iter  44: obj=-5311.336850, change=1.17e-01, α=1.000, ‖θ[1:]‖₁=377.908, num_selected_knots=2096
2025-09-02 01:53:44,596 - Iter  45: obj=-5311.422256, change=1.18e-01, α=1.000, ‖θ[1:]‖₁=381.061, num_selected_knots=2082
2025-09-02 01:53:47,769 - Iter  46: obj=-5311.525856, change=1.43e-01, α=1.000, ‖θ[1:]‖₁=384.117, num_selected_knots=2078
2025-09-02 01:53:50,905 - Iter  47: obj=-5311.649551, change=1.29e-01, α=1.000, ‖θ[1:]‖₁=387.574, num_selected_knots=2108
2025-09-02 01:53:54,072 - Iter  48: obj=-5311.780329, change=1.27e-01, α=1.000, ‖θ[1:]‖₁=391.083, num_selected_knots=2111
2025-09-02 01:53:57,243 - Iter  49: obj=-5311.923704, change=1.33e-01, α=1.000, ‖θ[1:]‖₁=394.556, num_selected_knots=2129
2025-09-02 01:54:00,487 - Iter  50: obj=-5312.084174, change=1.42e-01, α=1.000, ‖θ[1:]‖₁=397.949, num_selected_knots=2129
2025-09-02 01:54:03,662 - Iter  51: obj=-5312.261343, change=1.49e-01, α=1.000, ‖θ[1:]‖₁=401.286, num_selected_knots=2119
2025-09-02 01:54:06,850 - Iter  52: obj=-5312.453160, change=1.55e-01, α=1.000, ‖θ[1:]‖₁=404.552, num_selected_knots=2122
2025-09-02 01:54:10,151 - Iter  53: obj=-5312.658314, change=1.60e-01, α=1.000, ‖θ[1:]‖₁=407.905, num_selected_knots=2133
2025-09-02 01:54:13,374 - Iter  54: obj=-5312.872844, change=1.64e-01, α=1.000, ‖θ[1:]‖₁=411.282, num_selected_knots=2135
2025-09-02 01:54:16,567 - Iter  55: obj=-5313.094473, change=1.67e-01, α=1.000, ‖θ[1:]‖₁=414.624, num_selected_knots=2140
2025-09-02 01:54:19,785 - Iter  56: obj=-5313.322213, change=1.68e-01, α=1.000, ‖θ[1:]‖₁=417.932, num_selected_knots=2124
2025-09-02 01:54:22,931 - Iter  57: obj=-5313.553856, change=1.69e-01, α=1.000, ‖θ[1:]‖₁=421.200, num_selected_knots=2119
2025-09-02 01:54:26,491 - Iter  58: obj=-5313.787917, change=1.70e-01, α=1.000, ‖θ[1:]‖₁=424.436, num_selected_knots=2119
2025-09-02 01:54:29,716 - Iter  59: obj=-5314.021986, change=1.69e-01, α=1.000, ‖θ[1:]‖₁=427.637, num_selected_knots=2113
2025-09-02 01:54:32,908 - Iter  60: obj=-5314.253998, change=1.67e-01, α=1.000, ‖θ[1:]‖₁=430.808, num_selected_knots=2100
2025-09-02 01:54:36,156 - Iter  61: obj=-5314.482108, change=1.65e-01, α=1.000, ‖θ[1:]‖₁=433.953, num_selected_knots=2093
2025-09-02 01:54:39,441 - Iter  62: obj=-5314.705298, change=1.62e-01, α=1.000, ‖θ[1:]‖₁=437.073, num_selected_knots=2077
2025-09-02 01:54:42,663 - Iter  63: obj=-5314.922608, change=1.59e-01, α=1.000, ‖θ[1:]‖₁=440.175, num_selected_knots=2072
2025-09-02 01:54:45,900 - Iter  64: obj=-5315.132891, change=1.55e-01, α=1.000, ‖θ[1:]‖₁=443.251, num_selected_knots=2065
2025-09-02 01:54:49,222 - Iter  65: obj=-5315.336130, change=1.51e-01, α=1.000, ‖θ[1:]‖₁=446.350, num_selected_knots=2068
2025-09-02 01:54:54,198 - Iter  66: obj=-5315.530999, change=1.47e-01, α=1.000, ‖θ[1:]‖₁=449.466, num_selected_knots=2081
2025-09-02 01:54:57,393 - Iter  67: obj=-5315.717135, change=1.41e-01, α=1.000, ‖θ[1:]‖₁=452.567, num_selected_knots=2068
2025-09-02 01:55:00,658 - Iter  68: obj=-5315.893533, change=1.36e-01, α=1.000, ‖θ[1:]‖₁=455.651, num_selected_knots=2059
2025-09-02 01:55:03,916 - Iter  69: obj=-5316.059294, change=1.37e-01, α=1.000, ‖θ[1:]‖₁=458.714, num_selected_knots=2050
2025-09-02 01:55:07,210 - Iter  70: obj=-5316.215149, change=1.38e-01, α=1.000, ‖θ[1:]‖₁=461.760, num_selected_knots=2042
2025-09-02 01:55:10,467 - Iter  71: obj=-5316.361730, change=1.35e-01, α=1.000, ‖θ[1:]‖₁=464.789, num_selected_knots=2032
2025-09-02 01:55:13,983 - Iter  72: obj=-5316.498490, change=1.37e-01, α=1.000, ‖θ[1:]‖₁=467.804, num_selected_knots=2023
2025-09-02 01:55:21,536 - Iter  73: obj=-5316.626282, change=1.38e-01, α=1.000, ‖θ[1:]‖₁=470.809, num_selected_knots=2019
2025-09-02 01:55:24,665 - Iter  74: obj=-5316.745265, change=1.39e-01, α=1.000, ‖θ[1:]‖₁=473.807, num_selected_knots=2007
2025-09-02 01:55:27,932 - Iter  75: obj=-5316.856171, change=1.40e-01, α=1.000, ‖θ[1:]‖₁=476.798, num_selected_knots=2007
2025-09-02 01:55:34,498 - Iter  76: obj=-5316.959401, change=1.41e-01, α=1.000, ‖θ[1:]‖₁=479.783, num_selected_knots=1989
2025-09-02 01:55:37,954 - Iter  77: obj=-5317.055379, change=1.27e-01, α=1.000, ‖θ[1:]‖₁=482.762, num_selected_knots=1980
2025-09-02 01:55:46,123 - Iter  78: obj=-5317.144642, change=1.36e-01, α=1.000, ‖θ[1:]‖₁=485.732, num_selected_knots=1970
2025-09-02 01:55:49,590 - Iter  79: obj=-5317.227712, change=1.37e-01, α=1.000, ‖θ[1:]‖₁=488.696, num_selected_knots=1960
2025-09-02 01:55:56,973 - Iter  80: obj=-5317.305044, change=1.38e-01, α=1.000, ‖θ[1:]‖₁=491.653, num_selected_knots=1949
2025-09-02 01:56:00,434 - Iter  81: obj=-5317.377346, change=1.39e-01, α=1.000, ‖θ[1:]‖₁=494.602, num_selected_knots=1942
2025-09-02 01:56:08,240 - Iter  82: obj=-5317.444902, change=1.40e-01, α=1.000, ‖θ[1:]‖₁=497.542, num_selected_knots=1938
2025-09-02 01:56:11,666 - Iter  83: obj=-5317.508511, change=1.41e-01, α=1.000, ‖θ[1:]‖₁=500.474, num_selected_knots=1927
2025-09-02 01:56:19,380 - Iter  84: obj=-5317.568721, change=1.38e-01, α=1.000, ‖θ[1:]‖₁=503.463, num_selected_knots=1933
2025-09-02 01:56:22,691 - Iter  85: obj=-5317.625445, change=1.39e-01, α=1.000, ‖θ[1:]‖₁=506.463, num_selected_knots=1930
2025-09-02 01:56:26,136 - Iter  86: obj=-5317.678825, change=1.40e-01, α=1.000, ‖θ[1:]‖₁=509.455, num_selected_knots=1923
2025-09-02 01:56:33,649 - Iter  87: obj=-5317.730071, change=1.38e-01, α=1.000, ‖θ[1:]‖₁=512.436, num_selected_knots=1914
2025-09-02 01:56:36,815 - Iter  88: obj=-5317.778411, change=1.39e-01, α=1.000, ‖θ[1:]‖₁=515.406, num_selected_knots=1908
2025-09-02 01:56:39,992 - Iter  89: obj=-5317.824636, change=1.40e-01, α=1.000, ‖θ[1:]‖₁=518.389, num_selected_knots=1909
2025-09-02 01:56:43,225 - Iter  90: obj=-5317.869073, change=1.09e-01, α=1.000, ‖θ[1:]‖₁=521.378, num_selected_knots=1917
2025-09-02 01:56:46,380 - Iter  91: obj=-5317.911222, change=1.07e-01, α=1.000, ‖θ[1:]‖₁=524.355, num_selected_knots=1911
2025-09-02 01:56:49,579 - Iter  92: obj=-5317.952335, change=1.08e-01, α=1.000, ‖θ[1:]‖₁=527.321, num_selected_knots=1908
2025-09-02 01:56:52,799 - Iter  93: obj=-5317.993067, change=1.09e-01, α=1.000, ‖θ[1:]‖₁=530.271, num_selected_knots=1904
2025-09-02 01:56:55,949 - Iter  94: obj=-5318.033960, change=1.09e-01, α=1.000, ‖θ[1:]‖₁=533.205, num_selected_knots=1904
2025-09-02 01:56:59,139 - Iter  95: obj=-5318.075488, change=1.10e-01, α=1.000, ‖θ[1:]‖₁=536.121, num_selected_knots=1900
2025-09-02 01:57:02,308 - Iter  96: obj=-5318.117285, change=1.11e-01, α=1.000, ‖θ[1:]‖₁=539.020, num_selected_knots=1898
2025-09-02 01:57:05,477 - Iter  97: obj=-5318.159400, change=1.11e-01, α=1.000, ‖θ[1:]‖₁=541.900, num_selected_knots=1887
2025-09-02 01:57:08,693 - Iter  98: obj=-5318.202011, change=1.12e-01, α=1.000, ‖θ[1:]‖₁=544.761, num_selected_knots=1876
2025-09-02 01:57:11,840 - Iter  99: obj=-5318.245167, change=1.13e-01, α=1.000, ‖θ[1:]‖₁=547.602, num_selected_knots=1865
2025-09-02 01:57:15,146 - Iter 100: obj=-5318.288893, change=1.13e-01, α=1.000, ‖θ[1:]‖₁=550.423, num_selected_knots=1858
2025-09-02 01:57:15,164 - Final: obj=-5318.333484, selected_knots=1858, iterations=101
