2025-09-02 19:48:19,735 - ProximalNewton: lam=5e-05, n_grid=200, cd_sweeps=2, basis_order=2, n_samples=3200, K=3203
2025-09-02 19:48:54,547 - Iter   0: obj=0.000000, change=3.08e+00, α=1.000, ‖θ[1:]‖₁=13.485, num_selected_knots=1277
2025-09-02 19:49:02,053 - Iter   1: obj=-1063.425615, change=4.17e+00, α=1.000, ‖θ[1:]‖₁=33.443, num_selected_knots=2183
2025-09-02 19:49:10,933 - Iter   2: obj=-2035.733040, change=4.66e+00, α=1.000, ‖θ[1:]‖₁=66.926, num_selected_knots=2709
2025-09-02 19:49:14,404 - Iter   3: obj=-2892.334530, change=4.43e+00, α=1.000, ‖θ[1:]‖₁=117.209, num_selected_knots=2916
2025-09-02 19:49:17,713 - Iter   4: obj=-3595.501424, change=3.93e+00, α=1.000, ‖θ[1:]‖₁=188.810, num_selected_knots=3048
2025-09-02 19:49:21,039 - Iter   5: obj=-4169.845924, change=4.08e+00, α=1.000, ‖θ[1:]‖₁=285.187, num_selected_knots=3144
2025-09-02 19:49:24,483 - Iter   6: obj=-4627.487810, change=4.49e+00, α=1.000, ‖θ[1:]‖₁=403.420, num_selected_knots=3135
2025-09-02 19:49:27,909 - Iter   7: obj=-4957.687991, change=6.05e+00, α=1.000, ‖θ[1:]‖₁=529.114, num_selected_knots=3138
2025-09-02 19:49:31,237 - Iter   8: obj=-5157.175981, change=9.97e+00, α=1.000, ‖θ[1:]‖₁=636.430, num_selected_knots=3172
2025-09-02 19:49:34,837 - Iter   9: obj=-5250.233085, change=2.05e+01, α=1.000, ‖θ[1:]‖₁=692.133, num_selected_knots=3171
2025-09-02 19:49:38,221 - Iter  10: obj=-5280.594016, change=4.19e+01, α=1.000, ‖θ[1:]‖₁=706.321, num_selected_knots=3111
2025-09-02 19:49:46,362 - Iter  11: obj=-5287.228564, change=4.78e+01, α=1.000, ‖θ[1:]‖₁=944.993, num_selected_knots=3162
2025-09-02 19:49:50,000 - Iter  12: obj=-5288.833395, change=1.41e+02, α=1.000, ‖θ[1:]‖₁=1043.332, num_selected_knots=3178
2025-09-02 19:49:53,752 - Iter  13: obj=-5290.045293, change=2.98e+01, α=1.000, ‖θ[1:]‖₁=1320.645, num_selected_knots=3156
2025-09-02 19:49:59,204 - Iter  14: obj=-5291.417721, change=2.22e+01, α=1.000, ‖θ[1:]‖₁=1516.357, num_selected_knots=3133
2025-09-02 19:50:02,486 - Iter  15: obj=-5292.605679, change=1.61e+01, α=1.000, ‖θ[1:]‖₁=1689.815, num_selected_knots=3156
2025-09-02 19:50:05,729 - Iter  16: obj=-5293.412221, change=1.38e+01, α=1.000, ‖θ[1:]‖₁=1831.866, num_selected_knots=3172
2025-09-02 19:50:08,982 - Iter  17: obj=-5293.845439, change=1.27e+01, α=1.000, ‖θ[1:]‖₁=1961.867, num_selected_knots=3158
2025-09-02 19:50:12,214 - Iter  18: obj=-5294.055188, change=6.38e+00, α=1.000, ‖θ[1:]‖₁=2079.222, num_selected_knots=3162
2025-09-02 19:50:15,502 - Iter  19: obj=-5294.165364, change=5.88e+00, α=1.000, ‖θ[1:]‖₁=2186.101, num_selected_knots=3168
2025-09-02 19:50:19,278 - Iter  20: obj=-5294.240443, change=5.52e+00, α=1.000, ‖θ[1:]‖₁=2287.016, num_selected_knots=3170
2025-09-02 19:50:22,601 - Iter  21: obj=-5294.305920, change=5.26e+00, α=1.000, ‖θ[1:]‖₁=2382.787, num_selected_knots=3166
2025-09-02 19:50:25,950 - Iter  22: obj=-5294.371803, change=5.06e+00, α=1.000, ‖θ[1:]‖₁=2474.802, num_selected_knots=3162
2025-09-02 19:50:29,312 - Iter  23: obj=-5294.442676, change=4.90e+00, α=1.000, ‖θ[1:]‖₁=2563.657, num_selected_knots=3161
2025-09-02 19:50:32,678 - Iter  24: obj=-5294.521277, change=4.78e+00, α=1.000, ‖θ[1:]‖₁=2650.106, num_selected_knots=3154
2025-09-02 19:50:40,443 - Iter  25: obj=-5294.609629, change=4.68e+00, α=1.000, ‖θ[1:]‖₁=2734.447, num_selected_knots=3139
2025-09-02 19:50:44,071 - Iter  26: obj=-5294.709252, change=4.72e+00, α=1.000, ‖θ[1:]‖₁=2817.334, num_selected_knots=3112
2025-09-02 19:50:47,737 - Iter  27: obj=-5294.821234, change=4.96e+00, α=1.000, ‖θ[1:]‖₁=2898.998, num_selected_knots=3100
2025-09-02 19:50:51,168 - Iter  28: obj=-5294.946201, change=5.16e+00, α=1.000, ‖θ[1:]‖₁=2979.794, num_selected_knots=3076
2025-09-02 19:50:54,833 - Iter  29: obj=-5295.084395, change=5.32e+00, α=1.000, ‖θ[1:]‖₁=3060.024, num_selected_knots=3077
2025-09-02 19:50:58,185 - Iter  30: obj=-5295.235709, change=5.45e+00, α=1.000, ‖θ[1:]‖₁=3140.059, num_selected_knots=3071
2025-09-02 19:51:01,859 - Iter  31: obj=-5295.399711, change=5.55e+00, α=1.000, ‖θ[1:]‖₁=3220.081, num_selected_knots=3077
2025-09-02 19:51:05,501 - Iter  32: obj=-5295.575820, change=6.03e+00, α=1.000, ‖θ[1:]‖₁=3299.774, num_selected_knots=3082
2025-09-02 19:51:14,341 - Iter  33: obj=-5295.763296, change=6.09e+00, α=1.000, ‖θ[1:]‖₁=3379.388, num_selected_knots=3095
2025-09-02 19:51:17,850 - Iter  34: obj=-5295.961339, change=6.14e+00, α=1.000, ‖θ[1:]‖₁=3458.933, num_selected_knots=3109
2025-09-02 19:51:21,209 - Iter  35: obj=-5296.169121, change=6.61e+00, α=1.000, ‖θ[1:]‖₁=3538.123, num_selected_knots=3104
2025-09-02 19:51:24,551 - Iter  36: obj=-5296.385779, change=6.58e+00, α=1.000, ‖θ[1:]‖₁=3616.727, num_selected_knots=3113
2025-09-02 19:51:28,172 - Iter  37: obj=-5296.610450, change=6.58e+00, α=1.000, ‖θ[1:]‖₁=3695.275, num_selected_knots=3114
2025-09-02 19:51:31,901 - Iter  38: obj=-5296.842333, change=6.58e+00, α=1.000, ‖θ[1:]‖₁=3773.624, num_selected_knots=3126
2025-09-02 19:51:35,212 - Iter  39: obj=-5297.080734, change=6.57e+00, α=1.000, ‖θ[1:]‖₁=3851.655, num_selected_knots=3115
2025-09-02 19:51:38,775 - Iter  40: obj=-5297.324879, change=6.59e+00, α=1.000, ‖θ[1:]‖₁=3935.099, num_selected_knots=3114
2025-09-02 19:51:42,458 - Iter  41: obj=-5297.574036, change=7.00e+00, α=1.000, ‖θ[1:]‖₁=4017.378, num_selected_knots=3122
2025-09-02 19:51:45,927 - Iter  42: obj=-5297.826524, change=4.01e+00, α=1.000, ‖θ[1:]‖₁=4101.241, num_selected_knots=3118
2025-09-02 19:51:49,273 - Iter  43: obj=-5298.084221, change=3.71e+00, α=1.000, ‖θ[1:]‖₁=4187.238, num_selected_knots=3116
2025-09-02 19:51:52,896 - Iter  44: obj=-5298.345451, change=3.55e+00, α=1.000, ‖θ[1:]‖₁=4271.611, num_selected_knots=3117
2025-09-02 19:51:56,228 - Iter  45: obj=-5298.609438, change=3.43e+00, α=1.000, ‖θ[1:]‖₁=4354.765, num_selected_knots=3114
2025-09-02 19:51:59,518 - Iter  46: obj=-5298.875044, change=3.34e+00, α=1.000, ‖θ[1:]‖₁=4436.862, num_selected_knots=3113
2025-09-02 19:52:03,412 - Iter  47: obj=-5299.141352, change=3.25e+00, α=1.000, ‖θ[1:]‖₁=4517.979, num_selected_knots=3103
2025-09-02 19:52:06,776 - Iter  48: obj=-5299.408395, change=3.18e+00, α=1.000, ‖θ[1:]‖₁=4598.192, num_selected_knots=3100
2025-09-02 19:52:10,126 - Iter  49: obj=-5299.676376, change=3.14e+00, α=1.000, ‖θ[1:]‖₁=4677.647, num_selected_knots=3107
2025-09-02 19:52:13,551 - Iter  50: obj=-5299.945401, change=3.12e+00, α=1.000, ‖θ[1:]‖₁=4756.404, num_selected_knots=3100
2025-09-02 19:52:17,042 - Iter  51: obj=-5300.215447, change=3.10e+00, α=1.000, ‖θ[1:]‖₁=4834.658, num_selected_knots=3115
2025-09-02 19:52:20,876 - Iter  52: obj=-5300.486370, change=3.09e+00, α=1.000, ‖θ[1:]‖₁=4912.286, num_selected_knots=3114
2025-09-02 19:52:28,203 - Iter  53: obj=-5300.757961, change=3.08e+00, α=1.000, ‖θ[1:]‖₁=4989.266, num_selected_knots=3111
2025-09-02 19:52:31,802 - Iter  54: obj=-5301.029952, change=3.07e+00, α=1.000, ‖θ[1:]‖₁=5065.618, num_selected_knots=3111
2025-09-02 19:52:35,825 - Iter  55: obj=-5301.302051, change=3.05e+00, α=1.000, ‖θ[1:]‖₁=5141.395, num_selected_knots=3110
2025-09-02 19:52:44,270 - Iter  56: obj=-5301.573959, change=3.04e+00, α=1.000, ‖θ[1:]‖₁=5216.616, num_selected_knots=3098
2025-09-02 19:52:48,014 - Iter  57: obj=-5301.845385, change=3.03e+00, α=1.000, ‖θ[1:]‖₁=5291.349, num_selected_knots=3108
2025-09-02 19:52:51,867 - Iter  58: obj=-5302.116050, change=3.03e+00, α=1.000, ‖θ[1:]‖₁=5365.629, num_selected_knots=3117
2025-09-02 19:53:00,292 - Iter  59: obj=-5302.385706, change=3.02e+00, α=1.000, ‖θ[1:]‖₁=5439.436, num_selected_knots=3124
2025-09-02 19:53:03,970 - Iter  60: obj=-5302.654110, change=3.01e+00, α=1.000, ‖θ[1:]‖₁=5512.742, num_selected_knots=3137
2025-09-02 19:53:07,559 - Iter  61: obj=-5302.921040, change=3.00e+00, α=1.000, ‖θ[1:]‖₁=5585.516, num_selected_knots=3136
2025-09-02 19:53:16,246 - Iter  62: obj=-5303.186297, change=3.00e+00, α=1.000, ‖θ[1:]‖₁=5657.794, num_selected_knots=3136
2025-09-02 19:53:19,770 - Iter  63: obj=-5303.449705, change=2.99e+00, α=1.000, ‖θ[1:]‖₁=5729.512, num_selected_knots=3135
2025-09-02 19:53:23,089 - Iter  64: obj=-5303.711102, change=2.98e+00, α=1.000, ‖θ[1:]‖₁=5800.689, num_selected_knots=3130
2025-09-02 19:53:26,403 - Iter  65: obj=-5303.970383, change=2.98e+00, α=1.000, ‖θ[1:]‖₁=5871.395, num_selected_knots=3134
2025-09-02 19:53:29,707 - Iter  66: obj=-5304.227412, change=2.97e+00, α=1.000, ‖θ[1:]‖₁=5941.577, num_selected_knots=3129
2025-09-02 19:53:33,032 - Iter  67: obj=-5304.482049, change=2.96e+00, α=1.000, ‖θ[1:]‖₁=6011.253, num_selected_knots=3122
2025-09-02 19:53:36,432 - Iter  68: obj=-5304.734236, change=2.96e+00, α=1.000, ‖θ[1:]‖₁=6080.438, num_selected_knots=3123
2025-09-02 19:53:39,764 - Iter  69: obj=-5304.983888, change=2.95e+00, α=1.000, ‖θ[1:]‖₁=6149.150, num_selected_knots=3120
2025-09-02 19:53:43,343 - Iter  70: obj=-5305.230926, change=2.95e+00, α=1.000, ‖θ[1:]‖₁=6217.370, num_selected_knots=3120
2025-09-02 19:53:46,795 - Iter  71: obj=-5305.475293, change=2.94e+00, α=1.000, ‖θ[1:]‖₁=6285.128, num_selected_knots=3118
2025-09-02 19:53:50,186 - Iter  72: obj=-5305.716943, change=2.94e+00, α=1.000, ‖θ[1:]‖₁=6352.461, num_selected_knots=3114
2025-09-02 19:53:53,655 - Iter  73: obj=-5305.955854, change=2.93e+00, α=1.000, ‖θ[1:]‖₁=6419.369, num_selected_knots=3110
2025-09-02 19:54:01,218 - Iter  74: obj=-5306.192006, change=2.93e+00, α=1.000, ‖θ[1:]‖₁=6485.880, num_selected_knots=3110
2025-09-02 19:54:04,976 - Iter  75: obj=-5306.425373, change=2.93e+00, α=1.000, ‖θ[1:]‖₁=6551.972, num_selected_knots=3109
2025-09-02 19:54:09,361 - Iter  76: obj=-5306.655934, change=2.92e+00, α=1.000, ‖θ[1:]‖₁=6617.665, num_selected_knots=3118
2025-09-02 19:54:13,019 - Iter  77: obj=-5306.883666, change=2.92e+00, α=1.000, ‖θ[1:]‖₁=6682.990, num_selected_knots=3114
2025-09-02 19:54:19,309 - Iter  78: obj=-5307.108554, change=2.91e+00, α=1.000, ‖θ[1:]‖₁=6748.028, num_selected_knots=3125
2025-09-02 19:54:22,985 - Iter  79: obj=-5307.330587, change=2.91e+00, α=1.000, ‖θ[1:]‖₁=6812.742, num_selected_knots=3131
2025-09-02 19:54:26,669 - Iter  80: obj=-5307.549758, change=2.91e+00, α=1.000, ‖θ[1:]‖₁=6877.069, num_selected_knots=3133
2025-09-02 19:54:34,953 - Iter  81: obj=-5307.766064, change=2.90e+00, α=1.000, ‖θ[1:]‖₁=6941.045, num_selected_knots=3132
2025-09-02 19:54:38,513 - Iter  82: obj=-5307.979505, change=2.90e+00, α=1.000, ‖θ[1:]‖₁=7004.639, num_selected_knots=3135
2025-09-02 19:54:41,893 - Iter  83: obj=-5308.190087, change=2.90e+00, α=1.000, ‖θ[1:]‖₁=7067.851, num_selected_knots=3131
2025-09-02 19:54:45,667 - Iter  84: obj=-5308.397816, change=2.89e+00, α=1.000, ‖θ[1:]‖₁=7130.711, num_selected_knots=3136
2025-09-02 19:54:49,220 - Iter  85: obj=-5308.602697, change=2.89e+00, α=1.000, ‖θ[1:]‖₁=7195.560, num_selected_knots=3134
2025-09-02 19:54:52,674 - Iter  86: obj=-5308.804750, change=2.85e+00, α=1.000, ‖θ[1:]‖₁=7259.751, num_selected_knots=3138
2025-09-02 19:55:01,025 - Iter  87: obj=-5309.003430, change=2.82e+00, α=1.000, ‖θ[1:]‖₁=7323.243, num_selected_knots=3140
2025-09-02 19:55:04,509 - Iter  88: obj=-5309.200180, change=2.81e+00, α=1.000, ‖θ[1:]‖₁=7386.126, num_selected_knots=3139
2025-09-02 19:55:08,098 - Iter  89: obj=-5309.394087, change=2.79e+00, α=1.000, ‖θ[1:]‖₁=7448.498, num_selected_knots=3140
2025-09-02 19:55:11,503 - Iter  90: obj=-5309.584830, change=2.79e+00, α=1.000, ‖θ[1:]‖₁=7510.405, num_selected_knots=3138
2025-09-02 19:55:15,067 - Iter  91: obj=-5309.772485, change=2.78e+00, α=1.000, ‖θ[1:]‖₁=7571.891, num_selected_knots=3137
2025-09-02 19:55:18,401 - Iter  92: obj=-5309.957208, change=2.77e+00, α=1.000, ‖θ[1:]‖₁=7632.966, num_selected_knots=3139
2025-09-02 19:55:21,785 - Iter  93: obj=-5310.139126, change=2.76e+00, α=1.000, ‖θ[1:]‖₁=7693.633, num_selected_knots=3138
2025-09-02 19:55:25,188 - Iter  94: obj=-5310.318335, change=2.76e+00, α=1.000, ‖θ[1:]‖₁=7753.891, num_selected_knots=3138
2025-09-02 19:55:28,674 - Iter  95: obj=-5310.494901, change=2.75e+00, α=1.000, ‖θ[1:]‖₁=7813.738, num_selected_knots=3137
2025-09-02 19:55:32,148 - Iter  96: obj=-5310.668868, change=2.74e+00, α=1.000, ‖θ[1:]‖₁=7873.177, num_selected_knots=3133
2025-09-02 19:55:35,565 - Iter  97: obj=-5310.840264, change=2.74e+00, α=1.000, ‖θ[1:]‖₁=7932.264, num_selected_knots=3134
2025-09-02 19:55:38,932 - Iter  98: obj=-5311.009107, change=2.48e+00, α=1.000, ‖θ[1:]‖₁=7990.887, num_selected_knots=3133
2025-09-02 19:55:42,302 - Iter  99: obj=-5311.175399, change=2.47e+00, α=1.000, ‖θ[1:]‖₁=8049.109, num_selected_knots=3137
2025-09-02 19:55:45,756 - Iter 100: obj=-5311.339125, change=2.47e+00, α=1.000, ‖θ[1:]‖₁=8106.994, num_selected_knots=3135
2025-09-02 19:55:45,771 - Final: obj=-5311.500312, selected_knots=3135, iterations=101
