2025-09-01 11:34:28,042 - ProximalNewtonLBFGS: lam=25, memory=5, n_grid=200, basis_order=0, n_samples=3200, K=3201
2025-09-01 11:34:28,307 - Iter   0: obj=0.000000, change=4.31e-01, α=0.000, ‖θ[1:]‖₁=1.067, γ=1000000.000, num_knots=3030
2025-09-01 11:34:28,612 - Iter  10: obj=-104.500575, change=5.63e-03, α=1.000, ‖θ[1:]‖₁=0.678, γ=369780.253, num_knots=873
2025-09-01 11:34:28,835 - Iter  20: obj=-109.447408, change=1.59e-04, α=0.100, ‖θ[1:]‖₁=0.698, γ=709454.363, num_knots=638
2025-09-01 11:34:29,043 - Iter  30: obj=-109.546527, change=1.16e-04, α=0.100, ‖θ[1:]‖₁=0.693, γ=696395.594, num_knots=629
2025-09-01 11:34:29,236 - Iter  40: obj=-109.627282, change=8.43e-05, α=0.100, ‖θ[1:]‖₁=0.690, γ=683589.959, num_knots=620
2025-09-01 11:34:29,550 - Iter  50: obj=-109.811824, change=2.98e-04, α=1.000, ‖θ[1:]‖₁=0.682, γ=568576.250, num_knots=554
2025-09-01 11:34:29,808 - Iter  60: obj=-111.391462, change=4.13e-05, α=0.100, ‖θ[1:]‖₁=0.691, γ=679608.498, num_knots=421
2025-09-01 11:34:30,053 - Iter  70: obj=-111.424978, change=3.21e-05, α=0.100, ‖θ[1:]‖₁=0.690, γ=670522.077, num_knots=423
2025-09-01 11:34:30,317 - Iter  80: obj=-111.756928, change=5.43e-04, α=1.000, ‖θ[1:]‖₁=0.686, γ=30163.640, num_knots=355
2025-09-01 11:34:30,607 - Iter  90: obj=-113.291820, change=5.66e-05, α=1.000, ‖θ[1:]‖₁=0.693, γ=187683.555, num_knots=266
2025-09-01 11:34:30,900 - Iter 100: obj=-114.360114, change=9.73e-06, α=0.100, ‖θ[1:]‖₁=0.704, γ=670591.903, num_knots=200
2025-09-01 11:34:31,106 - Iter 110: obj=-114.366655, change=8.68e-06, α=0.100, ‖θ[1:]‖₁=0.703, γ=669662.417, num_knots=202
2025-09-01 11:34:31,286 - Iter 120: obj=-114.373088, change=7.74e-06, α=0.100, ‖θ[1:]‖₁=0.703, γ=668306.384, num_knots=203
2025-09-01 11:34:31,479 - Iter 130: obj=-114.379442, change=6.85e-06, α=0.100, ‖θ[1:]‖₁=0.703, γ=664641.384, num_knots=203
2025-09-01 11:34:31,995 - Iter 140: obj=-114.430336, change=2.19e-05, α=1.000, ‖θ[1:]‖₁=0.701, γ=550559.191, num_knots=196
2025-09-01 11:34:32,396 - Iter 150: obj=-114.693432, change=5.27e-04, α=1.000, ‖θ[1:]‖₁=0.705, γ=110569.445, num_knots=170
2025-09-01 11:34:32,685 - Iter 160: obj=-115.159002, change=4.18e-05, α=1.000, ‖θ[1:]‖₁=0.708, γ=228807.370, num_knots=152
2025-09-01 11:34:33,024 - Iter 170: obj=-115.554474, change=4.23e-04, α=1.000, ‖θ[1:]‖₁=0.713, γ=19499.854, num_knots=131
2025-09-01 11:34:33,344 - Iter 180: obj=-115.932819, change=3.57e-04, α=1.000, ‖θ[1:]‖₁=0.716, γ=34728.641, num_knots=117
2025-09-01 11:34:33,651 - Iter 190: obj=-116.175957, change=1.02e-04, α=1.000, ‖θ[1:]‖₁=0.719, γ=102318.756, num_knots=106
2025-09-01 11:34:33,971 - Iter 200: obj=-116.283398, change=3.47e-04, α=1.000, ‖θ[1:]‖₁=0.721, γ=22893.842, num_knots=101
2025-09-01 11:34:34,303 - Iter 210: obj=-116.488130, change=3.34e-04, α=1.000, ‖θ[1:]‖₁=0.723, γ=105058.604, num_knots=93
2025-09-01 11:34:34,588 - Iter 220: obj=-116.593023, change=1.07e-04, α=1.000, ‖θ[1:]‖₁=0.724, γ=55958.392, num_knots=91
2025-09-01 11:34:34,885 - Iter 230: obj=-116.701350, change=5.45e-05, α=1.000, ‖θ[1:]‖₁=0.725, γ=180639.030, num_knots=88
2025-09-01 11:34:35,144 - Iter 240: obj=-116.789829, change=9.39e-05, α=1.000, ‖θ[1:]‖₁=0.726, γ=34829.846, num_knots=85
2025-09-01 11:34:35,431 - Iter 250: obj=-116.880828, change=1.92e-04, α=1.000, ‖θ[1:]‖₁=0.727, γ=76535.737, num_knots=84
2025-09-01 11:34:35,741 - Iter 260: obj=-116.989661, change=1.84e-05, α=1.000, ‖θ[1:]‖₁=0.728, γ=272431.249, num_knots=78
2025-09-01 11:34:36,044 - Iter 270: obj=-117.020135, change=2.70e-04, α=1.000, ‖θ[1:]‖₁=0.729, γ=78637.936, num_knots=75
2025-09-01 11:34:36,359 - Iter 280: obj=-117.110596, change=2.41e-04, α=1.000, ‖θ[1:]‖₁=0.730, γ=160773.063, num_knots=72
2025-09-01 11:34:36,646 - Iter 290: obj=-117.168308, change=1.30e-04, α=1.000, ‖θ[1:]‖₁=0.730, γ=69896.408, num_knots=71
2025-09-01 11:34:36,985 - Iter 300: obj=-117.212350, change=1.34e-04, α=1.000, ‖θ[1:]‖₁=0.731, γ=29804.947, num_knots=68
2025-09-01 11:34:37,378 - Iter 310: obj=-117.285795, change=1.91e-04, α=1.000, ‖θ[1:]‖₁=0.732, γ=23749.934, num_knots=65
2025-09-01 11:34:37,699 - Iter 320: obj=-117.351344, change=1.42e-04, α=1.000, ‖θ[1:]‖₁=0.732, γ=41528.831, num_knots=65
2025-09-01 11:34:37,992 - Iter 330: obj=-117.396721, change=6.65e-05, α=1.000, ‖θ[1:]‖₁=0.733, γ=129852.706, num_knots=63
2025-09-01 11:34:38,304 - Iter 340: obj=-117.417625, change=1.15e-04, α=1.000, ‖θ[1:]‖₁=0.733, γ=34940.062, num_knots=62
2025-09-01 11:34:38,610 - Iter 350: obj=-117.462103, change=8.08e-05, α=1.000, ‖θ[1:]‖₁=0.733, γ=73601.940, num_knots=62
2025-09-01 11:34:38,893 - Iter 360: obj=-117.489162, change=5.18e-05, α=1.000, ‖θ[1:]‖₁=0.734, γ=86603.278, num_knots=60
2025-09-01 11:34:39,234 - Iter 370: obj=-117.512025, change=1.48e-04, α=1.000, ‖θ[1:]‖₁=0.734, γ=25012.777, num_knots=58
2025-09-01 11:34:39,528 - Iter 380: obj=-117.566384, change=1.20e-04, α=1.000, ‖θ[1:]‖₁=0.735, γ=47603.599, num_knots=56
2025-09-01 11:34:39,935 - Iter 390: obj=-117.617448, change=8.68e-05, α=1.000, ‖θ[1:]‖₁=0.736, γ=63355.413, num_knots=55
2025-09-01 11:34:40,300 - Iter 400: obj=-117.653483, change=1.19e-04, α=1.000, ‖θ[1:]‖₁=0.736, γ=45232.295, num_knots=55
2025-09-01 11:34:40,663 - Iter 410: obj=-117.684236, change=2.80e-05, α=1.000, ‖θ[1:]‖₁=0.736, γ=191869.001, num_knots=54
2025-09-01 11:34:41,158 - Iter 420: obj=-117.710304, change=5.21e-05, α=1.000, ‖θ[1:]‖₁=0.737, γ=109600.711, num_knots=53
2025-09-01 11:34:41,487 - Iter 430: obj=-117.727041, change=4.77e-05, α=1.000, ‖θ[1:]‖₁=0.737, γ=114416.741, num_knots=53
2025-09-01 11:34:41,772 - Iter 440: obj=-117.744246, change=5.30e-05, α=1.000, ‖θ[1:]‖₁=0.737, γ=102040.450, num_knots=53
2025-09-01 11:34:42,127 - Iter 450: obj=-117.763735, change=3.38e-05, α=1.000, ‖θ[1:]‖₁=0.737, γ=172154.406, num_knots=52
2025-09-01 11:34:42,471 - Iter 460: obj=-117.774430, change=3.33e-05, α=1.000, ‖θ[1:]‖₁=0.738, γ=136401.712, num_knots=51
2025-09-01 11:34:42,751 - Iter 470: obj=-117.802495, change=7.34e-05, α=1.000, ‖θ[1:]‖₁=0.738, γ=71473.010, num_knots=51
2025-09-01 11:34:43,046 - Iter 480: obj=-117.840056, change=4.17e-05, α=1.000, ‖θ[1:]‖₁=0.739, γ=25603.803, num_knots=48
2025-09-01 11:34:43,329 - Iter 490: obj=-117.867959, change=7.29e-05, α=1.000, ‖θ[1:]‖₁=0.739, γ=68784.638, num_knots=48
2025-09-01 11:34:43,708 - Iter 500: obj=-117.892565, change=1.85e-04, α=1.000, ‖θ[1:]‖₁=0.739, γ=24435.854, num_knots=47
2025-09-01 11:34:44,071 - Iter 510: obj=-117.919247, change=3.96e-05, α=1.000, ‖θ[1:]‖₁=0.740, γ=101282.919, num_knots=46
2025-09-01 11:34:44,319 - Iter 520: obj=-117.942319, change=6.23e-05, α=1.000, ‖θ[1:]‖₁=0.740, γ=79133.826, num_knots=46
2025-09-01 11:34:44,592 - Iter 530: obj=-117.959627, change=6.84e-05, α=1.000, ‖θ[1:]‖₁=0.740, γ=69764.109, num_knots=46
2025-09-01 11:34:44,890 - Iter 540: obj=-117.980433, change=8.79e-05, α=1.000, ‖θ[1:]‖₁=0.740, γ=53769.936, num_knots=46
2025-09-01 11:34:45,194 - Iter 550: obj=-118.013876, change=1.28e-04, α=1.000, ‖θ[1:]‖₁=0.740, γ=37887.306, num_knots=44
2025-09-01 11:34:45,433 - Iter 560: obj=-118.034536, change=2.02e-05, α=1.000, ‖θ[1:]‖₁=0.741, γ=215566.201, num_knots=43
2025-09-01 11:34:45,725 - Iter 570: obj=-118.045342, change=2.36e-04, α=1.000, ‖θ[1:]‖₁=0.741, γ=13885.180, num_knots=43
2025-09-01 11:34:45,985 - Iter 580: obj=-118.074843, change=2.94e-04, α=1.000, ‖θ[1:]‖₁=0.741, γ=22012.911, num_knots=42
2025-09-01 11:34:46,267 - Iter 590: obj=-118.109577, change=1.71e-04, α=1.000, ‖θ[1:]‖₁=0.742, γ=25246.721, num_knots=41
2025-09-01 11:34:46,554 - Iter 600: obj=-118.155634, change=2.59e-04, α=1.000, ‖θ[1:]‖₁=0.742, γ=16377.433, num_knots=41
2025-09-01 11:34:46,802 - Iter 610: obj=-118.230527, change=1.61e-05, α=1.000, ‖θ[1:]‖₁=0.742, γ=282704.388, num_knots=40
2025-09-01 11:34:47,080 - Iter 620: obj=-118.234702, change=2.78e-05, α=1.000, ‖θ[1:]‖₁=0.742, γ=142002.575, num_knots=40
2025-09-01 11:34:47,405 - Iter 630: obj=-118.245501, change=1.05e-04, α=1.000, ‖θ[1:]‖₁=0.742, γ=34745.458, num_knots=40
2025-09-01 11:34:47,690 - Iter 640: obj=-118.276190, change=5.81e-06, α=1.000, ‖θ[1:]‖₁=0.742, γ=696530.743, num_knots=37
2025-09-01 11:34:47,979 - Iter 650: obj=-118.277375, change=6.11e-06, α=1.000, ‖θ[1:]‖₁=0.742, γ=661633.054, num_knots=37
2025-09-01 11:34:48,256 - Iter 660: obj=-118.278632, change=6.60e-06, α=1.000, ‖θ[1:]‖₁=0.742, γ=612694.837, num_knots=37
2025-09-01 11:34:48,521 - Iter 670: obj=-118.280004, change=7.34e-06, α=1.000, ‖θ[1:]‖₁=0.742, γ=548946.448, num_knots=37
2025-09-01 11:34:48,955 - Iter 680: obj=-118.281558, change=8.52e-06, α=1.000, ‖θ[1:]‖₁=0.742, γ=471237.440, num_knots=37
2025-09-01 11:34:49,277 - Iter 690: obj=-118.283403, change=1.04e-05, α=1.000, ‖θ[1:]‖₁=0.742, γ=382824.673, num_knots=37
2025-09-01 11:34:49,669 - Iter 700: obj=-118.285729, change=1.37e-05, α=1.000, ‖θ[1:]‖₁=0.742, γ=290101.884, num_knots=37
2025-09-01 11:34:49,960 - Iter 710: obj=-118.288891, change=1.94e-05, α=1.000, ‖θ[1:]‖₁=0.742, γ=202724.732, num_knots=37
2025-09-01 11:34:50,234 - Iter 720: obj=-118.293551, change=2.97e-05, α=1.000, ‖θ[1:]‖₁=0.742, γ=131714.361, num_knots=37
2025-09-01 11:34:50,533 - Iter 730: obj=-118.300821, change=4.69e-05, α=1.000, ‖θ[1:]‖₁=0.742, γ=83583.767, num_knots=37
2025-09-01 11:34:50,881 - Iter 740: obj=-118.311431, change=1.09e-05, α=1.000, ‖θ[1:]‖₁=0.742, γ=345791.044, num_knots=36
2025-09-01 11:34:51,207 - Iter 750: obj=-118.313287, change=1.00e-05, α=1.000, ‖θ[1:]‖₁=0.742, γ=397165.588, num_knots=35
2025-09-01 11:34:51,498 - Iter 760: obj=-118.315044, change=1.19e-05, α=1.000, ‖θ[1:]‖₁=0.743, γ=326169.528, num_knots=35
2025-09-01 11:34:51,854 - Iter 770: obj=-118.317298, change=1.69e-05, α=1.000, ‖θ[1:]‖₁=0.743, γ=220424.051, num_knots=35
2025-09-01 11:34:52,183 - Iter 780: obj=-118.321436, change=4.70e-05, α=1.000, ‖θ[1:]‖₁=0.743, γ=68101.070, num_knots=35
2025-09-01 11:34:52,545 - Iter 790: obj=-118.336687, change=8.30e-05, α=1.000, ‖θ[1:]‖₁=0.743, γ=50418.614, num_knots=34
2025-09-01 11:34:52,842 - Iter 800: obj=-118.349121, change=7.54e-05, α=1.000, ‖θ[1:]‖₁=0.743, γ=50130.327, num_knots=34
2025-09-01 11:34:53,158 - Iter 810: obj=-118.362771, change=1.03e-05, α=1.000, ‖θ[1:]‖₁=0.743, γ=326420.657, num_knots=33
2025-09-01 11:34:53,493 - Iter 820: obj=-118.364726, change=1.65e-05, α=1.000, ‖θ[1:]‖₁=0.743, γ=215058.190, num_knots=33
2025-09-01 11:34:53,798 - Iter 830: obj=-118.368681, change=6.03e-05, α=1.000, ‖θ[1:]‖₁=0.743, γ=43411.046, num_knots=33
2025-09-01 11:34:54,092 - Iter 840: obj=-118.384532, change=7.67e-05, α=1.000, ‖θ[1:]‖₁=0.743, γ=47314.468, num_knots=33
2025-09-01 11:34:54,386 - Iter 850: obj=-118.397733, change=1.04e-04, α=1.000, ‖θ[1:]‖₁=0.743, γ=33954.497, num_knots=33
2025-09-01 11:34:54,696 - Iter 860: obj=-118.417317, change=1.68e-04, α=1.000, ‖θ[1:]‖₁=0.743, γ=20590.138, num_knots=33
2025-09-01 11:34:55,049 - Iter 870: obj=-118.445271, change=2.23e-04, α=1.000, ‖θ[1:]‖₁=0.743, γ=15049.891, num_knots=32
2025-09-01 11:34:55,407 - Iter 880: obj=-118.493109, change=1.47e-04, α=1.000, ‖θ[1:]‖₁=0.743, γ=9415.764, num_knots=31
2025-09-01 11:34:55,704 - Iter 890: obj=-118.542764, change=2.04e-04, α=1.000, ‖θ[1:]‖₁=0.744, γ=14862.859, num_knots=30
2025-09-01 11:34:56,065 - Iter 900: obj=-118.573265, change=6.83e-06, α=1.000, ‖θ[1:]‖₁=0.744, γ=494359.513, num_knots=29
2025-09-01 11:34:56,343 - Iter 910: obj=-118.574259, change=7.83e-06, α=1.000, ‖θ[1:]‖₁=0.744, γ=430519.120, num_knots=29
2025-09-01 11:34:56,601 - Iter 920: obj=-118.575427, change=9.59e-06, α=1.000, ‖θ[1:]‖₁=0.744, γ=348946.382, num_knots=29
2025-09-01 11:34:56,949 - Iter 930: obj=-118.576926, change=1.32e-05, α=1.000, ‖θ[1:]‖₁=0.744, γ=250132.792, num_knots=29
2025-09-01 11:34:57,236 - Iter 940: obj=-118.579185, change=2.27e-05, α=1.000, ‖θ[1:]‖₁=0.744, γ=141050.946, num_knots=29
2025-09-01 11:34:57,531 - Iter 950: obj=-118.584017, change=6.45e-05, α=1.000, ‖θ[1:]‖₁=0.744, γ=46037.045, num_knots=29
2025-09-01 11:34:57,829 - Iter 960: obj=-118.603724, change=2.88e-04, α=1.000, ‖θ[1:]‖₁=0.744, γ=10761.066, num_knots=29
2025-09-01 11:34:58,195 - Iter 970: obj=-118.632359, change=8.96e-06, α=1.000, ‖θ[1:]‖₁=0.744, γ=365872.785, num_knots=26
2025-09-01 11:34:58,462 - Iter 980: obj=-118.633516, change=1.10e-05, α=1.000, ‖θ[1:]‖₁=0.744, γ=292520.307, num_knots=26
2025-09-01 11:34:58,750 - Iter 990: obj=-118.635058, change=1.65e-05, α=1.000, ‖θ[1:]‖₁=0.744, γ=186617.213, num_knots=26
2025-09-01 11:34:59,013 - Iter 1000: obj=-118.638286, change=6.35e-05, α=1.000, ‖θ[1:]‖₁=0.744, γ=35704.390, num_knots=26
2025-09-01 11:34:59,281 - Iter 1010: obj=-118.648572, change=1.13e-04, α=1.000, ‖θ[1:]‖₁=0.745, γ=32491.174, num_knots=25
2025-09-01 11:34:59,552 - Iter 1020: obj=-118.656789, change=5.69e-05, α=1.000, ‖θ[1:]‖₁=0.745, γ=54961.065, num_knots=25
2025-09-01 11:34:59,814 - Iter 1030: obj=-118.658882, change=9.05e-06, α=1.000, ‖θ[1:]‖₁=0.745, γ=337866.317, num_knots=24
2025-09-01 11:35:00,128 - Iter 1040: obj=-118.659878, change=1.12e-05, α=1.000, ‖θ[1:]‖₁=0.745, γ=267519.766, num_knots=24
2025-09-01 11:35:00,400 - Iter 1050: obj=-118.661218, change=1.69e-05, α=1.000, ‖θ[1:]‖₁=0.745, γ=169903.315, num_knots=24
2025-09-01 11:35:00,672 - Iter 1060: obj=-118.663923, change=5.36e-05, α=1.000, ‖θ[1:]‖₁=0.745, γ=46077.927, num_knots=24
2025-09-01 11:35:00,944 - Iter 1070: obj=-118.670459, change=4.54e-05, α=1.000, ‖θ[1:]‖₁=0.745, γ=67802.845, num_knots=24
2025-09-01 11:35:01,241 - Iter 1080: obj=-118.674914, change=4.35e-05, α=1.000, ‖θ[1:]‖₁=0.745, γ=68278.494, num_knots=24
2025-09-01 11:35:01,537 - Iter 1090: obj=-118.679685, change=5.11e-05, α=1.000, ‖θ[1:]‖₁=0.745, γ=57265.779, num_knots=24
2025-09-01 11:35:01,869 - Iter 1100: obj=-118.683339, change=6.86e-06, α=1.000, ‖θ[1:]‖₁=0.746, γ=431900.656, num_knots=23
2025-09-01 11:35:02,132 - Iter 1110: obj=-118.684071, change=7.56e-06, α=1.000, ‖θ[1:]‖₁=0.746, γ=391939.327, num_knots=23
2025-09-01 11:35:02,403 - Iter 1120: obj=-118.684878, change=8.36e-06, α=1.000, ‖θ[1:]‖₁=0.746, γ=354546.250, num_knots=23
2025-09-01 11:35:02,664 - Iter 1130: obj=-118.685770, change=9.25e-06, α=1.000, ‖θ[1:]‖₁=0.746, γ=320560.896, num_knots=23
2025-09-01 11:35:02,985 - Iter 1140: obj=-118.686756, change=1.02e-05, α=1.000, ‖θ[1:]‖₁=0.746, γ=290535.347, num_knots=23
2025-09-01 11:35:03,328 - Iter 1150: obj=-118.687840, change=1.12e-05, α=1.000, ‖θ[1:]‖₁=0.746, γ=264684.713, num_knots=23
2025-09-01 11:35:03,638 - Iter 1160: obj=-118.689027, change=1.22e-05, α=1.000, ‖θ[1:]‖₁=0.746, γ=242892.876, num_knots=23
2025-09-01 11:35:03,921 - Iter 1170: obj=-118.690315, change=1.32e-05, α=1.000, ‖θ[1:]‖₁=0.746, γ=224774.757, num_knots=23
2025-09-01 11:35:04,255 - Iter 1180: obj=-118.691702, change=1.42e-05, α=1.000, ‖θ[1:]‖₁=0.746, γ=209776.520, num_knots=23
2025-09-01 11:35:04,554 - Iter 1190: obj=-118.693182, change=1.51e-05, α=1.000, ‖θ[1:]‖₁=0.746, γ=197283.111, num_knots=23
2025-09-01 11:35:04,885 - Iter 1200: obj=-118.694750, change=1.59e-05, α=1.000, ‖θ[1:]‖₁=0.746, γ=186705.653, num_knots=23
2025-09-01 11:35:05,259 - Iter 1210: obj=-118.696403, change=1.68e-05, α=1.000, ‖θ[1:]‖₁=0.746, γ=177535.187, num_knots=23
2025-09-01 11:35:05,566 - Iter 1220: obj=-118.698137, change=1.76e-05, α=1.000, ‖θ[1:]‖₁=0.746, γ=169363.995, num_knots=23
2025-09-01 11:35:05,892 - Iter 1230: obj=-118.699952, change=1.84e-05, α=1.000, ‖θ[1:]‖₁=0.746, γ=161883.862, num_knots=23
2025-09-01 11:35:06,600 - Iter 1240: obj=-118.701847, change=1.92e-05, α=1.000, ‖θ[1:]‖₁=0.746, γ=154872.083, num_knots=23
2025-09-01 11:35:06,959 - Iter 1250: obj=-118.703826, change=2.00e-05, α=1.000, ‖θ[1:]‖₁=0.746, γ=148173.309, num_knots=23
2025-09-01 11:35:07,322 - Iter 1260: obj=-118.705893, change=2.09e-05, α=1.000, ‖θ[1:]‖₁=0.746, γ=141682.103, num_knots=23
2025-09-01 11:35:07,616 - Iter 1270: obj=-118.707438, change=1.06e-05, α=1.000, ‖θ[1:]‖₁=0.746, γ=273601.979, num_knots=22
2025-09-01 11:35:07,943 - Iter 1280: obj=-118.708590, change=1.44e-05, α=1.000, ‖θ[1:]‖₁=0.746, γ=195359.117, num_knots=22
2025-09-01 11:35:08,292 - Iter 1290: obj=-118.710404, change=2.78e-05, α=1.000, ‖θ[1:]‖₁=0.746, γ=95021.486, num_knots=22
2025-09-01 11:35:08,627 - Iter 1300: obj=-118.714233, change=3.69e-05, α=1.000, ‖θ[1:]‖₁=0.747, γ=85339.522, num_knots=22
2025-09-01 11:35:08,927 - Iter 1310: obj=-118.717021, change=2.30e-05, α=1.000, ‖θ[1:]‖₁=0.747, γ=128605.233, num_knots=22
2025-09-01 11:35:09,274 - Iter 1320: obj=-118.719098, change=1.99e-05, α=1.000, ‖θ[1:]‖₁=0.747, γ=146878.544, num_knots=22
2025-09-01 11:35:09,544 - Iter 1330: obj=-118.720977, change=1.88e-05, α=1.000, ‖θ[1:]‖₁=0.747, γ=154440.372, num_knots=22
2025-09-01 11:35:09,827 - Iter 1340: obj=-118.722790, change=1.85e-05, α=1.000, ‖θ[1:]‖₁=0.747, γ=156423.637, num_knots=22
2025-09-01 11:35:10,127 - Iter 1350: obj=-118.724593, change=1.86e-05, α=1.000, ‖θ[1:]‖₁=0.747, γ=155205.442, num_knots=22
2025-09-01 11:35:10,405 - Iter 1360: obj=-118.726418, change=1.89e-05, α=1.000, ‖θ[1:]‖₁=0.747, γ=152061.200, num_knots=22
2025-09-01 11:35:10,668 - Iter 1370: obj=-118.728287, change=1.95e-05, α=1.000, ‖θ[1:]‖₁=0.747, γ=147732.192, num_knots=22
2025-09-01 11:35:10,958 - Iter 1380: obj=-118.730213, change=2.02e-05, α=1.000, ‖θ[1:]‖₁=0.747, γ=142667.879, num_knots=22
2025-09-01 11:35:11,255 - Iter 1390: obj=-118.732210, change=2.09e-05, α=1.000, ‖θ[1:]‖₁=0.747, γ=137145.808, num_knots=22
2025-09-01 11:35:11,622 - Iter 1400: obj=-118.734290, change=2.19e-05, α=1.000, ‖θ[1:]‖₁=0.747, γ=131337.537, num_knots=22
2025-09-01 11:35:12,012 - Iter 1410: obj=-118.736463, change=2.29e-05, α=1.000, ‖θ[1:]‖₁=0.747, γ=125347.659, num_knots=22
2025-09-01 11:35:12,382 - Iter 1420: obj=-118.738742, change=2.40e-05, α=1.000, ‖θ[1:]‖₁=0.747, γ=119238.114, num_knots=22
2025-09-01 11:35:12,688 - Iter 1430: obj=-118.741140, change=2.53e-05, α=1.000, ‖θ[1:]‖₁=0.747, γ=113043.761, num_knots=22
2025-09-01 11:35:13,005 - Iter 1440: obj=-118.743670, change=2.68e-05, α=1.000, ‖θ[1:]‖₁=0.747, γ=106782.469, num_knots=22
2025-09-01 11:35:13,337 - Iter 1450: obj=-118.746352, change=2.85e-05, α=1.000, ‖θ[1:]‖₁=0.747, γ=100461.672, num_knots=22
2025-09-01 11:35:13,730 - Iter 1460: obj=-118.749205, change=3.04e-05, α=1.000, ‖θ[1:]‖₁=0.747, γ=94082.609, num_knots=22
2025-09-01 11:35:14,079 - Iter 1470: obj=-118.752256, change=3.25e-05, α=1.000, ‖θ[1:]‖₁=0.747, γ=87643.023, num_knots=22
2025-09-01 11:35:14,451 - Iter 1480: obj=-118.755536, change=3.51e-05, α=1.000, ‖θ[1:]‖₁=0.747, γ=81138.936, num_knots=22
2025-09-01 11:35:14,809 - Iter 1490: obj=-118.759086, change=3.82e-05, α=1.000, ‖θ[1:]‖₁=0.747, γ=74565.791, num_knots=22
2025-09-01 11:35:15,197 - Iter 1500: obj=-118.762959, change=4.18e-05, α=1.000, ‖θ[1:]‖₁=0.747, γ=67919.336, num_knots=22
2025-09-01 11:35:15,445 - Iter 1510: obj=-118.767223, change=4.63e-05, α=1.000, ‖θ[1:]‖₁=0.747, γ=61196.384, num_knots=22
2025-09-01 11:35:15,720 - Iter 1520: obj=-118.771975, change=5.20e-05, α=1.000, ‖θ[1:]‖₁=0.748, γ=54395.710, num_knots=22
2025-09-01 11:35:16,006 - Iter 1530: obj=-118.777349, change=5.94e-05, α=1.000, ‖θ[1:]‖₁=0.748, γ=47519.311, num_knots=22
2025-09-01 11:35:16,438 - Iter 1540: obj=-118.783544, change=6.93e-05, α=1.000, ‖θ[1:]‖₁=0.748, γ=40574.461, num_knots=22
2025-09-01 11:35:16,881 - Iter 1550: obj=-118.790870, change=8.33e-05, α=1.000, ‖θ[1:]‖₁=0.748, γ=33577.449, num_knots=22
2025-09-01 11:35:17,196 - Iter 1560: obj=-118.799849, change=1.05e-04, α=1.000, ‖θ[1:]‖₁=0.748, γ=26561.044, num_knots=22
2025-09-01 11:35:17,496 - Iter 1570: obj=-118.811455, change=1.40e-04, α=1.000, ‖θ[1:]‖₁=0.748, γ=19591.366, num_knots=22
2025-09-01 11:35:17,934 - Iter 1580: obj=-118.817424, change=6.57e-06, α=1.000, ‖θ[1:]‖₁=0.748, γ=424507.660, num_knots=21
2025-09-01 11:35:18,399 - Iter 1590: obj=-118.817979, change=7.06e-06, α=1.000, ‖θ[1:]‖₁=0.748, γ=391805.448, num_knots=21
2025-09-01 11:35:18,774 - Iter 1600: obj=-118.818586, change=7.82e-06, α=1.000, ‖θ[1:]‖₁=0.748, γ=350025.648, num_knots=21
2025-09-01 11:35:19,143 - Iter 1610: obj=-118.819275, change=9.15e-06, α=1.000, ‖θ[1:]‖₁=0.748, γ=295571.394, num_knots=21
2025-09-01 11:35:19,426 - Iter 1620: obj=-118.820120, change=1.19e-05, α=1.000, ‖θ[1:]‖₁=0.748, γ=222850.811, num_knots=21
2025-09-01 11:35:19,722 - Iter 1630: obj=-118.821344, change=2.03e-05, α=1.000, ‖θ[1:]‖₁=0.748, γ=123415.615, num_knots=21
2025-09-01 11:35:20,000 - Iter 1640: obj=-118.824907, change=1.29e-04, α=1.000, ‖θ[1:]‖₁=0.748, γ=18672.048, num_knots=21
2025-09-01 11:35:20,292 - Iter 1650: obj=-118.832813, change=7.59e-05, α=1.000, ‖θ[1:]‖₁=0.748, γ=34916.605, num_knots=21
2025-09-01 11:35:20,563 - Iter 1660: obj=-118.839957, change=1.01e-04, α=1.000, ‖θ[1:]‖₁=0.748, γ=25594.610, num_knots=21
2025-09-01 11:35:20,839 - Iter 1670: obj=-118.850347, change=1.60e-04, α=1.000, ‖θ[1:]‖₁=0.748, γ=15888.283, num_knots=21
2025-09-01 11:35:21,224 - Iter 1680: obj=-118.868187, change=3.03e-04, α=1.000, ‖θ[1:]‖₁=0.748, γ=8096.634, num_knots=21
2025-09-01 11:35:21,545 - Iter 1690: obj=-118.908282, change=8.35e-04, α=1.000, ‖θ[1:]‖₁=0.749, γ=2768.165, num_knots=21
2025-09-01 11:35:21,827 - Iter 1700: obj=-118.942553, change=1.15e-05, α=1.000, ‖θ[1:]‖₁=0.749, γ=208806.024, num_knots=20
2025-09-01 11:35:22,115 - Iter 1710: obj=-118.943602, change=1.74e-05, α=1.000, ‖θ[1:]‖₁=0.749, γ=135241.295, num_knots=20
2025-09-01 11:35:22,370 - Iter 1720: obj=-118.945376, change=3.42e-05, α=1.000, ‖θ[1:]‖₁=0.749, γ=66550.737, num_knots=20
2025-09-01 11:35:22,638 - Iter 1730: obj=-118.947028, change=6.21e-06, α=1.000, ‖θ[1:]‖₁=0.749, γ=394983.688, num_knots=19
2025-09-01 11:35:22,914 - Iter 1740: obj=-118.947458, change=6.73e-06, α=1.000, ‖θ[1:]‖₁=0.749, γ=361419.974, num_knots=19
2025-09-01 11:35:23,189 - Iter 1750: obj=-118.947934, change=7.53e-06, α=1.000, ‖θ[1:]‖₁=0.749, γ=319873.244, num_knots=19
2025-09-01 11:35:23,475 - Iter 1760: obj=-118.948479, change=8.89e-06, α=1.000, ‖θ[1:]‖₁=0.749, γ=267515.097, num_knots=19
2025-09-01 11:35:23,752 - Iter 1770: obj=-118.949154, change=1.16e-05, α=1.000, ‖θ[1:]‖₁=0.749, γ=200188.351, num_knots=19
2025-09-01 11:35:24,036 - Iter 1780: obj=-118.950134, change=1.96e-05, α=1.000, ‖θ[1:]‖₁=0.749, γ=112881.330, num_knots=19
2025-09-01 11:35:24,317 - Iter 1790: obj=-118.952503, change=6.94e-05, α=1.000, ‖θ[1:]‖₁=0.749, γ=32360.723, num_knots=19
2025-09-01 11:35:24,606 - Iter 1800: obj=-118.956542, change=4.55e-05, α=1.000, ‖θ[1:]‖₁=0.749, γ=52829.569, num_knots=19
2025-09-01 11:35:25,005 - Iter 1810: obj=-118.959551, change=1.51e-05, α=1.000, ‖θ[1:]‖₁=0.749, γ=149227.282, num_knots=18
2025-09-01 11:35:25,337 - Iter 1820: obj=-118.960721, change=1.95e-05, α=1.000, ‖θ[1:]‖₁=0.749, γ=118778.055, num_knots=18
2025-09-01 11:35:25,634 - Iter 1830: obj=-118.962192, change=2.44e-05, α=1.000, ‖θ[1:]‖₁=0.749, γ=94866.285, num_knots=18
2025-09-01 11:35:25,886 - Iter 1840: obj=-118.964029, change=3.04e-05, α=1.000, ‖θ[1:]‖₁=0.749, γ=75946.967, num_knots=18
2025-09-01 11:35:26,161 - Iter 1850: obj=-118.966328, change=3.84e-05, α=1.000, ‖θ[1:]‖₁=0.749, γ=59902.143, num_knots=18
2025-09-01 11:35:26,486 - Iter 1860: obj=-118.969277, change=5.04e-05, α=1.000, ‖θ[1:]‖₁=0.749, γ=45403.355, num_knots=18
2025-09-01 11:35:26,764 - Iter 1870: obj=-118.973246, change=7.02e-05, α=1.000, ‖θ[1:]‖₁=0.749, γ=32332.946, num_knots=18
2025-09-01 11:35:27,096 - Iter 1880: obj=-118.978953, change=1.05e-04, α=1.000, ‖θ[1:]‖₁=0.749, γ=21564.106, num_knots=18
2025-09-01 11:35:27,402 - Iter 1890: obj=-118.987613, change=1.61e-04, α=1.000, ‖θ[1:]‖₁=0.750, γ=13959.631, num_knots=18
2025-09-01 11:35:27,672 - Iter 1900: obj=-118.990035, change=6.51e-06, α=1.000, ‖θ[1:]‖₁=0.750, γ=349569.854, num_knots=17
2025-09-01 11:35:27,943 - Iter 1910: obj=-118.990458, change=7.37e-06, α=1.000, ‖θ[1:]‖₁=0.750, γ=305949.374, num_knots=17
2025-09-01 11:35:28,228 - Iter 1920: obj=-118.990950, change=8.88e-06, α=1.000, ‖θ[1:]‖₁=0.750, γ=250954.965, num_knots=17
2025-09-01 11:35:28,507 - Iter 1930: obj=-118.991575, change=1.21e-05, α=1.000, ‖θ[1:]‖₁=0.750, γ=180074.933, num_knots=17
2025-09-01 11:35:28,837 - Iter 1940: obj=-118.992549, change=2.31e-05, α=1.000, ‖θ[1:]‖₁=0.750, γ=87676.499, num_knots=17
2025-09-01 11:35:29,157 - Iter 1950: obj=-118.995799, change=8.29e-05, α=1.000, ‖θ[1:]‖₁=0.750, γ=33051.048, num_knots=17
2025-09-01 11:35:29,435 - Iter 1960: obj=-118.999182, change=4.30e-05, α=1.000, ‖θ[1:]‖₁=0.750, γ=52546.246, num_knots=17
2025-09-01 11:35:29,707 - Iter 1970: obj=-119.001851, change=4.33e-05, α=1.000, ‖θ[1:]‖₁=0.750, γ=51246.535, num_knots=17
2025-09-01 11:35:30,003 - Iter 1980: obj=-119.004693, change=4.83e-05, α=1.000, ‖θ[1:]‖₁=0.750, γ=45594.224, num_knots=17
2025-09-01 11:35:30,284 - Iter 1990: obj=-119.007940, change=5.65e-05, α=1.000, ‖θ[1:]‖₁=0.750, γ=38851.908, num_knots=17
2025-09-01 11:35:30,544 - Iter 2000: obj=-119.011788, change=6.80e-05, α=1.000, ‖θ[1:]‖₁=0.750, γ=32162.660, num_knots=17
2025-09-01 11:35:30,807 - Iter 2010: obj=-119.016474, change=8.39e-05, α=1.000, ‖θ[1:]‖₁=0.750, γ=25966.017, num_knots=17
2025-09-01 11:35:31,119 - Iter 2020: obj=-119.022320, change=1.06e-04, α=1.000, ‖θ[1:]‖₁=0.750, γ=20470.388, num_knots=17
2025-09-01 11:35:31,421 - Iter 2030: obj=-119.029777, change=1.37e-04, α=1.000, ‖θ[1:]‖₁=0.750, γ=15841.624, num_knots=17
2025-09-01 11:35:31,717 - Iter 2040: obj=-119.039413, change=1.76e-04, α=1.000, ‖θ[1:]‖₁=0.750, γ=12247.489, num_knots=17
2025-09-01 11:35:32,021 - Iter 2050: obj=-119.051726, change=2.21e-04, α=1.000, ‖θ[1:]‖₁=0.750, γ=9785.008, num_knots=17
2025-09-01 11:35:32,346 - Iter 2060: obj=-119.066749, change=2.61e-04, α=1.000, ‖θ[1:]‖₁=0.750, γ=8333.994, num_knots=17
2025-09-01 11:35:32,628 - Iter 2070: obj=-119.071565, change=7.29e-06, α=1.000, ‖θ[1:]‖₁=0.750, γ=283091.851, num_knots=16
2025-09-01 11:35:32,882 - Iter 2080: obj=-119.071954, change=8.95e-06, α=1.000, ‖θ[1:]‖₁=0.750, γ=227285.849, num_knots=16
2025-09-01 11:35:33,162 - Iter 2090: obj=-119.072462, change=1.26e-05, α=1.000, ‖θ[1:]‖₁=0.750, γ=156626.834, num_knots=16
2025-09-01 11:35:33,453 - Iter 2100: obj=-119.073305, change=2.68e-05, α=1.000, ‖θ[1:]‖₁=0.750, γ=67443.101, num_knots=16
2025-09-01 11:35:33,684 - Iter 2110: obj=-119.076409, change=7.42e-05, α=1.000, ‖θ[1:]‖₁=0.750, γ=30788.271, num_knots=16
2025-09-01 11:35:33,984 - Iter 2120: obj=-119.079419, change=5.74e-05, α=1.000, ‖θ[1:]‖₁=0.750, γ=34924.634, num_knots=16
2025-09-01 11:35:34,309 - Iter 2130: obj=-119.082553, change=7.20e-05, α=1.000, ‖θ[1:]‖₁=0.750, γ=27280.864, num_knots=16
2025-09-01 11:35:34,618 - Iter 2140: obj=-119.086771, change=1.04e-04, α=1.000, ‖θ[1:]‖₁=0.750, γ=18716.578, num_knots=16
2025-09-01 11:35:34,968 - Iter 2150: obj=-119.093089, change=1.61e-04, α=1.000, ‖θ[1:]‖₁=0.750, γ=11933.434, num_knots=16
2025-09-01 11:35:35,342 - Iter 2160: obj=-119.102998, change=2.52e-04, α=1.000, ‖θ[1:]‖₁=0.750, γ=7611.701, num_knots=16
2025-09-01 11:35:35,698 - Iter 2170: obj=-119.111589, change=1.31e-05, α=1.000, ‖θ[1:]‖₁=0.750, γ=149427.932, num_knots=15
2025-09-01 11:35:36,179 - Iter 2180: obj=-119.112269, change=1.48e-05, α=1.000, ‖θ[1:]‖₁=0.750, γ=132275.436, num_knots=15
2025-09-01 11:35:36,960 - Iter 2190: obj=-119.113037, change=1.68e-05, α=1.000, ‖θ[1:]‖₁=0.750, γ=116984.471, num_knots=15
2025-09-01 11:35:37,404 - Iter 2200: obj=-119.113905, change=1.90e-05, α=1.000, ‖θ[1:]‖₁=0.750, γ=103022.477, num_knots=15
2025-09-01 11:35:37,851 - Iter 2210: obj=-119.114893, change=2.18e-05, α=1.000, ‖θ[1:]‖₁=0.751, γ=89909.427, num_knots=15
2025-09-01 11:35:38,427 - Iter 2220: obj=-119.116029, change=2.53e-05, α=1.000, ‖θ[1:]‖₁=0.751, γ=77273.750, num_knots=15
2025-09-01 11:35:38,886 - Iter 2230: obj=-119.117358, change=3.00e-05, α=1.000, ‖θ[1:]‖₁=0.751, γ=64879.053, num_knots=15
2025-09-01 11:35:39,612 - Iter 2240: obj=-119.118958, change=3.68e-05, α=1.000, ‖θ[1:]‖₁=0.751, γ=52640.297, num_knots=15
2025-09-01 11:35:40,027 - Iter 2250: obj=-119.120960, change=4.73e-05, α=1.000, ‖θ[1:]‖₁=0.751, γ=40652.104, num_knots=15
2025-09-01 11:35:40,602 - Iter 2260: obj=-119.123611, change=6.51e-05, α=1.000, ‖θ[1:]‖₁=0.751, γ=29255.913, num_knots=15
2025-09-01 11:35:40,994 - Iter 2270: obj=-119.127411, change=9.82e-05, α=1.000, ‖θ[1:]‖₁=0.751, γ=19170.601, num_knots=15
2025-09-01 11:35:41,355 - Iter 2280: obj=-119.133400, change=1.62e-04, α=1.000, ‖θ[1:]‖₁=0.751, γ=11570.838, num_knots=15
2025-09-01 11:35:41,707 - Iter 2290: obj=-119.143229, change=2.58e-04, α=1.000, ‖θ[1:]‖₁=0.751, γ=7306.045, num_knots=15
2025-09-01 11:35:42,045 - Iter 2300: obj=-119.157764, change=3.51e-04, α=1.000, ‖θ[1:]‖₁=0.751, γ=5406.114, num_knots=15
2025-09-01 11:35:42,345 - Iter 2310: obj=-119.176243, change=4.20e-04, α=1.000, ‖θ[1:]‖₁=0.750, γ=4514.546, num_knots=15
2025-09-01 11:35:42,653 - Iter 2320: obj=-119.197572, change=4.73e-04, α=1.000, ‖θ[1:]‖₁=0.750, γ=3980.358, num_knots=15
2025-09-01 11:35:42,972 - Iter 2330: obj=-119.221334, change=5.26e-04, α=1.000, ‖θ[1:]‖₁=0.750, γ=3540.576, num_knots=15
2025-09-01 11:35:43,269 - Iter 2340: obj=-119.236883, change=3.95e-06, α=1.000, ‖θ[1:]‖₁=0.750, γ=465249.632, num_knots=14
2025-09-01 11:35:43,609 - Iter 2350: obj=-119.237050, change=4.09e-06, α=1.000, ‖θ[1:]‖₁=0.750, γ=447910.389, num_knots=14
2025-09-01 11:35:44,153 - Iter 2360: obj=-119.237224, change=4.26e-06, α=1.000, ‖θ[1:]‖₁=0.750, γ=427736.211, num_knots=14
2025-09-01 11:35:44,607 - Iter 2370: obj=-119.237407, change=4.48e-06, α=1.000, ‖θ[1:]‖₁=0.750, γ=404115.732, num_knots=14
2025-09-01 11:35:45,076 - Iter 2380: obj=-119.237601, change=4.79e-06, α=1.000, ‖θ[1:]‖₁=0.750, γ=376265.709, num_knots=14
2025-09-01 11:35:45,506 - Iter 2390: obj=-119.237811, change=5.22e-06, α=1.000, ‖θ[1:]‖₁=0.750, γ=343166.694, num_knots=14
2025-09-01 11:35:45,897 - Iter 2400: obj=-119.238044, change=5.86e-06, α=1.000, ‖θ[1:]‖₁=0.750, γ=303465.811, num_knots=14
2025-09-01 11:35:46,234 - Iter 2410: obj=-119.238310, change=6.90e-06, α=1.000, ‖θ[1:]‖₁=0.750, γ=255325.519, num_knots=14
2025-09-01 11:35:46,548 - Iter 2420: obj=-119.238636, change=8.84e-06, α=1.000, ‖θ[1:]‖₁=0.750, γ=196191.520, num_knots=14
2025-09-01 11:35:46,885 - Iter 2430: obj=-119.239087, change=1.37e-05, α=1.000, ‖θ[1:]‖₁=0.750, γ=122581.167, num_knots=14
2025-09-01 11:35:47,221 - Iter 2440: obj=-119.239988, change=4.16e-05, α=1.000, ‖θ[1:]‖₁=0.750, γ=33686.924, num_knots=14
2025-09-01 11:35:47,549 - Iter 2450: obj=-119.244272, change=9.35e-05, α=1.000, ‖θ[1:]‖₁=0.750, γ=18402.482, num_knots=14
2025-09-01 11:35:47,904 - Iter 2460: obj=-119.249240, change=1.63e-04, α=1.000, ‖θ[1:]‖₁=0.750, γ=9837.065, num_knots=14
2025-09-01 11:35:48,243 - Iter 2470: obj=-119.257487, change=1.40e-05, α=1.000, ‖θ[1:]‖₁=0.750, γ=115190.164, num_knots=13
2025-09-01 11:35:48,603 - Iter 2480: obj=-119.258353, change=3.50e-05, α=1.000, ‖θ[1:]‖₁=0.750, γ=41614.927, num_knots=13
2025-09-01 11:35:48,911 - Iter 2490: obj=-119.265131, change=3.86e-04, α=1.000, ‖θ[1:]‖₁=0.750, γ=3802.278, num_knots=13
2025-09-01 11:35:49,228 - Iter 2500: obj=-119.289231, change=6.47e-04, α=1.000, ‖θ[1:]‖₁=0.751, γ=256826.327, num_knots=12
2025-09-01 11:35:49,549 - Iter 2510: obj=-119.292035, change=3.61e-06, α=1.000, ‖θ[1:]‖₁=0.751, γ=456477.634, num_knots=12
2025-09-01 11:35:49,868 - Iter 2520: obj=-119.292172, change=3.70e-06, α=1.000, ‖θ[1:]‖₁=0.751, γ=443286.648, num_knots=12
2025-09-01 11:35:50,238 - Iter 2530: obj=-119.292313, change=3.81e-06, α=1.000, ‖θ[1:]‖₁=0.751, γ=428685.320, num_knots=12
2025-09-01 11:35:50,594 - Iter 2540: obj=-119.292458, change=3.95e-06, α=1.000, ‖θ[1:]‖₁=0.751, γ=412463.265, num_knots=12
2025-09-01 11:35:50,958 - Iter 2550: obj=-119.292610, change=4.11e-06, α=1.000, ‖θ[1:]‖₁=0.751, γ=394367.850, num_knots=12
2025-09-01 11:35:51,336 - Iter 2560: obj=-119.292769, change=4.32e-06, α=1.000, ‖θ[1:]‖₁=0.751, γ=374093.688, num_knots=12
2025-09-01 11:35:51,977 - Iter 2570: obj=-119.292936, change=4.58e-06, α=1.000, ‖θ[1:]‖₁=0.751, γ=351269.432, num_knots=12
2025-09-01 11:35:52,324 - Iter 2580: obj=-119.293116, change=4.92e-06, α=1.000, ‖θ[1:]‖₁=0.751, γ=325442.024, num_knots=12
2025-09-01 11:35:52,664 - Iter 2590: obj=-119.293311, change=5.38e-06, α=1.000, ‖θ[1:]‖₁=0.751, γ=296060.710, num_knots=12
2025-09-01 11:35:52,997 - Iter 2600: obj=-119.293526, change=6.03e-06, α=1.000, ‖θ[1:]‖₁=0.751, γ=262470.237, num_knots=12
2025-09-01 11:35:53,343 - Iter 2610: obj=-119.293773, change=7.02e-06, α=1.000, ‖θ[1:]‖₁=0.751, γ=223950.900, num_knots=12
2025-09-01 11:35:53,711 - Iter 2620: obj=-119.294067, change=8.65e-06, α=1.000, ‖θ[1:]‖₁=0.751, γ=179952.392, num_knots=12
2025-09-01 11:35:54,076 - Iter 2630: obj=-119.294446, change=1.17e-05, α=1.000, ‖θ[1:]‖₁=0.751, γ=131173.315, num_knots=12
2025-09-01 11:35:54,435 - Iter 2640: obj=-119.294991, change=1.79e-05, α=1.000, ‖θ[1:]‖₁=0.751, γ=84555.691, num_knots=12
2025-09-01 11:35:54,816 - Iter 2650: obj=-119.295818, change=2.41e-05, α=1.000, ‖θ[1:]‖₁=0.751, γ=65779.814, num_knots=12
2025-09-01 11:35:55,155 - Iter 2660: obj=-119.296704, change=2.07e-05, α=1.000, ‖θ[1:]‖₁=0.751, γ=77546.467, num_knots=12
2025-09-01 11:35:55,502 - Iter 2670: obj=-119.297455, change=1.81e-05, α=1.000, ‖θ[1:]‖₁=0.751, γ=87842.211, num_knots=12
2025-09-01 11:35:55,838 - Iter 2680: obj=-119.298137, change=1.72e-05, α=1.000, ‖θ[1:]‖₁=0.751, γ=91999.724, num_knots=12
2025-09-01 11:35:56,197 - Iter 2690: obj=-119.298801, change=1.71e-05, α=1.000, ‖θ[1:]‖₁=0.751, γ=91640.181, num_knots=12
2025-09-01 11:35:56,542 - Iter 2700: obj=-119.299476, change=1.78e-05, α=1.000, ‖θ[1:]‖₁=0.751, γ=88154.674, num_knots=12
2025-09-01 11:35:56,898 - Iter 2710: obj=-119.300185, change=1.89e-05, α=1.000, ‖θ[1:]‖₁=0.751, γ=82485.605, num_knots=12
2025-09-01 11:35:57,249 - Iter 2720: obj=-119.300949, change=2.07e-05, α=1.000, ‖θ[1:]‖₁=0.751, γ=75283.902, num_knots=12
2025-09-01 11:35:57,595 - Iter 2730: obj=-119.301794, change=2.31e-05, α=1.000, ‖θ[1:]‖₁=0.751, γ=67021.859, num_knots=12
2025-09-01 11:35:57,932 - Iter 2740: obj=-119.302752, change=2.66e-05, α=1.000, ‖θ[1:]‖₁=0.751, γ=58061.456, num_knots=12
2025-09-01 11:35:58,266 - Iter 2750: obj=-119.303869, change=3.16e-05, α=1.000, ‖θ[1:]‖₁=0.751, γ=48697.784, num_knots=12
2025-09-01 11:35:58,615 - Iter 2760: obj=-119.305220, change=3.91e-05, α=1.000, ‖θ[1:]‖₁=0.751, γ=39191.475, num_knots=12
2025-09-01 11:35:58,957 - Iter 2770: obj=-119.306932, change=5.10e-05, α=1.000, ‖θ[1:]‖₁=0.751, γ=29802.026, num_knots=12
2025-09-01 11:35:59,314 - Iter 2780: obj=-119.309247, change=7.22e-05, α=1.000, ‖θ[1:]‖₁=0.751, γ=20839.399, num_knots=12
2025-09-01 11:35:59,717 - Iter 2790: obj=-119.312711, change=1.16e-04, α=1.000, ‖θ[1:]‖₁=0.751, γ=12776.404, num_knots=12
2025-09-01 11:36:00,477 - Iter 2800: obj=-119.318773, change=2.22e-04, α=1.000, ‖θ[1:]‖₁=0.751, γ=6530.612, num_knots=12
2025-09-01 11:36:00,821 - Iter 2810: obj=-119.330452, change=2.86e-06, α=1.000, ‖θ[1:]‖₁=0.751, γ=319403.426, num_knots=11
2025-09-01 11:36:01,493 - Iter 2820: obj=-119.330569, change=4.83e-06, α=1.000, ‖θ[1:]‖₁=0.751, γ=293195.539, num_knots=11
2025-09-01 11:36:01,849 - Iter 2830: obj=-119.330702, change=5.35e-06, α=1.000, ‖θ[1:]‖₁=0.751, γ=262685.961, num_knots=11
2025-09-01 11:36:02,208 - Iter 2840: obj=-119.330851, change=6.10e-06, α=1.000, ‖θ[1:]‖₁=0.751, γ=228272.645, num_knots=11
2025-09-01 11:36:02,569 - Iter 2850: obj=-119.331026, change=7.27e-06, α=1.000, ‖θ[1:]‖₁=0.751, γ=189504.609, num_knots=11
2025-09-01 11:36:02,934 - Iter 2860: obj=-119.331240, change=9.27e-06, α=1.000, ‖θ[1:]‖₁=0.751, γ=146461.596, num_knots=11
2025-09-01 11:36:03,280 - Iter 2870: obj=-119.331528, change=1.31e-05, α=1.000, ‖θ[1:]‖₁=0.751, γ=101653.608, num_knots=11
2025-09-01 11:36:03,617 - Iter 2880: obj=-119.331957, change=1.99e-05, α=1.000, ‖θ[1:]‖₁=0.751, γ=67134.410, num_knots=11
2025-09-01 11:36:03,981 - Iter 2890: obj=-119.332539, change=2.17e-05, α=1.000, ‖θ[1:]‖₁=0.751, γ=64098.977, num_knots=11
2025-09-01 11:36:04,269 - Iter 2900: obj=-119.333085, change=1.85e-05, α=1.000, ‖θ[1:]‖₁=0.752, γ=74540.081, num_knots=11
2025-09-01 11:36:04,615 - Iter 2910: obj=-119.333565, change=1.70e-05, α=1.000, ‖θ[1:]‖₁=0.752, γ=80637.421, num_knots=11
2025-09-01 11:36:04,986 - Iter 2920: obj=-119.334019, change=1.66e-05, α=1.000, ‖θ[1:]‖₁=0.752, γ=81807.581, num_knots=11
2025-09-01 11:36:05,336 - Iter 2930: obj=-119.334472, change=1.70e-05, α=1.000, ‖θ[1:]‖₁=0.752, γ=79384.976, num_knots=11
2025-09-01 11:36:05,665 - Iter 2940: obj=-119.334946, change=1.81e-05, α=1.000, ‖θ[1:]‖₁=0.752, γ=74415.446, num_knots=11
2025-09-01 11:36:06,033 - Iter 2950: obj=-119.335456, change=1.98e-05, α=1.000, ‖θ[1:]‖₁=0.752, γ=67636.328, num_knots=11
2025-09-01 11:36:06,376 - Iter 2960: obj=-119.336022, change=2.23e-05, α=1.000, ‖θ[1:]‖₁=0.752, γ=59584.873, num_knots=11
2025-09-01 11:36:06,735 - Iter 2970: obj=-119.336672, change=2.61e-05, α=1.000, ‖θ[1:]‖₁=0.752, γ=50676.180, num_knots=11
2025-09-01 11:36:07,061 - Iter 2980: obj=-119.337447, change=3.19e-05, α=1.000, ‖θ[1:]‖₁=0.752, γ=41254.668, num_knots=11
2025-09-01 11:36:07,422 - Iter 2990: obj=-119.338417, change=4.12e-05, α=1.000, ‖θ[1:]‖₁=0.752, γ=31633.286, num_knots=11
2025-09-01 11:36:07,797 - Iter 3000: obj=-119.339718, change=5.81e-05, α=1.000, ‖θ[1:]‖₁=0.752, γ=22136.442, num_knots=11
2025-09-01 11:36:08,168 - Iter 3010: obj=-119.341675, change=9.52e-05, α=1.000, ‖θ[1:]‖₁=0.752, γ=13180.741, num_knots=11
2025-09-01 11:36:08,513 - Iter 3020: obj=-119.345348, change=2.15e-04, α=1.000, ‖θ[1:]‖₁=0.752, γ=5532.189, num_knots=11
2025-09-01 11:36:08,902 - Iter 3030: obj=-119.356792, change=8.53e-04, α=1.000, ‖θ[1:]‖₁=0.752, γ=1387.906, num_knots=11
2025-09-01 11:36:09,342 - Iter 3040: obj=-119.375872, change=3.49e-06, α=1.000, ‖θ[1:]‖₁=0.752, γ=332612.998, num_knots=10
2025-09-01 11:36:09,684 - Iter 3050: obj=-119.375957, change=3.67e-06, α=1.000, ‖θ[1:]‖₁=0.752, γ=316577.155, num_knots=10
2025-09-01 11:36:09,988 - Iter 3060: obj=-119.376045, change=3.86e-06, α=1.000, ‖θ[1:]‖₁=0.752, γ=300821.151, num_knots=10
2025-09-01 11:36:10,311 - Iter 3070: obj=-119.376139, change=4.07e-06, α=1.000, ‖θ[1:]‖₁=0.752, γ=285373.039, num_knots=10
2025-09-01 11:36:10,649 - Iter 3080: obj=-119.376237, change=4.29e-06, α=1.000, ‖θ[1:]‖₁=0.752, γ=270257.142, num_knots=10
2025-09-01 11:36:10,981 - Iter 3090: obj=-119.376341, change=4.54e-06, α=1.000, ‖θ[1:]‖₁=0.752, γ=255493.637, num_knots=10
2025-09-01 11:36:11,313 - Iter 3100: obj=-119.376451, change=4.81e-06, α=1.000, ‖θ[1:]‖₁=0.752, γ=241098.066, num_knots=10
2025-09-01 11:36:11,672 - Iter 3110: obj=-119.376568, change=5.11e-06, α=1.000, ‖θ[1:]‖₁=0.752, γ=227081.223, num_knots=10
2025-09-01 11:36:11,955 - Iter 3120: obj=-119.376691, change=5.43e-06, α=1.000, ‖θ[1:]‖₁=0.752, γ=213448.779, num_knots=10
2025-09-01 11:36:12,274 - Iter 3130: obj=-119.376823, change=5.79e-06, α=1.000, ‖θ[1:]‖₁=0.752, γ=200201.464, num_knots=10
2025-09-01 11:36:12,638 - Iter 3140: obj=-119.376964, change=6.18e-06, α=1.000, ‖θ[1:]‖₁=0.752, γ=187334.930, num_knots=10
2025-09-01 11:36:12,967 - Iter 3150: obj=-119.377114, change=6.62e-06, α=1.000, ‖θ[1:]‖₁=0.752, γ=174840.108, num_knots=10
2025-09-01 11:36:13,326 - Iter 3160: obj=-119.377275, change=7.11e-06, α=1.000, ‖θ[1:]‖₁=0.752, γ=162703.563, num_knots=10
2025-09-01 11:36:13,674 - Iter 3170: obj=-119.377449, change=7.66e-06, α=1.000, ‖θ[1:]‖₁=0.752, γ=150908.141, num_knots=10
2025-09-01 11:36:14,020 - Iter 3180: obj=-119.377636, change=8.28e-06, α=1.000, ‖θ[1:]‖₁=0.752, γ=139433.733, num_knots=10
2025-09-01 11:36:14,348 - Iter 3190: obj=-119.377839, change=9.00e-06, α=1.000, ‖θ[1:]‖₁=0.752, γ=128258.123, num_knots=10
2025-09-01 11:36:14,717 - Iter 3200: obj=-119.378059, change=9.82e-06, α=1.000, ‖θ[1:]‖₁=0.752, γ=117358.206, num_knots=10
2025-09-01 11:36:15,057 - Iter 3210: obj=-119.378301, change=1.08e-05, α=1.000, ‖θ[1:]‖₁=0.752, γ=106711.294, num_knots=10
2025-09-01 11:36:15,413 - Iter 3220: obj=-119.378567, change=1.19e-05, α=1.000, ‖θ[1:]‖₁=0.752, γ=96296.702, num_knots=10
2025-09-01 11:36:15,766 - Iter 3230: obj=-119.378863, change=1.33e-05, α=1.000, ‖θ[1:]‖₁=0.752, γ=86097.550, num_knots=10
2025-09-01 11:36:16,116 - Iter 3240: obj=-119.379195, change=1.51e-05, α=1.000, ‖θ[1:]‖₁=0.752, γ=76103.093, num_knots=10
2025-09-01 11:36:16,454 - Iter 3250: obj=-119.379573, change=1.72e-05, α=1.000, ‖θ[1:]‖₁=0.752, γ=66311.538, num_knots=10
2025-09-01 11:36:16,807 - Iter 3260: obj=-119.380008, change=2.01e-05, α=1.000, ‖θ[1:]‖₁=0.752, γ=56733.899, num_knots=10
2025-09-01 11:36:17,156 - Iter 3270: obj=-119.380521, change=2.40e-05, α=1.000, ‖θ[1:]‖₁=0.752, γ=47399.487, num_knots=10
2025-09-01 11:36:17,516 - Iter 3280: obj=-119.381141, change=2.95e-05, α=1.000, ‖θ[1:]‖₁=0.752, γ=38364.231, num_knots=10
2025-09-01 11:36:17,883 - Iter 3290: obj=-119.381917, change=3.78e-05, α=1.000, ‖θ[1:]‖₁=0.752, γ=29724.405, num_knots=10
2025-09-01 11:36:18,247 - Iter 3300: obj=-119.382940, change=5.14e-05, α=1.000, ‖θ[1:]‖₁=0.752, γ=21640.936, num_knots=10
2025-09-01 11:36:18,616 - Iter 3310: obj=-119.384388, change=7.64e-05, α=1.000, ‖θ[1:]‖₁=0.752, γ=14385.600, num_knots=10
2025-09-01 11:36:18,970 - Iter 3320: obj=-119.386664, change=1.28e-04, α=1.000, ‖θ[1:]‖₁=0.752, γ=8428.352, num_knots=10
2025-09-01 11:36:19,323 - Iter 3330: obj=-119.390723, change=2.39e-04, α=1.000, ‖θ[1:]‖₁=0.752, γ=4513.859, num_knots=10
2025-09-01 11:36:19,694 - Iter 3340: obj=-119.397842, change=3.69e-04, α=1.000, ‖θ[1:]‖₁=0.752, γ=3011.189, num_knots=10
2025-09-01 11:36:20,101 - Iter 3350: obj=-119.407142, change=4.16e-04, α=1.000, ‖θ[1:]‖₁=0.752, γ=2696.837, num_knots=10
2025-09-01 11:36:20,444 - Iter 3360: obj=-119.417076, change=4.30e-04, α=1.000, ‖θ[1:]‖₁=0.752, γ=2598.571, num_knots=10
2025-09-01 11:36:20,777 - Iter 3370: obj=-119.427252, change=4.39e-04, α=1.000, ‖θ[1:]‖₁=0.752, γ=2530.652, num_knots=10
2025-09-01 11:36:21,125 - Iter 3380: obj=-119.437625, change=4.47e-04, α=1.000, ‖θ[1:]‖₁=0.752, γ=2466.202, num_knots=10
2025-09-01 11:36:21,501 - Iter 3390: obj=-119.448209, change=4.56e-04, α=1.000, ‖θ[1:]‖₁=0.752, γ=2400.342, num_knots=10
2025-09-01 11:36:21,873 - Iter 3400: obj=-119.459035, change=4.67e-04, α=1.000, ‖θ[1:]‖₁=0.752, γ=2331.999, num_knots=10
2025-09-01 11:36:22,233 - Iter 3410: obj=-119.470136, change=4.79e-04, α=1.000, ‖θ[1:]‖₁=0.752, γ=2260.865, num_knots=10
2025-09-01 11:36:22,568 - Iter 3420: obj=-119.481553, change=4.92e-04, α=1.000, ‖θ[1:]‖₁=0.752, γ=2186.836, num_knots=10
2025-09-01 11:36:22,919 - Iter 3430: obj=-119.493329, change=5.07e-04, α=1.000, ‖θ[1:]‖₁=0.752, γ=2109.918, num_knots=10
2025-09-01 11:36:23,247 - Iter 3440: obj=-119.505511, change=5.24e-04, α=1.000, ‖θ[1:]‖₁=0.752, γ=2030.222, num_knots=10
2025-09-01 11:36:23,594 - Iter 3450: obj=-119.518154, change=5.43e-04, α=1.000, ‖θ[1:]‖₁=0.752, γ=1947.983, num_knots=10
2025-09-01 11:36:23,952 - Iter 3460: obj=-119.531318, change=5.65e-04, α=1.000, ‖θ[1:]‖₁=0.752, γ=1863.584, num_knots=10
2025-09-01 11:36:24,273 - Iter 3470: obj=-119.539486, change=2.11e-06, α=1.000, ‖θ[1:]‖₁=0.752, γ=489626.940, num_knots=9
2025-09-01 11:36:24,637 - Iter 3480: obj=-119.539530, change=2.14e-06, α=1.000, ‖θ[1:]‖₁=0.752, γ=480952.687, num_knots=9
2025-09-01 11:36:24,960 - Iter 3490: obj=-119.539576, change=2.17e-06, α=1.000, ‖θ[1:]‖₁=0.752, γ=471772.242, num_knots=9
2025-09-01 11:36:25,313 - Iter 3500: obj=-119.539622, change=2.20e-06, α=1.000, ‖θ[1:]‖₁=0.752, γ=462045.198, num_knots=9
2025-09-01 11:36:25,656 - Iter 3510: obj=-119.539669, change=2.25e-06, α=1.000, ‖θ[1:]‖₁=0.752, γ=451727.085, num_knots=9
2025-09-01 11:36:26,015 - Iter 3520: obj=-119.539717, change=2.29e-06, α=1.000, ‖θ[1:]‖₁=0.752, γ=440768.668, num_knots=9
2025-09-01 11:36:26,353 - Iter 3530: obj=-119.539766, change=2.35e-06, α=1.000, ‖θ[1:]‖₁=0.752, γ=429115.591, num_knots=9
2025-09-01 11:36:26,719 - Iter 3540: obj=-119.539817, change=2.41e-06, α=1.000, ‖θ[1:]‖₁=0.752, γ=416707.678, num_knots=9
2025-09-01 11:36:27,053 - Iter 3550: obj=-119.539869, change=2.48e-06, α=1.000, ‖θ[1:]‖₁=0.752, γ=403478.240, num_knots=9
2025-09-01 11:36:27,426 - Iter 3560: obj=-119.539923, change=2.56e-06, α=1.000, ‖θ[1:]‖₁=0.752, γ=389353.560, num_knots=9
2025-09-01 11:36:27,759 - Iter 3570: obj=-119.539978, change=2.67e-06, α=1.000, ‖θ[1:]‖₁=0.752, γ=374252.161, num_knots=9
2025-09-01 11:36:28,104 - Iter 3580: obj=-119.540036, change=2.80e-06, α=1.000, ‖θ[1:]‖₁=0.752, γ=358084.377, num_knots=9
2025-09-01 11:36:28,417 - Iter 3590: obj=-119.540097, change=2.95e-06, α=1.000, ‖θ[1:]‖₁=0.752, γ=340752.325, num_knots=9
2025-09-01 11:36:28,796 - Iter 3600: obj=-119.540161, change=3.13e-06, α=1.000, ‖θ[1:]‖₁=0.752, γ=322150.581, num_knots=9
2025-09-01 11:36:29,183 - Iter 3610: obj=-119.540229, change=3.34e-06, α=1.000, ‖θ[1:]‖₁=0.752, γ=302168.440, num_knots=9
2025-09-01 11:36:29,533 - Iter 3620: obj=-119.540301, change=3.60e-06, α=1.000, ‖θ[1:]‖₁=0.752, γ=280695.193, num_knots=9
2025-09-01 11:36:29,876 - Iter 3630: obj=-119.540380, change=3.93e-06, α=1.000, ‖θ[1:]‖₁=0.752, γ=257631.625, num_knots=9
2025-09-01 11:36:30,248 - Iter 3640: obj=-119.540465, change=4.35e-06, α=1.000, ‖θ[1:]‖₁=0.752, γ=232913.578, num_knots=9
2025-09-01 11:36:30,569 - Iter 3650: obj=-119.540561, change=4.91e-06, α=1.000, ‖θ[1:]‖₁=0.752, γ=206560.817, num_knots=9
2025-09-01 11:36:30,927 - Iter 3660: obj=-119.540669, change=5.67e-06, α=1.000, ‖θ[1:]‖₁=0.752, γ=178778.918, num_knots=9
2025-09-01 11:36:31,285 - Iter 3670: obj=-119.540796, change=6.75e-06, α=1.000, ‖θ[1:]‖₁=0.752, γ=150172.521, num_knots=9
2025-09-01 11:36:31,623 - Iter 3680: obj=-119.540948, change=8.30e-06, α=1.000, ‖θ[1:]‖₁=0.752, γ=122172.583, num_knots=9
2025-09-01 11:36:31,979 - Iter 3690: obj=-119.541137, change=1.04e-05, α=1.000, ‖θ[1:]‖₁=0.752, γ=97703.633, num_knots=9
2025-09-01 11:36:32,332 - Iter 3700: obj=-119.541371, change=1.27e-05, α=1.000, ‖θ[1:]‖₁=0.752, γ=81170.098, num_knots=9
2025-09-01 11:36:32,644 - Iter 3710: obj=-119.541642, change=1.39e-05, α=1.000, ‖θ[1:]‖₁=0.752, γ=74909.526, num_knots=9
2025-09-01 11:36:32,981 - Iter 3720: obj=-119.541927, change=1.40e-05, α=1.000, ‖θ[1:]‖₁=0.752, γ=75140.873, num_knots=9
2025-09-01 11:36:33,313 - Iter 3730: obj=-119.542207, change=1.37e-05, α=1.000, ‖θ[1:]‖₁=0.752, γ=76542.480, num_knots=9
2025-09-01 11:36:33,631 - Iter 3740: obj=-119.542484, change=1.37e-05, α=1.000, ‖θ[1:]‖₁=0.752, γ=76601.982, num_knots=9
2025-09-01 11:36:33,957 - Iter 3750: obj=-119.542763, change=1.40e-05, α=1.000, ‖θ[1:]‖₁=0.752, γ=74744.829, num_knots=9
2025-09-01 11:36:34,297 - Iter 3760: obj=-119.543051, change=1.47e-05, α=1.000, ‖θ[1:]‖₁=0.752, γ=71072.572, num_knots=9
2025-09-01 11:36:34,635 - Iter 3770: obj=-119.543357, change=1.58e-05, α=1.000, ‖θ[1:]‖₁=0.752, γ=65859.161, num_knots=9
2025-09-01 11:36:34,965 - Iter 3780: obj=-119.543690, change=1.75e-05, α=1.000, ‖θ[1:]‖₁=0.752, γ=59399.865, num_knots=9
2025-09-01 11:36:35,335 - Iter 3790: obj=-119.544064, change=2.00e-05, α=1.000, ‖θ[1:]‖₁=0.752, γ=51976.037, num_knots=9
2025-09-01 11:36:35,676 - Iter 3800: obj=-119.544398, change=1.92e-06, α=1.000, ‖θ[1:]‖₁=0.752, γ=488398.427, num_knots=8
2025-09-01 11:36:36,060 - Iter 3810: obj=-119.544418, change=1.93e-06, α=1.000, ‖θ[1:]‖₁=0.752, γ=480200.043, num_knots=8
2025-09-01 11:36:36,417 - Iter 3820: obj=-119.544438, change=1.95e-06, α=1.000, ‖θ[1:]‖₁=0.752, γ=471640.554, num_knots=8
2025-09-01 11:36:36,768 - Iter 3830: obj=-119.544458, change=1.96e-06, α=1.000, ‖θ[1:]‖₁=0.753, γ=462698.580, num_knots=8
2025-09-01 11:36:37,110 - Iter 3840: obj=-119.544478, change=1.98e-06, α=1.000, ‖θ[1:]‖₁=0.753, γ=453351.152, num_knots=8
2025-09-01 11:36:37,470 - Iter 3850: obj=-119.544499, change=2.01e-06, α=1.000, ‖θ[1:]‖₁=0.753, γ=443573.601, num_knots=8
2025-09-01 11:36:37,829 - Iter 3860: obj=-119.544519, change=2.03e-06, α=1.000, ‖θ[1:]‖₁=0.753, γ=433339.453, num_knots=8
2025-09-01 11:36:38,170 - Iter 3870: obj=-119.544540, change=2.07e-06, α=1.000, ‖θ[1:]‖₁=0.753, γ=422620.264, num_knots=8
2025-09-01 11:36:38,537 - Iter 3880: obj=-119.544561, change=2.10e-06, α=1.000, ‖θ[1:]‖₁=0.753, γ=411385.590, num_knots=8
2025-09-01 11:36:38,878 - Iter 3890: obj=-119.544582, change=2.14e-06, α=1.000, ‖θ[1:]‖₁=0.753, γ=399602.860, num_knots=8
2025-09-01 11:36:39,265 - Iter 3900: obj=-119.544603, change=2.19e-06, α=1.000, ‖θ[1:]‖₁=0.753, γ=387237.375, num_knots=8
2025-09-01 11:36:39,621 - Iter 3910: obj=-119.544625, change=2.24e-06, α=1.000, ‖θ[1:]‖₁=0.753, γ=374252.410, num_knots=8
2025-09-01 11:36:39,972 - Iter 3920: obj=-119.544648, change=2.31e-06, α=1.000, ‖θ[1:]‖₁=0.753, γ=360609.378, num_knots=8
2025-09-01 11:36:40,335 - Iter 3930: obj=-119.544671, change=2.38e-06, α=1.000, ‖θ[1:]‖₁=0.753, γ=346268.341, num_knots=8
2025-09-01 11:36:40,717 - Iter 3940: obj=-119.544695, change=2.47e-06, α=1.000, ‖θ[1:]‖₁=0.753, γ=331188.819, num_knots=8
2025-09-01 11:36:41,072 - Iter 3950: obj=-119.544719, change=2.57e-06, α=1.000, ‖θ[1:]‖₁=0.753, γ=315331.304, num_knots=8
2025-09-01 11:36:41,424 - Iter 3960: obj=-119.544745, change=2.68e-06, α=1.000, ‖θ[1:]‖₁=0.753, γ=298659.771, num_knots=8
2025-09-01 11:36:41,795 - Iter 3970: obj=-119.544772, change=2.82e-06, α=1.000, ‖θ[1:]‖₁=0.753, γ=281145.889, num_knots=8
2025-09-01 11:36:42,150 - Iter 3980: obj=-119.544800, change=2.99e-06, α=1.000, ‖θ[1:]‖₁=0.753, γ=262776.119, num_knots=8
2025-09-01 11:36:42,512 - Iter 3990: obj=-119.544831, change=3.20e-06, α=1.000, ‖θ[1:]‖₁=0.753, γ=243563.618, num_knots=8
2025-09-01 11:36:42,870 - Iter 4000: obj=-119.544863, change=3.45e-06, α=1.000, ‖θ[1:]‖₁=0.753, γ=223568.300, num_knots=8
2025-09-01 11:36:43,213 - Iter 4010: obj=-119.544899, change=3.76e-06, α=1.000, ‖θ[1:]‖₁=0.753, γ=202930.936, num_knots=8
2025-09-01 11:36:43,558 - Iter 4020: obj=-119.544938, change=4.15e-06, α=1.000, ‖θ[1:]‖₁=0.753, γ=181930.515, num_knots=8
2025-09-01 11:36:43,885 - Iter 4030: obj=-119.544981, change=4.64e-06, α=1.000, ‖θ[1:]‖₁=0.753, γ=161077.533, num_knots=8
2025-09-01 11:36:44,247 - Iter 4040: obj=-119.545030, change=5.24e-06, α=1.000, ‖θ[1:]‖₁=0.753, γ=141250.037, num_knots=8
2025-09-01 11:36:44,597 - Iter 4050: obj=-119.545085, change=5.92e-06, α=1.000, ‖θ[1:]‖₁=0.753, γ=123830.689, num_knots=8
2025-09-01 11:36:44,930 - Iter 4060: obj=-119.545147, change=6.58e-06, α=1.000, ‖θ[1:]‖₁=0.753, γ=110643.572, num_knots=8
2025-09-01 11:36:45,269 - Iter 4070: obj=-119.545216, change=7.02e-06, α=1.000, ‖θ[1:]‖₁=0.753, γ=103287.383, num_knots=8
2025-09-01 11:36:45,614 - Iter 4080: obj=-119.545287, change=7.09e-06, α=1.000, ‖θ[1:]‖₁=0.753, γ=101928.254, num_knots=8
2025-09-01 11:36:45,954 - Iter 4090: obj=-119.545358, change=6.86e-06, α=1.000, ‖θ[1:]‖₁=0.753, γ=104949.359, num_knots=8
2025-09-01 11:36:46,326 - Iter 4100: obj=-119.545426, change=6.50e-06, α=1.000, ‖θ[1:]‖₁=0.753, γ=110145.924, num_knots=8
2025-09-01 11:36:46,662 - Iter 4110: obj=-119.545490, change=6.15e-06, α=1.000, ‖θ[1:]‖₁=0.753, γ=115866.171, num_knots=8
2025-09-01 11:36:46,987 - Iter 4120: obj=-119.545552, change=5.85e-06, α=1.000, ‖θ[1:]‖₁=0.753, γ=121200.418, num_knots=8
2025-09-01 11:36:47,310 - Iter 4130: obj=-119.545610, change=5.61e-06, α=1.000, ‖θ[1:]‖₁=0.753, γ=125737.947, num_knots=8
2025-09-01 11:36:47,664 - Iter 4140: obj=-119.545666, change=5.44e-06, α=1.000, ‖θ[1:]‖₁=0.753, γ=129333.735, num_knots=8
2025-09-01 11:36:48,018 - Iter 4150: obj=-119.545721, change=5.31e-06, α=1.000, ‖θ[1:]‖₁=0.753, γ=131970.229, num_knots=8
2025-09-01 11:36:48,354 - Iter 4160: obj=-119.545775, change=5.22e-06, α=1.000, ‖θ[1:]‖₁=0.753, γ=133686.638, num_knots=8
2025-09-01 11:36:48,692 - Iter 4170: obj=-119.545828, change=5.17e-06, α=1.000, ‖θ[1:]‖₁=0.753, γ=134544.599, num_knots=8
2025-09-01 11:36:49,049 - Iter 4180: obj=-119.545881, change=5.16e-06, α=1.000, ‖θ[1:]‖₁=0.753, γ=134611.944, num_knots=8
2025-09-01 11:36:49,382 - Iter 4190: obj=-119.545934, change=5.17e-06, α=1.000, ‖θ[1:]‖₁=0.753, γ=133955.284, num_knots=8
2025-09-01 11:36:49,734 - Iter 4200: obj=-119.545987, change=5.21e-06, α=1.000, ‖θ[1:]‖₁=0.753, γ=132636.952, num_knots=8
2025-09-01 11:36:50,099 - Iter 4210: obj=-119.546041, change=5.27e-06, α=1.000, ‖θ[1:]‖₁=0.753, γ=130713.826, num_knots=8
2025-09-01 11:36:50,454 - Iter 4220: obj=-119.546095, change=5.36e-06, α=1.000, ‖θ[1:]‖₁=0.753, γ=128237.245, num_knots=8
2025-09-01 11:36:50,831 - Iter 4230: obj=-119.546151, change=5.48e-06, α=1.000, ‖θ[1:]‖₁=0.753, γ=125253.413, num_knots=8
2025-09-01 11:36:51,224 - Iter 4240: obj=-119.546208, change=5.62e-06, α=1.000, ‖θ[1:]‖₁=0.753, γ=121803.761, num_knots=8
2025-09-01 11:36:51,583 - Iter 4250: obj=-119.546266, change=5.80e-06, α=1.000, ‖θ[1:]‖₁=0.753, γ=117925.645, num_knots=8
2025-09-01 11:36:51,923 - Iter 4260: obj=-119.546326, change=6.00e-06, α=1.000, ‖θ[1:]‖₁=0.753, γ=113652.754, num_knots=8
2025-09-01 11:36:52,264 - Iter 4270: obj=-119.546389, change=6.25e-06, α=1.000, ‖θ[1:]‖₁=0.753, γ=109015.717, num_knots=8
2025-09-01 11:36:52,601 - Iter 4280: obj=-119.546454, change=6.53e-06, α=1.000, ‖θ[1:]‖₁=0.753, γ=104042.486, num_knots=8
2025-09-01 11:36:52,964 - Iter 4290: obj=-119.546523, change=6.87e-06, α=1.000, ‖θ[1:]‖₁=0.753, γ=98758.807, num_knots=8
2025-09-01 11:36:53,280 - Iter 4300: obj=-119.546595, change=7.27e-06, α=1.000, ‖θ[1:]‖₁=0.753, γ=93188.565, num_knots=8
2025-09-01 11:36:53,647 - Iter 4310: obj=-119.546672, change=7.73e-06, α=1.000, ‖θ[1:]‖₁=0.753, γ=87354.213, num_knots=8
2025-09-01 11:36:54,023 - Iter 4320: obj=-119.546754, change=8.29e-06, α=1.000, ‖θ[1:]‖₁=0.753, γ=81277.128, num_knots=8
2025-09-01 11:36:54,393 - Iter 4330: obj=-119.546842, change=8.97e-06, α=1.000, ‖θ[1:]‖₁=0.753, γ=74977.996, num_knots=8
2025-09-01 11:36:54,796 - Iter 4340: obj=-119.546937, change=9.80e-06, α=1.000, ‖θ[1:]‖₁=0.753, γ=68477.364, num_knots=8
2025-09-01 11:36:55,176 - Iter 4350: obj=-119.547042, change=1.08e-05, α=1.000, ‖θ[1:]‖₁=0.753, γ=61796.220, num_knots=8
2025-09-01 11:36:55,529 - Iter 4360: obj=-119.547159, change=1.21e-05, α=1.000, ‖θ[1:]‖₁=0.754, γ=54956.940, num_knots=8
2025-09-01 11:36:55,875 - Iter 4370: obj=-119.547291, change=1.38e-05, α=1.000, ‖θ[1:]‖₁=0.754, γ=47984.708, num_knots=8
2025-09-01 11:36:56,207 - Iter 4380: obj=-119.547443, change=1.62e-05, α=1.000, ‖θ[1:]‖₁=0.754, γ=40909.934, num_knots=8
2025-09-01 11:36:56,559 - Iter 4390: obj=-119.547623, change=1.95e-05, α=1.000, ‖θ[1:]‖₁=0.754, γ=33772.801, num_knots=8
2025-09-01 11:36:56,907 - Iter 4400: obj=-119.547843, change=2.45e-05, α=1.000, ‖θ[1:]‖₁=0.754, γ=26632.584, num_knots=8
2025-09-01 11:36:57,262 - Iter 4410: obj=-119.548129, change=3.29e-05, α=1.000, ‖θ[1:]‖₁=0.754, γ=19589.306, num_knots=8
2025-09-01 11:36:57,614 - Iter 4420: obj=-119.548531, change=4.94e-05, α=1.000, ‖θ[1:]‖₁=0.754, γ=12842.520, num_knots=8
2025-09-01 11:36:57,952 - Iter 4430: obj=-119.549184, change=8.94e-05, α=1.000, ‖θ[1:]‖₁=0.754, γ=6883.401, num_knots=8
2025-09-01 11:36:58,334 - Iter 4440: obj=-119.550516, change=1.99e-04, α=1.000, ‖θ[1:]‖₁=0.754, γ=3089.404, num_knots=8
2025-09-01 11:36:58,715 - Iter 4450: obj=-119.552945, change=2.65e-04, α=1.000, ‖θ[1:]‖₁=0.754, γ=2454.358, num_knots=8
2025-09-01 11:36:59,033 - Iter 4460: obj=-119.555557, change=2.64e-04, α=1.000, ‖θ[1:]‖₁=0.754, γ=2445.665, num_knots=8
2025-09-01 11:36:59,389 - Iter 4470: obj=-119.558130, change=2.65e-04, α=1.000, ‖θ[1:]‖₁=0.754, γ=2403.730, num_knots=8
2025-09-01 11:36:59,730 - Iter 4480: obj=-119.560697, change=2.69e-04, α=1.000, ‖θ[1:]‖₁=0.754, γ=2349.046, num_knots=8
2025-09-01 11:37:00,101 - Iter 4490: obj=-119.563274, change=2.73e-04, α=1.000, ‖θ[1:]‖₁=0.754, γ=2290.708, num_knots=8
2025-09-01 11:37:00,437 - Iter 4500: obj=-119.565870, change=2.78e-04, α=1.000, ‖θ[1:]‖₁=0.754, γ=2230.460, num_knots=8
2025-09-01 11:37:00,795 - Iter 4510: obj=-119.568494, change=2.83e-04, α=1.000, ‖θ[1:]‖₁=0.754, γ=2168.647, num_knots=8
2025-09-01 11:37:01,153 - Iter 4520: obj=-119.571152, change=2.89e-04, α=1.000, ‖θ[1:]‖₁=0.754, γ=2105.409, num_knots=8
2025-09-01 11:37:01,491 - Iter 4530: obj=-119.573853, change=2.96e-04, α=1.000, ‖θ[1:]‖₁=0.754, γ=2040.881, num_knots=8
2025-09-01 11:37:01,847 - Iter 4540: obj=-119.576606, change=3.03e-04, α=1.000, ‖θ[1:]‖₁=0.754, γ=1975.233, num_knots=8
2025-09-01 11:37:02,215 - Iter 4550: obj=-119.579419, change=3.11e-04, α=1.000, ‖θ[1:]‖₁=0.754, γ=1908.679, num_knots=8
2025-09-01 11:37:02,581 - Iter 4560: obj=-119.582301, change=3.20e-04, α=1.000, ‖θ[1:]‖₁=0.754, γ=1841.483, num_knots=8
2025-09-01 11:37:02,963 - Iter 4570: obj=-119.585261, change=3.29e-04, α=1.000, ‖θ[1:]‖₁=0.754, γ=1773.968, num_knots=8
2025-09-01 11:37:03,284 - Iter 4580: obj=-119.588309, change=3.39e-04, α=1.000, ‖θ[1:]‖₁=0.753, γ=1706.518, num_knots=8
2025-09-01 11:37:03,630 - Iter 4590: obj=-119.591454, change=3.50e-04, α=1.000, ‖θ[1:]‖₁=0.753, γ=1639.582, num_knots=8
2025-09-01 11:37:03,954 - Iter 4600: obj=-119.594706, change=3.62e-04, α=1.000, ‖θ[1:]‖₁=0.753, γ=1573.672, num_knots=8
2025-09-01 11:37:04,278 - Iter 4610: obj=-119.598073, change=3.75e-04, α=1.000, ‖θ[1:]‖₁=0.753, γ=1509.363, num_knots=8
2025-09-01 11:37:04,645 - Iter 4620: obj=-119.601565, change=3.88e-04, α=1.000, ‖θ[1:]‖₁=0.753, γ=1447.279, num_knots=8
2025-09-01 11:37:04,986 - Iter 4630: obj=-119.605188, change=4.01e-04, α=1.000, ‖θ[1:]‖₁=0.753, γ=1388.077, num_knots=8
2025-09-01 11:37:05,361 - Iter 4640: obj=-119.608947, change=4.15e-04, α=1.000, ‖θ[1:]‖₁=0.753, γ=1332.418, num_knots=8
2025-09-01 11:37:05,721 - Iter 4650: obj=-119.612846, change=4.29e-04, α=1.000, ‖θ[1:]‖₁=0.753, γ=1280.931, num_knots=8
2025-09-01 11:37:06,070 - Iter 4660: obj=-119.616885, change=4.42e-04, α=1.000, ‖θ[1:]‖₁=0.753, γ=1234.173, num_knots=8
2025-09-01 11:37:06,499 - Iter 4670: obj=-119.621060, change=4.55e-04, α=1.000, ‖θ[1:]‖₁=0.753, γ=1192.583, num_knots=8
2025-09-01 11:37:06,875 - Iter 4680: obj=-119.625363, change=4.66e-04, α=1.000, ‖θ[1:]‖₁=0.753, γ=1156.440, num_knots=8
2025-09-01 11:37:07,232 - Iter 4690: obj=-119.629785, change=4.76e-04, α=1.000, ‖θ[1:]‖₁=0.753, γ=1125.842, num_knots=8
2025-09-01 11:37:07,594 - Iter 4700: obj=-119.634311, change=4.85e-04, α=1.000, ‖θ[1:]‖₁=0.753, γ=1100.693, num_knots=8
2025-09-01 11:37:07,955 - Iter 4710: obj=-119.638926, change=4.91e-04, α=1.000, ‖θ[1:]‖₁=0.753, γ=1080.716, num_knots=8
2025-09-01 11:37:08,286 - Iter 4720: obj=-119.643613, change=4.96e-04, α=1.000, ‖θ[1:]‖₁=0.753, γ=1065.490, num_knots=8
2025-09-01 11:37:08,652 - Iter 4730: obj=-119.648354, change=4.99e-04, α=1.000, ‖θ[1:]‖₁=0.753, γ=1054.482, num_knots=8
2025-09-01 11:37:08,994 - Iter 4740: obj=-119.653134, change=5.01e-04, α=1.000, ‖θ[1:]‖₁=0.753, γ=1047.073, num_knots=8
2025-09-01 11:37:09,368 - Iter 4750: obj=-119.657938, change=5.01e-04, α=1.000, ‖θ[1:]‖₁=0.753, γ=1042.396, num_knots=8
2025-09-01 11:37:09,735 - Iter 4760: obj=-119.662755, change=4.99e-04, α=1.000, ‖θ[1:]‖₁=0.753, γ=1038.072, num_knots=8
2025-09-01 11:37:10,084 - Iter 4770: obj=-119.667576, change=4.91e-04, α=1.000, ‖θ[1:]‖₁=0.753, γ=1021.840, num_knots=8
2025-09-01 11:37:10,426 - Iter 4780: obj=-119.672416, change=4.52e-04, α=1.000, ‖θ[1:]‖₁=0.753, γ=920.589, num_knots=8
2025-09-01 11:37:10,788 - Iter 4790: obj=-119.677597, change=3.24e-04, α=1.000, ‖θ[1:]‖₁=0.753, γ=715.661, num_knots=8
2025-09-01 11:37:11,135 - Iter 4800: obj=-119.682749, change=3.29e-04, α=1.000, ‖θ[1:]‖₁=0.753, γ=674.516, num_knots=8
2025-09-01 11:37:11,648 - Iter 4810: obj=-119.687955, change=3.18e-04, α=1.000, ‖θ[1:]‖₁=0.753, γ=682.456, num_knots=8
2025-09-01 11:37:12,125 - Iter 4820: obj=-119.693179, change=3.16e-04, α=1.000, ‖θ[1:]‖₁=0.753, γ=690.616, num_knots=8
2025-09-01 11:37:12,468 - Iter 4830: obj=-119.698396, change=3.18e-04, α=1.000, ‖θ[1:]‖₁=0.753, γ=679.883, num_knots=8
2025-09-01 11:37:12,837 - Iter 4840: obj=-119.703627, change=3.16e-04, α=1.000, ‖θ[1:]‖₁=0.753, γ=677.371, num_knots=8
2025-09-01 11:37:13,197 - Iter 4850: obj=-119.708867, change=3.15e-04, α=1.000, ‖θ[1:]‖₁=0.753, γ=678.060, num_knots=8
2025-09-01 11:37:13,539 - Iter 4860: obj=-119.714111, change=3.15e-04, α=1.000, ‖θ[1:]‖₁=0.753, γ=676.481, num_knots=8
2025-09-01 11:37:13,741 - Converged at iteration 4866
2025-09-01 11:37:13,741 - Final: selected_knots=7, iterations=4866
