2025-09-01 09:19:32,444 - ProximalNewton: lam=25, n_grid=200, cd_sweeps=2, basis_order=0, n_samples=3200, K=3201
2025-09-01 09:19:40,297 - Iter   0: obj=0.000000, change=9.02e-01, α=1.000, ‖θ[1:]‖₁=2.013, num_selected_knots=332
2025-09-01 09:19:46,484 - Iter   1: obj=-31.310068, change=1.50e+00, α=1.000, ‖θ[1:]‖₁=1.917, num_selected_knots=324
2025-09-01 09:19:52,377 - Iter   2: obj=-65.181014, change=3.58e-01, α=1.000, ‖θ[1:]‖₁=1.797, num_selected_knots=245
2025-09-01 09:19:58,177 - Iter   3: obj=-84.803383, change=9.32e-02, α=1.000, ‖θ[1:]‖₁=1.403, num_selected_knots=195
2025-09-01 09:20:03,906 - Iter   4: obj=-96.902532, change=4.25e-02, α=1.000, ‖θ[1:]‖₁=1.197, num_selected_knots=140
2025-09-01 09:20:09,579 - Iter   5: obj=-105.065434, change=2.84e-02, α=1.000, ‖θ[1:]‖₁=1.064, num_selected_knots=97
2025-09-01 09:20:15,676 - Iter   6: obj=-110.393290, change=2.29e-02, α=1.000, ‖θ[1:]‖₁=0.831, num_selected_knots=64
2025-09-01 09:20:21,355 - Iter   7: obj=-114.495343, change=2.69e-02, α=1.000, ‖θ[1:]‖₁=0.773, num_selected_knots=45
2025-09-01 09:20:27,056 - Iter   8: obj=-116.003939, change=2.22e-02, α=1.000, ‖θ[1:]‖₁=0.768, num_selected_knots=36
2025-09-01 09:20:32,759 - Iter   9: obj=-116.438555, change=1.52e-02, α=1.000, ‖θ[1:]‖₁=0.767, num_selected_knots=31
2025-09-01 09:20:38,471 - Iter  10: obj=-116.693704, change=1.59e-02, α=1.000, ‖θ[1:]‖₁=0.764, num_selected_knots=29
2025-09-01 09:20:44,219 - Iter  11: obj=-116.935527, change=1.92e-02, α=1.000, ‖θ[1:]‖₁=0.761, num_selected_knots=24
2025-09-01 09:20:50,299 - Iter  12: obj=-117.184811, change=2.19e-02, α=1.000, ‖θ[1:]‖₁=0.759, num_selected_knots=22
2025-09-01 09:20:56,515 - Iter  13: obj=-117.455267, change=1.93e-02, α=1.000, ‖θ[1:]‖₁=0.759, num_selected_knots=21
2025-09-01 09:21:02,230 - Iter  14: obj=-117.700406, change=1.68e-02, α=1.000, ‖θ[1:]‖₁=0.757, num_selected_knots=20
2025-09-01 09:21:07,921 - Iter  15: obj=-117.884800, change=1.63e-02, α=1.000, ‖θ[1:]‖₁=0.756, num_selected_knots=19
2025-09-01 09:21:13,593 - Iter  16: obj=-118.038461, change=1.59e-02, α=1.000, ‖θ[1:]‖₁=0.755, num_selected_knots=19
2025-09-01 09:21:19,085 - Iter  17: obj=-118.185796, change=1.36e-02, α=1.000, ‖θ[1:]‖₁=0.754, num_selected_knots=17
2025-09-01 09:21:24,515 - Iter  18: obj=-118.304676, change=1.16e-02, α=1.000, ‖θ[1:]‖₁=0.755, num_selected_knots=16
2025-09-01 09:21:29,961 - Iter  19: obj=-118.404384, change=1.10e-02, α=1.000, ‖θ[1:]‖₁=0.755, num_selected_knots=16
2025-09-01 09:21:35,791 - Iter  20: obj=-118.480343, change=1.06e-02, α=1.000, ‖θ[1:]‖₁=0.755, num_selected_knots=16
2025-09-01 09:21:41,389 - Iter  21: obj=-118.554246, change=1.02e-02, α=1.000, ‖θ[1:]‖₁=0.755, num_selected_knots=16
2025-09-01 09:21:47,043 - Iter  22: obj=-118.626375, change=9.87e-03, α=1.000, ‖θ[1:]‖₁=0.754, num_selected_knots=16
2025-09-01 09:21:52,686 - Iter  23: obj=-118.696973, change=8.35e-03, α=1.000, ‖θ[1:]‖₁=0.754, num_selected_knots=14
2025-09-01 09:21:58,323 - Iter  24: obj=-118.758844, change=7.22e-03, α=1.000, ‖θ[1:]‖₁=0.753, num_selected_knots=14
2025-09-01 09:22:03,934 - Iter  25: obj=-118.797448, change=6.97e-03, α=1.000, ‖θ[1:]‖₁=0.753, num_selected_knots=14
2025-09-01 09:22:09,610 - Iter  26: obj=-118.835151, change=6.74e-03, α=1.000, ‖θ[1:]‖₁=0.753, num_selected_knots=14
2025-09-01 09:22:15,145 - Iter  27: obj=-118.872144, change=6.53e-03, α=1.000, ‖θ[1:]‖₁=0.752, num_selected_knots=14
2025-09-01 09:22:21,257 - Iter  28: obj=-118.908607, change=6.33e-03, α=1.000, ‖θ[1:]‖₁=0.752, num_selected_knots=14
2025-09-01 09:22:26,932 - Iter  29: obj=-118.944637, change=4.19e-03, α=1.000, ‖θ[1:]‖₁=0.751, num_selected_knots=13
2025-09-01 09:22:32,515 - Iter  30: obj=-118.971500, change=4.19e-03, α=1.000, ‖θ[1:]‖₁=0.751, num_selected_knots=12
2025-09-01 09:22:38,046 - Iter  31: obj=-118.989260, change=4.19e-03, α=1.000, ‖θ[1:]‖₁=0.750, num_selected_knots=13
2025-09-01 09:22:43,752 - Iter  32: obj=-119.003387, change=4.19e-03, α=1.000, ‖θ[1:]‖₁=0.750, num_selected_knots=13
2025-09-01 09:22:49,405 - Iter  33: obj=-119.017396, change=4.19e-03, α=1.000, ‖θ[1:]‖₁=0.750, num_selected_knots=13
2025-09-01 09:22:55,010 - Iter  34: obj=-119.031316, change=4.19e-03, α=1.000, ‖θ[1:]‖₁=0.750, num_selected_knots=13
2025-09-01 09:23:00,904 - Iter  35: obj=-119.045167, change=4.19e-03, α=1.000, ‖θ[1:]‖₁=0.750, num_selected_knots=13
2025-09-01 09:23:06,453 - Iter  36: obj=-119.058964, change=4.19e-03, α=1.000, ‖θ[1:]‖₁=0.750, num_selected_knots=13
2025-09-01 09:23:11,993 - Iter  37: obj=-119.072735, change=4.19e-03, α=1.000, ‖θ[1:]‖₁=0.751, num_selected_knots=13
2025-09-01 09:23:17,475 - Iter  38: obj=-119.086538, change=4.19e-03, α=1.000, ‖θ[1:]‖₁=0.751, num_selected_knots=13
2025-09-01 09:23:23,000 - Iter  39: obj=-119.100368, change=4.19e-03, α=1.000, ‖θ[1:]‖₁=0.752, num_selected_knots=13
2025-09-01 09:23:28,371 - Iter  40: obj=-119.114208, change=4.19e-03, α=1.000, ‖θ[1:]‖₁=0.753, num_selected_knots=13
2025-09-01 09:23:33,857 - Iter  41: obj=-119.128036, change=4.19e-03, α=1.000, ‖θ[1:]‖₁=0.753, num_selected_knots=13
2025-09-01 09:23:39,252 - Iter  42: obj=-119.141824, change=4.19e-03, α=1.000, ‖θ[1:]‖₁=0.754, num_selected_knots=13
2025-09-01 09:23:45,043 - Iter  43: obj=-119.155542, change=4.19e-03, α=1.000, ‖θ[1:]‖₁=0.755, num_selected_knots=13
2025-09-01 09:23:50,501 - Iter  44: obj=-119.169243, change=4.19e-03, α=1.000, ‖θ[1:]‖₁=0.756, num_selected_knots=13
2025-09-01 09:23:56,092 - Iter  45: obj=-119.183048, change=4.19e-03, α=1.000, ‖θ[1:]‖₁=0.756, num_selected_knots=14
2025-09-01 09:24:01,478 - Iter  46: obj=-119.197059, change=4.19e-03, α=1.000, ‖θ[1:]‖₁=0.756, num_selected_knots=14
2025-09-01 09:24:07,044 - Iter  47: obj=-119.211472, change=4.19e-03, α=1.000, ‖θ[1:]‖₁=0.756, num_selected_knots=14
2025-09-01 09:24:12,412 - Iter  48: obj=-119.226383, change=4.19e-03, α=1.000, ‖θ[1:]‖₁=0.757, num_selected_knots=14
2025-09-01 09:24:17,940 - Iter  49: obj=-119.241825, change=4.19e-03, α=1.000, ‖θ[1:]‖₁=0.757, num_selected_knots=14
2025-09-01 09:24:23,673 - Iter  50: obj=-119.257791, change=4.19e-03, α=1.000, ‖θ[1:]‖₁=0.757, num_selected_knots=14
2025-09-01 09:24:29,313 - Iter  51: obj=-119.274251, change=4.19e-03, α=1.000, ‖θ[1:]‖₁=0.757, num_selected_knots=14
2025-09-01 09:24:35,167 - Iter  52: obj=-119.291161, change=4.19e-03, α=1.000, ‖θ[1:]‖₁=0.757, num_selected_knots=14
2025-09-01 09:24:41,423 - Iter  53: obj=-119.308470, change=4.19e-03, α=1.000, ‖θ[1:]‖₁=0.757, num_selected_knots=14
2025-09-01 09:24:47,069 - Iter  54: obj=-119.326129, change=4.19e-03, α=1.000, ‖θ[1:]‖₁=0.756, num_selected_knots=14
2025-09-01 09:24:52,747 - Iter  55: obj=-119.344086, change=4.19e-03, α=1.000, ‖θ[1:]‖₁=0.756, num_selected_knots=14
2025-09-01 09:24:58,446 - Iter  56: obj=-119.361085, change=4.19e-03, α=1.000, ‖θ[1:]‖₁=0.756, num_selected_knots=13
2025-09-01 09:25:04,071 - Iter  57: obj=-119.371375, change=4.19e-03, α=1.000, ‖θ[1:]‖₁=0.756, num_selected_knots=13
2025-09-01 09:25:09,507 - Iter  58: obj=-119.380021, change=4.19e-03, α=1.000, ‖θ[1:]‖₁=0.756, num_selected_knots=12
2025-09-01 09:25:15,227 - Iter  59: obj=-119.386265, change=4.19e-03, α=1.000, ‖θ[1:]‖₁=0.756, num_selected_knots=12
2025-09-01 09:25:20,596 - Iter  60: obj=-119.392177, change=4.19e-03, α=1.000, ‖θ[1:]‖₁=0.756, num_selected_knots=12
2025-09-01 09:25:26,443 - Iter  61: obj=-119.398225, change=4.19e-03, α=1.000, ‖θ[1:]‖₁=0.755, num_selected_knots=12
2025-09-01 09:25:31,862 - Iter  62: obj=-119.404399, change=4.19e-03, α=1.000, ‖θ[1:]‖₁=0.754, num_selected_knots=12
2025-09-01 09:25:37,230 - Iter  63: obj=-119.410675, change=4.19e-03, α=1.000, ‖θ[1:]‖₁=0.753, num_selected_knots=12
2025-09-01 09:25:42,876 - Iter  64: obj=-119.417010, change=4.19e-03, α=1.000, ‖θ[1:]‖₁=0.752, num_selected_knots=12
2025-09-01 09:25:48,466 - Iter  65: obj=-119.423553, change=4.19e-03, α=1.000, ‖θ[1:]‖₁=0.751, num_selected_knots=11
2025-09-01 09:25:54,060 - Iter  66: obj=-119.430595, change=4.19e-03, α=1.000, ‖θ[1:]‖₁=0.750, num_selected_knots=10
2025-09-01 09:25:59,527 - Iter  67: obj=-119.438140, change=4.19e-03, α=1.000, ‖θ[1:]‖₁=0.749, num_selected_knots=10
2025-09-01 09:26:04,937 - Iter  68: obj=-119.445885, change=4.19e-03, α=1.000, ‖θ[1:]‖₁=0.749, num_selected_knots=10
2025-09-01 09:26:10,419 - Iter  69: obj=-119.453440, change=4.19e-03, α=1.000, ‖θ[1:]‖₁=0.749, num_selected_knots=10
2025-09-01 09:26:15,902 - Iter  70: obj=-119.460848, change=4.19e-03, α=1.000, ‖θ[1:]‖₁=0.748, num_selected_knots=10
2025-09-01 09:26:21,515 - Iter  71: obj=-119.468144, change=4.19e-03, α=1.000, ‖θ[1:]‖₁=0.748, num_selected_knots=10
2025-09-01 09:26:27,444 - Iter  72: obj=-119.475348, change=4.19e-03, α=1.000, ‖θ[1:]‖₁=0.748, num_selected_knots=10
2025-09-01 09:26:33,187 - Iter  73: obj=-119.482507, change=4.19e-03, α=1.000, ‖θ[1:]‖₁=0.748, num_selected_knots=10
2025-09-01 09:26:38,974 - Iter  74: obj=-119.489628, change=4.19e-03, α=1.000, ‖θ[1:]‖₁=0.748, num_selected_knots=10
2025-09-01 09:26:45,133 - Iter  75: obj=-119.496706, change=4.19e-03, α=1.000, ‖θ[1:]‖₁=0.747, num_selected_knots=10
2025-09-01 09:26:50,806 - Iter  76: obj=-119.503740, change=3.73e-03, α=1.000, ‖θ[1:]‖₁=0.747, num_selected_knots=10
2025-09-01 09:26:56,259 - Iter  77: obj=-119.510279, change=8.97e-04, α=1.000, ‖θ[1:]‖₁=0.747, num_selected_knots=10
2025-09-01 09:27:02,101 - Iter  78: obj=-119.511563, change=7.01e-04, α=1.000, ‖θ[1:]‖₁=0.747, num_selected_knots=10
2025-09-01 09:27:08,318 - Iter  79: obj=-119.511963, change=6.87e-04, α=1.000, ‖θ[1:]‖₁=0.747, num_selected_knots=10
2025-09-01 09:27:14,431 - Iter  80: obj=-119.512363, change=6.89e-04, α=1.000, ‖θ[1:]‖₁=0.748, num_selected_knots=10
2025-09-01 09:27:20,405 - Iter  81: obj=-119.512770, change=7.10e-04, α=1.000, ‖θ[1:]‖₁=0.748, num_selected_knots=10
2025-09-01 09:27:25,983 - Iter  82: obj=-119.513205, change=7.49e-04, α=1.000, ‖θ[1:]‖₁=0.748, num_selected_knots=10
2025-09-01 09:27:31,494 - Iter  83: obj=-119.513730, change=8.08e-04, α=1.000, ‖θ[1:]‖₁=0.749, num_selected_knots=10
2025-09-01 09:27:36,925 - Iter  84: obj=-119.514352, change=8.87e-04, α=1.000, ‖θ[1:]‖₁=0.750, num_selected_knots=10
2025-09-01 09:27:42,456 - Iter  85: obj=-119.515072, change=9.85e-04, α=1.000, ‖θ[1:]‖₁=0.750, num_selected_knots=10
2025-09-01 09:27:47,981 - Iter  86: obj=-119.515887, change=1.10e-03, α=1.000, ‖θ[1:]‖₁=0.751, num_selected_knots=10
2025-09-01 09:27:53,471 - Iter  87: obj=-119.516789, change=1.24e-03, α=1.000, ‖θ[1:]‖₁=0.752, num_selected_knots=10
2025-09-01 09:27:59,074 - Iter  88: obj=-119.517766, change=1.39e-03, α=1.000, ‖θ[1:]‖₁=0.753, num_selected_knots=10
2025-09-01 09:28:04,642 - Iter  89: obj=-119.518805, change=1.55e-03, α=1.000, ‖θ[1:]‖₁=0.754, num_selected_knots=11
2025-09-01 09:28:10,150 - Iter  90: obj=-119.519938, change=1.70e-03, α=1.000, ‖θ[1:]‖₁=0.755, num_selected_knots=11
2025-09-01 09:28:15,917 - Iter  91: obj=-119.521150, change=1.67e-03, α=1.000, ‖θ[1:]‖₁=0.755, num_selected_knots=11
2025-09-01 09:28:21,642 - Iter  92: obj=-119.522386, change=1.54e-03, α=1.000, ‖θ[1:]‖₁=0.756, num_selected_knots=11
2025-09-01 09:28:27,165 - Iter  93: obj=-119.523614, change=1.35e-03, α=1.000, ‖θ[1:]‖₁=0.756, num_selected_knots=11
2025-09-01 09:28:32,579 - Iter  94: obj=-119.524811, change=1.14e-03, α=1.000, ‖θ[1:]‖₁=0.756, num_selected_knots=11
2025-09-01 09:28:38,023 - Iter  95: obj=-119.525966, change=9.44e-04, α=1.000, ‖θ[1:]‖₁=0.756, num_selected_knots=11
2025-09-01 09:28:43,488 - Iter  96: obj=-119.527074, change=7.80e-04, α=1.000, ‖θ[1:]‖₁=0.757, num_selected_knots=11
2025-09-01 09:28:48,985 - Iter  97: obj=-119.528131, change=7.79e-04, α=1.000, ‖θ[1:]‖₁=0.757, num_selected_knots=11
2025-09-01 09:28:54,477 - Iter  98: obj=-119.529136, change=7.73e-04, α=1.000, ‖θ[1:]‖₁=0.757, num_selected_knots=11
2025-09-01 09:28:59,992 - Iter  99: obj=-119.530090, change=7.63e-04, α=1.000, ‖θ[1:]‖₁=0.757, num_selected_knots=11
2025-09-01 09:29:05,533 - Iter 100: obj=-119.530992, change=7.49e-04, α=1.000, ‖θ[1:]‖₁=0.757, num_selected_knots=11
2025-09-01 09:29:11,651 - Iter 101: obj=-119.531846, change=7.33e-04, α=1.000, ‖θ[1:]‖₁=0.756, num_selected_knots=11
2025-09-01 09:29:17,224 - Iter 102: obj=-119.532652, change=7.15e-04, α=1.000, ‖θ[1:]‖₁=0.756, num_selected_knots=11
2025-09-01 09:29:22,729 - Iter 103: obj=-119.533414, change=6.96e-04, α=1.000, ‖θ[1:]‖₁=0.756, num_selected_knots=11
2025-09-01 09:29:28,210 - Iter 104: obj=-119.534134, change=6.76e-04, α=1.000, ‖θ[1:]‖₁=0.756, num_selected_knots=11
2025-09-01 09:29:33,669 - Iter 105: obj=-119.534870, change=6.55e-04, α=1.000, ‖θ[1:]‖₁=0.756, num_selected_knots=11
2025-09-01 09:29:39,082 - Iter 106: obj=-119.535657, change=6.35e-04, α=1.000, ‖θ[1:]‖₁=0.755, num_selected_knots=11
2025-09-01 09:29:44,542 - Iter 107: obj=-119.536506, change=6.16e-04, α=1.000, ‖θ[1:]‖₁=0.754, num_selected_knots=11
2025-09-01 09:29:50,104 - Iter 108: obj=-119.537432, change=6.01e-04, α=1.000, ‖θ[1:]‖₁=0.753, num_selected_knots=11
2025-09-01 09:29:56,163 - Iter 109: obj=-119.538450, change=5.92e-04, α=1.000, ‖θ[1:]‖₁=0.752, num_selected_knots=11
2025-09-01 09:30:01,675 - Iter 110: obj=-119.539574, change=9.47e-04, α=1.000, ‖θ[1:]‖₁=0.751, num_selected_knots=10
2025-09-01 09:30:07,103 - Iter 111: obj=-119.540788, change=1.39e-03, α=1.000, ‖θ[1:]‖₁=0.750, num_selected_knots=9
2025-09-01 09:30:12,595 - Iter 112: obj=-119.541666, change=1.25e-03, α=1.000, ‖θ[1:]‖₁=0.750, num_selected_knots=9
2025-09-01 09:30:18,076 - Iter 113: obj=-119.542348, change=1.13e-03, α=1.000, ‖θ[1:]‖₁=0.749, num_selected_knots=9
2025-09-01 09:30:23,639 - Iter 114: obj=-119.542916, change=1.04e-03, α=1.000, ‖θ[1:]‖₁=0.749, num_selected_knots=9
2025-09-01 09:30:29,488 - Iter 115: obj=-119.543421, change=9.74e-04, α=1.000, ‖θ[1:]‖₁=0.749, num_selected_knots=9
2025-09-01 09:30:35,356 - Iter 116: obj=-119.543936, change=9.20e-04, α=1.000, ‖θ[1:]‖₁=0.748, num_selected_knots=9
2025-09-01 09:30:40,846 - Iter 117: obj=-119.544443, change=8.74e-04, α=1.000, ‖θ[1:]‖₁=0.748, num_selected_knots=9
2025-09-01 09:30:46,521 - Iter 118: obj=-119.544941, change=8.34e-04, α=1.000, ‖θ[1:]‖₁=0.748, num_selected_knots=9
2025-09-01 09:30:52,720 - Iter 119: obj=-119.545432, change=7.98e-04, α=1.000, ‖θ[1:]‖₁=0.748, num_selected_knots=9
2025-09-01 09:30:58,940 - Iter 120: obj=-119.545915, change=7.65e-04, α=1.000, ‖θ[1:]‖₁=0.748, num_selected_knots=10
2025-09-01 09:31:04,945 - Iter 121: obj=-119.546393, change=7.35e-04, α=1.000, ‖θ[1:]‖₁=0.748, num_selected_knots=10
2025-09-01 09:31:10,902 - Iter 122: obj=-119.546866, change=7.14e-04, α=1.000, ‖θ[1:]‖₁=0.748, num_selected_knots=10
2025-09-01 09:31:17,090 - Iter 123: obj=-119.547335, change=7.14e-04, α=1.000, ‖θ[1:]‖₁=0.748, num_selected_knots=10
2025-09-01 09:31:22,723 - Iter 124: obj=-119.547801, change=7.15e-04, α=1.000, ‖θ[1:]‖₁=0.748, num_selected_knots=10
2025-09-01 09:31:28,187 - Iter 125: obj=-119.548270, change=7.44e-04, α=1.000, ‖θ[1:]‖₁=0.748, num_selected_knots=10
2025-09-01 09:31:33,730 - Iter 126: obj=-119.548799, change=7.92e-04, α=1.000, ‖θ[1:]‖₁=0.749, num_selected_knots=10
2025-09-01 09:31:39,219 - Iter 127: obj=-119.549413, change=8.60e-04, α=1.000, ‖θ[1:]‖₁=0.750, num_selected_knots=10
2025-09-01 09:31:44,764 - Iter 128: obj=-119.550115, change=9.48e-04, α=1.000, ‖θ[1:]‖₁=0.750, num_selected_knots=10
2025-09-01 09:31:50,159 - Iter 129: obj=-119.550903, change=1.06e-03, α=1.000, ‖θ[1:]‖₁=0.751, num_selected_knots=10
2025-09-01 09:31:55,820 - Iter 130: obj=-119.551772, change=1.18e-03, α=1.000, ‖θ[1:]‖₁=0.752, num_selected_knots=10
2025-09-01 09:32:01,702 - Iter 131: obj=-119.552710, change=1.32e-03, α=1.000, ‖θ[1:]‖₁=0.753, num_selected_knots=10
2025-09-01 09:32:07,248 - Iter 132: obj=-119.553706, change=1.48e-03, α=1.000, ‖θ[1:]‖₁=0.754, num_selected_knots=10
2025-09-01 09:32:12,756 - Iter 133: obj=-119.554747, change=1.65e-03, α=1.000, ‖θ[1:]‖₁=0.755, num_selected_knots=11
2025-09-01 09:32:18,451 - Iter 134: obj=-119.555942, change=1.78e-03, α=1.000, ‖θ[1:]‖₁=0.756, num_selected_knots=11
2025-09-01 09:32:24,008 - Iter 135: obj=-119.557211, change=1.76e-03, α=1.000, ‖θ[1:]‖₁=0.756, num_selected_knots=11
2025-09-01 09:32:29,573 - Iter 136: obj=-119.558523, change=1.65e-03, α=1.000, ‖θ[1:]‖₁=0.756, num_selected_knots=11
2025-09-01 09:32:35,199 - Iter 137: obj=-119.559851, change=1.50e-03, α=1.000, ‖θ[1:]‖₁=0.756, num_selected_knots=11
2025-09-01 09:32:41,182 - Iter 138: obj=-119.561179, change=1.33e-03, α=1.000, ‖θ[1:]‖₁=0.757, num_selected_knots=11
2025-09-01 09:32:46,988 - Iter 139: obj=-119.562495, change=1.17e-03, α=1.000, ‖θ[1:]‖₁=0.757, num_selected_knots=11
2025-09-01 09:32:52,648 - Iter 140: obj=-119.563791, change=1.02e-03, α=1.000, ‖θ[1:]‖₁=0.757, num_selected_knots=11
2025-09-01 09:32:58,222 - Iter 141: obj=-119.565063, change=9.58e-04, α=1.000, ‖θ[1:]‖₁=0.757, num_selected_knots=11
2025-09-01 09:33:03,741 - Iter 142: obj=-119.566307, change=9.56e-04, α=1.000, ‖θ[1:]‖₁=0.757, num_selected_knots=11
2025-09-01 09:33:09,285 - Iter 143: obj=-119.567523, change=9.51e-04, α=1.000, ‖θ[1:]‖₁=0.757, num_selected_knots=11
2025-09-01 09:33:15,299 - Iter 144: obj=-119.568710, change=9.43e-04, α=1.000, ‖θ[1:]‖₁=0.757, num_selected_knots=11
2025-09-01 09:33:20,940 - Iter 145: obj=-119.569867, change=9.32e-04, α=1.000, ‖θ[1:]‖₁=0.757, num_selected_knots=11
2025-09-01 09:33:27,113 - Iter 146: obj=-119.570997, change=9.21e-04, α=1.000, ‖θ[1:]‖₁=0.757, num_selected_knots=11
2025-09-01 09:33:32,760 - Iter 147: obj=-119.572100, change=9.09e-04, α=1.000, ‖θ[1:]‖₁=0.757, num_selected_knots=11
2025-09-01 09:33:38,358 - Iter 148: obj=-119.573179, change=8.97e-04, α=1.000, ‖θ[1:]‖₁=0.756, num_selected_knots=11
2025-09-01 09:33:43,902 - Iter 149: obj=-119.574256, change=8.84e-04, α=1.000, ‖θ[1:]‖₁=0.756, num_selected_knots=11
2025-09-01 09:33:49,448 - Iter 150: obj=-119.575386, change=8.72e-04, α=1.000, ‖θ[1:]‖₁=0.756, num_selected_knots=11
2025-09-01 09:33:55,129 - Iter 151: obj=-119.576574, change=8.62e-04, α=1.000, ‖θ[1:]‖₁=0.755, num_selected_knots=11
2025-09-01 09:34:00,608 - Iter 152: obj=-119.577822, change=8.53e-04, α=1.000, ‖θ[1:]‖₁=0.754, num_selected_knots=11
2025-09-01 09:34:06,726 - Iter 153: obj=-119.579134, change=9.59e-04, α=1.000, ‖θ[1:]‖₁=0.753, num_selected_knots=11
2025-09-01 09:34:12,253 - Iter 154: obj=-119.580513, change=1.25e-03, α=1.000, ‖θ[1:]‖₁=0.753, num_selected_knots=10
2025-09-01 09:34:17,726 - Iter 155: obj=-119.581914, change=1.56e-03, α=1.000, ‖θ[1:]‖₁=0.752, num_selected_knots=10
2025-09-01 09:34:23,241 - Iter 156: obj=-119.583091, change=1.45e-03, α=1.000, ‖θ[1:]‖₁=0.751, num_selected_knots=9
2025-09-01 09:34:28,714 - Iter 157: obj=-119.584101, change=1.31e-03, α=1.000, ‖θ[1:]‖₁=0.750, num_selected_knots=9
2025-09-01 09:34:34,158 - Iter 158: obj=-119.584891, change=1.17e-03, α=1.000, ‖θ[1:]‖₁=0.749, num_selected_knots=9
2025-09-01 09:34:39,673 - Iter 159: obj=-119.585638, change=1.06e-03, α=1.000, ‖θ[1:]‖₁=0.749, num_selected_knots=9
2025-09-01 09:34:45,079 - Iter 160: obj=-119.586346, change=9.80e-04, α=1.000, ‖θ[1:]‖₁=0.749, num_selected_knots=9
2025-09-01 09:34:50,701 - Iter 161: obj=-119.587020, change=9.37e-04, α=1.000, ‖θ[1:]‖₁=0.749, num_selected_knots=9
2025-09-01 09:34:56,399 - Iter 162: obj=-119.587666, change=9.36e-04, α=1.000, ‖θ[1:]‖₁=0.748, num_selected_knots=9
2025-09-01 09:35:01,973 - Iter 163: obj=-119.588290, change=9.34e-04, α=1.000, ‖θ[1:]‖₁=0.748, num_selected_knots=9
2025-09-01 09:35:07,566 - Iter 164: obj=-119.588898, change=9.30e-04, α=1.000, ‖θ[1:]‖₁=0.748, num_selected_knots=10
2025-09-01 09:35:13,480 - Iter 165: obj=-119.589492, change=9.25e-04, α=1.000, ‖θ[1:]‖₁=0.748, num_selected_knots=10
2025-09-01 09:35:19,199 - Iter 166: obj=-119.590073, change=9.19e-04, α=1.000, ‖θ[1:]‖₁=0.748, num_selected_knots=10
2025-09-01 09:35:24,642 - Iter 167: obj=-119.590642, change=9.12e-04, α=1.000, ‖θ[1:]‖₁=0.748, num_selected_knots=10
2025-09-01 09:35:30,052 - Iter 168: obj=-119.591202, change=9.06e-04, α=1.000, ‖θ[1:]‖₁=0.748, num_selected_knots=10
2025-09-01 09:35:35,480 - Iter 169: obj=-119.591772, change=9.00e-04, α=1.000, ‖θ[1:]‖₁=0.749, num_selected_knots=10
2025-09-01 09:35:40,893 - Iter 170: obj=-119.592414, change=8.96e-04, α=1.000, ‖θ[1:]‖₁=0.749, num_selected_knots=10
2025-09-01 09:35:46,442 - Iter 171: obj=-119.593133, change=9.13e-04, α=1.000, ‖θ[1:]‖₁=0.750, num_selected_knots=10
2025-09-01 09:35:51,907 - Iter 172: obj=-119.593929, change=1.01e-03, α=1.000, ‖θ[1:]‖₁=0.751, num_selected_knots=10
2025-09-01 09:35:57,438 - Iter 173: obj=-119.594798, change=1.12e-03, α=1.000, ‖θ[1:]‖₁=0.752, num_selected_knots=10
2025-09-01 09:36:02,913 - Iter 174: obj=-119.595730, change=1.26e-03, α=1.000, ‖θ[1:]‖₁=0.753, num_selected_knots=10
2025-09-01 09:36:08,821 - Iter 175: obj=-119.596716, change=1.41e-03, α=1.000, ‖θ[1:]‖₁=0.754, num_selected_knots=10
2025-09-01 09:36:14,436 - Iter 176: obj=-119.597742, change=1.57e-03, α=1.000, ‖θ[1:]‖₁=0.755, num_selected_knots=10
2025-09-01 09:36:19,908 - Iter 177: obj=-119.598854, change=1.73e-03, α=1.000, ‖θ[1:]‖₁=0.755, num_selected_knots=10
2025-09-01 09:36:25,409 - Iter 178: obj=-119.600109, change=1.86e-03, α=1.000, ‖θ[1:]‖₁=0.756, num_selected_knots=11
2025-09-01 09:36:30,859 - Iter 179: obj=-119.601443, change=1.85e-03, α=1.000, ‖θ[1:]‖₁=0.756, num_selected_knots=11
2025-09-01 09:36:36,412 - Iter 180: obj=-119.602832, change=1.77e-03, α=1.000, ‖θ[1:]‖₁=0.756, num_selected_knots=11
2025-09-01 09:36:41,869 - Iter 181: obj=-119.604255, change=1.64e-03, α=1.000, ‖θ[1:]‖₁=0.757, num_selected_knots=11
2025-09-01 09:36:47,375 - Iter 182: obj=-119.605697, change=1.51e-03, α=1.000, ‖θ[1:]‖₁=0.757, num_selected_knots=11
2025-09-01 09:36:52,891 - Iter 183: obj=-119.607146, change=1.38e-03, α=1.000, ‖θ[1:]‖₁=0.757, num_selected_knots=11
2025-09-01 09:36:58,538 - Iter 184: obj=-119.608594, change=1.26e-03, α=1.000, ‖θ[1:]‖₁=0.757, num_selected_knots=11
2025-09-01 09:37:04,064 - Iter 185: obj=-119.610036, change=1.16e-03, α=1.000, ‖θ[1:]‖₁=0.757, num_selected_knots=11
2025-09-01 09:37:09,596 - Iter 186: obj=-119.611467, change=1.11e-03, α=1.000, ‖θ[1:]‖₁=0.757, num_selected_knots=11
2025-09-01 09:37:15,178 - Iter 187: obj=-119.612885, change=1.11e-03, α=1.000, ‖θ[1:]‖₁=0.757, num_selected_knots=11
2025-09-01 09:37:21,466 - Iter 188: obj=-119.614287, change=1.11e-03, α=1.000, ‖θ[1:]‖₁=0.757, num_selected_knots=11
2025-09-01 09:37:27,302 - Iter 189: obj=-119.615674, change=1.11e-03, α=1.000, ‖θ[1:]‖₁=0.757, num_selected_knots=11
2025-09-01 09:37:32,907 - Iter 190: obj=-119.617046, change=1.10e-03, α=1.000, ‖θ[1:]‖₁=0.757, num_selected_knots=11
2025-09-01 09:37:38,428 - Iter 191: obj=-119.618403, change=1.09e-03, α=1.000, ‖θ[1:]‖₁=0.757, num_selected_knots=11
2025-09-01 09:37:44,039 - Iter 192: obj=-119.619746, change=1.09e-03, α=1.000, ‖θ[1:]‖₁=0.757, num_selected_knots=11
2025-09-01 09:37:49,576 - Iter 193: obj=-119.621076, change=1.08e-03, α=1.000, ‖θ[1:]‖₁=0.756, num_selected_knots=11
2025-09-01 09:37:55,287 - Iter 194: obj=-119.622443, change=1.08e-03, α=1.000, ‖θ[1:]‖₁=0.756, num_selected_knots=11
2025-09-01 09:38:00,859 - Iter 195: obj=-119.623864, change=1.07e-03, α=1.000, ‖θ[1:]‖₁=0.756, num_selected_knots=11
2025-09-01 09:38:07,174 - Iter 196: obj=-119.625335, change=1.11e-03, α=1.000, ‖θ[1:]‖₁=0.755, num_selected_knots=11
2025-09-01 09:38:13,918 - Iter 197: obj=-119.626854, change=1.27e-03, α=1.000, ‖θ[1:]‖₁=0.755, num_selected_knots=11
2025-09-01 09:38:19,727 - Iter 198: obj=-119.628416, change=1.49e-03, α=1.000, ‖θ[1:]‖₁=0.754, num_selected_knots=10
2025-09-01 09:38:25,585 - Iter 199: obj=-119.629981, change=1.72e-03, α=1.000, ‖θ[1:]‖₁=0.753, num_selected_knots=10
2025-09-01 09:38:31,884 - Iter 200: obj=-119.631389, change=1.63e-03, α=1.000, ‖θ[1:]‖₁=0.752, num_selected_knots=10
2025-09-01 09:38:37,891 - Iter 201: obj=-119.632702, change=1.52e-03, α=1.000, ‖θ[1:]‖₁=0.751, num_selected_knots=10
2025-09-01 09:38:43,562 - Iter 202: obj=-119.633888, change=1.40e-03, α=1.000, ‖θ[1:]‖₁=0.751, num_selected_knots=10
2025-09-01 09:38:49,071 - Iter 203: obj=-119.634932, change=1.27e-03, α=1.000, ‖θ[1:]‖₁=0.750, num_selected_knots=9
2025-09-01 09:38:55,014 - Iter 204: obj=-119.635921, change=1.16e-03, α=1.000, ‖θ[1:]‖₁=0.749, num_selected_knots=9
2025-09-01 09:39:00,791 - Iter 205: obj=-119.636877, change=1.16e-03, α=1.000, ‖θ[1:]‖₁=0.749, num_selected_knots=9
2025-09-01 09:39:06,219 - Iter 206: obj=-119.637769, change=1.15e-03, α=1.000, ‖θ[1:]‖₁=0.749, num_selected_knots=9
2025-09-01 09:39:11,743 - Iter 207: obj=-119.638608, change=1.15e-03, α=1.000, ‖θ[1:]‖₁=0.749, num_selected_knots=10
2025-09-01 09:39:17,210 - Iter 208: obj=-119.639408, change=1.14e-03, α=1.000, ‖θ[1:]‖₁=0.748, num_selected_knots=10
2025-09-01 09:39:22,680 - Iter 209: obj=-119.640175, change=1.13e-03, α=1.000, ‖θ[1:]‖₁=0.748, num_selected_knots=10
2025-09-01 09:39:28,010 - Iter 210: obj=-119.640912, change=1.12e-03, α=1.000, ‖θ[1:]‖₁=0.748, num_selected_knots=10
2025-09-01 09:39:33,488 - Iter 211: obj=-119.641624, change=1.10e-03, α=1.000, ‖θ[1:]‖₁=0.749, num_selected_knots=10
2025-09-01 09:39:38,866 - Iter 212: obj=-119.642315, change=1.09e-03, α=1.000, ‖θ[1:]‖₁=0.749, num_selected_knots=10
2025-09-01 09:39:44,282 - Iter 213: obj=-119.643008, change=1.08e-03, α=1.000, ‖θ[1:]‖₁=0.749, num_selected_knots=10
2025-09-01 09:39:49,939 - Iter 214: obj=-119.643762, change=1.07e-03, α=1.000, ‖θ[1:]‖₁=0.750, num_selected_knots=10
2025-09-01 09:39:55,553 - Iter 215: obj=-119.644580, change=1.07e-03, α=1.000, ‖θ[1:]‖₁=0.750, num_selected_knots=10
2025-09-01 09:40:01,106 - Iter 216: obj=-119.645462, change=1.06e-03, α=1.000, ‖θ[1:]‖₁=0.751, num_selected_knots=10
2025-09-01 09:40:06,608 - Iter 217: obj=-119.646403, change=1.15e-03, α=1.000, ‖θ[1:]‖₁=0.752, num_selected_knots=10
2025-09-01 09:40:11,984 - Iter 218: obj=-119.647395, change=1.29e-03, α=1.000, ‖θ[1:]‖₁=0.753, num_selected_knots=10
2025-09-01 09:40:17,452 - Iter 219: obj=-119.648425, change=1.44e-03, α=1.000, ‖θ[1:]‖₁=0.754, num_selected_knots=10
2025-09-01 09:40:23,032 - Iter 220: obj=-119.649483, change=1.60e-03, α=1.000, ‖θ[1:]‖₁=0.755, num_selected_knots=10
2025-09-01 09:40:28,467 - Iter 221: obj=-119.650630, change=1.75e-03, α=1.000, ‖θ[1:]‖₁=0.756, num_selected_knots=10
2025-09-01 09:40:33,930 - Iter 222: obj=-119.651913, change=1.88e-03, α=1.000, ‖θ[1:]‖₁=0.756, num_selected_knots=11
2025-09-01 09:40:39,344 - Iter 223: obj=-119.653295, change=1.93e-03, α=1.000, ‖θ[1:]‖₁=0.756, num_selected_knots=11
2025-09-01 09:40:44,741 - Iter 224: obj=-119.654744, change=1.90e-03, α=1.000, ‖θ[1:]‖₁=0.757, num_selected_knots=11
2025-09-01 09:40:50,267 - Iter 225: obj=-119.656244, change=1.82e-03, α=1.000, ‖θ[1:]‖₁=0.757, num_selected_knots=11
2025-09-01 09:40:55,819 - Iter 226: obj=-119.657781, change=1.72e-03, α=1.000, ‖θ[1:]‖₁=0.757, num_selected_knots=11
2025-09-01 09:41:01,272 - Iter 227: obj=-119.659342, change=1.62e-03, α=1.000, ‖θ[1:]‖₁=0.757, num_selected_knots=11
2025-09-01 09:41:06,657 - Iter 228: obj=-119.660919, change=1.52e-03, α=1.000, ‖θ[1:]‖₁=0.757, num_selected_knots=11
2025-09-01 09:41:12,198 - Iter 229: obj=-119.662503, change=1.44e-03, α=1.000, ‖θ[1:]‖₁=0.757, num_selected_knots=11
2025-09-01 09:41:17,689 - Iter 230: obj=-119.664091, change=1.38e-03, α=1.000, ‖θ[1:]‖₁=0.757, num_selected_knots=11
2025-09-01 09:41:23,156 - Iter 231: obj=-119.665677, change=1.33e-03, α=1.000, ‖θ[1:]‖₁=0.757, num_selected_knots=11
2025-09-01 09:41:28,597 - Iter 232: obj=-119.667259, change=1.30e-03, α=1.000, ‖θ[1:]‖₁=0.757, num_selected_knots=11
2025-09-01 09:41:34,028 - Iter 233: obj=-119.668835, change=1.28e-03, α=1.000, ‖θ[1:]‖₁=0.757, num_selected_knots=11
2025-09-01 09:41:39,423 - Iter 234: obj=-119.670404, change=1.28e-03, α=1.000, ‖θ[1:]‖₁=0.757, num_selected_knots=11
2025-09-01 09:41:44,831 - Iter 235: obj=-119.671967, change=1.28e-03, α=1.000, ‖θ[1:]‖₁=0.757, num_selected_knots=11
2025-09-01 09:41:50,505 - Iter 236: obj=-119.673524, change=1.30e-03, α=1.000, ‖θ[1:]‖₁=0.757, num_selected_knots=11
2025-09-01 09:41:56,056 - Iter 237: obj=-119.675074, change=1.32e-03, α=1.000, ‖θ[1:]‖₁=0.757, num_selected_knots=11
2025-09-01 09:42:01,475 - Iter 238: obj=-119.676619, change=1.35e-03, α=1.000, ‖θ[1:]‖₁=0.757, num_selected_knots=11
2025-09-01 09:42:06,971 - Iter 239: obj=-119.678197, change=1.38e-03, α=1.000, ‖θ[1:]‖₁=0.756, num_selected_knots=11
2025-09-01 09:42:12,406 - Iter 240: obj=-119.679823, change=1.44e-03, α=1.000, ‖θ[1:]‖₁=0.756, num_selected_knots=11
2025-09-01 09:42:17,925 - Iter 241: obj=-119.681490, change=1.54e-03, α=1.000, ‖θ[1:]‖₁=0.756, num_selected_knots=11
2025-09-01 09:42:23,712 - Iter 242: obj=-119.683190, change=1.68e-03, α=1.000, ‖θ[1:]‖₁=0.755, num_selected_knots=10
2025-09-01 09:42:29,165 - Iter 243: obj=-119.684914, change=1.88e-03, α=1.000, ‖θ[1:]‖₁=0.755, num_selected_knots=10
2025-09-01 09:42:34,557 - Iter 244: obj=-119.686536, change=1.83e-03, α=1.000, ‖θ[1:]‖₁=0.754, num_selected_knots=10
2025-09-01 09:42:40,002 - Iter 245: obj=-119.688120, change=1.75e-03, α=1.000, ‖θ[1:]‖₁=0.753, num_selected_knots=10
2025-09-01 09:42:45,572 - Iter 246: obj=-119.689642, change=1.66e-03, α=1.000, ‖θ[1:]‖₁=0.753, num_selected_knots=10
2025-09-01 09:42:51,027 - Iter 247: obj=-119.691086, change=1.57e-03, α=1.000, ‖θ[1:]‖₁=0.752, num_selected_knots=10
2025-09-01 09:42:56,504 - Iter 248: obj=-119.692445, change=1.47e-03, α=1.000, ‖θ[1:]‖₁=0.752, num_selected_knots=10
2025-09-01 09:43:01,905 - Iter 249: obj=-119.693715, change=1.38e-03, α=1.000, ‖θ[1:]‖₁=0.751, num_selected_knots=10
2025-09-01 09:43:07,337 - Iter 250: obj=-119.694901, change=1.38e-03, α=1.000, ‖θ[1:]‖₁=0.751, num_selected_knots=10
2025-09-01 09:43:12,876 - Iter 251: obj=-119.696036, change=1.37e-03, α=1.000, ‖θ[1:]‖₁=0.750, num_selected_knots=10
2025-09-01 09:43:18,350 - Iter 252: obj=-119.697155, change=1.37e-03, α=1.000, ‖θ[1:]‖₁=0.750, num_selected_knots=10
2025-09-01 09:43:23,722 - Iter 253: obj=-119.698237, change=1.36e-03, α=1.000, ‖θ[1:]‖₁=0.750, num_selected_knots=10
2025-09-01 09:43:29,074 - Iter 254: obj=-119.699277, change=1.35e-03, α=1.000, ‖θ[1:]‖₁=0.750, num_selected_knots=10
2025-09-01 09:43:34,464 - Iter 255: obj=-119.700274, change=1.34e-03, α=1.000, ‖θ[1:]‖₁=0.750, num_selected_knots=10
2025-09-01 09:43:39,893 - Iter 256: obj=-119.701281, change=1.33e-03, α=1.000, ‖θ[1:]‖₁=0.751, num_selected_knots=10
2025-09-01 09:43:45,490 - Iter 257: obj=-119.702313, change=1.02e-03, α=1.000, ‖θ[1:]‖₁=0.751, num_selected_knots=9
2025-09-01 09:43:50,877 - Iter 258: obj=-119.703076, change=9.50e-04, α=1.000, ‖θ[1:]‖₁=0.752, num_selected_knots=9
2025-09-01 09:43:56,413 - Iter 259: obj=-119.703819, change=8.53e-04, α=1.000, ‖θ[1:]‖₁=0.752, num_selected_knots=9
2025-09-01 09:44:01,841 - Iter 260: obj=-119.704508, change=7.53e-04, α=1.000, ‖θ[1:]‖₁=0.753, num_selected_knots=9
2025-09-01 09:44:07,350 - Iter 261: obj=-119.705181, change=9.35e-04, α=1.000, ‖θ[1:]‖₁=0.755, num_selected_knots=9
2025-09-01 09:44:12,742 - Iter 262: obj=-119.706316, change=1.38e-03, α=1.000, ‖θ[1:]‖₁=0.756, num_selected_knots=8
2025-09-01 09:44:18,267 - Iter 263: obj=-119.707381, change=1.32e-03, α=1.000, ‖θ[1:]‖₁=0.758, num_selected_knots=8
2025-09-01 09:44:23,730 - Iter 264: obj=-119.708129, change=1.25e-03, α=1.000, ‖θ[1:]‖₁=0.758, num_selected_knots=8
2025-09-01 09:44:29,303 - Iter 265: obj=-119.709089, change=1.19e-03, α=1.000, ‖θ[1:]‖₁=0.758, num_selected_knots=8
2025-09-01 09:44:34,717 - Iter 266: obj=-119.710024, change=1.15e-03, α=1.000, ‖θ[1:]‖₁=0.759, num_selected_knots=8
2025-09-01 09:44:40,203 - Iter 267: obj=-119.710909, change=1.13e-03, α=1.000, ‖θ[1:]‖₁=0.759, num_selected_knots=8
2025-09-01 09:44:45,570 - Iter 268: obj=-119.711754, change=1.09e-03, α=1.000, ‖θ[1:]‖₁=0.759, num_selected_knots=8
2025-09-01 09:44:51,146 - Iter 269: obj=-119.712561, change=1.04e-03, α=1.000, ‖θ[1:]‖₁=0.759, num_selected_knots=8
2025-09-01 09:44:56,762 - Iter 270: obj=-119.713331, change=9.96e-04, α=1.000, ‖θ[1:]‖₁=0.759, num_selected_knots=8
2025-09-01 09:45:02,238 - Iter 271: obj=-119.714063, change=9.88e-04, α=1.000, ‖θ[1:]‖₁=0.759, num_selected_knots=8
2025-09-01 09:45:07,709 - Iter 272: obj=-119.714906, change=8.73e-04, α=1.000, ‖θ[1:]‖₁=0.758, num_selected_knots=8
2025-09-01 09:45:13,332 - Iter 273: obj=-119.715846, change=8.36e-04, α=1.000, ‖θ[1:]‖₁=0.757, num_selected_knots=8
2025-09-01 09:45:18,920 - Iter 274: obj=-119.716838, change=7.98e-04, α=1.000, ‖θ[1:]‖₁=0.755, num_selected_knots=8
2025-09-01 09:45:24,418 - Iter 275: obj=-119.717796, change=8.82e-04, α=1.000, ‖θ[1:]‖₁=0.754, num_selected_knots=7
2025-09-01 09:45:29,942 - Iter 276: obj=-119.718405, change=1.01e-03, α=1.000, ‖θ[1:]‖₁=0.753, num_selected_knots=7
2025-09-01 09:45:35,420 - Iter 277: obj=-119.718874, change=1.07e-03, α=1.000, ‖θ[1:]‖₁=0.753, num_selected_knots=7
2025-09-01 09:45:40,822 - Iter 278: obj=-119.719324, change=1.10e-03, α=1.000, ‖θ[1:]‖₁=0.752, num_selected_knots=7
2025-09-01 09:45:46,254 - Iter 279: obj=-119.719780, change=1.10e-03, α=1.000, ‖θ[1:]‖₁=0.752, num_selected_knots=7
2025-09-01 09:45:51,717 - Iter 280: obj=-119.720241, change=1.09e-03, α=1.000, ‖θ[1:]‖₁=0.752, num_selected_knots=7
2025-09-01 09:45:57,296 - Iter 281: obj=-119.720701, change=1.07e-03, α=1.000, ‖θ[1:]‖₁=0.752, num_selected_knots=7
2025-09-01 09:46:02,719 - Iter 282: obj=-119.721155, change=1.04e-03, α=1.000, ‖θ[1:]‖₁=0.752, num_selected_knots=7
2025-09-01 09:46:08,933 - Iter 283: obj=-119.721597, change=1.01e-03, α=1.000, ‖θ[1:]‖₁=0.752, num_selected_knots=7
2025-09-01 09:46:14,377 - Iter 284: obj=-119.722023, change=9.76e-04, α=1.000, ‖θ[1:]‖₁=0.752, num_selected_knots=7
2025-09-01 09:46:20,011 - Iter 285: obj=-119.722433, change=9.37e-04, α=1.000, ‖θ[1:]‖₁=0.752, num_selected_knots=7
2025-09-01 09:46:25,558 - Iter 286: obj=-119.722823, change=8.97e-04, α=1.000, ‖θ[1:]‖₁=0.752, num_selected_knots=7
2025-09-01 09:46:30,888 - Iter 287: obj=-119.723193, change=8.56e-04, α=1.000, ‖θ[1:]‖₁=0.752, num_selected_knots=7
2025-09-01 09:46:36,283 - Iter 288: obj=-119.723542, change=8.14e-04, α=1.000, ‖θ[1:]‖₁=0.752, num_selected_knots=7
2025-09-01 09:46:41,703 - Iter 289: obj=-119.723871, change=7.73e-04, α=1.000, ‖θ[1:]‖₁=0.752, num_selected_knots=7
2025-09-01 09:46:47,091 - Iter 290: obj=-119.724179, change=7.32e-04, α=1.000, ‖θ[1:]‖₁=0.752, num_selected_knots=7
2025-09-01 09:46:52,611 - Iter 291: obj=-119.724467, change=6.92e-04, α=1.000, ‖θ[1:]‖₁=0.752, num_selected_knots=7
2025-09-01 09:46:58,659 - Iter 292: obj=-119.724735, change=6.52e-04, α=1.000, ‖θ[1:]‖₁=0.752, num_selected_knots=7
2025-09-01 09:47:04,264 - Iter 293: obj=-119.724984, change=6.25e-04, α=1.000, ‖θ[1:]‖₁=0.753, num_selected_knots=7
2025-09-01 09:47:09,649 - Iter 294: obj=-119.725215, change=6.10e-04, α=1.000, ‖θ[1:]‖₁=0.753, num_selected_knots=7
2025-09-01 09:47:15,322 - Iter 295: obj=-119.725429, change=5.94e-04, α=1.000, ‖θ[1:]‖₁=0.753, num_selected_knots=7
2025-09-01 09:47:21,222 - Iter 296: obj=-119.725626, change=5.77e-04, α=1.000, ‖θ[1:]‖₁=0.753, num_selected_knots=7
2025-09-01 09:47:26,761 - Iter 297: obj=-119.725808, change=5.59e-04, α=1.000, ‖θ[1:]‖₁=0.753, num_selected_knots=7
2025-09-01 09:47:32,421 - Iter 298: obj=-119.725975, change=5.41e-04, α=1.000, ‖θ[1:]‖₁=0.753, num_selected_knots=7
2025-09-01 09:47:37,937 - Iter 299: obj=-119.726128, change=5.23e-04, α=1.000, ‖θ[1:]‖₁=0.753, num_selected_knots=7
2025-09-01 09:47:43,356 - Iter 300: obj=-119.726269, change=5.04e-04, α=1.000, ‖θ[1:]‖₁=0.753, num_selected_knots=7
2025-09-01 09:47:48,829 - Iter 301: obj=-119.726397, change=4.85e-04, α=1.000, ‖θ[1:]‖₁=0.753, num_selected_knots=7
2025-09-01 09:47:54,294 - Iter 302: obj=-119.726514, change=4.66e-04, α=1.000, ‖θ[1:]‖₁=0.753, num_selected_knots=7
2025-09-01 09:47:59,755 - Iter 303: obj=-119.726621, change=4.47e-04, α=1.000, ‖θ[1:]‖₁=0.754, num_selected_knots=7
2025-09-01 09:48:05,215 - Iter 304: obj=-119.726719, change=4.28e-04, α=1.000, ‖θ[1:]‖₁=0.754, num_selected_knots=7
2025-09-01 09:48:10,712 - Iter 305: obj=-119.726807, change=4.10e-04, α=1.000, ‖θ[1:]‖₁=0.754, num_selected_knots=7
2025-09-01 09:48:16,338 - Iter 306: obj=-119.726887, change=3.91e-04, α=1.000, ‖θ[1:]‖₁=0.754, num_selected_knots=7
2025-09-01 09:48:21,919 - Iter 307: obj=-119.726959, change=3.73e-04, α=1.000, ‖θ[1:]‖₁=0.754, num_selected_knots=7
2025-09-01 09:48:27,714 - Iter 308: obj=-119.727025, change=3.55e-04, α=1.000, ‖θ[1:]‖₁=0.754, num_selected_knots=7
2025-09-01 09:48:33,356 - Iter 309: obj=-119.727084, change=3.38e-04, α=1.000, ‖θ[1:]‖₁=0.754, num_selected_knots=7
2025-09-01 09:48:38,807 - Iter 310: obj=-119.727138, change=3.21e-04, α=1.000, ‖θ[1:]‖₁=0.754, num_selected_knots=7
2025-09-01 09:48:44,212 - Iter 311: obj=-119.727186, change=3.04e-04, α=1.000, ‖θ[1:]‖₁=0.754, num_selected_knots=7
2025-09-01 09:48:49,658 - Iter 312: obj=-119.727229, change=2.88e-04, α=1.000, ‖θ[1:]‖₁=0.754, num_selected_knots=7
2025-09-01 09:48:55,067 - Iter 313: obj=-119.727267, change=2.72e-04, α=1.000, ‖θ[1:]‖₁=0.754, num_selected_knots=7
2025-09-01 09:49:00,552 - Iter 314: obj=-119.727302, change=2.57e-04, α=1.000, ‖θ[1:]‖₁=0.754, num_selected_knots=7
2025-09-01 09:49:05,993 - Iter 315: obj=-119.727333, change=2.42e-04, α=1.000, ‖θ[1:]‖₁=0.755, num_selected_knots=7
2025-09-01 09:49:11,524 - Iter 316: obj=-119.727361, change=2.28e-04, α=1.000, ‖θ[1:]‖₁=0.755, num_selected_knots=7
2025-09-01 09:49:16,967 - Iter 317: obj=-119.727386, change=2.14e-04, α=1.000, ‖θ[1:]‖₁=0.755, num_selected_knots=7
2025-09-01 09:49:22,413 - Iter 318: obj=-119.727408, change=2.01e-04, α=1.000, ‖θ[1:]‖₁=0.755, num_selected_knots=7
2025-09-01 09:49:27,792 - Iter 319: obj=-119.727427, change=1.88e-04, α=1.000, ‖θ[1:]‖₁=0.755, num_selected_knots=7
2025-09-01 09:49:33,196 - Iter 320: obj=-119.727445, change=1.76e-04, α=1.000, ‖θ[1:]‖₁=0.755, num_selected_knots=7
2025-09-01 09:49:38,607 - Iter 321: obj=-119.727460, change=1.64e-04, α=1.000, ‖θ[1:]‖₁=0.755, num_selected_knots=7
2025-09-01 09:49:43,983 - Iter 322: obj=-119.727474, change=1.53e-04, α=1.000, ‖θ[1:]‖₁=0.755, num_selected_knots=7
2025-09-01 09:49:49,327 - Iter 323: obj=-119.727486, change=1.42e-04, α=1.000, ‖θ[1:]‖₁=0.755, num_selected_knots=7
2025-09-01 09:49:54,979 - Iter 324: obj=-119.727496, change=1.32e-04, α=1.000, ‖θ[1:]‖₁=0.755, num_selected_knots=7
2025-09-01 09:50:00,376 - Iter 325: obj=-119.727506, change=1.22e-04, α=1.000, ‖θ[1:]‖₁=0.755, num_selected_knots=7
2025-09-01 09:50:05,934 - Iter 326: obj=-119.727514, change=1.13e-04, α=1.000, ‖θ[1:]‖₁=0.755, num_selected_knots=7
2025-09-01 09:50:11,296 - Iter 327: obj=-119.727522, change=1.04e-04, α=1.000, ‖θ[1:]‖₁=0.755, num_selected_knots=7
2025-09-01 09:50:16,702 - Iter 328: obj=-119.727528, change=9.97e-05, α=1.000, ‖θ[1:]‖₁=0.755, num_selected_knots=7
2025-09-01 09:50:22,034 - Iter 329: obj=-119.727534, change=9.56e-05, α=1.000, ‖θ[1:]‖₁=0.755, num_selected_knots=7
2025-09-01 09:50:27,502 - Iter 330: obj=-119.727539, change=9.16e-05, α=1.000, ‖θ[1:]‖₁=0.755, num_selected_knots=7
2025-09-01 09:50:32,893 - Iter 331: obj=-119.727543, change=8.77e-05, α=1.000, ‖θ[1:]‖₁=0.755, num_selected_knots=7
2025-09-01 09:50:38,461 - Iter 332: obj=-119.727547, change=8.37e-05, α=1.000, ‖θ[1:]‖₁=0.755, num_selected_knots=7
2025-09-01 09:50:44,629 - Iter 333: obj=-119.727551, change=7.99e-05, α=1.000, ‖θ[1:]‖₁=0.755, num_selected_knots=7
2025-09-01 09:50:50,222 - Iter 334: obj=-119.727554, change=7.61e-05, α=1.000, ‖θ[1:]‖₁=0.755, num_selected_knots=7
2025-09-01 09:50:56,075 - Iter 335: obj=-119.727556, change=7.23e-05, α=1.000, ‖θ[1:]‖₁=0.755, num_selected_knots=7
2025-09-01 09:51:01,934 - Iter 336: obj=-119.727559, change=6.87e-05, α=1.000, ‖θ[1:]‖₁=0.755, num_selected_knots=7
2025-09-01 09:51:07,799 - Iter 337: obj=-119.727561, change=6.52e-05, α=1.000, ‖θ[1:]‖₁=0.755, num_selected_knots=7
2025-09-01 09:51:13,648 - Iter 338: obj=-119.727562, change=6.17e-05, α=1.000, ‖θ[1:]‖₁=0.755, num_selected_knots=7
2025-09-01 09:51:19,845 - Iter 339: obj=-119.727564, change=5.84e-05, α=1.000, ‖θ[1:]‖₁=0.755, num_selected_knots=7
2025-09-01 09:51:25,434 - Iter 340: obj=-119.727565, change=5.51e-05, α=1.000, ‖θ[1:]‖₁=0.755, num_selected_knots=7
2025-09-01 09:51:30,869 - Iter 341: obj=-119.727567, change=5.20e-05, α=1.000, ‖θ[1:]‖₁=0.755, num_selected_knots=7
2025-09-01 09:51:37,058 - Iter 342: obj=-119.727568, change=4.89e-05, α=1.000, ‖θ[1:]‖₁=0.755, num_selected_knots=7
2025-09-01 09:51:43,151 - Iter 343: obj=-119.727569, change=4.60e-05, α=1.000, ‖θ[1:]‖₁=0.755, num_selected_knots=7
2025-09-01 09:51:48,786 - Iter 344: obj=-119.727570, change=4.31e-05, α=1.000, ‖θ[1:]‖₁=0.755, num_selected_knots=7
2025-09-01 09:51:54,640 - Iter 345: obj=-119.727570, change=4.04e-05, α=1.000, ‖θ[1:]‖₁=0.755, num_selected_knots=7
2025-09-01 09:52:00,514 - Iter 346: obj=-119.727571, change=3.78e-05, α=1.000, ‖θ[1:]‖₁=0.756, num_selected_knots=7
2025-09-01 09:52:06,202 - Iter 347: obj=-119.727572, change=3.53e-05, α=1.000, ‖θ[1:]‖₁=0.756, num_selected_knots=7
2025-09-01 09:52:11,996 - Iter 348: obj=-119.727572, change=3.29e-05, α=1.000, ‖θ[1:]‖₁=0.756, num_selected_knots=7
2025-09-01 09:52:17,743 - Iter 349: obj=-119.727573, change=3.10e-05, α=1.000, ‖θ[1:]‖₁=0.756, num_selected_knots=7
2025-09-01 09:52:23,589 - Iter 350: obj=-119.727573, change=3.04e-05, α=1.000, ‖θ[1:]‖₁=0.756, num_selected_knots=7
2025-09-01 09:52:29,242 - Iter 351: obj=-119.727574, change=2.97e-05, α=1.000, ‖θ[1:]‖₁=0.756, num_selected_knots=7
2025-09-01 09:52:34,925 - Iter 352: obj=-119.727574, change=2.89e-05, α=1.000, ‖θ[1:]‖₁=0.756, num_selected_knots=7
2025-09-01 09:52:40,463 - Iter 353: obj=-119.727574, change=2.81e-05, α=1.000, ‖θ[1:]‖₁=0.756, num_selected_knots=7
2025-09-01 09:52:46,600 - Iter 354: obj=-119.727575, change=2.73e-05, α=1.000, ‖θ[1:]‖₁=0.756, num_selected_knots=7
2025-09-01 09:52:52,355 - Iter 355: obj=-119.727575, change=2.65e-05, α=1.000, ‖θ[1:]‖₁=0.756, num_selected_knots=7
2025-09-01 09:52:58,080 - Iter 356: obj=-119.727575, change=2.56e-05, α=1.000, ‖θ[1:]‖₁=0.756, num_selected_knots=7
2025-09-01 09:53:03,724 - Iter 357: obj=-119.727575, change=2.47e-05, α=1.000, ‖θ[1:]‖₁=0.756, num_selected_knots=7
2025-09-01 09:53:09,320 - Iter 358: obj=-119.727576, change=2.38e-05, α=1.000, ‖θ[1:]‖₁=0.756, num_selected_knots=7
2025-09-01 09:53:15,228 - Iter 359: obj=-119.727576, change=2.29e-05, α=1.000, ‖θ[1:]‖₁=0.756, num_selected_knots=7
2025-09-01 09:53:20,917 - Iter 360: obj=-119.727576, change=2.20e-05, α=1.000, ‖θ[1:]‖₁=0.756, num_selected_knots=7
2025-09-01 09:53:27,012 - Iter 361: obj=-119.727576, change=2.11e-05, α=1.000, ‖θ[1:]‖₁=0.756, num_selected_knots=7
2025-09-01 09:53:32,690 - Iter 362: obj=-119.727576, change=2.03e-05, α=1.000, ‖θ[1:]‖₁=0.756, num_selected_knots=7
2025-09-01 09:53:38,356 - Iter 363: obj=-119.727577, change=1.94e-05, α=1.000, ‖θ[1:]‖₁=0.756, num_selected_knots=7
2025-09-01 09:53:43,937 - Iter 364: obj=-119.727577, change=1.85e-05, α=1.000, ‖θ[1:]‖₁=0.756, num_selected_knots=7
2025-09-01 09:53:49,385 - Iter 365: obj=-119.727577, change=1.77e-05, α=1.000, ‖θ[1:]‖₁=0.756, num_selected_knots=7
2025-09-01 09:53:54,940 - Iter 366: obj=-119.727577, change=1.68e-05, α=1.000, ‖θ[1:]‖₁=0.756, num_selected_knots=7
2025-09-01 09:54:00,415 - Iter 367: obj=-119.727577, change=1.60e-05, α=1.000, ‖θ[1:]‖₁=0.756, num_selected_knots=7
2025-09-01 09:54:05,973 - Iter 368: obj=-119.727577, change=1.52e-05, α=1.000, ‖θ[1:]‖₁=0.756, num_selected_knots=7
2025-09-01 09:54:11,451 - Iter 369: obj=-119.727577, change=1.44e-05, α=1.000, ‖θ[1:]‖₁=0.756, num_selected_knots=7
2025-09-01 09:54:17,224 - Iter 370: obj=-119.727578, change=1.37e-05, α=1.000, ‖θ[1:]‖₁=0.756, num_selected_knots=7
2025-09-01 09:54:23,481 - Iter 371: obj=-119.727578, change=1.29e-05, α=1.000, ‖θ[1:]‖₁=0.756, num_selected_knots=7
2025-09-01 09:54:29,403 - Iter 372: obj=-119.727578, change=1.22e-05, α=1.000, ‖θ[1:]‖₁=0.756, num_selected_knots=7
2025-09-01 09:54:35,117 - Iter 373: obj=-119.727578, change=1.15e-05, α=1.000, ‖θ[1:]‖₁=0.756, num_selected_knots=7
2025-09-01 09:54:40,938 - Iter 374: obj=-119.727578, change=1.08e-05, α=1.000, ‖θ[1:]‖₁=0.756, num_selected_knots=7
2025-09-01 09:54:47,169 - Iter 375: obj=-119.727578, change=1.02e-05, α=1.000, ‖θ[1:]‖₁=0.756, num_selected_knots=7
2025-09-01 09:54:53,234 - Iter 376: obj=-119.727578, change=9.65e-06, α=1.000, ‖θ[1:]‖₁=0.756, num_selected_knots=7
2025-09-01 09:54:53,235 - Converged at iteration 376
2025-09-01 09:54:53,252 - Final: obj=-119.727578, selected_knots=7, iterations=377
