2025-09-01 09:54:58,989 - ProximalNewton: lam=0.75, n_grid=200, cd_sweeps=2, basis_order=1, n_samples=3200, K=3202
2025-09-01 09:55:07,534 - Iter   0: obj=0.000000, change=7.40e-01, α=1.000, ‖θ[1:]‖₁=2.333, num_selected_knots=2608
2025-09-01 09:55:10,933 - Iter   1: obj=-80.752060, change=2.33e-01, α=1.000, ‖θ[1:]‖₁=3.945, num_selected_knots=2532
2025-09-01 09:55:14,390 - Iter   2: obj=-90.277905, change=1.94e-01, α=1.000, ‖θ[1:]‖₁=5.110, num_selected_knots=2224
2025-09-01 09:55:17,868 - Iter   3: obj=-97.287565, change=1.15e-01, α=1.000, ‖θ[1:]‖₁=6.015, num_selected_knots=2447
2025-09-01 09:55:21,271 - Iter   4: obj=-99.505051, change=5.35e-02, α=1.000, ‖θ[1:]‖₁=6.732, num_selected_knots=2489
2025-09-01 09:55:24,591 - Iter   5: obj=-99.919163, change=1.96e-02, α=1.000, ‖θ[1:]‖₁=7.308, num_selected_knots=2408
2025-09-01 09:55:27,933 - Iter   6: obj=-99.986234, change=4.03e-02, α=1.000, ‖θ[1:]‖₁=7.812, num_selected_knots=2397
2025-09-01 09:55:31,167 - Iter   7: obj=-100.263071, change=5.64e-02, α=1.000, ‖θ[1:]‖₁=8.278, num_selected_knots=2394
2025-09-01 09:55:34,424 - Iter   8: obj=-100.861925, change=6.59e-02, α=1.000, ‖θ[1:]‖₁=8.724, num_selected_knots=2427
2025-09-01 09:55:37,742 - Iter   9: obj=-101.727969, change=7.01e-02, α=1.000, ‖θ[1:]‖₁=9.144, num_selected_knots=2411
2025-09-01 09:55:40,998 - Iter  10: obj=-102.741065, change=7.06e-02, α=1.000, ‖θ[1:]‖₁=9.539, num_selected_knots=2408
2025-09-01 09:55:44,561 - Iter  11: obj=-103.795015, change=6.87e-02, α=1.000, ‖θ[1:]‖₁=9.914, num_selected_knots=2420
2025-09-01 09:55:51,549 - Iter  12: obj=-104.808388, change=6.50e-02, α=1.000, ‖θ[1:]‖₁=10.257, num_selected_knots=2411
2025-09-01 09:55:56,184 - Iter  13: obj=-105.729255, change=6.04e-02, α=1.000, ‖θ[1:]‖₁=10.567, num_selected_knots=2388
2025-09-01 09:55:59,831 - Iter  14: obj=-106.531219, change=5.51e-02, α=1.000, ‖θ[1:]‖₁=10.844, num_selected_knots=2366
2025-09-01 09:56:08,242 - Iter  15: obj=-107.207470, change=4.95e-02, α=1.000, ‖θ[1:]‖₁=11.092, num_selected_knots=2338
2025-09-01 09:56:11,694 - Iter  16: obj=-107.762050, change=4.01e-02, α=1.000, ‖θ[1:]‖₁=11.347, num_selected_knots=2356
2025-09-01 09:56:15,277 - Iter  17: obj=-108.178737, change=3.45e-02, α=1.000, ‖θ[1:]‖₁=11.614, num_selected_knots=2364
2025-09-01 09:56:21,178 - Iter  18: obj=-108.474055, change=2.89e-02, α=1.000, ‖θ[1:]‖₁=11.860, num_selected_knots=2408
2025-09-01 09:56:24,651 - Iter  19: obj=-108.691904, change=2.35e-02, α=1.000, ‖θ[1:]‖₁=12.078, num_selected_knots=2403
2025-09-01 09:56:32,432 - Iter  20: obj=-108.851260, change=1.85e-02, α=1.000, ‖θ[1:]‖₁=12.273, num_selected_knots=2426
2025-09-01 09:56:35,710 - Iter  21: obj=-108.967195, change=1.39e-02, α=1.000, ‖θ[1:]‖₁=12.444, num_selected_knots=2424
2025-09-01 09:56:39,081 - Iter  22: obj=-109.052137, change=1.37e-02, α=1.000, ‖θ[1:]‖₁=12.592, num_selected_knots=2428
2025-09-01 09:56:42,384 - Iter  23: obj=-109.117621, change=1.38e-02, α=1.000, ‖θ[1:]‖₁=12.719, num_selected_knots=2421
2025-09-01 09:56:45,619 - Iter  24: obj=-109.171347, change=1.37e-02, α=1.000, ‖θ[1:]‖₁=12.827, num_selected_knots=2415
2025-09-01 09:56:48,983 - Iter  25: obj=-109.220384, change=1.48e-02, α=1.000, ‖θ[1:]‖₁=12.916, num_selected_knots=2412
2025-09-01 09:56:52,329 - Iter  26: obj=-109.268798, change=1.33e-02, α=1.000, ‖θ[1:]‖₁=12.990, num_selected_knots=2425
2025-09-01 09:56:55,801 - Iter  27: obj=-109.319552, change=1.66e-02, α=1.000, ‖θ[1:]‖₁=13.049, num_selected_knots=2425
2025-09-01 09:56:59,114 - Iter  28: obj=-109.374565, change=1.07e-02, α=1.000, ‖θ[1:]‖₁=13.096, num_selected_knots=2404
2025-09-01 09:57:07,090 - Iter  29: obj=-109.435943, change=1.28e-02, α=1.000, ‖θ[1:]‖₁=13.130, num_selected_knots=2390
2025-09-01 09:57:10,509 - Iter  30: obj=-109.503778, change=1.46e-02, α=1.000, ‖θ[1:]‖₁=13.154, num_selected_knots=2373
2025-09-01 09:57:14,298 - Iter  31: obj=-109.578479, change=1.34e-02, α=1.000, ‖θ[1:]‖₁=13.170, num_selected_knots=2350
2025-09-01 09:57:22,101 - Iter  32: obj=-109.659623, change=1.89e-02, α=1.000, ‖θ[1:]‖₁=13.177, num_selected_knots=2314
2025-09-01 09:57:25,482 - Iter  33: obj=-109.747514, change=1.48e-02, α=1.000, ‖θ[1:]‖₁=13.176, num_selected_knots=2293
2025-09-01 09:57:28,786 - Iter  34: obj=-109.840358, change=1.55e-02, α=1.000, ‖θ[1:]‖₁=13.167, num_selected_knots=2251
2025-09-01 09:57:32,125 - Iter  35: obj=-109.937938, change=1.60e-02, α=1.000, ‖θ[1:]‖₁=13.153, num_selected_knots=2217
2025-09-01 09:57:35,460 - Iter  36: obj=-110.039201, change=1.67e-02, α=1.000, ‖θ[1:]‖₁=13.133, num_selected_knots=2195
2025-09-01 09:57:38,842 - Iter  37: obj=-110.143571, change=1.66e-02, α=1.000, ‖θ[1:]‖₁=13.128, num_selected_knots=2135
2025-09-01 09:57:42,509 - Iter  38: obj=-110.234845, change=1.86e-02, α=1.000, ‖θ[1:]‖₁=13.119, num_selected_knots=2071
2025-09-01 09:57:46,081 - Iter  39: obj=-110.327235, change=1.70e-02, α=1.000, ‖θ[1:]‖₁=13.107, num_selected_knots=2020
2025-09-01 09:57:49,611 - Iter  40: obj=-110.421862, change=1.92e-02, α=1.000, ‖θ[1:]‖₁=13.091, num_selected_knots=1970
2025-09-01 09:57:57,485 - Iter  41: obj=-110.519430, change=2.13e-02, α=1.000, ‖θ[1:]‖₁=13.073, num_selected_knots=1912
2025-09-01 09:58:00,665 - Iter  42: obj=-110.617829, change=1.67e-02, α=1.000, ‖θ[1:]‖₁=13.052, num_selected_knots=1854
2025-09-01 09:58:03,854 - Iter  43: obj=-110.714818, change=1.64e-02, α=1.000, ‖θ[1:]‖₁=13.028, num_selected_knots=1812
2025-09-01 09:58:07,138 - Iter  44: obj=-110.809339, change=2.06e-02, α=1.000, ‖θ[1:]‖₁=13.002, num_selected_knots=1744
2025-09-01 09:58:10,360 - Iter  45: obj=-110.901250, change=2.05e-02, α=1.000, ‖θ[1:]‖₁=12.974, num_selected_knots=1677
2025-09-01 09:58:16,689 - Iter  46: obj=-110.990113, change=1.51e-02, α=1.000, ‖θ[1:]‖₁=12.944, num_selected_knots=1617
2025-09-01 09:58:19,957 - Iter  47: obj=-111.076062, change=2.01e-02, α=1.000, ‖θ[1:]‖₁=12.912, num_selected_knots=1547
2025-09-01 09:58:23,160 - Iter  48: obj=-111.158063, change=1.42e-02, α=1.000, ‖θ[1:]‖₁=12.881, num_selected_knots=1501
2025-09-01 09:58:26,349 - Iter  49: obj=-111.234600, change=1.96e-02, α=1.000, ‖θ[1:]‖₁=12.848, num_selected_knots=1457
2025-09-01 09:58:29,515 - Iter  50: obj=-111.306586, change=1.31e-02, α=1.000, ‖θ[1:]‖₁=12.815, num_selected_knots=1419
2025-09-01 09:58:32,702 - Iter  51: obj=-111.374974, change=1.26e-02, α=1.000, ‖θ[1:]‖₁=12.781, num_selected_knots=1365
2025-09-01 09:58:35,854 - Iter  52: obj=-111.439822, change=1.52e-02, α=1.000, ‖θ[1:]‖₁=12.747, num_selected_knots=1317
2025-09-01 09:58:39,088 - Iter  53: obj=-111.502170, change=1.89e-02, α=1.000, ‖θ[1:]‖₁=12.726, num_selected_knots=1477
2025-09-01 09:58:42,335 - Iter  54: obj=-111.561105, change=1.04e-02, α=1.000, ‖θ[1:]‖₁=12.706, num_selected_knots=1462
2025-09-01 09:58:45,529 - Iter  55: obj=-111.615201, change=1.04e-02, α=1.000, ‖θ[1:]‖₁=12.686, num_selected_knots=1433
2025-09-01 09:58:48,742 - Iter  56: obj=-111.667281, change=1.51e-02, α=1.000, ‖θ[1:]‖₁=12.666, num_selected_knots=1413
2025-09-01 09:58:52,262 - Iter  57: obj=-111.716504, change=8.61e-03, α=1.000, ‖θ[1:]‖₁=12.643, num_selected_knots=1377
2025-09-01 09:58:56,090 - Iter  58: obj=-111.764117, change=1.18e-02, α=1.000, ‖θ[1:]‖₁=12.617, num_selected_knots=1324
2025-09-01 09:58:59,380 - Iter  59: obj=-111.810609, change=1.80e-02, α=1.000, ‖θ[1:]‖₁=12.589, num_selected_knots=1268
2025-09-01 09:59:02,625 - Iter  60: obj=-111.855909, change=1.34e-02, α=1.000, ‖θ[1:]‖₁=12.565, num_selected_knots=1300
2025-09-01 09:59:05,891 - Iter  61: obj=-111.899023, change=1.39e-02, α=1.000, ‖θ[1:]‖₁=12.536, num_selected_knots=1246
2025-09-01 09:59:09,156 - Iter  62: obj=-111.942990, change=1.51e-02, α=1.000, ‖θ[1:]‖₁=12.506, num_selected_knots=1217
2025-09-01 09:59:12,588 - Iter  63: obj=-111.986811, change=1.72e-02, α=1.000, ‖θ[1:]‖₁=12.475, num_selected_knots=1157
2025-09-01 09:59:15,826 - Iter  64: obj=-112.029929, change=1.70e-02, α=1.000, ‖θ[1:]‖₁=12.446, num_selected_knots=1089
2025-09-01 09:59:19,049 - Iter  65: obj=-112.069906, change=1.12e-02, α=1.000, ‖θ[1:]‖₁=12.430, num_selected_knots=1079
2025-09-01 09:59:22,301 - Iter  66: obj=-112.098538, change=1.00e-02, α=1.000, ‖θ[1:]‖₁=12.415, num_selected_knots=1075
2025-09-01 09:59:25,559 - Iter  67: obj=-112.126461, change=8.04e-03, α=1.000, ‖θ[1:]‖₁=12.399, num_selected_knots=1062
2025-09-01 09:59:28,775 - Iter  68: obj=-112.153428, change=1.21e-02, α=1.000, ‖θ[1:]‖₁=12.384, num_selected_knots=1040
2025-09-01 09:59:31,990 - Iter  69: obj=-112.179731, change=1.54e-02, α=1.000, ‖θ[1:]‖₁=12.368, num_selected_knots=1023
2025-09-01 09:59:35,243 - Iter  70: obj=-112.205382, change=8.30e-03, α=1.000, ‖θ[1:]‖₁=12.353, num_selected_knots=1009
2025-09-01 09:59:38,517 - Iter  71: obj=-112.230166, change=1.41e-02, α=1.000, ‖θ[1:]‖₁=12.338, num_selected_knots=999
2025-09-01 09:59:41,725 - Iter  72: obj=-112.254571, change=1.17e-02, α=1.000, ‖θ[1:]‖₁=12.322, num_selected_knots=980
2025-09-01 09:59:44,955 - Iter  73: obj=-112.278540, change=1.37e-02, α=1.000, ‖θ[1:]‖₁=12.307, num_selected_knots=967
2025-09-01 09:59:48,222 - Iter  74: obj=-112.301764, change=1.09e-02, α=1.000, ‖θ[1:]‖₁=12.292, num_selected_knots=954
2025-09-01 09:59:54,516 - Iter  75: obj=-112.324290, change=1.19e-02, α=1.000, ‖θ[1:]‖₁=12.278, num_selected_knots=955
2025-09-01 09:59:57,708 - Iter  76: obj=-112.346220, change=1.03e-02, α=1.000, ‖θ[1:]‖₁=12.264, num_selected_knots=946
2025-09-01 10:00:01,053 - Iter  77: obj=-112.367700, change=1.40e-02, α=1.000, ‖θ[1:]‖₁=12.249, num_selected_knots=934
2025-09-01 10:00:04,237 - Iter  78: obj=-112.389175, change=1.56e-02, α=1.000, ‖θ[1:]‖₁=12.235, num_selected_knots=930
2025-09-01 10:00:07,460 - Iter  79: obj=-112.410290, change=1.53e-02, α=1.000, ‖θ[1:]‖₁=12.222, num_selected_knots=921
2025-09-01 10:00:10,720 - Iter  80: obj=-112.430901, change=9.32e-03, α=1.000, ‖θ[1:]‖₁=12.208, num_selected_knots=907
2025-09-01 10:00:14,122 - Iter  81: obj=-112.451111, change=1.08e-02, α=1.000, ‖θ[1:]‖₁=12.195, num_selected_knots=903
2025-09-01 10:00:17,313 - Iter  82: obj=-112.471026, change=1.03e-02, α=1.000, ‖θ[1:]‖₁=12.182, num_selected_knots=889
2025-09-01 10:00:20,517 - Iter  83: obj=-112.490540, change=1.49e-02, α=1.000, ‖θ[1:]‖₁=12.169, num_selected_knots=881
2025-09-01 10:00:23,757 - Iter  84: obj=-112.509879, change=1.47e-02, α=1.000, ‖θ[1:]‖₁=12.157, num_selected_knots=873
2025-09-01 10:00:26,979 - Iter  85: obj=-112.529040, change=1.26e-02, α=1.000, ‖θ[1:]‖₁=12.145, num_selected_knots=859
2025-09-01 10:00:30,177 - Iter  86: obj=-112.547847, change=1.36e-02, α=1.000, ‖θ[1:]‖₁=12.133, num_selected_knots=855
2025-09-01 10:00:33,380 - Iter  87: obj=-112.566047, change=1.42e-02, α=1.000, ‖θ[1:]‖₁=12.121, num_selected_knots=847
2025-09-01 10:00:36,597 - Iter  88: obj=-112.583899, change=9.68e-03, α=1.000, ‖θ[1:]‖₁=12.109, num_selected_knots=832
2025-09-01 10:00:39,830 - Iter  89: obj=-112.601537, change=1.43e-02, α=1.000, ‖θ[1:]‖₁=12.098, num_selected_knots=828
2025-09-01 10:00:43,022 - Iter  90: obj=-112.619182, change=1.15e-02, α=1.000, ‖θ[1:]‖₁=12.087, num_selected_knots=825
2025-09-01 10:00:46,247 - Iter  91: obj=-112.636332, change=1.35e-02, α=1.000, ‖θ[1:]‖₁=12.078, num_selected_knots=812
2025-09-01 10:00:49,495 - Iter  92: obj=-112.653136, change=1.34e-02, α=1.000, ‖θ[1:]‖₁=12.069, num_selected_knots=808
2025-09-01 10:00:57,026 - Iter  93: obj=-112.669574, change=8.78e-03, α=1.000, ‖θ[1:]‖₁=12.060, num_selected_knots=800
2025-09-01 10:01:00,455 - Iter  94: obj=-112.685916, change=1.35e-02, α=1.000, ‖θ[1:]‖₁=12.052, num_selected_knots=795
2025-09-01 10:01:03,684 - Iter  95: obj=-112.702259, change=1.34e-02, α=1.000, ‖θ[1:]‖₁=12.043, num_selected_knots=798
2025-09-01 10:01:06,869 - Iter  96: obj=-112.718411, change=8.60e-03, α=1.000, ‖θ[1:]‖₁=12.035, num_selected_knots=797
2025-09-01 10:01:10,178 - Iter  97: obj=-112.734366, change=1.31e-02, α=1.000, ‖θ[1:]‖₁=12.027, num_selected_knots=790
2025-09-01 10:01:14,495 - Iter  98: obj=-112.750102, change=7.40e-03, α=1.000, ‖θ[1:]‖₁=12.019, num_selected_knots=775
2025-09-01 10:01:18,326 - Iter  99: obj=-112.765757, change=1.12e-02, α=1.000, ‖θ[1:]‖₁=12.011, num_selected_knots=769
2025-09-01 10:01:25,637 - Iter 100: obj=-112.781678, change=1.20e-02, α=1.000, ‖θ[1:]‖₁=12.003, num_selected_knots=744
2025-09-01 10:01:28,773 - Iter 101: obj=-112.794915, change=8.82e-03, α=1.000, ‖θ[1:]‖₁=11.996, num_selected_knots=723
2025-09-01 10:01:31,904 - Iter 102: obj=-112.806020, change=1.11e-02, α=1.000, ‖θ[1:]‖₁=11.989, num_selected_knots=720
2025-09-01 10:01:35,044 - Iter 103: obj=-112.816832, change=1.02e-02, α=1.000, ‖θ[1:]‖₁=11.983, num_selected_knots=704
2025-09-01 10:01:38,181 - Iter 104: obj=-112.827708, change=1.32e-02, α=1.000, ‖θ[1:]‖₁=11.977, num_selected_knots=709
2025-09-01 10:01:41,292 - Iter 105: obj=-112.838308, change=8.34e-03, α=1.000, ‖θ[1:]‖₁=11.972, num_selected_knots=715
2025-09-01 10:01:44,552 - Iter 106: obj=-112.848650, change=1.29e-02, α=1.000, ‖θ[1:]‖₁=11.967, num_selected_knots=720
2025-09-01 10:01:47,924 - Iter 107: obj=-112.858693, change=1.28e-02, α=1.000, ‖θ[1:]‖₁=11.962, num_selected_knots=725
2025-09-01 10:01:51,333 - Iter 108: obj=-112.868475, change=1.27e-02, α=1.000, ‖θ[1:]‖₁=11.958, num_selected_knots=730
2025-09-01 10:01:54,621 - Iter 109: obj=-112.878137, change=1.06e-02, α=1.000, ‖θ[1:]‖₁=11.954, num_selected_knots=728
2025-09-01 10:01:58,258 - Iter 110: obj=-112.887731, change=9.59e-03, α=1.000, ‖θ[1:]‖₁=11.951, num_selected_knots=723
2025-09-01 10:02:01,481 - Iter 111: obj=-112.897256, change=9.70e-03, α=1.000, ‖θ[1:]‖₁=11.948, num_selected_knots=719
2025-09-01 10:02:04,717 - Iter 112: obj=-112.906807, change=1.20e-02, α=1.000, ‖θ[1:]‖₁=11.944, num_selected_knots=715
2025-09-01 10:02:11,617 - Iter 113: obj=-112.916168, change=1.24e-02, α=1.000, ‖θ[1:]‖₁=11.941, num_selected_knots=720
2025-09-01 10:02:14,839 - Iter 114: obj=-112.925167, change=1.23e-02, α=1.000, ‖θ[1:]‖₁=11.939, num_selected_knots=721
2025-09-01 10:02:19,850 - Iter 115: obj=-112.934038, change=1.21e-02, α=1.000, ‖θ[1:]‖₁=11.936, num_selected_knots=721
2025-09-01 10:02:23,046 - Iter 116: obj=-112.942705, change=1.20e-02, α=1.000, ‖θ[1:]‖₁=11.934, num_selected_knots=719
2025-09-01 10:02:26,263 - Iter 117: obj=-112.951229, change=1.19e-02, α=1.000, ‖θ[1:]‖₁=11.932, num_selected_knots=717
2025-09-01 10:02:29,443 - Iter 118: obj=-112.959626, change=1.18e-02, α=1.000, ‖θ[1:]‖₁=11.930, num_selected_knots=711
2025-09-01 10:02:32,629 - Iter 119: obj=-112.967878, change=9.15e-03, α=1.000, ‖θ[1:]‖₁=11.929, num_selected_knots=703
2025-09-01 10:02:35,834 - Iter 120: obj=-112.976072, change=1.16e-02, α=1.000, ‖θ[1:]‖₁=11.927, num_selected_knots=700
2025-09-01 10:02:39,030 - Iter 121: obj=-112.984150, change=1.15e-02, α=1.000, ‖θ[1:]‖₁=11.926, num_selected_knots=701
2025-09-01 10:02:42,247 - Iter 122: obj=-112.992093, change=1.09e-02, α=1.000, ‖θ[1:]‖₁=11.925, num_selected_knots=697
2025-09-01 10:02:45,575 - Iter 123: obj=-112.999996, change=1.13e-02, α=1.000, ‖θ[1:]‖₁=11.924, num_selected_knots=697
2025-09-01 10:02:48,777 - Iter 124: obj=-113.007835, change=7.54e-03, α=1.000, ‖θ[1:]‖₁=11.922, num_selected_knots=693
2025-09-01 10:02:56,000 - Iter 125: obj=-113.015599, change=1.11e-02, α=1.000, ‖θ[1:]‖₁=11.921, num_selected_knots=697
2025-09-01 10:02:59,139 - Iter 126: obj=-113.023150, change=1.10e-02, α=1.000, ‖θ[1:]‖₁=11.920, num_selected_knots=695
2025-09-01 10:03:02,253 - Iter 127: obj=-113.030716, change=1.10e-02, α=1.000, ‖θ[1:]‖₁=11.919, num_selected_knots=693
2025-09-01 10:03:05,383 - Iter 128: obj=-113.038293, change=7.54e-03, α=1.000, ‖θ[1:]‖₁=11.925, num_selected_knots=694
2025-09-01 10:03:08,504 - Iter 129: obj=-113.044335, change=7.18e-03, α=1.000, ‖θ[1:]‖₁=11.940, num_selected_knots=689
2025-09-01 10:03:11,961 - Iter 130: obj=-113.048345, change=6.88e-03, α=1.000, ‖θ[1:]‖₁=11.962, num_selected_knots=690
2025-09-01 10:03:15,672 - Iter 131: obj=-113.050930, change=6.87e-03, α=1.000, ‖θ[1:]‖₁=11.982, num_selected_knots=689
2025-09-01 10:03:22,395 - Iter 132: obj=-113.053646, change=6.89e-03, α=1.000, ‖θ[1:]‖₁=12.001, num_selected_knots=687
2025-09-01 10:03:25,808 - Iter 133: obj=-113.056357, change=6.94e-03, α=1.000, ‖θ[1:]‖₁=12.019, num_selected_knots=684
2025-09-01 10:03:29,085 - Iter 134: obj=-113.058991, change=6.98e-03, α=1.000, ‖θ[1:]‖₁=12.035, num_selected_knots=683
2025-09-01 10:03:32,310 - Iter 135: obj=-113.061551, change=7.03e-03, α=1.000, ‖θ[1:]‖₁=12.050, num_selected_knots=677
2025-09-01 10:03:39,570 - Iter 136: obj=-113.064076, change=7.08e-03, α=1.000, ‖θ[1:]‖₁=12.064, num_selected_knots=671
2025-09-01 10:03:42,740 - Iter 137: obj=-113.066577, change=7.13e-03, α=1.000, ‖θ[1:]‖₁=12.078, num_selected_knots=667
2025-09-01 10:03:45,855 - Iter 138: obj=-113.069035, change=6.72e-03, α=1.000, ‖θ[1:]‖₁=12.090, num_selected_knots=656
2025-09-01 10:03:48,962 - Iter 139: obj=-113.071410, change=6.76e-03, α=1.000, ‖θ[1:]‖₁=12.101, num_selected_knots=650
2025-09-01 10:03:52,149 - Iter 140: obj=-113.073751, change=6.81e-03, α=1.000, ‖θ[1:]‖₁=12.112, num_selected_knots=645
2025-09-01 10:03:55,339 - Iter 141: obj=-113.076104, change=6.85e-03, α=1.000, ‖θ[1:]‖₁=12.122, num_selected_knots=640
2025-09-01 10:04:02,605 - Iter 142: obj=-113.078454, change=6.89e-03, α=1.000, ‖θ[1:]‖₁=12.131, num_selected_knots=637
2025-09-01 10:04:05,727 - Iter 143: obj=-113.080785, change=6.93e-03, α=1.000, ‖θ[1:]‖₁=12.140, num_selected_knots=632
2025-09-01 10:04:08,823 - Iter 144: obj=-113.083105, change=6.97e-03, α=1.000, ‖θ[1:]‖₁=12.148, num_selected_knots=627
2025-09-01 10:04:11,962 - Iter 145: obj=-113.085441, change=7.01e-03, α=1.000, ‖θ[1:]‖₁=12.156, num_selected_knots=622
2025-09-01 10:04:15,119 - Iter 146: obj=-113.087781, change=7.05e-03, α=1.000, ‖θ[1:]‖₁=12.163, num_selected_knots=619
2025-09-01 10:04:18,248 - Iter 147: obj=-113.090106, change=7.08e-03, α=1.000, ‖θ[1:]‖₁=12.169, num_selected_knots=617
2025-09-01 10:04:21,475 - Iter 148: obj=-113.092439, change=7.12e-03, α=1.000, ‖θ[1:]‖₁=12.176, num_selected_knots=611
2025-09-01 10:04:24,615 - Iter 149: obj=-113.094743, change=6.58e-03, α=1.000, ‖θ[1:]‖₁=12.181, num_selected_knots=610
2025-09-01 10:04:27,859 - Iter 150: obj=-113.096983, change=6.63e-03, α=1.000, ‖θ[1:]‖₁=12.187, num_selected_knots=607
2025-09-01 10:04:30,996 - Iter 151: obj=-113.099217, change=6.68e-03, α=1.000, ‖θ[1:]‖₁=12.193, num_selected_knots=603
2025-09-01 10:04:34,160 - Iter 152: obj=-113.101436, change=6.73e-03, α=1.000, ‖θ[1:]‖₁=12.198, num_selected_knots=600
2025-09-01 10:04:37,314 - Iter 153: obj=-113.103626, change=6.78e-03, α=1.000, ‖θ[1:]‖₁=12.203, num_selected_knots=596
2025-09-01 10:04:40,449 - Iter 154: obj=-113.105798, change=6.82e-03, α=1.000, ‖θ[1:]‖₁=12.208, num_selected_knots=595
2025-09-01 10:04:43,582 - Iter 155: obj=-113.107963, change=6.87e-03, α=1.000, ‖θ[1:]‖₁=12.213, num_selected_knots=587
2025-09-01 10:04:46,752 - Iter 156: obj=-113.110115, change=6.91e-03, α=1.000, ‖θ[1:]‖₁=12.217, num_selected_knots=581
2025-09-01 10:04:52,769 - Iter 157: obj=-113.112217, change=6.95e-03, α=1.000, ‖θ[1:]‖₁=12.222, num_selected_knots=577
2025-09-01 10:04:55,964 - Iter 158: obj=-113.114306, change=6.99e-03, α=1.000, ‖θ[1:]‖₁=12.226, num_selected_knots=575
2025-09-01 10:04:59,117 - Iter 159: obj=-113.116388, change=7.03e-03, α=1.000, ‖θ[1:]‖₁=12.231, num_selected_knots=570
2025-09-01 10:05:02,398 - Iter 160: obj=-113.118422, change=7.07e-03, α=1.000, ‖θ[1:]‖₁=12.235, num_selected_knots=568
2025-09-01 10:05:05,568 - Iter 161: obj=-113.120441, change=7.10e-03, α=1.000, ‖θ[1:]‖₁=12.238, num_selected_knots=565
2025-09-01 10:05:08,791 - Iter 162: obj=-113.122448, change=7.13e-03, α=1.000, ‖θ[1:]‖₁=12.242, num_selected_knots=563
2025-09-01 10:05:12,186 - Iter 163: obj=-113.124424, change=7.04e-03, α=1.000, ‖θ[1:]‖₁=12.246, num_selected_knots=557
2025-09-01 10:05:16,832 - Iter 164: obj=-113.126334, change=7.07e-03, α=1.000, ‖θ[1:]‖₁=12.249, num_selected_knots=554
2025-09-01 10:05:20,004 - Iter 165: obj=-113.128239, change=7.10e-03, α=1.000, ‖θ[1:]‖₁=12.253, num_selected_knots=549
2025-09-01 10:05:23,185 - Iter 166: obj=-113.130099, change=7.13e-03, α=1.000, ‖θ[1:]‖₁=12.256, num_selected_knots=545
2025-09-01 10:05:26,452 - Iter 167: obj=-113.131914, change=6.42e-03, α=1.000, ‖θ[1:]‖₁=12.259, num_selected_knots=541
2025-09-01 10:05:29,676 - Iter 168: obj=-113.133642, change=6.45e-03, α=1.000, ‖θ[1:]‖₁=12.262, num_selected_knots=538
2025-09-01 10:05:32,821 - Iter 169: obj=-113.135318, change=6.47e-03, α=1.000, ‖θ[1:]‖₁=12.265, num_selected_knots=533
2025-09-01 10:05:36,003 - Iter 170: obj=-113.136975, change=6.50e-03, α=1.000, ‖θ[1:]‖₁=12.268, num_selected_knots=530
2025-09-01 10:05:39,223 - Iter 171: obj=-113.138604, change=6.52e-03, α=1.000, ‖θ[1:]‖₁=12.271, num_selected_knots=525
2025-09-01 10:05:42,373 - Iter 172: obj=-113.140200, change=6.55e-03, α=1.000, ‖θ[1:]‖₁=12.273, num_selected_knots=522
2025-09-01 10:05:45,547 - Iter 173: obj=-113.141778, change=6.57e-03, α=1.000, ‖θ[1:]‖₁=12.276, num_selected_knots=519
2025-09-01 10:05:48,768 - Iter 174: obj=-113.143334, change=6.60e-03, α=1.000, ‖θ[1:]‖₁=12.279, num_selected_knots=517
2025-09-01 10:05:54,933 - Iter 175: obj=-113.144851, change=6.62e-03, α=1.000, ‖θ[1:]‖₁=12.282, num_selected_knots=516
2025-09-01 10:05:58,068 - Iter 176: obj=-113.146349, change=6.64e-03, α=1.000, ‖θ[1:]‖₁=12.284, num_selected_knots=512
2025-09-01 10:06:01,206 - Iter 177: obj=-113.147833, change=6.66e-03, α=1.000, ‖θ[1:]‖₁=12.287, num_selected_knots=511
2025-09-01 10:06:04,338 - Iter 178: obj=-113.149301, change=6.68e-03, α=1.000, ‖θ[1:]‖₁=12.289, num_selected_knots=509
2025-09-01 10:06:07,511 - Iter 179: obj=-113.150752, change=6.70e-03, α=1.000, ‖θ[1:]‖₁=12.292, num_selected_knots=506
2025-09-01 10:06:10,983 - Iter 180: obj=-113.152190, change=6.72e-03, α=1.000, ‖θ[1:]‖₁=12.294, num_selected_knots=504
2025-09-01 10:06:16,565 - Iter 181: obj=-113.153610, change=6.74e-03, α=1.000, ‖θ[1:]‖₁=12.297, num_selected_knots=501
2025-09-01 10:06:19,733 - Iter 182: obj=-113.155016, change=6.75e-03, α=1.000, ‖θ[1:]‖₁=12.299, num_selected_knots=497
2025-09-01 10:06:22,894 - Iter 183: obj=-113.156405, change=6.77e-03, α=1.000, ‖θ[1:]‖₁=12.301, num_selected_knots=492
2025-09-01 10:06:26,219 - Iter 184: obj=-113.157779, change=6.78e-03, α=1.000, ‖θ[1:]‖₁=12.304, num_selected_knots=489
2025-09-01 10:06:29,369 - Iter 185: obj=-113.159145, change=6.80e-03, α=1.000, ‖θ[1:]‖₁=12.306, num_selected_knots=488
2025-09-01 10:06:32,541 - Iter 186: obj=-113.160491, change=6.81e-03, α=1.000, ‖θ[1:]‖₁=12.308, num_selected_knots=484
2025-09-01 10:06:35,835 - Iter 187: obj=-113.161817, change=6.83e-03, α=1.000, ‖θ[1:]‖₁=12.310, num_selected_knots=482
2025-09-01 10:06:39,387 - Iter 188: obj=-113.163134, change=6.84e-03, α=1.000, ‖θ[1:]‖₁=12.313, num_selected_knots=478
2025-09-01 10:06:45,599 - Iter 189: obj=-113.164438, change=6.86e-03, α=1.000, ‖θ[1:]‖₁=12.315, num_selected_knots=475
2025-09-01 10:06:48,701 - Iter 190: obj=-113.165728, change=6.50e-03, α=1.000, ‖θ[1:]‖₁=12.317, num_selected_knots=469
2025-09-01 10:06:51,942 - Iter 191: obj=-113.166989, change=6.52e-03, α=1.000, ‖θ[1:]‖₁=12.319, num_selected_knots=465
2025-09-01 10:06:55,141 - Iter 192: obj=-113.168179, change=6.53e-03, α=1.000, ‖θ[1:]‖₁=12.321, num_selected_knots=462
2025-09-01 10:06:58,273 - Iter 193: obj=-113.169356, change=6.54e-03, α=1.000, ‖θ[1:]‖₁=12.323, num_selected_knots=458
2025-09-01 10:07:01,446 - Iter 194: obj=-113.170513, change=6.55e-03, α=1.000, ‖θ[1:]‖₁=12.324, num_selected_knots=457
2025-09-01 10:07:04,610 - Iter 195: obj=-113.171650, change=6.57e-03, α=1.000, ‖θ[1:]‖₁=12.326, num_selected_knots=457
2025-09-01 10:07:07,808 - Iter 196: obj=-113.172775, change=6.59e-03, α=1.000, ‖θ[1:]‖₁=12.328, num_selected_knots=451
2025-09-01 10:07:11,317 - Iter 197: obj=-113.173890, change=6.60e-03, α=1.000, ‖θ[1:]‖₁=12.330, num_selected_knots=451
2025-09-01 10:07:19,537 - Iter 198: obj=-113.174994, change=6.62e-03, α=1.000, ‖θ[1:]‖₁=12.332, num_selected_knots=449
2025-09-01 10:07:23,004 - Iter 199: obj=-113.176083, change=6.63e-03, α=1.000, ‖θ[1:]‖₁=12.334, num_selected_knots=447
2025-09-01 10:07:26,382 - Iter 200: obj=-113.177159, change=6.65e-03, α=1.000, ‖θ[1:]‖₁=12.336, num_selected_knots=442
2025-09-01 10:07:29,628 - Iter 201: obj=-113.178231, change=6.67e-03, α=1.000, ‖θ[1:]‖₁=12.338, num_selected_knots=441
2025-09-01 10:07:32,849 - Iter 202: obj=-113.179360, change=6.69e-03, α=1.000, ‖θ[1:]‖₁=12.339, num_selected_knots=440
2025-09-01 10:07:36,045 - Iter 203: obj=-113.180479, change=6.70e-03, α=1.000, ‖θ[1:]‖₁=12.341, num_selected_knots=439
2025-09-01 10:07:39,315 - Iter 204: obj=-113.181573, change=6.65e-03, α=1.000, ‖θ[1:]‖₁=12.343, num_selected_knots=436
2025-09-01 10:07:42,543 - Iter 205: obj=-113.182655, change=6.02e-03, α=1.000, ‖θ[1:]‖₁=12.345, num_selected_knots=435
2025-09-01 10:07:45,749 - Iter 206: obj=-113.183673, change=6.03e-03, α=1.000, ‖θ[1:]‖₁=12.347, num_selected_knots=433
2025-09-01 10:07:48,949 - Iter 207: obj=-113.184681, change=6.04e-03, α=1.000, ‖θ[1:]‖₁=12.348, num_selected_knots=433
2025-09-01 10:07:56,419 - Iter 208: obj=-113.185681, change=6.05e-03, α=1.000, ‖θ[1:]‖₁=12.350, num_selected_knots=431
2025-09-01 10:07:59,521 - Iter 209: obj=-113.186664, change=6.07e-03, α=1.000, ‖θ[1:]‖₁=12.352, num_selected_knots=431
2025-09-01 10:08:02,670 - Iter 210: obj=-113.187630, change=6.08e-03, α=1.000, ‖θ[1:]‖₁=12.354, num_selected_knots=430
2025-09-01 10:08:05,802 - Iter 211: obj=-113.188588, change=6.08e-03, α=1.000, ‖θ[1:]‖₁=12.355, num_selected_knots=430
2025-09-01 10:08:08,949 - Iter 212: obj=-113.189540, change=6.09e-03, α=1.000, ‖θ[1:]‖₁=12.357, num_selected_knots=430
2025-09-01 10:08:12,062 - Iter 213: obj=-113.190485, change=6.10e-03, α=1.000, ‖θ[1:]‖₁=12.359, num_selected_knots=429
2025-09-01 10:08:15,673 - Iter 214: obj=-113.191424, change=6.11e-03, α=1.000, ‖θ[1:]‖₁=12.360, num_selected_knots=425
2025-09-01 10:08:18,962 - Iter 215: obj=-113.192349, change=6.12e-03, α=1.000, ‖θ[1:]‖₁=12.362, num_selected_knots=422
2025-09-01 10:08:22,314 - Iter 216: obj=-113.193234, change=6.13e-03, α=1.000, ‖θ[1:]‖₁=12.364, num_selected_knots=421
2025-09-01 10:08:25,597 - Iter 217: obj=-113.194113, change=6.14e-03, α=1.000, ‖θ[1:]‖₁=12.365, num_selected_knots=420
2025-09-01 10:08:29,051 - Iter 218: obj=-113.194987, change=6.14e-03, α=1.000, ‖θ[1:]‖₁=12.367, num_selected_knots=420
2025-09-01 10:08:32,314 - Iter 219: obj=-113.195856, change=6.15e-03, α=1.000, ‖θ[1:]‖₁=12.369, num_selected_knots=419
2025-09-01 10:08:39,179 - Iter 220: obj=-113.196721, change=6.16e-03, α=1.000, ‖θ[1:]‖₁=12.370, num_selected_knots=419
2025-09-01 10:08:42,532 - Iter 221: obj=-113.197581, change=6.16e-03, α=1.000, ‖θ[1:]‖₁=12.372, num_selected_knots=418
2025-09-01 10:08:45,679 - Iter 222: obj=-113.198436, change=6.17e-03, α=1.000, ‖θ[1:]‖₁=12.373, num_selected_knots=416
2025-09-01 10:08:48,823 - Iter 223: obj=-113.199281, change=6.17e-03, α=1.000, ‖θ[1:]‖₁=12.375, num_selected_knots=413
2025-09-01 10:08:52,042 - Iter 224: obj=-113.200119, change=6.18e-03, α=1.000, ‖θ[1:]‖₁=12.376, num_selected_knots=412
2025-09-01 10:08:55,307 - Iter 225: obj=-113.200942, change=6.19e-03, α=1.000, ‖θ[1:]‖₁=12.377, num_selected_knots=411
2025-09-01 10:08:58,543 - Iter 226: obj=-113.201762, change=6.19e-03, α=1.000, ‖θ[1:]‖₁=12.379, num_selected_knots=410
2025-09-01 10:09:01,836 - Iter 227: obj=-113.202579, change=6.19e-03, α=1.000, ‖θ[1:]‖₁=12.380, num_selected_knots=409
2025-09-01 10:09:08,752 - Iter 228: obj=-113.203399, change=6.20e-03, α=1.000, ‖θ[1:]‖₁=12.382, num_selected_knots=408
2025-09-01 10:09:12,186 - Iter 229: obj=-113.204208, change=6.20e-03, α=1.000, ‖θ[1:]‖₁=12.383, num_selected_knots=408
2025-09-01 10:09:15,595 - Iter 230: obj=-113.205011, change=6.21e-03, α=1.000, ‖θ[1:]‖₁=12.384, num_selected_knots=408
2025-09-01 10:09:18,804 - Iter 231: obj=-113.205812, change=6.21e-03, α=1.000, ‖θ[1:]‖₁=12.386, num_selected_knots=410
2025-09-01 10:09:22,027 - Iter 232: obj=-113.206612, change=6.22e-03, α=1.000, ‖θ[1:]‖₁=12.387, num_selected_knots=411
2025-09-01 10:09:25,221 - Iter 233: obj=-113.207413, change=6.13e-03, α=1.000, ‖θ[1:]‖₁=12.388, num_selected_knots=410
2025-09-01 10:09:28,449 - Iter 234: obj=-113.208176, change=6.14e-03, α=1.000, ‖θ[1:]‖₁=12.389, num_selected_knots=409
2025-09-01 10:09:31,760 - Iter 235: obj=-113.208929, change=6.14e-03, α=1.000, ‖θ[1:]‖₁=12.390, num_selected_knots=409
2025-09-01 10:09:35,003 - Iter 236: obj=-113.209682, change=6.15e-03, α=1.000, ‖θ[1:]‖₁=12.392, num_selected_knots=411
2025-09-01 10:09:38,687 - Iter 237: obj=-113.210436, change=6.15e-03, α=1.000, ‖θ[1:]‖₁=12.393, num_selected_knots=414
2025-09-01 10:09:42,055 - Iter 238: obj=-113.211190, change=5.39e-03, α=1.000, ‖θ[1:]‖₁=12.394, num_selected_knots=413
2025-09-01 10:09:45,241 - Iter 239: obj=-113.211911, change=5.40e-03, α=1.000, ‖θ[1:]‖₁=12.395, num_selected_knots=412
2025-09-01 10:09:53,365 - Iter 240: obj=-113.212605, change=5.40e-03, α=1.000, ‖θ[1:]‖₁=12.396, num_selected_knots=410
2025-09-01 10:09:56,529 - Iter 241: obj=-113.213298, change=5.40e-03, α=1.000, ‖θ[1:]‖₁=12.397, num_selected_knots=408
2025-09-01 10:09:59,746 - Iter 242: obj=-113.213989, change=5.41e-03, α=1.000, ‖θ[1:]‖₁=12.398, num_selected_knots=406
2025-09-01 10:10:02,889 - Iter 243: obj=-113.214678, change=5.41e-03, α=1.000, ‖θ[1:]‖₁=12.399, num_selected_knots=405
2025-09-01 10:10:06,073 - Iter 244: obj=-113.215367, change=5.42e-03, α=1.000, ‖θ[1:]‖₁=12.401, num_selected_knots=404
2025-09-01 10:10:09,469 - Iter 245: obj=-113.216053, change=5.42e-03, α=1.000, ‖θ[1:]‖₁=12.402, num_selected_knots=407
2025-09-01 10:10:12,681 - Iter 246: obj=-113.216728, change=5.43e-03, α=1.000, ‖θ[1:]‖₁=12.403, num_selected_knots=408
2025-09-01 10:10:15,832 - Iter 247: obj=-113.217402, change=5.43e-03, α=1.000, ‖θ[1:]‖₁=12.404, num_selected_knots=408
2025-09-01 10:10:19,011 - Iter 248: obj=-113.218066, change=5.44e-03, α=1.000, ‖θ[1:]‖₁=12.405, num_selected_knots=409
2025-09-01 10:10:22,204 - Iter 249: obj=-113.218722, change=5.44e-03, α=1.000, ‖θ[1:]‖₁=12.406, num_selected_knots=410
2025-09-01 10:10:25,427 - Iter 250: obj=-113.219377, change=5.45e-03, α=1.000, ‖θ[1:]‖₁=12.407, num_selected_knots=411
2025-09-01 10:10:28,642 - Iter 251: obj=-113.220033, change=5.45e-03, α=1.000, ‖θ[1:]‖₁=12.408, num_selected_knots=411
2025-09-01 10:10:31,817 - Iter 252: obj=-113.220687, change=5.46e-03, α=1.000, ‖θ[1:]‖₁=12.410, num_selected_knots=412
2025-09-01 10:10:35,031 - Iter 253: obj=-113.221337, change=5.46e-03, α=1.000, ‖θ[1:]‖₁=12.411, num_selected_knots=414
2025-09-01 10:10:38,232 - Iter 254: obj=-113.221990, change=5.46e-03, α=1.000, ‖θ[1:]‖₁=12.412, num_selected_knots=415
2025-09-01 10:10:41,557 - Iter 255: obj=-113.222644, change=5.47e-03, α=1.000, ‖θ[1:]‖₁=12.413, num_selected_knots=417
2025-09-01 10:10:44,807 - Iter 256: obj=-113.223298, change=5.47e-03, α=1.000, ‖θ[1:]‖₁=12.414, num_selected_knots=418
2025-09-01 10:10:48,487 - Iter 257: obj=-113.223953, change=5.48e-03, α=1.000, ‖θ[1:]‖₁=12.415, num_selected_knots=417
2025-09-01 10:10:51,858 - Iter 258: obj=-113.224609, change=5.48e-03, α=1.000, ‖θ[1:]‖₁=12.417, num_selected_knots=418
2025-09-01 10:10:55,104 - Iter 259: obj=-113.225263, change=5.48e-03, α=1.000, ‖θ[1:]‖₁=12.418, num_selected_knots=418
2025-09-01 10:10:58,345 - Iter 260: obj=-113.225918, change=5.49e-03, α=1.000, ‖θ[1:]‖₁=12.419, num_selected_knots=418
2025-09-01 10:11:01,580 - Iter 261: obj=-113.226571, change=5.49e-03, α=1.000, ‖θ[1:]‖₁=12.420, num_selected_knots=421
2025-09-01 10:11:04,795 - Iter 262: obj=-113.227224, change=5.49e-03, α=1.000, ‖θ[1:]‖₁=12.421, num_selected_knots=421
2025-09-01 10:11:07,996 - Iter 263: obj=-113.227876, change=5.50e-03, α=1.000, ‖θ[1:]‖₁=12.422, num_selected_knots=422
2025-09-01 10:11:11,288 - Iter 264: obj=-113.228529, change=5.50e-03, α=1.000, ‖θ[1:]‖₁=12.424, num_selected_knots=422
2025-09-01 10:11:18,894 - Iter 265: obj=-113.229177, change=5.50e-03, α=1.000, ‖θ[1:]‖₁=12.425, num_selected_knots=422
2025-09-01 10:11:21,974 - Iter 266: obj=-113.229817, change=5.51e-03, α=1.000, ‖θ[1:]‖₁=12.426, num_selected_knots=421
2025-09-01 10:11:25,113 - Iter 267: obj=-113.230455, change=5.51e-03, α=1.000, ‖θ[1:]‖₁=12.427, num_selected_knots=421
2025-09-01 10:11:28,448 - Iter 268: obj=-113.231093, change=5.51e-03, α=1.000, ‖θ[1:]‖₁=12.428, num_selected_knots=421
2025-09-01 10:11:31,626 - Iter 269: obj=-113.231730, change=5.52e-03, α=1.000, ‖θ[1:]‖₁=12.429, num_selected_knots=422
2025-09-01 10:11:34,826 - Iter 270: obj=-113.232369, change=5.52e-03, α=1.000, ‖θ[1:]‖₁=12.431, num_selected_knots=422
2025-09-01 10:11:38,004 - Iter 271: obj=-113.233008, change=5.52e-03, α=1.000, ‖θ[1:]‖₁=12.432, num_selected_knots=423
2025-09-01 10:11:41,182 - Iter 272: obj=-113.233647, change=5.52e-03, α=1.000, ‖θ[1:]‖₁=12.433, num_selected_knots=426
2025-09-01 10:11:44,430 - Iter 273: obj=-113.234287, change=5.53e-03, α=1.000, ‖θ[1:]‖₁=12.434, num_selected_knots=426
2025-09-01 10:11:50,304 - Iter 274: obj=-113.234926, change=5.53e-03, α=1.000, ‖θ[1:]‖₁=12.435, num_selected_knots=427
2025-09-01 10:11:53,595 - Iter 275: obj=-113.235566, change=5.53e-03, α=1.000, ‖θ[1:]‖₁=12.436, num_selected_knots=428
2025-09-01 10:11:56,754 - Iter 276: obj=-113.236207, change=5.36e-03, α=1.000, ‖θ[1:]‖₁=12.437, num_selected_knots=428
2025-09-01 10:11:59,929 - Iter 277: obj=-113.236801, change=5.37e-03, α=1.000, ‖θ[1:]‖₁=12.439, num_selected_knots=426
2025-09-01 10:12:03,398 - Iter 278: obj=-113.237349, change=5.37e-03, α=1.000, ‖θ[1:]‖₁=12.440, num_selected_knots=425
2025-09-01 10:12:06,620 - Iter 279: obj=-113.237894, change=5.37e-03, α=1.000, ‖θ[1:]‖₁=12.441, num_selected_knots=425
2025-09-01 10:12:13,964 - Iter 280: obj=-113.238440, change=5.37e-03, α=1.000, ‖θ[1:]‖₁=12.442, num_selected_knots=425
2025-09-01 10:12:17,098 - Iter 281: obj=-113.238984, change=5.37e-03, α=1.000, ‖θ[1:]‖₁=12.443, num_selected_knots=423
2025-09-01 10:12:20,273 - Iter 282: obj=-113.239531, change=5.37e-03, α=1.000, ‖θ[1:]‖₁=12.444, num_selected_knots=421
2025-09-01 10:12:23,395 - Iter 283: obj=-113.240074, change=5.37e-03, α=1.000, ‖θ[1:]‖₁=12.446, num_selected_knots=422
2025-09-01 10:12:26,619 - Iter 284: obj=-113.240611, change=5.37e-03, α=1.000, ‖θ[1:]‖₁=12.447, num_selected_knots=423
2025-09-01 10:12:29,753 - Iter 285: obj=-113.241148, change=5.38e-03, α=1.000, ‖θ[1:]‖₁=12.448, num_selected_knots=423
2025-09-01 10:12:32,872 - Iter 286: obj=-113.241685, change=5.38e-03, α=1.000, ‖θ[1:]‖₁=12.449, num_selected_knots=422
2025-09-01 10:12:36,015 - Iter 287: obj=-113.242223, change=4.85e-03, α=1.000, ‖θ[1:]‖₁=12.450, num_selected_knots=420
2025-09-01 10:12:39,166 - Iter 288: obj=-113.242754, change=3.89e-03, α=1.000, ‖θ[1:]‖₁=12.451, num_selected_knots=419
2025-09-01 10:12:42,601 - Iter 289: obj=-113.243205, change=3.88e-03, α=1.000, ‖θ[1:]‖₁=12.453, num_selected_knots=417
2025-09-01 10:12:45,870 - Iter 290: obj=-113.243655, change=3.89e-03, α=1.000, ‖θ[1:]‖₁=12.454, num_selected_knots=417
2025-09-01 10:12:49,069 - Iter 291: obj=-113.244102, change=3.89e-03, α=1.000, ‖θ[1:]‖₁=12.455, num_selected_knots=418
2025-09-01 10:12:52,434 - Iter 292: obj=-113.244548, change=3.89e-03, α=1.000, ‖θ[1:]‖₁=12.456, num_selected_knots=417
2025-09-01 10:12:55,650 - Iter 293: obj=-113.244994, change=3.89e-03, α=1.000, ‖θ[1:]‖₁=12.458, num_selected_knots=417
2025-09-01 10:12:58,848 - Iter 294: obj=-113.245441, change=3.89e-03, α=1.000, ‖θ[1:]‖₁=12.459, num_selected_knots=417
2025-09-01 10:13:02,080 - Iter 295: obj=-113.245888, change=3.89e-03, α=1.000, ‖θ[1:]‖₁=12.460, num_selected_knots=419
2025-09-01 10:13:05,274 - Iter 296: obj=-113.246335, change=3.89e-03, α=1.000, ‖θ[1:]‖₁=12.461, num_selected_knots=417
2025-09-01 10:13:08,497 - Iter 297: obj=-113.246783, change=3.89e-03, α=1.000, ‖θ[1:]‖₁=12.463, num_selected_knots=415
2025-09-01 10:13:13,092 - Iter 298: obj=-113.247230, change=3.89e-03, α=1.000, ‖θ[1:]‖₁=12.464, num_selected_knots=415
2025-09-01 10:13:16,263 - Iter 299: obj=-113.247675, change=3.89e-03, α=1.000, ‖θ[1:]‖₁=12.465, num_selected_knots=416
2025-09-01 10:13:19,410 - Iter 300: obj=-113.248116, change=3.89e-03, α=1.000, ‖θ[1:]‖₁=12.466, num_selected_knots=415
2025-09-01 10:13:22,597 - Iter 301: obj=-113.248559, change=3.90e-03, α=1.000, ‖θ[1:]‖₁=12.468, num_selected_knots=414
2025-09-01 10:13:25,768 - Iter 302: obj=-113.249001, change=3.90e-03, α=1.000, ‖θ[1:]‖₁=12.469, num_selected_knots=413
2025-09-01 10:13:28,917 - Iter 303: obj=-113.249440, change=3.90e-03, α=1.000, ‖θ[1:]‖₁=12.470, num_selected_knots=413
2025-09-01 10:13:32,068 - Iter 304: obj=-113.249880, change=3.90e-03, α=1.000, ‖θ[1:]‖₁=12.471, num_selected_knots=410
2025-09-01 10:13:35,229 - Iter 305: obj=-113.250332, change=3.91e-03, α=1.000, ‖θ[1:]‖₁=12.473, num_selected_knots=409
2025-09-01 10:13:38,481 - Iter 306: obj=-113.250795, change=3.91e-03, α=1.000, ‖θ[1:]‖₁=12.474, num_selected_knots=408
2025-09-01 10:13:41,663 - Iter 307: obj=-113.251258, change=3.91e-03, α=1.000, ‖θ[1:]‖₁=12.475, num_selected_knots=404
2025-09-01 10:13:44,830 - Iter 308: obj=-113.251715, change=3.91e-03, α=1.000, ‖θ[1:]‖₁=12.476, num_selected_knots=404
2025-09-01 10:13:48,022 - Iter 309: obj=-113.252169, change=3.91e-03, α=1.000, ‖θ[1:]‖₁=12.477, num_selected_knots=404
2025-09-01 10:13:51,197 - Iter 310: obj=-113.252623, change=3.92e-03, α=1.000, ‖θ[1:]‖₁=12.479, num_selected_knots=404
2025-09-01 10:13:54,425 - Iter 311: obj=-113.253077, change=3.92e-03, α=1.000, ‖θ[1:]‖₁=12.480, num_selected_knots=404
2025-09-01 10:13:57,636 - Iter 312: obj=-113.253531, change=3.92e-03, α=1.000, ‖θ[1:]‖₁=12.481, num_selected_knots=403
2025-09-01 10:14:02,549 - Iter 313: obj=-113.253983, change=3.92e-03, α=1.000, ‖θ[1:]‖₁=12.482, num_selected_knots=402
2025-09-01 10:14:05,664 - Iter 314: obj=-113.254432, change=3.92e-03, α=1.000, ‖θ[1:]‖₁=12.483, num_selected_knots=402
2025-09-01 10:14:09,027 - Iter 315: obj=-113.254884, change=3.92e-03, α=1.000, ‖θ[1:]‖₁=12.485, num_selected_knots=403
2025-09-01 10:14:12,235 - Iter 316: obj=-113.255337, change=3.92e-03, α=1.000, ‖θ[1:]‖₁=12.486, num_selected_knots=403
2025-09-01 10:14:15,398 - Iter 317: obj=-113.255790, change=3.92e-03, α=1.000, ‖θ[1:]‖₁=12.487, num_selected_knots=403
2025-09-01 10:14:18,589 - Iter 318: obj=-113.256244, change=3.92e-03, α=1.000, ‖θ[1:]‖₁=12.488, num_selected_knots=407
2025-09-01 10:14:21,824 - Iter 319: obj=-113.256698, change=3.92e-03, α=1.000, ‖θ[1:]‖₁=12.489, num_selected_knots=406
2025-09-01 10:14:25,008 - Iter 320: obj=-113.257153, change=3.92e-03, α=1.000, ‖θ[1:]‖₁=12.490, num_selected_knots=405
2025-09-01 10:14:28,256 - Iter 321: obj=-113.257609, change=3.92e-03, α=1.000, ‖θ[1:]‖₁=12.491, num_selected_knots=405
2025-09-01 10:14:31,436 - Iter 322: obj=-113.258065, change=3.92e-03, α=1.000, ‖θ[1:]‖₁=12.492, num_selected_knots=405
2025-09-01 10:14:37,578 - Iter 323: obj=-113.258522, change=3.93e-03, α=1.000, ‖θ[1:]‖₁=12.494, num_selected_knots=405
2025-09-01 10:14:40,708 - Iter 324: obj=-113.258979, change=3.93e-03, α=1.000, ‖θ[1:]‖₁=12.495, num_selected_knots=404
2025-09-01 10:14:43,834 - Iter 325: obj=-113.259438, change=3.93e-03, α=1.000, ‖θ[1:]‖₁=12.496, num_selected_knots=402
2025-09-01 10:14:46,972 - Iter 326: obj=-113.259897, change=3.93e-03, α=1.000, ‖θ[1:]‖₁=12.497, num_selected_knots=401
2025-09-01 10:14:50,390 - Iter 327: obj=-113.260357, change=3.93e-03, α=1.000, ‖θ[1:]‖₁=12.498, num_selected_knots=402
2025-09-01 10:14:57,139 - Iter 328: obj=-113.260815, change=3.93e-03, α=1.000, ‖θ[1:]‖₁=12.499, num_selected_knots=400
2025-09-01 10:15:00,441 - Iter 329: obj=-113.261274, change=3.93e-03, α=1.000, ‖θ[1:]‖₁=12.500, num_selected_knots=400
2025-09-01 10:15:03,602 - Iter 330: obj=-113.261735, change=3.93e-03, α=1.000, ‖θ[1:]‖₁=12.501, num_selected_knots=398
2025-09-01 10:15:06,809 - Iter 331: obj=-113.262194, change=3.93e-03, α=1.000, ‖θ[1:]‖₁=12.502, num_selected_knots=396
2025-09-01 10:15:10,085 - Iter 332: obj=-113.262652, change=3.93e-03, α=1.000, ‖θ[1:]‖₁=12.503, num_selected_knots=395
2025-09-01 10:15:13,581 - Iter 333: obj=-113.263112, change=3.93e-03, α=1.000, ‖θ[1:]‖₁=12.504, num_selected_knots=397
2025-09-01 10:15:16,802 - Iter 334: obj=-113.263574, change=3.93e-03, α=1.000, ‖θ[1:]‖₁=12.505, num_selected_knots=394
2025-09-01 10:15:20,039 - Iter 335: obj=-113.264038, change=3.93e-03, α=1.000, ‖θ[1:]‖₁=12.506, num_selected_knots=391
2025-09-01 10:15:23,370 - Iter 336: obj=-113.264517, change=3.93e-03, α=1.000, ‖θ[1:]‖₁=12.506, num_selected_knots=389
2025-09-01 10:15:26,948 - Iter 337: obj=-113.264993, change=3.93e-03, α=1.000, ‖θ[1:]‖₁=12.507, num_selected_knots=389
2025-09-01 10:15:33,253 - Iter 338: obj=-113.265463, change=3.94e-03, α=1.000, ‖θ[1:]‖₁=12.508, num_selected_knots=389
2025-09-01 10:15:36,388 - Iter 339: obj=-113.265931, change=3.94e-03, α=1.000, ‖θ[1:]‖₁=12.509, num_selected_knots=388
2025-09-01 10:15:39,500 - Iter 340: obj=-113.266400, change=3.94e-03, α=1.000, ‖θ[1:]‖₁=12.510, num_selected_knots=388
2025-09-01 10:15:42,612 - Iter 341: obj=-113.266869, change=3.94e-03, α=1.000, ‖θ[1:]‖₁=12.511, num_selected_knots=387
2025-09-01 10:15:45,756 - Iter 342: obj=-113.267335, change=3.94e-03, α=1.000, ‖θ[1:]‖₁=12.511, num_selected_knots=387
2025-09-01 10:15:48,896 - Iter 343: obj=-113.267798, change=3.94e-03, α=1.000, ‖θ[1:]‖₁=12.512, num_selected_knots=387
2025-09-01 10:15:52,249 - Iter 344: obj=-113.268260, change=3.94e-03, α=1.000, ‖θ[1:]‖₁=12.513, num_selected_knots=385
2025-09-01 10:15:55,464 - Iter 345: obj=-113.268723, change=3.94e-03, α=1.000, ‖θ[1:]‖₁=12.514, num_selected_knots=386
2025-09-01 10:15:58,631 - Iter 346: obj=-113.269186, change=3.94e-03, α=1.000, ‖θ[1:]‖₁=12.515, num_selected_knots=386
2025-09-01 10:16:01,790 - Iter 347: obj=-113.269650, change=3.94e-03, α=1.000, ‖θ[1:]‖₁=12.516, num_selected_knots=386
2025-09-01 10:16:04,971 - Iter 348: obj=-113.270114, change=3.94e-03, α=1.000, ‖θ[1:]‖₁=12.516, num_selected_knots=386
2025-09-01 10:16:08,146 - Iter 349: obj=-113.270579, change=3.94e-03, α=1.000, ‖θ[1:]‖₁=12.517, num_selected_knots=385
2025-09-01 10:16:11,464 - Iter 350: obj=-113.271043, change=3.94e-03, α=1.000, ‖θ[1:]‖₁=12.518, num_selected_knots=384
2025-09-01 10:16:15,488 - Iter 351: obj=-113.271503, change=3.93e-03, α=1.000, ‖θ[1:]‖₁=12.519, num_selected_knots=382
2025-09-01 10:16:19,203 - Iter 352: obj=-113.271964, change=3.93e-03, α=1.000, ‖θ[1:]‖₁=12.519, num_selected_knots=383
2025-09-01 10:16:22,441 - Iter 353: obj=-113.272425, change=3.93e-03, α=1.000, ‖θ[1:]‖₁=12.520, num_selected_knots=382
2025-09-01 10:16:25,664 - Iter 354: obj=-113.272886, change=3.93e-03, α=1.000, ‖θ[1:]‖₁=12.521, num_selected_knots=382
2025-09-01 10:16:28,873 - Iter 355: obj=-113.273349, change=3.93e-03, α=1.000, ‖θ[1:]‖₁=12.521, num_selected_knots=382
2025-09-01 10:16:32,103 - Iter 356: obj=-113.273811, change=3.93e-03, α=1.000, ‖θ[1:]‖₁=12.522, num_selected_knots=380
2025-09-01 10:16:35,307 - Iter 357: obj=-113.274274, change=3.93e-03, α=1.000, ‖θ[1:]‖₁=12.523, num_selected_knots=380
2025-09-01 10:16:38,524 - Iter 358: obj=-113.274737, change=3.93e-03, α=1.000, ‖θ[1:]‖₁=12.523, num_selected_knots=379
2025-09-01 10:16:46,628 - Iter 359: obj=-113.275201, change=3.93e-03, α=1.000, ‖θ[1:]‖₁=12.524, num_selected_knots=379
2025-09-01 10:16:53,305 - Iter 360: obj=-113.275665, change=3.93e-03, α=1.000, ‖θ[1:]‖₁=12.525, num_selected_knots=379
2025-09-01 10:16:56,577 - Iter 361: obj=-113.276130, change=3.93e-03, α=1.000, ‖θ[1:]‖₁=12.525, num_selected_knots=379
2025-09-01 10:16:59,941 - Iter 362: obj=-113.276594, change=3.93e-03, α=1.000, ‖θ[1:]‖₁=12.526, num_selected_knots=375
2025-09-01 10:17:03,641 - Iter 363: obj=-113.277080, change=3.94e-03, α=1.000, ‖θ[1:]‖₁=12.526, num_selected_knots=375
2025-09-01 10:17:06,885 - Iter 364: obj=-113.277573, change=3.94e-03, α=1.000, ‖θ[1:]‖₁=12.527, num_selected_knots=375
2025-09-01 10:17:10,108 - Iter 365: obj=-113.278092, change=3.95e-03, α=1.000, ‖θ[1:]‖₁=12.527, num_selected_knots=374
2025-09-01 10:17:17,463 - Iter 366: obj=-113.278629, change=3.95e-03, α=1.000, ‖θ[1:]‖₁=12.528, num_selected_knots=374
2025-09-01 10:17:20,613 - Iter 367: obj=-113.279164, change=3.95e-03, α=1.000, ‖θ[1:]‖₁=12.528, num_selected_knots=374
2025-09-01 10:17:23,729 - Iter 368: obj=-113.279697, change=3.95e-03, α=1.000, ‖θ[1:]‖₁=12.529, num_selected_knots=374
2025-09-01 10:17:26,843 - Iter 369: obj=-113.280229, change=3.95e-03, α=1.000, ‖θ[1:]‖₁=12.529, num_selected_knots=374
2025-09-01 10:17:30,085 - Iter 370: obj=-113.280760, change=3.95e-03, α=1.000, ‖θ[1:]‖₁=12.530, num_selected_knots=374
2025-09-01 10:17:33,226 - Iter 371: obj=-113.281289, change=3.95e-03, α=1.000, ‖θ[1:]‖₁=12.530, num_selected_knots=374
2025-09-01 10:17:36,393 - Iter 372: obj=-113.281817, change=3.95e-03, α=1.000, ‖θ[1:]‖₁=12.531, num_selected_knots=373
2025-09-01 10:17:39,611 - Iter 373: obj=-113.282341, change=3.95e-03, α=1.000, ‖θ[1:]‖₁=12.531, num_selected_knots=370
2025-09-01 10:17:42,763 - Iter 374: obj=-113.282849, change=3.95e-03, α=1.000, ‖θ[1:]‖₁=12.531, num_selected_knots=369
2025-09-01 10:17:46,066 - Iter 375: obj=-113.283356, change=3.95e-03, α=1.000, ‖θ[1:]‖₁=12.532, num_selected_knots=368
2025-09-01 10:17:49,469 - Iter 376: obj=-113.283862, change=3.95e-03, α=1.000, ‖θ[1:]‖₁=12.532, num_selected_knots=366
2025-09-01 10:17:56,459 - Iter 377: obj=-113.284367, change=3.95e-03, α=1.000, ‖θ[1:]‖₁=12.533, num_selected_knots=366
2025-09-01 10:17:59,577 - Iter 378: obj=-113.284872, change=3.95e-03, α=1.000, ‖θ[1:]‖₁=12.533, num_selected_knots=365
2025-09-01 10:18:02,728 - Iter 379: obj=-113.285375, change=3.95e-03, α=1.000, ‖θ[1:]‖₁=12.534, num_selected_knots=365
2025-09-01 10:18:06,114 - Iter 380: obj=-113.285878, change=3.95e-03, α=1.000, ‖θ[1:]‖₁=12.534, num_selected_knots=365
2025-09-01 10:18:09,378 - Iter 381: obj=-113.286380, change=3.95e-03, α=1.000, ‖θ[1:]‖₁=12.535, num_selected_knots=365
2025-09-01 10:18:12,602 - Iter 382: obj=-113.286882, change=3.95e-03, α=1.000, ‖θ[1:]‖₁=12.535, num_selected_knots=366
2025-09-01 10:18:15,822 - Iter 383: obj=-113.287383, change=3.94e-03, α=1.000, ‖θ[1:]‖₁=12.535, num_selected_knots=366
2025-09-01 10:18:19,042 - Iter 384: obj=-113.287884, change=3.94e-03, α=1.000, ‖θ[1:]‖₁=12.536, num_selected_knots=366
2025-09-01 10:18:22,256 - Iter 385: obj=-113.288384, change=3.94e-03, α=1.000, ‖θ[1:]‖₁=12.536, num_selected_knots=365
2025-09-01 10:18:25,540 - Iter 386: obj=-113.288884, change=3.94e-03, α=1.000, ‖θ[1:]‖₁=12.537, num_selected_knots=365
2025-09-01 10:18:28,773 - Iter 387: obj=-113.289384, change=3.94e-03, α=1.000, ‖θ[1:]‖₁=12.537, num_selected_knots=364
2025-09-01 10:18:31,979 - Iter 388: obj=-113.289883, change=3.94e-03, α=1.000, ‖θ[1:]‖₁=12.537, num_selected_knots=364
2025-09-01 10:18:35,198 - Iter 389: obj=-113.290381, change=3.94e-03, α=1.000, ‖θ[1:]‖₁=12.538, num_selected_knots=364
2025-09-01 10:18:38,403 - Iter 390: obj=-113.290878, change=3.94e-03, α=1.000, ‖θ[1:]‖₁=12.538, num_selected_knots=364
2025-09-01 10:18:41,618 - Iter 391: obj=-113.291375, change=3.93e-03, α=1.000, ‖θ[1:]‖₁=12.538, num_selected_knots=362
2025-09-01 10:18:44,827 - Iter 392: obj=-113.291872, change=3.93e-03, α=1.000, ‖θ[1:]‖₁=12.539, num_selected_knots=362
2025-09-01 10:18:48,130 - Iter 393: obj=-113.292366, change=3.93e-03, α=1.000, ‖θ[1:]‖₁=12.539, num_selected_knots=362
2025-09-01 10:18:51,341 - Iter 394: obj=-113.292860, change=3.93e-03, α=1.000, ‖θ[1:]‖₁=12.539, num_selected_knots=362
2025-09-01 10:18:58,245 - Iter 395: obj=-113.293353, change=3.93e-03, α=1.000, ‖θ[1:]‖₁=12.539, num_selected_knots=362
2025-09-01 10:19:01,380 - Iter 396: obj=-113.293846, change=3.93e-03, α=1.000, ‖θ[1:]‖₁=12.540, num_selected_knots=362
2025-09-01 10:19:04,503 - Iter 397: obj=-113.294338, change=3.93e-03, α=1.000, ‖θ[1:]‖₁=12.540, num_selected_knots=362
2025-09-01 10:19:07,603 - Iter 398: obj=-113.294830, change=3.92e-03, α=1.000, ‖θ[1:]‖₁=12.540, num_selected_knots=362
2025-09-01 10:19:10,740 - Iter 399: obj=-113.295322, change=3.92e-03, α=1.000, ‖θ[1:]‖₁=12.540, num_selected_knots=361
2025-09-01 10:19:14,019 - Iter 400: obj=-113.295812, change=3.92e-03, α=1.000, ‖θ[1:]‖₁=12.540, num_selected_knots=361
2025-09-01 10:19:17,160 - Iter 401: obj=-113.296302, change=3.92e-03, α=1.000, ‖θ[1:]‖₁=12.541, num_selected_knots=361
2025-09-01 10:19:20,310 - Iter 402: obj=-113.296792, change=3.92e-03, α=1.000, ‖θ[1:]‖₁=12.541, num_selected_knots=360
2025-09-01 10:19:23,460 - Iter 403: obj=-113.297280, change=3.92e-03, α=1.000, ‖θ[1:]‖₁=12.541, num_selected_knots=360
2025-09-01 10:19:26,638 - Iter 404: obj=-113.297768, change=3.92e-03, α=1.000, ‖θ[1:]‖₁=12.541, num_selected_knots=360
2025-09-01 10:19:29,778 - Iter 405: obj=-113.298255, change=3.91e-03, α=1.000, ‖θ[1:]‖₁=12.541, num_selected_knots=360
2025-09-01 10:19:32,926 - Iter 406: obj=-113.298742, change=3.91e-03, α=1.000, ‖θ[1:]‖₁=12.542, num_selected_knots=357
2025-09-01 10:19:36,237 - Iter 407: obj=-113.299228, change=3.91e-03, α=1.000, ‖θ[1:]‖₁=12.542, num_selected_knots=357
2025-09-01 10:19:39,396 - Iter 408: obj=-113.299714, change=3.91e-03, α=1.000, ‖θ[1:]‖₁=12.542, num_selected_knots=356
2025-09-01 10:19:42,569 - Iter 409: obj=-113.300199, change=3.91e-03, α=1.000, ‖θ[1:]‖₁=12.542, num_selected_knots=353
2025-09-01 10:19:45,773 - Iter 410: obj=-113.300691, change=3.91e-03, α=1.000, ‖θ[1:]‖₁=12.542, num_selected_knots=351
2025-09-01 10:19:49,144 - Iter 411: obj=-113.301184, change=3.91e-03, α=1.000, ‖θ[1:]‖₁=12.542, num_selected_knots=350
2025-09-01 10:19:52,616 - Iter 412: obj=-113.301675, change=3.91e-03, α=1.000, ‖θ[1:]‖₁=12.542, num_selected_knots=349
2025-09-01 10:19:55,845 - Iter 413: obj=-113.302165, change=3.91e-03, α=1.000, ‖θ[1:]‖₁=12.542, num_selected_knots=349
2025-09-01 10:19:59,082 - Iter 414: obj=-113.302654, change=3.91e-03, α=1.000, ‖θ[1:]‖₁=12.542, num_selected_knots=349
2025-09-01 10:20:02,309 - Iter 415: obj=-113.303141, change=3.79e-03, α=1.000, ‖θ[1:]‖₁=12.542, num_selected_knots=348
2025-09-01 10:20:05,503 - Iter 416: obj=-113.303608, change=3.79e-03, α=1.000, ‖θ[1:]‖₁=12.542, num_selected_knots=347
2025-09-01 10:20:08,732 - Iter 417: obj=-113.304073, change=3.79e-03, α=1.000, ‖θ[1:]‖₁=12.542, num_selected_knots=347
2025-09-01 10:20:11,973 - Iter 418: obj=-113.304537, change=3.78e-03, α=1.000, ‖θ[1:]‖₁=12.543, num_selected_knots=346
2025-09-01 10:20:19,683 - Iter 419: obj=-113.305000, change=3.64e-03, α=1.000, ‖θ[1:]‖₁=12.543, num_selected_knots=346
2025-09-01 10:20:22,924 - Iter 420: obj=-113.305457, change=3.48e-03, α=1.000, ‖θ[1:]‖₁=12.543, num_selected_knots=344
2025-09-01 10:20:26,316 - Iter 421: obj=-113.305907, change=3.48e-03, α=1.000, ‖θ[1:]‖₁=12.544, num_selected_knots=343
2025-09-01 10:20:29,550 - Iter 422: obj=-113.306356, change=3.48e-03, α=1.000, ‖θ[1:]‖₁=12.544, num_selected_knots=342
2025-09-01 10:20:32,772 - Iter 423: obj=-113.306806, change=3.48e-03, α=1.000, ‖θ[1:]‖₁=12.545, num_selected_knots=341
2025-09-01 10:20:35,987 - Iter 424: obj=-113.307250, change=3.50e-03, α=1.000, ‖θ[1:]‖₁=12.546, num_selected_knots=340
2025-09-01 10:20:39,149 - Iter 425: obj=-113.307683, change=3.50e-03, α=1.000, ‖θ[1:]‖₁=12.547, num_selected_knots=339
2025-09-01 10:20:42,314 - Iter 426: obj=-113.308111, change=3.51e-03, α=1.000, ‖θ[1:]‖₁=12.548, num_selected_knots=338
2025-09-01 10:20:45,517 - Iter 427: obj=-113.308541, change=3.52e-03, α=1.000, ‖θ[1:]‖₁=12.549, num_selected_knots=337
2025-09-01 10:20:48,824 - Iter 428: obj=-113.308972, change=3.52e-03, α=1.000, ‖θ[1:]‖₁=12.549, num_selected_knots=336
2025-09-01 10:20:52,153 - Iter 429: obj=-113.309404, change=3.53e-03, α=1.000, ‖θ[1:]‖₁=12.550, num_selected_knots=336
2025-09-01 10:20:55,377 - Iter 430: obj=-113.309836, change=3.53e-03, α=1.000, ‖θ[1:]‖₁=12.551, num_selected_knots=333
2025-09-01 10:20:58,560 - Iter 431: obj=-113.310265, change=3.53e-03, α=1.000, ‖θ[1:]‖₁=12.552, num_selected_knots=331
2025-09-01 10:21:01,769 - Iter 432: obj=-113.310691, change=3.54e-03, α=1.000, ‖θ[1:]‖₁=12.552, num_selected_knots=330
2025-09-01 10:21:04,977 - Iter 433: obj=-113.311103, change=3.54e-03, α=1.000, ‖θ[1:]‖₁=12.553, num_selected_knots=330
2025-09-01 10:21:08,174 - Iter 434: obj=-113.311515, change=3.54e-03, α=1.000, ‖θ[1:]‖₁=12.553, num_selected_knots=330
2025-09-01 10:21:11,498 - Iter 435: obj=-113.311926, change=3.55e-03, α=1.000, ‖θ[1:]‖₁=12.554, num_selected_knots=330
2025-09-01 10:21:17,533 - Iter 436: obj=-113.312338, change=3.55e-03, α=1.000, ‖θ[1:]‖₁=12.555, num_selected_knots=330
2025-09-01 10:21:20,721 - Iter 437: obj=-113.312749, change=3.55e-03, α=1.000, ‖θ[1:]‖₁=12.555, num_selected_knots=329
2025-09-01 10:21:23,835 - Iter 438: obj=-113.313161, change=3.55e-03, α=1.000, ‖θ[1:]‖₁=12.556, num_selected_knots=329
2025-09-01 10:21:26,963 - Iter 439: obj=-113.313572, change=3.55e-03, α=1.000, ‖θ[1:]‖₁=12.556, num_selected_knots=329
2025-09-01 10:21:30,098 - Iter 440: obj=-113.313983, change=3.56e-03, α=1.000, ‖θ[1:]‖₁=12.557, num_selected_knots=329
2025-09-01 10:21:33,366 - Iter 441: obj=-113.314394, change=3.24e-03, α=1.000, ‖θ[1:]‖₁=12.557, num_selected_knots=328
2025-09-01 10:21:36,490 - Iter 442: obj=-113.314803, change=3.18e-03, α=1.000, ‖θ[1:]‖₁=12.558, num_selected_knots=327
2025-09-01 10:21:39,624 - Iter 443: obj=-113.315198, change=3.18e-03, α=1.000, ‖θ[1:]‖₁=12.558, num_selected_knots=327
2025-09-01 10:21:42,734 - Iter 444: obj=-113.315593, change=3.18e-03, α=1.000, ‖θ[1:]‖₁=12.559, num_selected_knots=327
2025-09-01 10:21:46,156 - Iter 445: obj=-113.315987, change=3.18e-03, α=1.000, ‖θ[1:]‖₁=12.559, num_selected_knots=326
2025-09-01 10:21:49,718 - Iter 446: obj=-113.316381, change=3.18e-03, α=1.000, ‖θ[1:]‖₁=12.560, num_selected_knots=326
2025-09-01 10:21:57,219 - Iter 447: obj=-113.316775, change=3.18e-03, α=1.000, ‖θ[1:]‖₁=12.560, num_selected_knots=326
2025-09-01 10:22:00,348 - Iter 448: obj=-113.317167, change=3.18e-03, α=1.000, ‖θ[1:]‖₁=12.560, num_selected_knots=325
2025-09-01 10:22:03,459 - Iter 449: obj=-113.317554, change=3.19e-03, α=1.000, ‖θ[1:]‖₁=12.561, num_selected_knots=324
2025-09-01 10:22:06,629 - Iter 450: obj=-113.317937, change=3.19e-03, α=1.000, ‖θ[1:]‖₁=12.561, num_selected_knots=324
2025-09-01 10:22:09,771 - Iter 451: obj=-113.318318, change=3.19e-03, α=1.000, ‖θ[1:]‖₁=12.562, num_selected_knots=324
2025-09-01 10:22:12,882 - Iter 452: obj=-113.318700, change=3.19e-03, α=1.000, ‖θ[1:]‖₁=12.562, num_selected_knots=324
2025-09-01 10:22:16,016 - Iter 453: obj=-113.319081, change=3.19e-03, α=1.000, ‖θ[1:]‖₁=12.562, num_selected_knots=324
2025-09-01 10:22:19,152 - Iter 454: obj=-113.319461, change=3.19e-03, α=1.000, ‖θ[1:]‖₁=12.563, num_selected_knots=322
2025-09-01 10:22:22,293 - Iter 455: obj=-113.319839, change=3.19e-03, α=1.000, ‖θ[1:]‖₁=12.563, num_selected_knots=322
2025-09-01 10:22:25,413 - Iter 456: obj=-113.320216, change=3.19e-03, α=1.000, ‖θ[1:]‖₁=12.564, num_selected_knots=322
2025-09-01 10:22:28,754 - Iter 457: obj=-113.320593, change=3.19e-03, α=1.000, ‖θ[1:]‖₁=12.564, num_selected_knots=322
2025-09-01 10:22:32,098 - Iter 458: obj=-113.320968, change=3.19e-03, α=1.000, ‖θ[1:]‖₁=12.564, num_selected_knots=321
2025-09-01 10:22:35,245 - Iter 459: obj=-113.321343, change=3.19e-03, α=1.000, ‖θ[1:]‖₁=12.565, num_selected_knots=321
2025-09-01 10:22:38,416 - Iter 460: obj=-113.321716, change=3.19e-03, α=1.000, ‖θ[1:]‖₁=12.565, num_selected_knots=321
2025-09-01 10:22:41,705 - Iter 461: obj=-113.322088, change=3.19e-03, α=1.000, ‖θ[1:]‖₁=12.565, num_selected_knots=321
2025-09-01 10:22:45,191 - Iter 462: obj=-113.322459, change=3.19e-03, α=1.000, ‖θ[1:]‖₁=12.566, num_selected_knots=320
2025-09-01 10:22:48,457 - Iter 463: obj=-113.322830, change=3.19e-03, α=1.000, ‖θ[1:]‖₁=12.566, num_selected_knots=320
2025-09-01 10:22:51,848 - Iter 464: obj=-113.323200, change=3.19e-03, α=1.000, ‖θ[1:]‖₁=12.566, num_selected_knots=318
2025-09-01 10:22:55,100 - Iter 465: obj=-113.323568, change=3.19e-03, α=1.000, ‖θ[1:]‖₁=12.567, num_selected_knots=318
2025-09-01 10:23:01,776 - Iter 466: obj=-113.323936, change=3.19e-03, α=1.000, ‖θ[1:]‖₁=12.567, num_selected_knots=318
2025-09-01 10:23:04,924 - Iter 467: obj=-113.324302, change=3.19e-03, α=1.000, ‖θ[1:]‖₁=12.567, num_selected_knots=318
2025-09-01 10:23:08,068 - Iter 468: obj=-113.324668, change=3.19e-03, α=1.000, ‖θ[1:]‖₁=12.568, num_selected_knots=318
2025-09-01 10:23:11,169 - Iter 469: obj=-113.325033, change=3.19e-03, α=1.000, ‖θ[1:]‖₁=12.568, num_selected_knots=318
2025-09-01 10:23:14,353 - Iter 470: obj=-113.325398, change=3.19e-03, α=1.000, ‖θ[1:]‖₁=12.568, num_selected_knots=318
2025-09-01 10:23:17,470 - Iter 471: obj=-113.325761, change=3.19e-03, α=1.000, ‖θ[1:]‖₁=12.569, num_selected_knots=318
2025-09-01 10:23:20,937 - Iter 472: obj=-113.326124, change=3.19e-03, α=1.000, ‖θ[1:]‖₁=12.569, num_selected_knots=318
2025-09-01 10:23:24,196 - Iter 473: obj=-113.326486, change=3.19e-03, α=1.000, ‖θ[1:]‖₁=12.569, num_selected_knots=316
2025-09-01 10:23:27,413 - Iter 474: obj=-113.326846, change=3.19e-03, α=1.000, ‖θ[1:]‖₁=12.570, num_selected_knots=316
2025-09-01 10:23:30,589 - Iter 475: obj=-113.327204, change=3.19e-03, α=1.000, ‖θ[1:]‖₁=12.570, num_selected_knots=316
2025-09-01 10:23:33,895 - Iter 476: obj=-113.327560, change=3.19e-03, α=1.000, ‖θ[1:]‖₁=12.570, num_selected_knots=314
2025-09-01 10:23:37,158 - Iter 477: obj=-113.327912, change=3.19e-03, α=1.000, ‖θ[1:]‖₁=12.571, num_selected_knots=314
2025-09-01 10:23:40,361 - Iter 478: obj=-113.328259, change=3.19e-03, α=1.000, ‖θ[1:]‖₁=12.571, num_selected_knots=314
2025-09-01 10:23:43,646 - Iter 479: obj=-113.328606, change=3.18e-03, α=1.000, ‖θ[1:]‖₁=12.571, num_selected_knots=314
2025-09-01 10:23:51,844 - Iter 480: obj=-113.328952, change=3.18e-03, α=1.000, ‖θ[1:]‖₁=12.571, num_selected_knots=314
2025-09-01 10:23:55,264 - Iter 481: obj=-113.329297, change=3.18e-03, α=1.000, ‖θ[1:]‖₁=12.572, num_selected_knots=313
2025-09-01 10:23:58,588 - Iter 482: obj=-113.329641, change=3.18e-03, α=1.000, ‖θ[1:]‖₁=12.572, num_selected_knots=313
2025-09-01 10:24:01,892 - Iter 483: obj=-113.329984, change=3.18e-03, α=1.000, ‖θ[1:]‖₁=12.572, num_selected_knots=312
2025-09-01 10:24:08,256 - Iter 484: obj=-113.330327, change=3.18e-03, α=1.000, ‖θ[1:]‖₁=12.573, num_selected_knots=310
2025-09-01 10:24:11,364 - Iter 485: obj=-113.330669, change=3.18e-03, α=1.000, ‖θ[1:]‖₁=12.573, num_selected_knots=310
2025-09-01 10:24:14,504 - Iter 486: obj=-113.331010, change=3.18e-03, α=1.000, ‖θ[1:]‖₁=12.573, num_selected_knots=309
2025-09-01 10:24:17,614 - Iter 487: obj=-113.331348, change=3.18e-03, α=1.000, ‖θ[1:]‖₁=12.573, num_selected_knots=308
2025-09-01 10:24:20,760 - Iter 488: obj=-113.331685, change=3.18e-03, α=1.000, ‖θ[1:]‖₁=12.574, num_selected_knots=308
2025-09-01 10:24:23,923 - Iter 489: obj=-113.332019, change=3.18e-03, α=1.000, ‖θ[1:]‖₁=12.574, num_selected_knots=308
2025-09-01 10:24:30,345 - Iter 490: obj=-113.332352, change=3.18e-03, α=1.000, ‖θ[1:]‖₁=12.574, num_selected_knots=307
2025-09-01 10:24:37,441 - Iter 491: obj=-113.332684, change=3.18e-03, α=1.000, ‖θ[1:]‖₁=12.575, num_selected_knots=306
2025-09-01 10:24:40,648 - Iter 492: obj=-113.333016, change=3.18e-03, α=1.000, ‖θ[1:]‖₁=12.575, num_selected_knots=303
2025-09-01 10:24:47,003 - Iter 493: obj=-113.333346, change=3.18e-03, α=1.000, ‖θ[1:]‖₁=12.575, num_selected_knots=303
2025-09-01 10:24:50,448 - Iter 494: obj=-113.333675, change=3.18e-03, α=1.000, ‖θ[1:]‖₁=12.575, num_selected_knots=303
2025-09-01 10:24:54,133 - Iter 495: obj=-113.334003, change=3.18e-03, α=1.000, ‖θ[1:]‖₁=12.576, num_selected_knots=302
2025-09-01 10:24:57,340 - Iter 496: obj=-113.334331, change=3.18e-03, α=1.000, ‖θ[1:]‖₁=12.576, num_selected_knots=301
2025-09-01 10:25:00,600 - Iter 497: obj=-113.334657, change=3.18e-03, α=1.000, ‖θ[1:]‖₁=12.576, num_selected_knots=300
2025-09-01 10:25:03,763 - Iter 498: obj=-113.334983, change=3.18e-03, α=1.000, ‖θ[1:]‖₁=12.576, num_selected_knots=300
2025-09-01 10:25:06,960 - Iter 499: obj=-113.335307, change=3.18e-03, α=1.000, ‖θ[1:]‖₁=12.577, num_selected_knots=299
2025-09-01 10:25:13,882 - Iter 500: obj=-113.335631, change=3.18e-03, α=1.000, ‖θ[1:]‖₁=12.577, num_selected_knots=299
2025-09-01 10:25:13,899 - Final: obj=-113.335953, selected_knots=299, iterations=501
