2025-09-07 15:13:10,432 - ProximalNewtonLBFGS: lam=40, memory=5, n_grid=200, basis_order=0, n_samples=3200, K=3201
2025-09-07 15:13:10,798 - Iter   0: obj=0.000000, change=3.83e+00, α=0.000, ‖θ[1:]‖₁=12.263, γ=237806.721, num_knots=3098
2025-09-07 15:13:11,290 - Iter  10: obj=-2361.457836, change=7.88e-02, α=0.500, ‖θ[1:]‖₁=6.673, γ=949349.933, num_knots=2195
2025-09-07 15:13:11,760 - Iter  20: obj=-2401.046289, change=4.20e-02, α=1.000, ‖θ[1:]‖₁=6.907, γ=794176.099, num_knots=1849
2025-09-07 15:13:12,249 - Iter  30: obj=-2418.354547, change=1.40e-03, α=1.000, ‖θ[1:]‖₁=7.156, γ=898021.709, num_knots=1289
2025-09-07 15:13:12,739 - Iter  40: obj=-2431.208568, change=1.07e-02, α=1.000, ‖θ[1:]‖₁=7.306, γ=733013.109, num_knots=1218
2025-09-07 15:13:13,247 - Iter  50: obj=-2438.932480, change=2.76e-02, α=1.000, ‖θ[1:]‖₁=7.481, γ=761468.121, num_knots=998
2025-09-07 15:13:13,765 - Iter  60: obj=-2441.120195, change=2.94e-05, α=1.000, ‖θ[1:]‖₁=7.490, γ=698253.342, num_knots=992
2025-09-07 15:13:14,218 - Iter  70: obj=-2447.897559, change=1.91e-03, α=1.000, ‖θ[1:]‖₁=7.596, γ=285902.440, num_knots=889
2025-09-07 15:13:14,646 - Iter  80: obj=-2455.561215, change=3.68e-04, α=0.100, ‖θ[1:]‖₁=7.840, γ=247751.315, num_knots=767
2025-09-07 15:13:14,945 - Iter  90: obj=-2455.680659, change=3.11e-04, α=0.100, ‖θ[1:]‖₁=7.829, γ=239610.157, num_knots=767
2025-09-07 15:13:15,236 - Iter 100: obj=-2455.780761, change=2.51e-04, α=0.100, ‖θ[1:]‖₁=7.820, γ=234151.278, num_knots=767
2025-09-07 15:13:15,514 - Iter 110: obj=-2455.867707, change=1.97e-04, α=0.100, ‖θ[1:]‖₁=7.812, γ=229380.548, num_knots=767
2025-09-07 15:13:15,802 - Iter 120: obj=-2455.946470, change=1.52e-04, α=0.100, ‖θ[1:]‖₁=7.807, γ=224195.922, num_knots=765
2025-09-07 15:13:16,124 - Iter 130: obj=-2456.020746, change=1.16e-04, α=0.100, ‖θ[1:]‖₁=7.802, γ=217592.516, num_knots=765
2025-09-07 15:13:16,426 - Iter 140: obj=-2456.092755, change=8.41e-05, α=0.100, ‖θ[1:]‖₁=7.799, γ=209456.872, num_knots=765
2025-09-07 15:13:16,708 - Iter 150: obj=-2456.164626, change=5.62e-05, α=0.100, ‖θ[1:]‖₁=7.796, γ=197030.490, num_knots=764
2025-09-07 15:13:17,097 - Iter 160: obj=-2457.042854, change=1.16e-02, α=1.000, ‖θ[1:]‖₁=7.821, γ=50717.468, num_knots=716
2025-09-07 15:13:17,533 - Iter 170: obj=-2458.671658, change=3.41e-03, α=1.000, ‖θ[1:]‖₁=7.833, γ=10836.013, num_knots=694
2025-09-07 15:13:18,018 - Iter 180: obj=-2460.741766, change=1.01e-03, α=1.000, ‖θ[1:]‖₁=7.866, γ=40468.668, num_knots=662
2025-09-07 15:13:18,447 - Iter 190: obj=-2462.917335, change=9.84e-04, α=1.000, ‖θ[1:]‖₁=7.912, γ=281930.425, num_knots=614
2025-09-07 15:13:18,865 - Iter 200: obj=-2463.430810, change=1.53e-03, α=1.000, ‖θ[1:]‖₁=7.919, γ=16980.578, num_knots=606
2025-09-07 15:13:19,299 - Iter 210: obj=-2465.247393, change=8.47e-05, α=1.000, ‖θ[1:]‖₁=7.956, γ=306313.072, num_knots=569
2025-09-07 15:13:19,720 - Iter 220: obj=-2466.276267, change=2.28e-05, α=1.000, ‖θ[1:]‖₁=7.970, γ=509698.385, num_knots=555
2025-09-07 15:13:20,151 - Iter 230: obj=-2466.983689, change=1.62e-03, α=1.000, ‖θ[1:]‖₁=7.988, γ=85240.615, num_knots=536
2025-09-07 15:13:20,561 - Iter 240: obj=-2468.890972, change=1.12e-04, α=1.000, ‖θ[1:]‖₁=8.015, γ=702104.326, num_knots=511
2025-09-07 15:13:20,976 - Iter 250: obj=-2468.963173, change=1.72e-04, α=1.000, ‖θ[1:]‖₁=8.017, γ=198962.957, num_knots=510
2025-09-07 15:13:21,410 - Iter 260: obj=-2470.081722, change=1.60e-04, α=1.000, ‖θ[1:]‖₁=8.036, γ=213516.826, num_knots=484
2025-09-07 15:13:21,877 - Iter 270: obj=-2471.482593, change=6.34e-05, α=1.000, ‖θ[1:]‖₁=8.061, γ=85383.017, num_knots=463
2025-09-07 15:13:22,329 - Iter 280: obj=-2471.991764, change=2.96e-05, α=1.000, ‖θ[1:]‖₁=8.070, γ=251119.254, num_knots=451
2025-09-07 15:13:22,784 - Iter 290: obj=-2472.775764, change=9.98e-06, α=1.000, ‖θ[1:]‖₁=8.083, γ=577254.705, num_knots=437
2025-09-07 15:13:23,181 - Iter 300: obj=-2472.837467, change=1.99e-04, α=1.000, ‖θ[1:]‖₁=8.085, γ=61136.102, num_knots=435
2025-09-07 15:13:23,592 - Iter 310: obj=-2474.065791, change=3.48e-06, α=0.100, ‖θ[1:]‖₁=8.116, γ=311538.487, num_knots=411
2025-09-07 15:13:23,890 - Iter 320: obj=-2474.071884, change=3.52e-06, α=0.100, ‖θ[1:]‖₁=8.115, γ=296896.585, num_knots=411
2025-09-07 15:13:24,210 - Iter 330: obj=-2474.078269, change=3.04e-06, α=0.100, ‖θ[1:]‖₁=8.115, γ=286098.022, num_knots=411
2025-09-07 15:13:24,508 - Iter 340: obj=-2474.084822, change=2.43e-06, α=0.100, ‖θ[1:]‖₁=8.115, γ=276066.357, num_knots=411
2025-09-07 15:13:24,761 - Iter 350: obj=-2474.091619, change=2.32e-06, α=0.100, ‖θ[1:]‖₁=8.114, γ=262789.547, num_knots=411
2025-09-07 15:13:25,067 - Iter 360: obj=-2474.098752, change=2.46e-06, α=0.100, ‖θ[1:]‖₁=8.114, γ=248441.146, num_knots=411
2025-09-07 15:13:25,360 - Iter 370: obj=-2474.106288, change=2.62e-06, α=0.100, ‖θ[1:]‖₁=8.114, γ=233704.428, num_knots=411
2025-09-07 15:13:25,736 - Iter 380: obj=-2474.153411, change=3.96e-05, α=1.000, ‖θ[1:]‖₁=8.113, γ=152199.223, num_knots=408
2025-09-07 15:13:26,181 - Iter 390: obj=-2474.607510, change=6.67e-05, α=1.000, ‖θ[1:]‖₁=8.121, γ=101411.388, num_knots=394
2025-09-07 15:13:26,605 - Iter 400: obj=-2475.105432, change=6.76e-05, α=1.000, ‖θ[1:]‖₁=8.129, γ=99842.862, num_knots=385
2025-09-07 15:13:27,049 - Iter 410: obj=-2476.211177, change=4.14e-05, α=0.100, ‖θ[1:]‖₁=8.163, γ=245424.130, num_knots=363
2025-09-07 15:13:27,382 - Iter 420: obj=-2476.216886, change=3.85e-05, α=0.100, ‖θ[1:]‖₁=8.162, γ=239374.789, num_knots=363
2025-09-07 15:13:27,666 - Iter 430: obj=-2476.222618, change=3.55e-05, α=0.100, ‖θ[1:]‖₁=8.161, γ=233839.828, num_knots=363
2025-09-07 15:13:27,953 - Iter 440: obj=-2476.228377, change=3.26e-05, α=0.100, ‖θ[1:]‖₁=8.160, γ=228749.477, num_knots=363
2025-09-07 15:13:28,227 - Iter 450: obj=-2476.234170, change=2.98e-05, α=0.100, ‖θ[1:]‖₁=8.159, γ=224022.114, num_knots=363
2025-09-07 15:13:28,526 - Iter 460: obj=-2476.240002, change=2.72e-05, α=0.100, ‖θ[1:]‖₁=8.159, γ=219569.629, num_knots=363
2025-09-07 15:13:28,818 - Iter 470: obj=-2476.245883, change=2.48e-05, α=0.100, ‖θ[1:]‖₁=8.158, γ=215298.529, num_knots=363
2025-09-07 15:13:29,144 - Iter 480: obj=-2476.251821, change=2.25e-05, α=0.100, ‖θ[1:]‖₁=8.158, γ=211110.331, num_knots=363
2025-09-07 15:13:29,432 - Iter 490: obj=-2476.257827, change=2.04e-05, α=0.100, ‖θ[1:]‖₁=8.157, γ=206901.160, num_knots=363
2025-09-07 15:13:29,740 - Iter 500: obj=-2476.263913, change=1.84e-05, α=0.100, ‖θ[1:]‖₁=8.157, γ=202560.510, num_knots=363
2025-09-07 15:13:30,023 - Iter 510: obj=-2476.270095, change=1.66e-05, α=0.100, ‖θ[1:]‖₁=8.156, γ=197969.108, num_knots=363
2025-09-07 15:13:30,327 - Iter 520: obj=-2476.276393, change=1.49e-05, α=0.100, ‖θ[1:]‖₁=8.156, γ=192995.857, num_knots=363
2025-09-07 15:13:30,621 - Iter 530: obj=-2476.282833, change=1.34e-05, α=0.100, ‖θ[1:]‖₁=8.155, γ=187493.762, num_knots=363
2025-09-07 15:13:30,915 - Iter 540: obj=-2476.289448, change=1.20e-05, α=0.100, ‖θ[1:]‖₁=8.155, γ=181294.700, num_knots=363
2025-09-07 15:13:31,167 - Iter 550: obj=-2476.296283, change=1.07e-05, α=0.100, ‖θ[1:]‖₁=8.155, γ=174202.817, num_knots=363
2025-09-07 15:13:31,483 - Iter 560: obj=-2476.303396, change=9.56e-06, α=0.100, ‖θ[1:]‖₁=8.154, γ=165986.294, num_knots=363
2025-09-07 15:13:31,765 - Iter 570: obj=-2476.310874, change=8.47e-06, α=0.100, ‖θ[1:]‖₁=8.154, γ=156288.141, num_knots=363
2025-09-07 15:13:32,056 - Iter 580: obj=-2476.318856, change=7.71e-06, α=0.100, ‖θ[1:]‖₁=8.154, γ=144663.054, num_knots=363
2025-09-07 15:13:32,470 - Iter 590: obj=-2476.419923, change=4.17e-04, α=1.000, ‖θ[1:]‖₁=8.154, γ=5322.187, num_knots=359
2025-09-07 15:13:32,907 - Iter 600: obj=-2476.976949, change=4.08e-05, α=1.000, ‖θ[1:]‖₁=8.162, γ=203179.118, num_knots=346
2025-09-07 15:13:33,358 - Iter 610: obj=-2477.724609, change=1.28e-05, α=0.100, ‖θ[1:]‖₁=8.177, γ=471760.431, num_knots=335
2025-09-07 15:13:33,643 - Iter 620: obj=-2477.726724, change=1.26e-05, α=0.100, ‖θ[1:]‖₁=8.176, γ=457910.026, num_knots=335
2025-09-07 15:13:33,916 - Iter 630: obj=-2477.728896, change=1.22e-05, α=0.100, ‖θ[1:]‖₁=8.176, γ=443877.867, num_knots=335
2025-09-07 15:13:34,247 - Iter 640: obj=-2477.731127, change=1.18e-05, α=0.100, ‖θ[1:]‖₁=8.176, γ=429709.755, num_knots=335
2025-09-07 15:13:34,514 - Iter 650: obj=-2477.733423, change=1.14e-05, α=0.100, ‖θ[1:]‖₁=8.176, γ=415438.380, num_knots=335
2025-09-07 15:13:34,802 - Iter 660: obj=-2477.735789, change=1.10e-05, α=0.100, ‖θ[1:]‖₁=8.176, γ=401099.779, num_knots=335
2025-09-07 15:13:35,085 - Iter 670: obj=-2477.738228, change=1.05e-05, α=0.100, ‖θ[1:]‖₁=8.175, γ=390661.662, num_knots=335
2025-09-07 15:13:35,371 - Iter 680: obj=-2477.740705, change=1.00e-05, α=0.100, ‖θ[1:]‖₁=8.175, γ=380462.939, num_knots=335
2025-09-07 15:13:35,665 - Iter 690: obj=-2477.743244, change=9.64e-06, α=0.100, ‖θ[1:]‖₁=8.175, γ=367469.819, num_knots=335
2025-09-07 15:13:35,967 - Iter 700: obj=-2477.745856, change=8.69e-06, α=0.100, ‖θ[1:]‖₁=8.175, γ=355172.288, num_knots=335
2025-09-07 15:13:36,231 - Iter 710: obj=-2477.748538, change=8.03e-06, α=0.100, ‖θ[1:]‖₁=8.175, γ=341887.284, num_knots=335
2025-09-07 15:13:36,500 - Iter 720: obj=-2477.751314, change=7.55e-06, α=0.100, ‖θ[1:]‖₁=8.175, γ=328302.573, num_knots=335
2025-09-07 15:13:36,759 - Iter 730: obj=-2477.754199, change=7.12e-06, α=0.100, ‖θ[1:]‖₁=8.174, γ=314799.532, num_knots=334
2025-09-07 15:13:37,048 - Iter 740: obj=-2477.757201, change=6.71e-06, α=0.100, ‖θ[1:]‖₁=8.174, γ=301502.893, num_knots=334
2025-09-07 15:13:37,380 - Iter 750: obj=-2477.760331, change=6.30e-06, α=0.100, ‖θ[1:]‖₁=8.174, γ=288461.114, num_knots=334
2025-09-07 15:13:37,703 - Iter 760: obj=-2477.763599, change=5.88e-06, α=0.100, ‖θ[1:]‖₁=8.174, γ=275691.339, num_knots=333
2025-09-07 15:13:38,048 - Iter 770: obj=-2477.767015, change=5.46e-06, α=0.100, ‖θ[1:]‖₁=8.174, γ=263188.933, num_knots=333
2025-09-07 15:13:38,336 - Iter 780: obj=-2477.770589, change=5.03e-06, α=0.100, ‖θ[1:]‖₁=8.174, γ=250927.111, num_knots=333
2025-09-07 15:13:38,610 - Iter 790: obj=-2477.774336, change=4.59e-06, α=0.100, ‖θ[1:]‖₁=8.174, γ=238853.801, num_knots=333
2025-09-07 15:13:38,949 - Iter 800: obj=-2477.778269, change=4.12e-05, α=1.000, ‖θ[1:]‖₁=8.173, γ=229322.145, num_knots=332
2025-09-07 15:13:39,408 - Iter 810: obj=-2477.829193, change=5.04e-05, α=1.000, ‖θ[1:]‖₁=8.173, γ=88212.761, num_knots=331
2025-09-07 15:13:39,840 - Iter 820: obj=-2478.113939, change=3.81e-04, α=1.000, ‖θ[1:]‖₁=8.179, γ=18605.341, num_knots=323
2025-09-07 15:13:40,261 - Iter 830: obj=-2478.409411, change=4.11e-05, α=1.000, ‖θ[1:]‖₁=8.183, γ=114644.696, num_knots=314
2025-09-07 15:13:40,668 - Iter 840: obj=-2478.824173, change=2.05e-05, α=1.000, ‖θ[1:]‖₁=8.189, γ=89263.684, num_knots=306
2025-09-07 15:13:41,119 - Iter 850: obj=-2479.076316, change=1.57e-03, α=1.000, ‖θ[1:]‖₁=8.196, γ=41867.220, num_knots=294
2025-09-07 15:13:41,538 - Iter 860: obj=-2479.348371, change=3.86e-04, α=1.000, ‖θ[1:]‖₁=8.197, γ=6804.973, num_knots=290
2025-09-07 15:13:41,959 - Iter 870: obj=-2479.720589, change=1.02e-04, α=1.000, ‖θ[1:]‖₁=8.201, γ=29231.846, num_knots=284
2025-09-07 15:13:42,355 - Iter 880: obj=-2480.019955, change=2.72e-05, α=1.000, ‖θ[1:]‖₁=8.205, γ=171721.057, num_knots=278
2025-09-07 15:13:42,795 - Iter 890: obj=-2480.078518, change=1.67e-04, α=1.000, ‖θ[1:]‖₁=8.205, γ=16997.282, num_knots=277
2025-09-07 15:13:43,264 - Iter 900: obj=-2480.336259, change=9.37e-05, α=1.000, ‖θ[1:]‖₁=8.207, γ=30947.413, num_knots=272
2025-09-07 15:13:43,720 - Iter 910: obj=-2480.492987, change=2.73e-04, α=1.000, ‖θ[1:]‖₁=8.210, γ=8921.165, num_knots=266
2025-09-07 15:13:44,186 - Iter 920: obj=-2480.794656, change=4.21e-05, α=1.000, ‖θ[1:]‖₁=8.213, γ=86500.421, num_knots=261
2025-09-07 15:13:44,606 - Iter 930: obj=-2481.092841, change=9.07e-05, α=1.000, ‖θ[1:]‖₁=8.215, γ=96320.327, num_knots=258
2025-09-07 15:13:45,052 - Iter 940: obj=-2481.217282, change=3.12e-04, α=1.000, ‖θ[1:]‖₁=8.216, γ=51930.466, num_knots=255
2025-09-07 15:13:45,532 - Iter 950: obj=-2481.539708, change=3.67e-05, α=1.000, ‖θ[1:]‖₁=8.218, γ=604342.981, num_knots=252
2025-09-07 15:13:45,972 - Iter 960: obj=-2481.550186, change=1.13e-05, α=1.000, ‖θ[1:]‖₁=8.218, γ=400755.892, num_knots=251
2025-09-07 15:13:46,524 - Iter 970: obj=-2481.568834, change=7.26e-05, α=1.000, ‖θ[1:]‖₁=8.218, γ=37466.209, num_knots=250
2025-09-07 15:13:47,154 - Iter 980: obj=-2481.876956, change=1.08e-05, α=1.000, ‖θ[1:]‖₁=8.220, γ=428872.498, num_knots=246
2025-09-07 15:13:47,783 - Iter 990: obj=-2481.889943, change=3.16e-05, α=1.000, ‖θ[1:]‖₁=8.220, γ=118145.900, num_knots=246
2025-09-07 15:13:48,186 - Iter 1000: obj=-2482.099064, change=8.22e-04, α=1.000, ‖θ[1:]‖₁=8.222, γ=8570.577, num_knots=241
2025-09-07 15:13:48,608 - Iter 1010: obj=-2482.246958, change=7.55e-04, α=1.000, ‖θ[1:]‖₁=8.222, γ=5232.706, num_knots=240
2025-09-07 15:13:49,121 - Iter 1020: obj=-2482.538132, change=4.96e-04, α=1.000, ‖θ[1:]‖₁=8.222, γ=27984.096, num_knots=236
2025-09-07 15:13:49,539 - Iter 1030: obj=-2482.835191, change=1.52e-05, α=1.000, ‖θ[1:]‖₁=8.224, γ=280256.688, num_knots=232
2025-09-07 15:13:50,034 - Iter 1040: obj=-2482.857274, change=8.30e-05, α=1.000, ‖θ[1:]‖₁=8.224, γ=38382.888, num_knots=232
2025-09-07 15:13:50,491 - Iter 1050: obj=-2482.963997, change=1.06e-05, α=1.000, ‖θ[1:]‖₁=8.225, γ=414552.618, num_knots=228
2025-09-07 15:13:50,922 - Iter 1060: obj=-2482.974052, change=2.05e-05, α=1.000, ‖θ[1:]‖₁=8.225, γ=197055.446, num_knots=227
2025-09-07 15:13:51,331 - Iter 1070: obj=-2483.007615, change=2.30e-04, α=1.000, ‖θ[1:]‖₁=8.225, γ=13726.906, num_knots=226
2025-09-07 15:13:51,756 - Iter 1080: obj=-2483.162586, change=2.69e-04, α=1.000, ‖θ[1:]‖₁=8.225, γ=32862.142, num_knots=222
2025-09-07 15:13:52,175 - Iter 1090: obj=-2483.409694, change=4.18e-04, α=1.000, ‖θ[1:]‖₁=8.228, γ=83314.226, num_knots=214
2025-09-07 15:13:52,638 - Iter 1100: obj=-2483.543500, change=7.79e-06, α=1.000, ‖θ[1:]‖₁=8.229, γ=540986.757, num_knots=211
2025-09-07 15:13:53,101 - Iter 1110: obj=-2483.548826, change=1.05e-05, α=1.000, ‖θ[1:]‖₁=8.229, γ=399615.570, num_knots=209
2025-09-07 15:13:53,556 - Iter 1120: obj=-2483.558093, change=2.74e-05, α=1.000, ‖θ[1:]‖₁=8.229, γ=131404.624, num_knots=209
2025-09-07 15:13:54,037 - Iter 1130: obj=-2483.667928, change=1.26e-05, α=1.000, ‖θ[1:]‖₁=8.230, γ=780259.689, num_knots=205
2025-09-07 15:13:54,484 - Iter 1140: obj=-2483.671904, change=6.52e-06, α=1.000, ‖θ[1:]‖₁=8.230, γ=655842.483, num_knots=205
2025-09-07 15:13:54,952 - Iter 1150: obj=-2483.676601, change=2.40e-05, α=1.000, ‖θ[1:]‖₁=8.230, γ=165038.905, num_knots=204
2025-09-07 15:13:55,408 - Iter 1160: obj=-2483.712049, change=4.69e-05, α=1.000, ‖θ[1:]‖₁=8.230, γ=85274.090, num_knots=203
2025-09-07 15:13:55,842 - Iter 1170: obj=-2483.780651, change=4.72e-04, α=1.000, ‖θ[1:]‖₁=8.231, γ=19059.125, num_knots=200
2025-09-07 15:13:56,356 - Iter 1180: obj=-2483.978475, change=2.17e-04, α=1.000, ‖θ[1:]‖₁=8.230, γ=3008.947, num_knots=199
2025-09-07 15:13:56,817 - Iter 1190: obj=-2484.079773, change=1.92e-05, α=1.000, ‖θ[1:]‖₁=8.231, γ=199309.247, num_knots=197
2025-09-07 15:13:57,252 - Iter 1200: obj=-2484.116079, change=4.75e-04, α=1.000, ‖θ[1:]‖₁=8.231, γ=4677.018, num_knots=197
2025-09-07 15:13:57,691 - Iter 1210: obj=-2484.212712, change=1.07e-04, α=1.000, ‖θ[1:]‖₁=8.231, γ=26531.067, num_knots=196
2025-09-07 15:13:58,128 - Iter 1220: obj=-2484.294501, change=4.58e-04, α=1.000, ‖θ[1:]‖₁=8.232, γ=6282.214, num_knots=193
2025-09-07 15:13:58,545 - Iter 1230: obj=-2484.590066, change=1.40e-05, α=1.000, ‖θ[1:]‖₁=8.232, γ=272710.176, num_knots=193
2025-09-07 15:13:58,967 - Iter 1240: obj=-2484.605886, change=1.12e-04, α=1.000, ‖θ[1:]‖₁=8.232, γ=17473.495, num_knots=193
2025-09-07 15:13:59,326 - Iter 1250: obj=-2484.889477, change=1.36e-06, α=0.100, ‖θ[1:]‖₁=8.234, γ=818443.922, num_knots=192
2025-09-07 15:13:59,663 - Iter 1260: obj=-2484.889746, change=1.34e-06, α=0.100, ‖θ[1:]‖₁=8.234, γ=815585.944, num_knots=192
2025-09-07 15:13:59,970 - Iter 1270: obj=-2484.890016, change=1.32e-06, α=0.100, ‖θ[1:]‖₁=8.234, γ=812648.310, num_knots=192
2025-09-07 15:14:00,250 - Iter 1280: obj=-2484.890288, change=1.30e-06, α=0.100, ‖θ[1:]‖₁=8.234, γ=809628.325, num_knots=192
2025-09-07 15:14:00,547 - Iter 1290: obj=-2484.890560, change=1.28e-06, α=0.100, ‖θ[1:]‖₁=8.234, γ=806523.210, num_knots=192
2025-09-07 15:14:00,822 - Iter 1300: obj=-2484.890833, change=1.26e-06, α=0.100, ‖θ[1:]‖₁=8.234, γ=803330.172, num_knots=192
2025-09-07 15:14:01,116 - Iter 1310: obj=-2484.891107, change=1.25e-06, α=0.100, ‖θ[1:]‖₁=8.234, γ=800046.150, num_knots=192
2025-09-07 15:14:01,418 - Iter 1320: obj=-2484.891382, change=1.23e-06, α=0.100, ‖θ[1:]‖₁=8.234, γ=796668.078, num_knots=192
2025-09-07 15:14:01,748 - Iter 1330: obj=-2484.891658, change=1.21e-06, α=0.100, ‖θ[1:]‖₁=8.234, γ=793192.761, num_knots=192
2025-09-07 15:14:02,059 - Iter 1340: obj=-2484.891935, change=1.20e-06, α=0.100, ‖θ[1:]‖₁=8.234, γ=789616.837, num_knots=192
2025-09-07 15:14:02,327 - Iter 1350: obj=-2484.892214, change=1.18e-06, α=0.100, ‖θ[1:]‖₁=8.234, γ=785936.786, num_knots=192
2025-09-07 15:14:02,594 - Iter 1360: obj=-2484.892493, change=1.16e-06, α=0.100, ‖θ[1:]‖₁=8.234, γ=782149.023, num_knots=192
2025-09-07 15:14:02,914 - Iter 1370: obj=-2484.892774, change=1.15e-06, α=0.100, ‖θ[1:]‖₁=8.234, γ=778249.713, num_knots=192
2025-09-07 15:14:03,224 - Iter 1380: obj=-2484.893057, change=1.13e-06, α=0.100, ‖θ[1:]‖₁=8.234, γ=774234.972, num_knots=192
2025-09-07 15:14:03,547 - Iter 1390: obj=-2484.893341, change=1.12e-06, α=0.100, ‖θ[1:]‖₁=8.234, γ=770100.730, num_knots=192
2025-09-07 15:14:03,839 - Iter 1400: obj=-2484.893626, change=1.10e-06, α=0.100, ‖θ[1:]‖₁=8.234, γ=765842.642, num_knots=192
2025-09-07 15:14:04,142 - Iter 1410: obj=-2484.893913, change=1.09e-06, α=0.100, ‖θ[1:]‖₁=8.234, γ=761456.360, num_knots=192
2025-09-07 15:14:04,455 - Iter 1420: obj=-2484.894201, change=1.08e-06, α=0.100, ‖θ[1:]‖₁=8.233, γ=756937.198, num_knots=192
2025-09-07 15:14:04,738 - Iter 1430: obj=-2484.894491, change=1.06e-06, α=0.100, ‖θ[1:]‖₁=8.233, γ=752280.394, num_knots=192
2025-09-07 15:14:05,046 - Iter 1440: obj=-2484.894783, change=1.05e-06, α=0.100, ‖θ[1:]‖₁=8.233, γ=747480.859, num_knots=192
2025-09-07 15:14:05,332 - Iter 1450: obj=-2484.895077, change=1.04e-06, α=0.100, ‖θ[1:]‖₁=8.233, γ=742533.431, num_knots=192
2025-09-07 15:14:05,608 - Iter 1460: obj=-2484.895373, change=1.03e-06, α=0.100, ‖θ[1:]‖₁=8.233, γ=737432.595, num_knots=192
2025-09-07 15:14:05,890 - Iter 1470: obj=-2484.895670, change=1.01e-06, α=0.100, ‖θ[1:]‖₁=8.233, γ=732172.697, num_knots=192
2025-09-07 15:14:06,188 - Iter 1480: obj=-2484.895970, change=1.00e-06, α=0.100, ‖θ[1:]‖₁=8.233, γ=726747.713, num_knots=192
2025-09-07 15:14:06,474 - Iter 1490: obj=-2484.896272, change=9.91e-07, α=0.100, ‖θ[1:]‖₁=8.233, γ=721151.537, num_knots=192
2025-09-07 15:14:06,782 - Iter 1500: obj=-2484.896576, change=9.81e-07, α=0.100, ‖θ[1:]‖₁=8.233, γ=715377.668, num_knots=192
2025-09-07 15:14:07,059 - Iter 1510: obj=-2484.896883, change=9.70e-07, α=0.100, ‖θ[1:]‖₁=8.233, γ=709419.348, num_knots=192
2025-09-07 15:14:07,356 - Iter 1520: obj=-2484.897192, change=9.60e-07, α=0.100, ‖θ[1:]‖₁=8.233, γ=703269.511, num_knots=192
2025-09-07 15:14:07,652 - Iter 1530: obj=-2484.897505, change=9.51e-07, α=0.100, ‖θ[1:]‖₁=8.233, γ=696920.829, num_knots=192
2025-09-07 15:14:07,971 - Iter 1540: obj=-2484.897819, change=9.42e-07, α=0.100, ‖θ[1:]‖₁=8.233, γ=690365.534, num_knots=192
2025-09-07 15:14:08,348 - Iter 1550: obj=-2484.899887, change=8.83e-06, α=1.000, ‖θ[1:]‖₁=8.233, γ=642848.808, num_knots=192
2025-09-07 15:14:08,795 - Iter 1560: obj=-2484.903469, change=8.42e-06, α=1.000, ‖θ[1:]‖₁=8.233, γ=545346.927, num_knots=192
2025-09-07 15:14:09,228 - Iter 1570: obj=-2484.907853, change=9.68e-06, α=1.000, ‖θ[1:]‖₁=8.233, γ=408250.429, num_knots=192
2025-09-07 15:14:09,604 - Iter 1580: obj=-2484.914318, change=1.72e-05, α=1.000, ‖θ[1:]‖₁=8.233, γ=217219.676, num_knots=192
2025-09-07 15:14:10,036 - Iter 1590: obj=-2484.935480, change=1.62e-04, α=1.000, ‖θ[1:]‖₁=8.233, γ=13935.211, num_knots=192
2025-09-07 15:14:10,524 - Iter 1600: obj=-2485.085836, change=1.89e-04, α=1.000, ‖θ[1:]‖₁=8.234, γ=59902.049, num_knots=186
2025-09-07 15:14:10,983 - Iter 1610: obj=-2485.166873, change=7.85e-04, α=1.000, ‖θ[1:]‖₁=8.235, γ=5001.418, num_knots=186
2025-09-07 15:14:11,440 - Iter 1620: obj=-2485.294549, change=1.67e-04, α=1.000, ‖θ[1:]‖₁=8.235, γ=22745.431, num_knots=184
2025-09-07 15:14:11,859 - Iter 1630: obj=-2485.382827, change=9.57e-05, α=1.000, ‖θ[1:]‖₁=8.236, γ=35606.948, num_knots=183
2025-09-07 15:14:12,316 - Iter 1640: obj=-2485.477603, change=5.61e-04, α=1.000, ‖θ[1:]‖₁=8.237, γ=7640.975, num_knots=181
2025-09-07 15:14:12,765 - Iter 1650: obj=-2485.645024, change=5.05e-05, α=1.000, ‖θ[1:]‖₁=8.238, γ=18858.539, num_knots=179
2025-09-07 15:14:13,206 - Iter 1660: obj=-2485.862177, change=1.10e-04, α=1.000, ‖θ[1:]‖₁=8.243, γ=36586.154, num_knots=169
2025-09-07 15:14:13,636 - Iter 1670: obj=-2486.099188, change=4.47e-06, α=1.000, ‖θ[1:]‖₁=8.246, γ=696597.471, num_knots=166
2025-09-07 15:14:14,114 - Iter 1680: obj=-2486.101363, change=5.86e-06, α=1.000, ‖θ[1:]‖₁=8.246, γ=605086.768, num_knots=166
2025-09-07 15:14:14,554 - Iter 1690: obj=-2486.103974, change=7.31e-06, α=1.000, ‖θ[1:]‖₁=8.246, γ=479479.344, num_knots=166
2025-09-07 15:14:14,963 - Iter 1700: obj=-2486.107469, change=1.09e-05, α=1.000, ‖θ[1:]‖₁=8.246, γ=313609.302, num_knots=166
2025-09-07 15:14:15,382 - Iter 1710: obj=-2486.113816, change=2.70e-05, α=1.000, ‖θ[1:]‖₁=8.246, γ=113510.982, num_knots=166
2025-09-07 15:14:15,868 - Iter 1720: obj=-2486.226347, change=3.94e-03, α=1.000, ‖θ[1:]‖₁=8.248, γ=30935.997, num_knots=164
2025-09-07 15:14:16,164 - Iter 1730: obj=-2486.384928, change=9.77e-07, α=0.100, ‖θ[1:]‖₁=8.248, γ=633987.821, num_knots=164
2025-09-07 15:14:16,452 - Iter 1740: obj=-2486.385153, change=9.70e-07, α=0.100, ‖θ[1:]‖₁=8.248, γ=627378.482, num_knots=164
2025-09-07 15:14:16,796 - Iter 1750: obj=-2486.385381, change=9.63e-07, α=0.100, ‖θ[1:]‖₁=8.248, γ=620605.233, num_knots=164
2025-09-07 15:14:17,124 - Iter 1760: obj=-2486.385611, change=9.56e-07, α=0.100, ‖θ[1:]‖₁=8.248, γ=613663.252, num_knots=164
2025-09-07 15:14:17,449 - Iter 1770: obj=-2486.385844, change=9.49e-07, α=0.100, ‖θ[1:]‖₁=8.248, γ=606547.539, num_knots=164
2025-09-07 15:14:17,760 - Iter 1780: obj=-2486.386079, change=9.43e-07, α=0.100, ‖θ[1:]‖₁=8.248, γ=599252.995, num_knots=164
2025-09-07 15:14:18,099 - Iter 1790: obj=-2486.386318, change=9.37e-07, α=0.100, ‖θ[1:]‖₁=8.248, γ=591774.201, num_knots=164
2025-09-07 15:14:18,398 - Iter 1800: obj=-2486.386559, change=9.32e-07, α=0.100, ‖θ[1:]‖₁=8.248, γ=584105.714, num_knots=164
2025-09-07 15:14:18,674 - Iter 1810: obj=-2486.386804, change=9.26e-07, α=0.100, ‖θ[1:]‖₁=8.248, γ=576241.687, num_knots=164
2025-09-07 15:14:18,967 - Iter 1820: obj=-2486.387052, change=9.22e-07, α=0.100, ‖θ[1:]‖₁=8.248, γ=568176.224, num_knots=164
2025-09-07 15:14:19,270 - Iter 1830: obj=-2486.387303, change=9.17e-07, α=0.100, ‖θ[1:]‖₁=8.248, γ=559903.223, num_knots=164
2025-09-07 15:14:19,560 - Iter 1840: obj=-2486.387558, change=9.13e-07, α=0.100, ‖θ[1:]‖₁=8.248, γ=551416.357, num_knots=164
2025-09-07 15:14:19,852 - Iter 1850: obj=-2486.387817, change=9.09e-07, α=0.100, ‖θ[1:]‖₁=8.248, γ=542708.928, num_knots=164
2025-09-07 15:14:20,144 - Iter 1860: obj=-2486.388077, change=8.93e-07, α=0.100, ‖θ[1:]‖₁=8.248, γ=544917.348, num_knots=164
2025-09-07 15:14:20,431 - Iter 1870: obj=-2486.388336, change=8.90e-07, α=0.100, ‖θ[1:]‖₁=8.248, γ=536480.206, num_knots=164
2025-09-07 15:14:20,843 - Iter 1880: obj=-2486.390683, change=1.05e-05, α=1.000, ‖θ[1:]‖₁=8.248, γ=322956.985, num_knots=162
2025-09-07 15:14:21,311 - Iter 1890: obj=-2486.396216, change=2.24e-05, α=1.000, ‖θ[1:]‖₁=8.248, γ=138598.270, num_knots=162
2025-09-07 15:14:21,762 - Iter 1900: obj=-2486.425108, change=2.12e-04, α=1.000, ‖θ[1:]‖₁=8.248, γ=12916.269, num_knots=162
2025-09-07 15:14:22,226 - Iter 1910: obj=-2486.490491, change=2.80e-05, α=1.000, ‖θ[1:]‖₁=8.248, γ=103542.549, num_knots=161
2025-09-07 15:14:22,651 - Iter 1920: obj=-2486.539180, change=1.68e-05, α=1.000, ‖θ[1:]‖₁=8.248, γ=189721.579, num_knots=160
2025-09-07 15:14:23,092 - Iter 1930: obj=-2486.553935, change=1.44e-04, α=1.000, ‖θ[1:]‖₁=8.248, γ=14176.518, num_knots=160
2025-09-07 15:14:23,528 - Iter 1940: obj=-2486.673662, change=2.82e-05, α=1.000, ‖θ[1:]‖₁=8.248, γ=101723.737, num_knots=159
2025-09-07 15:14:23,994 - Iter 1950: obj=-2486.692025, change=1.81e-04, α=1.000, ‖θ[1:]‖₁=8.248, γ=10386.036, num_knots=158
2025-09-07 15:14:24,474 - Iter 1960: obj=-2486.812588, change=4.59e-04, α=1.000, ‖θ[1:]‖₁=8.249, γ=4110.937, num_knots=156
2025-09-07 15:14:24,938 - Iter 1970: obj=-2486.919193, change=4.08e-06, α=1.000, ‖θ[1:]‖₁=8.250, γ=824821.763, num_knots=154
2025-09-07 15:14:25,400 - Iter 1980: obj=-2486.920634, change=4.25e-06, α=1.000, ‖θ[1:]‖₁=8.250, γ=790169.744, num_knots=154
2025-09-07 15:14:25,838 - Iter 1990: obj=-2486.922145, change=4.59e-06, α=1.000, ‖θ[1:]‖₁=8.250, γ=728554.610, num_knots=153
2025-09-07 15:14:26,263 - Iter 2000: obj=-2486.923786, change=5.01e-06, α=1.000, ‖θ[1:]‖₁=8.250, γ=664256.156, num_knots=153
2025-09-07 15:14:26,718 - Iter 2010: obj=-2486.925614, change=5.75e-06, α=1.000, ‖θ[1:]‖₁=8.250, γ=575074.129, num_knots=153
2025-09-07 15:14:27,147 - Iter 2020: obj=-2486.927792, change=7.23e-06, α=1.000, ‖θ[1:]‖₁=8.250, γ=450111.371, num_knots=153
2025-09-07 15:14:27,554 - Iter 2030: obj=-2486.930787, change=1.14e-05, α=1.000, ‖θ[1:]‖₁=8.250, γ=274641.944, num_knots=153
2025-09-07 15:14:27,987 - Iter 2040: obj=-2486.937480, change=4.77e-05, α=1.000, ‖θ[1:]‖₁=8.250, γ=48429.540, num_knots=153
2025-09-07 15:14:28,410 - Iter 2050: obj=-2487.031126, change=7.35e-05, α=1.000, ‖θ[1:]‖₁=8.251, γ=40076.894, num_knots=151
2025-09-07 15:14:28,833 - Iter 2060: obj=-2487.084945, change=1.78e-05, α=1.000, ‖θ[1:]‖₁=8.253, γ=167020.022, num_knots=149
2025-09-07 15:14:29,298 - Iter 2070: obj=-2487.096188, change=8.72e-05, α=1.000, ‖θ[1:]‖₁=8.253, γ=27271.203, num_knots=149
2025-09-07 15:14:29,740 - Iter 2080: obj=-2487.112316, change=2.38e-05, α=1.000, ‖θ[1:]‖₁=8.253, γ=120022.543, num_knots=148
2025-09-07 15:14:30,190 - Iter 2090: obj=-2487.134307, change=2.48e-04, α=1.000, ‖θ[1:]‖₁=8.253, γ=9157.051, num_knots=148
2025-09-07 15:14:30,654 - Iter 2100: obj=-2487.213567, change=5.51e-04, α=1.000, ‖θ[1:]‖₁=8.254, γ=7524.241, num_knots=145
2025-09-07 15:14:31,103 - Iter 2110: obj=-2487.427387, change=1.02e-05, α=1.000, ‖θ[1:]‖₁=8.256, γ=119645.730, num_knots=142
2025-09-07 15:14:31,596 - Iter 2120: obj=-2487.455412, change=4.16e-04, α=1.000, ‖θ[1:]‖₁=8.256, γ=4992.352, num_knots=142
2025-09-07 15:14:32,068 - Iter 2130: obj=-2487.553397, change=3.92e-06, α=1.000, ‖θ[1:]‖₁=8.257, γ=803446.787, num_knots=141
2025-09-07 15:14:32,490 - Iter 2140: obj=-2487.554587, change=4.14e-06, α=1.000, ‖θ[1:]‖₁=8.257, γ=760204.863, num_knots=141
2025-09-07 15:14:32,904 - Iter 2150: obj=-2487.555854, change=4.46e-06, α=1.000, ‖θ[1:]‖₁=8.257, γ=702902.428, num_knots=141
2025-09-07 15:14:33,323 - Iter 2160: obj=-2487.557239, change=4.98e-06, α=1.000, ‖θ[1:]‖₁=8.257, γ=627150.535, num_knots=141
2025-09-07 15:14:33,761 - Iter 2170: obj=-2487.558821, change=5.87e-06, α=1.000, ‖θ[1:]‖₁=8.257, γ=527517.678, num_knots=141
2025-09-07 15:14:34,218 - Iter 2180: obj=-2487.560766, change=7.67e-06, α=1.000, ‖θ[1:]‖₁=8.257, γ=397912.265, num_knots=141
2025-09-07 15:14:34,647 - Iter 2190: obj=-2487.563549, change=1.25e-05, α=1.000, ‖θ[1:]‖₁=8.257, γ=234075.222, num_knots=141
2025-09-07 15:14:35,075 - Iter 2200: obj=-2487.569755, change=4.63e-05, α=1.000, ‖θ[1:]‖₁=8.257, γ=51369.994, num_knots=141
2025-09-07 15:14:35,505 - Iter 2210: obj=-2487.677445, change=4.41e-05, α=1.000, ‖θ[1:]‖₁=8.257, γ=60926.561, num_knots=140
2025-09-07 15:14:35,960 - Iter 2220: obj=-2487.730563, change=7.69e-04, α=1.000, ‖θ[1:]‖₁=8.258, γ=16197.311, num_knots=137
2025-09-07 15:14:36,425 - Iter 2230: obj=-2487.867889, change=4.77e-06, α=1.000, ‖θ[1:]‖₁=8.260, γ=633512.434, num_knots=136
2025-09-07 15:14:36,857 - Iter 2240: obj=-2487.869289, change=5.42e-06, α=1.000, ‖θ[1:]‖₁=8.260, γ=554812.506, num_knots=136
2025-09-07 15:14:37,312 - Iter 2250: obj=-2487.870922, change=6.56e-06, α=1.000, ‖θ[1:]‖₁=8.260, γ=454641.299, num_knots=136
2025-09-07 15:14:37,745 - Iter 2260: obj=-2487.872995, change=8.94e-06, α=1.000, ‖θ[1:]‖₁=8.260, γ=328009.203, num_knots=136
2025-09-07 15:14:38,202 - Iter 2270: obj=-2487.876153, change=1.61e-05, α=1.000, ‖θ[1:]‖₁=8.260, γ=172982.591, num_knots=136
2025-09-07 15:14:38,604 - Iter 2280: obj=-2487.885181, change=9.74e-05, α=1.000, ‖θ[1:]‖₁=8.259, γ=20550.521, num_knots=136
2025-09-07 15:14:39,082 - Iter 2290: obj=-2487.962158, change=7.63e-05, α=1.000, ‖θ[1:]‖₁=8.261, γ=30344.739, num_knots=134
2025-09-07 15:14:39,526 - Iter 2300: obj=-2488.123854, change=2.58e-03, α=1.000, ‖θ[1:]‖₁=8.262, γ=298557.308, num_knots=132
2025-09-07 15:14:39,849 - Iter 2310: obj=-2488.191363, change=4.74e-07, α=0.100, ‖θ[1:]‖₁=8.262, γ=904623.333, num_knots=132
2025-09-07 15:14:40,124 - Iter 2320: obj=-2488.191449, change=4.68e-07, α=0.100, ‖θ[1:]‖₁=8.262, γ=903659.044, num_knots=132
2025-09-07 15:14:40,411 - Iter 2330: obj=-2488.191534, change=4.62e-07, α=0.100, ‖θ[1:]‖₁=8.262, γ=902672.217, num_knots=132
2025-09-07 15:14:40,710 - Iter 2340: obj=-2488.191620, change=4.56e-07, α=0.100, ‖θ[1:]‖₁=8.262, γ=901662.312, num_knots=132
2025-09-07 15:14:41,010 - Iter 2350: obj=-2488.191706, change=4.50e-07, α=0.100, ‖θ[1:]‖₁=8.262, γ=900628.715, num_knots=132
2025-09-07 15:14:41,308 - Iter 2360: obj=-2488.191792, change=4.44e-07, α=0.100, ‖θ[1:]‖₁=8.262, γ=899570.975, num_knots=132
2025-09-07 15:14:41,603 - Iter 2370: obj=-2488.191878, change=4.39e-07, α=0.100, ‖θ[1:]‖₁=8.262, γ=898488.498, num_knots=132
2025-09-07 15:14:41,922 - Iter 2380: obj=-2488.191964, change=4.33e-07, α=0.100, ‖θ[1:]‖₁=8.262, γ=897380.604, num_knots=132
2025-09-07 15:14:42,188 - Iter 2390: obj=-2488.192050, change=4.28e-07, α=0.100, ‖θ[1:]‖₁=8.262, γ=896246.829, num_knots=132
2025-09-07 15:14:42,491 - Iter 2400: obj=-2488.192136, change=4.22e-07, α=0.100, ‖θ[1:]‖₁=8.262, γ=895086.410, num_knots=132
2025-09-07 15:14:42,778 - Iter 2410: obj=-2488.192222, change=4.17e-07, α=0.100, ‖θ[1:]‖₁=8.262, γ=893898.820, num_knots=132
2025-09-07 15:14:43,044 - Iter 2420: obj=-2488.192308, change=4.11e-07, α=0.100, ‖θ[1:]‖₁=8.262, γ=892683.448, num_knots=132
2025-09-07 15:14:43,339 - Iter 2430: obj=-2488.192395, change=4.06e-07, α=0.100, ‖θ[1:]‖₁=8.262, γ=891439.613, num_knots=132
2025-09-07 15:14:43,648 - Iter 2440: obj=-2488.192482, change=4.01e-07, α=0.100, ‖θ[1:]‖₁=8.262, γ=890166.612, num_knots=132
2025-09-07 15:14:43,946 - Iter 2450: obj=-2488.192568, change=3.96e-07, α=0.100, ‖θ[1:]‖₁=8.262, γ=888863.787, num_knots=132
2025-09-07 15:14:44,242 - Iter 2460: obj=-2488.192655, change=3.91e-07, α=0.100, ‖θ[1:]‖₁=8.262, γ=887530.349, num_knots=132
2025-09-07 15:14:44,532 - Iter 2470: obj=-2488.192742, change=3.86e-07, α=0.100, ‖θ[1:]‖₁=8.262, γ=886165.710, num_knots=132
2025-09-07 15:14:44,835 - Iter 2480: obj=-2488.192829, change=3.81e-07, α=0.100, ‖θ[1:]‖₁=8.262, γ=884768.961, num_knots=132
2025-09-07 15:14:45,128 - Iter 2490: obj=-2488.192916, change=3.76e-07, α=0.100, ‖θ[1:]‖₁=8.262, γ=883339.526, num_knots=132
2025-09-07 15:14:45,404 - Iter 2500: obj=-2488.193003, change=3.71e-07, α=0.100, ‖θ[1:]‖₁=8.262, γ=881876.614, num_knots=132
2025-09-07 15:14:45,689 - Iter 2510: obj=-2488.193091, change=3.66e-07, α=0.100, ‖θ[1:]‖₁=8.262, γ=880379.359, num_knots=132
2025-09-07 15:14:45,984 - Iter 2520: obj=-2488.193178, change=3.62e-07, α=0.100, ‖θ[1:]‖₁=8.262, γ=878846.906, num_knots=132
2025-09-07 15:14:46,262 - Iter 2530: obj=-2488.193266, change=3.57e-07, α=0.100, ‖θ[1:]‖₁=8.262, γ=877278.496, num_knots=132
2025-09-07 15:14:46,514 - Iter 2540: obj=-2488.193354, change=3.53e-07, α=0.100, ‖θ[1:]‖₁=8.262, γ=875673.208, num_knots=132
2025-09-07 15:14:46,791 - Iter 2550: obj=-2488.193442, change=3.48e-07, α=0.100, ‖θ[1:]‖₁=8.262, γ=874030.368, num_knots=132
2025-09-07 15:14:47,112 - Iter 2560: obj=-2488.193530, change=3.44e-07, α=0.100, ‖θ[1:]‖₁=8.262, γ=872348.877, num_knots=132
2025-09-07 15:14:47,470 - Iter 2570: obj=-2488.193618, change=3.39e-07, α=0.100, ‖θ[1:]‖₁=8.262, γ=870627.909, num_knots=132
2025-09-07 15:14:47,765 - Iter 2580: obj=-2488.193707, change=3.38e-07, α=0.100, ‖θ[1:]‖₁=8.262, γ=868866.453, num_knots=132
2025-09-07 15:14:48,116 - Iter 2590: obj=-2488.193795, change=3.39e-07, α=0.100, ‖θ[1:]‖₁=8.262, γ=867063.760, num_knots=132
2025-09-07 15:14:48,463 - Iter 2600: obj=-2488.193884, change=3.39e-07, α=0.100, ‖θ[1:]‖₁=8.262, γ=865218.577, num_knots=132
2025-09-07 15:14:48,762 - Iter 2610: obj=-2488.193973, change=3.40e-07, α=0.100, ‖θ[1:]‖₁=8.262, γ=863330.065, num_knots=132
2025-09-07 15:14:49,070 - Iter 2620: obj=-2488.194062, change=3.41e-07, α=0.100, ‖θ[1:]‖₁=8.262, γ=861397.169, num_knots=132
2025-09-07 15:14:49,356 - Iter 2630: obj=-2488.194152, change=3.42e-07, α=0.100, ‖θ[1:]‖₁=8.262, γ=859419.007, num_knots=132
2025-09-07 15:14:49,717 - Iter 2640: obj=-2488.194241, change=3.42e-07, α=0.100, ‖θ[1:]‖₁=8.262, γ=857394.247, num_knots=132
2025-09-07 15:14:50,018 - Iter 2650: obj=-2488.194331, change=3.43e-07, α=0.100, ‖θ[1:]‖₁=8.262, γ=855321.881, num_knots=132
2025-09-07 15:14:50,314 - Iter 2660: obj=-2488.194421, change=3.44e-07, α=0.100, ‖θ[1:]‖₁=8.262, γ=853200.700, num_knots=132
2025-09-07 15:14:50,615 - Iter 2670: obj=-2488.194511, change=3.45e-07, α=0.100, ‖θ[1:]‖₁=8.262, γ=851029.694, num_knots=132
2025-09-07 15:14:50,952 - Iter 2680: obj=-2488.194601, change=3.46e-07, α=0.100, ‖θ[1:]‖₁=8.262, γ=848807.824, num_knots=132
2025-09-07 15:14:51,236 - Iter 2690: obj=-2488.194692, change=3.47e-07, α=0.100, ‖θ[1:]‖₁=8.262, γ=846533.555, num_knots=132
2025-09-07 15:14:51,537 - Iter 2700: obj=-2488.194783, change=3.48e-07, α=0.100, ‖θ[1:]‖₁=8.262, γ=844205.808, num_knots=132
2025-09-07 15:14:51,837 - Iter 2710: obj=-2488.194874, change=3.49e-07, α=0.100, ‖θ[1:]‖₁=8.262, γ=841823.421, num_knots=132
2025-09-07 15:14:52,159 - Iter 2720: obj=-2488.194965, change=3.50e-07, α=0.100, ‖θ[1:]‖₁=8.262, γ=839385.093, num_knots=132
2025-09-07 15:14:52,452 - Iter 2730: obj=-2488.195057, change=3.51e-07, α=0.100, ‖θ[1:]‖₁=8.262, γ=836889.267, num_knots=132
2025-09-07 15:14:52,923 - Iter 2740: obj=-2488.195900, change=3.60e-06, α=1.000, ‖θ[1:]‖₁=8.262, γ=811191.134, num_knots=132
2025-09-07 15:14:53,340 - Iter 2750: obj=-2488.196860, change=3.76e-06, α=1.000, ‖θ[1:]‖₁=8.262, γ=775957.709, num_knots=132
2025-09-07 15:14:53,769 - Iter 2760: obj=-2488.197868, change=3.98e-06, α=1.000, ‖θ[1:]‖₁=8.262, γ=731606.722, num_knots=132
2025-09-07 15:14:54,217 - Iter 2770: obj=-2488.198943, change=4.30e-06, α=1.000, ‖θ[1:]‖₁=8.262, γ=675913.931, num_knots=132
2025-09-07 15:14:54,671 - Iter 2780: obj=-2488.200117, change=4.77e-06, α=1.000, ‖θ[1:]‖₁=8.262, γ=606261.211, num_knots=132
2025-09-07 15:14:55,137 - Iter 2790: obj=-2488.201446, change=5.54e-06, α=1.000, ‖θ[1:]‖₁=8.262, γ=519742.015, num_knots=132
2025-09-07 15:14:55,570 - Iter 2800: obj=-2488.203033, change=6.89e-06, α=1.000, ‖θ[1:]‖₁=8.262, γ=413571.827, num_knots=132
2025-09-07 15:14:56,033 - Iter 2810: obj=-2488.205117, change=9.76e-06, α=1.000, ‖θ[1:]‖₁=8.262, γ=286422.448, num_knots=132
2025-09-07 15:14:56,486 - Iter 2820: obj=-2488.208447, change=1.86e-05, α=1.000, ‖θ[1:]‖₁=8.262, γ=143239.095, num_knots=132
2025-09-07 15:14:56,963 - Iter 2830: obj=-2488.218258, change=1.05e-04, α=1.000, ‖θ[1:]‖₁=8.262, γ=19480.889, num_knots=132
2025-09-07 15:14:57,389 - Iter 2840: obj=-2488.318514, change=7.85e-06, α=1.000, ‖θ[1:]‖₁=8.263, γ=354517.479, num_knots=130
2025-09-07 15:14:57,806 - Iter 2850: obj=-2488.321036, change=1.40e-05, α=1.000, ‖θ[1:]‖₁=8.263, γ=189608.561, num_knots=130
2025-09-07 15:14:58,242 - Iter 2860: obj=-2488.328434, change=1.01e-04, α=1.000, ‖θ[1:]‖₁=8.263, γ=15585.737, num_knots=130
2025-09-07 15:14:58,705 - Iter 2870: obj=-2488.382941, change=1.62e-05, α=1.000, ‖θ[1:]‖₁=8.263, γ=63641.324, num_knots=128
2025-09-07 15:14:59,589 - Iter 2880: obj=-2488.447516, change=1.03e-03, α=1.000, ‖θ[1:]‖₁=8.264, γ=2323.954, num_knots=128
2025-09-07 15:15:00,040 - Iter 2890: obj=-2488.543813, change=1.76e-04, α=1.000, ‖θ[1:]‖₁=8.264, γ=35889.014, num_knots=127
2025-09-07 15:15:00,484 - Iter 2900: obj=-2488.615398, change=7.44e-04, α=1.000, ‖θ[1:]‖₁=8.265, γ=2010.897, num_knots=126
2025-09-07 15:15:00,788 - Iter 2910: obj=-2488.753919, change=4.04e-07, α=0.100, ‖θ[1:]‖₁=8.268, γ=662888.707, num_knots=124
2025-09-07 15:15:01,098 - Iter 2920: obj=-2488.754019, change=4.07e-07, α=0.100, ‖θ[1:]‖₁=8.268, γ=658284.858, num_knots=124
2025-09-07 15:15:01,405 - Iter 2930: obj=-2488.754121, change=4.10e-07, α=0.100, ‖θ[1:]‖₁=8.268, γ=653597.354, num_knots=124
2025-09-07 15:15:01,761 - Iter 2940: obj=-2488.754222, change=4.13e-07, α=0.100, ‖θ[1:]‖₁=8.268, γ=648824.261, num_knots=124
2025-09-07 15:15:02,068 - Iter 2950: obj=-2488.754325, change=4.16e-07, α=0.100, ‖θ[1:]‖₁=8.268, γ=643963.875, num_knots=124
2025-09-07 15:15:02,360 - Iter 2960: obj=-2488.754428, change=4.19e-07, α=0.100, ‖θ[1:]‖₁=8.268, γ=639014.195, num_knots=124
2025-09-07 15:15:02,616 - Iter 2970: obj=-2488.754532, change=4.23e-07, α=0.100, ‖θ[1:]‖₁=8.268, γ=633973.304, num_knots=124
2025-09-07 15:15:02,935 - Iter 2980: obj=-2488.754637, change=4.26e-07, α=0.100, ‖θ[1:]‖₁=8.268, γ=628839.170, num_knots=124
2025-09-07 15:15:03,219 - Iter 2990: obj=-2488.754743, change=4.30e-07, α=0.100, ‖θ[1:]‖₁=8.268, γ=623609.872, num_knots=124
2025-09-07 15:15:03,521 - Iter 3000: obj=-2488.754850, change=4.34e-07, α=0.100, ‖θ[1:]‖₁=8.268, γ=618283.226, num_knots=124
2025-09-07 15:15:03,781 - Iter 3010: obj=-2488.754957, change=4.37e-07, α=0.100, ‖θ[1:]‖₁=8.268, γ=612857.200, num_knots=124
2025-09-07 15:15:04,076 - Iter 3020: obj=-2488.755066, change=4.41e-07, α=0.100, ‖θ[1:]‖₁=8.268, γ=607329.404, num_knots=124
2025-09-07 15:15:04,354 - Iter 3030: obj=-2488.755175, change=4.46e-07, α=0.100, ‖θ[1:]‖₁=8.268, γ=601697.729, num_knots=124
2025-09-07 15:15:04,610 - Iter 3040: obj=-2488.755286, change=4.50e-07, α=0.100, ‖θ[1:]‖₁=8.267, γ=595959.771, num_knots=124
2025-09-07 15:15:04,915 - Iter 3050: obj=-2488.755398, change=4.54e-07, α=0.100, ‖θ[1:]‖₁=8.267, γ=590113.242, num_knots=124
2025-09-07 15:15:05,180 - Iter 3060: obj=-2488.755510, change=4.59e-07, α=0.100, ‖θ[1:]‖₁=8.267, γ=584155.620, num_knots=124
2025-09-07 15:15:05,495 - Iter 3070: obj=-2488.755624, change=4.64e-07, α=0.100, ‖θ[1:]‖₁=8.267, γ=578084.400, num_knots=124
2025-09-07 15:15:05,775 - Iter 3080: obj=-2488.755739, change=4.69e-07, α=0.100, ‖θ[1:]‖₁=8.267, γ=571896.986, num_knots=124
2025-09-07 15:15:06,087 - Iter 3090: obj=-2488.755856, change=4.74e-07, α=0.100, ‖θ[1:]‖₁=8.267, γ=565590.817, num_knots=124
2025-09-07 15:15:06,381 - Iter 3100: obj=-2488.755973, change=4.80e-07, α=0.100, ‖θ[1:]‖₁=8.267, γ=559163.094, num_knots=124
2025-09-07 15:15:06,656 - Iter 3110: obj=-2488.756092, change=4.86e-07, α=0.100, ‖θ[1:]‖₁=8.267, γ=552611.106, num_knots=124
2025-09-07 15:15:06,928 - Iter 3120: obj=-2488.756213, change=4.92e-07, α=0.100, ‖θ[1:]‖₁=8.267, γ=545931.856, num_knots=124
2025-09-07 15:15:07,240 - Iter 3130: obj=-2488.756334, change=4.98e-07, α=0.100, ‖θ[1:]‖₁=8.267, γ=539122.604, num_knots=124
2025-09-07 15:15:07,516 - Iter 3140: obj=-2488.756458, change=5.04e-07, α=0.100, ‖θ[1:]‖₁=8.267, γ=532180.126, num_knots=124
2025-09-07 15:15:07,788 - Iter 3150: obj=-2488.756583, change=5.11e-07, α=0.100, ‖θ[1:]‖₁=8.267, γ=525101.374, num_knots=124
2025-09-07 15:15:08,070 - Iter 3160: obj=-2488.756709, change=5.18e-07, α=0.100, ‖θ[1:]‖₁=8.267, γ=517883.234, num_knots=124
2025-09-07 15:15:08,362 - Iter 3170: obj=-2488.756838, change=5.26e-07, α=0.100, ‖θ[1:]‖₁=8.267, γ=510522.379, num_knots=124
2025-09-07 15:15:08,657 - Iter 3180: obj=-2488.756968, change=5.34e-07, α=0.100, ‖θ[1:]‖₁=8.267, γ=503015.510, num_knots=124
2025-09-07 15:15:08,950 - Iter 3190: obj=-2488.757101, change=5.42e-07, α=0.100, ‖θ[1:]‖₁=8.267, γ=495359.046, num_knots=124
2025-09-07 15:15:09,238 - Iter 3200: obj=-2488.757235, change=5.51e-07, α=0.100, ‖θ[1:]‖₁=8.267, γ=487549.598, num_knots=124
2025-09-07 15:15:09,530 - Iter 3210: obj=-2488.757371, change=5.60e-07, α=0.100, ‖θ[1:]‖₁=8.267, γ=479583.463, num_knots=124
2025-09-07 15:15:09,813 - Iter 3220: obj=-2488.757510, change=5.70e-07, α=0.100, ‖θ[1:]‖₁=8.267, γ=471456.850, num_knots=124
2025-09-07 15:15:10,152 - Iter 3230: obj=-2488.757651, change=5.80e-07, α=0.100, ‖θ[1:]‖₁=8.267, γ=463166.103, num_knots=124
2025-09-07 15:15:10,517 - Iter 3240: obj=-2488.757795, change=5.91e-07, α=0.100, ‖θ[1:]‖₁=8.267, γ=454707.146, num_knots=124
2025-09-07 15:15:10,866 - Iter 3250: obj=-2488.757942, change=6.02e-07, α=0.100, ‖θ[1:]‖₁=8.267, γ=446076.067, num_knots=124
2025-09-07 15:15:11,172 - Iter 3260: obj=-2488.758091, change=6.15e-07, α=0.100, ‖θ[1:]‖₁=8.267, γ=437268.706, num_knots=124
2025-09-07 15:15:11,488 - Iter 3270: obj=-2488.758243, change=6.27e-07, α=0.100, ‖θ[1:]‖₁=8.267, γ=428280.942, num_knots=124
2025-09-07 15:15:11,761 - Iter 3280: obj=-2488.758399, change=6.41e-07, α=0.100, ‖θ[1:]‖₁=8.267, γ=419108.388, num_knots=124
2025-09-07 15:15:12,067 - Iter 3290: obj=-2488.758558, change=6.56e-07, α=0.100, ‖θ[1:]‖₁=8.267, γ=409746.642, num_knots=124
2025-09-07 15:15:12,340 - Iter 3300: obj=-2488.758721, change=6.72e-07, α=0.100, ‖θ[1:]‖₁=8.267, γ=400191.305, num_knots=124
2025-09-07 15:15:12,620 - Iter 3310: obj=-2488.758887, change=6.88e-07, α=0.100, ‖θ[1:]‖₁=8.267, γ=390437.781, num_knots=124
2025-09-07 15:15:12,929 - Iter 3320: obj=-2488.759058, change=7.06e-07, α=0.100, ‖θ[1:]‖₁=8.267, γ=380481.547, num_knots=124
2025-09-07 15:15:13,248 - Iter 3330: obj=-2488.759234, change=7.26e-07, α=0.100, ‖θ[1:]‖₁=8.267, γ=370317.792, num_knots=124
2025-09-07 15:15:13,578 - Iter 3340: obj=-2488.759414, change=7.47e-07, α=0.100, ‖θ[1:]‖₁=8.267, γ=359941.897, num_knots=124
2025-09-07 15:15:13,859 - Iter 3350: obj=-2488.759600, change=7.69e-07, α=0.100, ‖θ[1:]‖₁=8.267, γ=349349.083, num_knots=124
2025-09-07 15:15:14,168 - Iter 3360: obj=-2488.759791, change=7.94e-07, α=0.100, ‖θ[1:]‖₁=8.267, γ=338534.607, num_knots=124
2025-09-07 15:15:14,437 - Iter 3370: obj=-2488.759988, change=8.21e-07, α=0.100, ‖θ[1:]‖₁=8.267, γ=327493.792, num_knots=124
2025-09-07 15:15:14,730 - Iter 3380: obj=-2488.760193, change=8.50e-07, α=0.100, ‖θ[1:]‖₁=8.267, γ=316221.999, num_knots=124
2025-09-07 15:15:15,033 - Iter 3390: obj=-2488.760404, change=8.82e-07, α=0.100, ‖θ[1:]‖₁=8.267, γ=304714.807, num_knots=124
2025-09-07 15:15:15,333 - Iter 3400: obj=-2488.760624, change=9.17e-07, α=0.100, ‖θ[1:]‖₁=8.267, γ=292967.870, num_knots=124
2025-09-07 15:15:15,622 - Iter 3410: obj=-2488.760853, change=9.56e-07, α=0.100, ‖θ[1:]‖₁=8.267, γ=280977.288, num_knots=124
2025-09-07 15:15:15,919 - Iter 3420: obj=-2488.761092, change=1.00e-06, α=0.100, ‖θ[1:]‖₁=8.267, γ=268739.493, num_knots=124
2025-09-07 15:15:16,181 - Iter 3430: obj=-2488.761342, change=1.05e-06, α=0.100, ‖θ[1:]‖₁=8.267, γ=256251.582, num_knots=124
2025-09-07 15:15:16,488 - Iter 3440: obj=-2488.761604, change=1.10e-06, α=0.100, ‖θ[1:]‖₁=8.267, γ=243511.438, num_knots=124
2025-09-07 15:15:16,819 - Iter 3450: obj=-2488.761881, change=1.16e-06, α=0.100, ‖θ[1:]‖₁=8.267, γ=230518.008, num_knots=124
2025-09-07 15:15:17,128 - Iter 3460: obj=-2488.762173, change=1.24e-06, α=0.100, ‖θ[1:]‖₁=8.267, γ=217271.807, num_knots=124
2025-09-07 15:15:17,555 - Iter 3470: obj=-2488.764406, change=1.86e-05, α=1.000, ‖θ[1:]‖₁=8.267, γ=132013.306, num_knots=124
2025-09-07 15:15:18,024 - Iter 3480: obj=-2488.773562, change=9.78e-05, α=1.000, ‖θ[1:]‖₁=8.267, γ=21420.342, num_knots=124
2025-09-07 15:15:18,468 - Iter 3490: obj=-2488.850610, change=3.39e-05, α=1.000, ‖θ[1:]‖₁=8.268, γ=154851.782, num_knots=122
2025-09-07 15:15:18,893 - Iter 3500: obj=-2488.858211, change=5.59e-05, α=1.000, ‖θ[1:]‖₁=8.268, γ=35836.931, num_knots=121
2025-09-07 15:15:19,348 - Iter 3510: obj=-2488.985264, change=3.91e-05, α=1.000, ‖θ[1:]‖₁=8.270, γ=8119.816, num_knots=120
2025-09-07 15:15:19,809 - Iter 3520: obj=-2489.008878, change=1.16e-04, α=1.000, ‖θ[1:]‖₁=8.270, γ=17098.618, num_knots=119
2025-09-07 15:15:20,261 - Iter 3530: obj=-2489.063580, change=8.16e-04, α=1.000, ‖θ[1:]‖₁=8.271, γ=43979.152, num_knots=117
2025-09-07 15:15:20,747 - Iter 3540: obj=-2489.085072, change=2.90e-05, α=1.000, ‖θ[1:]‖₁=8.272, γ=75097.062, num_knots=117
2025-09-07 15:15:21,197 - Iter 3550: obj=-2489.143770, change=1.35e-03, α=1.000, ‖θ[1:]‖₁=8.273, γ=2279.865, num_knots=117
2025-09-07 15:15:21,622 - Iter 3560: obj=-2489.203377, change=8.55e-05, α=1.000, ‖θ[1:]‖₁=8.273, γ=16994.163, num_knots=117
2025-09-07 15:15:22,108 - Iter 3570: obj=-2489.255184, change=6.66e-06, α=1.000, ‖θ[1:]‖₁=8.274, γ=373731.919, num_knots=115
2025-09-07 15:15:22,559 - Iter 3580: obj=-2489.256870, change=1.04e-05, α=1.000, ‖θ[1:]‖₁=8.274, γ=231936.136, num_knots=115
2025-09-07 15:15:23,001 - Iter 3590: obj=-2489.260162, change=2.89e-05, α=1.000, ‖θ[1:]‖₁=8.274, γ=73672.788, num_knots=115
2025-09-07 15:15:23,534 - Iter 3600: obj=-2489.370476, change=4.29e-05, α=1.000, ‖θ[1:]‖₁=8.275, γ=789339.671, num_knots=113
2025-09-07 15:15:23,993 - Iter 3610: obj=-2489.372005, change=3.60e-06, α=1.000, ‖θ[1:]‖₁=8.275, γ=692022.789, num_knots=113
2025-09-07 15:15:24,456 - Iter 3620: obj=-2489.372775, change=3.92e-06, α=1.000, ‖θ[1:]‖₁=8.275, γ=633746.868, num_knots=113
2025-09-07 15:15:24,908 - Iter 3630: obj=-2489.373625, change=4.41e-06, α=1.000, ‖θ[1:]‖₁=8.275, γ=561533.801, num_knots=113
2025-09-07 15:15:25,388 - Iter 3640: obj=-2489.374601, change=5.21e-06, α=1.000, ‖θ[1:]‖₁=8.275, γ=472131.656, num_knots=113
2025-09-07 15:15:25,857 - Iter 3650: obj=-2489.375796, change=6.71e-06, α=1.000, ‖θ[1:]‖₁=8.275, γ=362000.321, num_knots=113
2025-09-07 15:15:26,278 - Iter 3660: obj=-2489.377451, change=1.03e-05, α=1.000, ‖θ[1:]‖₁=8.275, γ=228618.144, num_knots=113
2025-09-07 15:15:26,759 - Iter 3670: obj=-2489.380579, change=2.69e-05, α=1.000, ‖θ[1:]‖₁=8.275, γ=78551.938, num_knots=113
2025-09-07 15:15:27,274 - Iter 3680: obj=-2489.386926, change=2.86e-05, α=1.000, ‖θ[1:]‖₁=8.275, γ=73113.516, num_knots=112
2025-09-07 15:15:27,771 - Iter 3690: obj=-2489.405017, change=1.93e-04, α=1.000, ‖θ[1:]‖₁=8.275, γ=10600.267, num_knots=112
2025-09-07 15:15:28,219 - Iter 3700: obj=-2489.506753, change=1.08e-05, α=1.000, ‖θ[1:]‖₁=8.276, γ=55489.470, num_knots=111
2025-09-07 15:15:28,721 - Iter 3710: obj=-2489.603812, change=3.32e-05, α=1.000, ‖θ[1:]‖₁=8.276, γ=42404.376, num_knots=110
2025-09-07 15:15:29,198 - Iter 3720: obj=-2489.663564, change=1.73e-03, α=1.000, ‖θ[1:]‖₁=8.276, γ=994.506, num_knots=110
2025-09-07 15:15:29,548 - Iter 3730: obj=-2489.744522, change=2.96e-07, α=0.100, ‖θ[1:]‖₁=8.277, γ=894556.712, num_knots=109
2025-09-07 15:15:29,875 - Iter 3740: obj=-2489.744575, change=2.92e-07, α=0.100, ‖θ[1:]‖₁=8.277, γ=893573.574, num_knots=109
2025-09-07 15:15:30,140 - Iter 3750: obj=-2489.744628, change=2.87e-07, α=0.100, ‖θ[1:]‖₁=8.277, γ=892575.996, num_knots=109
2025-09-07 15:15:30,429 - Iter 3760: obj=-2489.744680, change=2.83e-07, α=0.100, ‖θ[1:]‖₁=8.277, γ=891563.704, num_knots=109
2025-09-07 15:15:30,714 - Iter 3770: obj=-2489.744733, change=2.79e-07, α=0.100, ‖θ[1:]‖₁=8.277, γ=890536.507, num_knots=109
2025-09-07 15:15:31,037 - Iter 3780: obj=-2489.744786, change=2.74e-07, α=0.100, ‖θ[1:]‖₁=8.277, γ=889494.215, num_knots=109
2025-09-07 15:15:31,337 - Iter 3790: obj=-2489.744839, change=2.70e-07, α=0.100, ‖θ[1:]‖₁=8.277, γ=888436.524, num_knots=109
2025-09-07 15:15:31,720 - Iter 3800: obj=-2489.744892, change=2.66e-07, α=0.100, ‖θ[1:]‖₁=8.277, γ=887363.186, num_knots=109
2025-09-07 15:15:32,068 - Iter 3810: obj=-2489.744944, change=2.63e-07, α=0.100, ‖θ[1:]‖₁=8.277, γ=886274.122, num_knots=109
2025-09-07 15:15:32,383 - Iter 3820: obj=-2489.744997, change=2.63e-07, α=0.100, ‖θ[1:]‖₁=8.277, γ=885168.997, num_knots=109
2025-09-07 15:15:32,675 - Iter 3830: obj=-2489.745050, change=2.64e-07, α=0.100, ‖θ[1:]‖₁=8.277, γ=884047.563, num_knots=109
2025-09-07 15:15:32,980 - Iter 3840: obj=-2489.745103, change=2.64e-07, α=0.100, ‖θ[1:]‖₁=8.277, γ=882909.624, num_knots=109
2025-09-07 15:15:33,269 - Iter 3850: obj=-2489.745157, change=2.65e-07, α=0.100, ‖θ[1:]‖₁=8.277, γ=881754.873, num_knots=109
2025-09-07 15:15:33,568 - Iter 3860: obj=-2489.745210, change=2.65e-07, α=0.100, ‖θ[1:]‖₁=8.277, γ=880583.144, num_knots=109
2025-09-07 15:15:33,866 - Iter 3870: obj=-2489.745263, change=2.65e-07, α=0.100, ‖θ[1:]‖₁=8.277, γ=879394.100, num_knots=109
2025-09-07 15:15:34,157 - Iter 3880: obj=-2489.745316, change=2.66e-07, α=0.100, ‖θ[1:]‖₁=8.277, γ=878187.599, num_knots=109
2025-09-07 15:15:34,434 - Iter 3890: obj=-2489.745369, change=2.66e-07, α=0.100, ‖θ[1:]‖₁=8.277, γ=876963.229, num_knots=109
2025-09-07 15:15:34,741 - Iter 3900: obj=-2489.745423, change=2.67e-07, α=0.100, ‖θ[1:]‖₁=8.277, γ=875720.845, num_knots=109
2025-09-07 15:15:35,040 - Iter 3910: obj=-2489.745476, change=2.67e-07, α=0.100, ‖θ[1:]‖₁=8.277, γ=874460.074, num_knots=109
2025-09-07 15:15:35,354 - Iter 3920: obj=-2489.745529, change=2.67e-07, α=0.100, ‖θ[1:]‖₁=8.277, γ=873180.842, num_knots=109
2025-09-07 15:15:35,631 - Iter 3930: obj=-2489.745583, change=2.68e-07, α=0.100, ‖θ[1:]‖₁=8.277, γ=871882.582, num_knots=109
2025-09-07 15:15:35,892 - Iter 3940: obj=-2489.745636, change=2.68e-07, α=0.100, ‖θ[1:]‖₁=8.277, γ=870565.246, num_knots=109
2025-09-07 15:15:36,188 - Iter 3950: obj=-2489.745690, change=2.69e-07, α=0.100, ‖θ[1:]‖₁=8.277, γ=869228.497, num_knots=109
2025-09-07 15:15:36,475 - Iter 3960: obj=-2489.745744, change=2.69e-07, α=0.100, ‖θ[1:]‖₁=8.277, γ=867872.003, num_knots=109
2025-09-07 15:15:36,753 - Iter 3970: obj=-2489.745797, change=2.70e-07, α=0.100, ‖θ[1:]‖₁=8.277, γ=866495.453, num_knots=109
2025-09-07 15:15:37,049 - Iter 3980: obj=-2489.745851, change=2.70e-07, α=0.100, ‖θ[1:]‖₁=8.277, γ=865098.628, num_knots=109
2025-09-07 15:15:37,321 - Iter 3990: obj=-2489.745905, change=2.71e-07, α=0.100, ‖θ[1:]‖₁=8.277, γ=863681.107, num_knots=109
2025-09-07 15:15:37,608 - Iter 4000: obj=-2489.745959, change=2.71e-07, α=0.100, ‖θ[1:]‖₁=8.277, γ=862242.755, num_knots=109
2025-09-07 15:15:37,917 - Iter 4010: obj=-2489.746013, change=2.72e-07, α=0.100, ‖θ[1:]‖₁=8.277, γ=860783.060, num_knots=109
2025-09-07 15:15:38,164 - Iter 4020: obj=-2489.746067, change=2.72e-07, α=0.100, ‖θ[1:]‖₁=8.277, γ=859301.863, num_knots=109
2025-09-07 15:15:38,464 - Iter 4030: obj=-2489.746121, change=2.73e-07, α=0.100, ‖θ[1:]‖₁=8.277, γ=857798.712, num_knots=109
2025-09-07 15:15:38,782 - Iter 4040: obj=-2489.746176, change=2.73e-07, α=0.100, ‖θ[1:]‖₁=8.277, γ=856273.415, num_knots=109
2025-09-07 15:15:39,119 - Iter 4050: obj=-2489.746230, change=2.74e-07, α=0.100, ‖θ[1:]‖₁=8.277, γ=854725.480, num_knots=109
2025-09-07 15:15:39,441 - Iter 4060: obj=-2489.746284, change=2.74e-07, α=0.100, ‖θ[1:]‖₁=8.277, γ=853154.773, num_knots=109
2025-09-07 15:15:39,745 - Iter 4070: obj=-2489.746339, change=2.75e-07, α=0.100, ‖θ[1:]‖₁=8.277, γ=851560.821, num_knots=109
2025-09-07 15:15:40,048 - Iter 4080: obj=-2489.746393, change=2.75e-07, α=0.100, ‖θ[1:]‖₁=8.277, γ=849943.277, num_knots=109
2025-09-07 15:15:40,343 - Iter 4090: obj=-2489.746448, change=2.76e-07, α=0.100, ‖θ[1:]‖₁=8.277, γ=848301.769, num_knots=109
2025-09-07 15:15:40,642 - Iter 4100: obj=-2489.746503, change=2.77e-07, α=0.100, ‖θ[1:]‖₁=8.277, γ=846636.012, num_knots=109
2025-09-07 15:15:40,917 - Iter 4110: obj=-2489.746558, change=2.77e-07, α=0.100, ‖θ[1:]‖₁=8.277, γ=844945.514, num_knots=109
2025-09-07 15:15:41,206 - Iter 4120: obj=-2489.746613, change=2.78e-07, α=0.100, ‖θ[1:]‖₁=8.277, γ=843230.094, num_knots=109
2025-09-07 15:15:41,566 - Iter 4130: obj=-2489.746668, change=2.78e-07, α=0.100, ‖θ[1:]‖₁=8.277, γ=841489.221, num_knots=109
2025-09-07 15:15:41,837 - Iter 4140: obj=-2489.746723, change=2.79e-07, α=0.100, ‖θ[1:]‖₁=8.277, γ=839722.564, num_knots=109
2025-09-07 15:15:42,137 - Iter 4150: obj=-2489.746778, change=2.80e-07, α=0.100, ‖θ[1:]‖₁=8.277, γ=837929.733, num_knots=109
2025-09-07 15:15:42,444 - Iter 4160: obj=-2489.746834, change=2.80e-07, α=0.100, ‖θ[1:]‖₁=8.277, γ=836110.364, num_knots=109
2025-09-07 15:15:42,749 - Iter 4170: obj=-2489.746889, change=2.81e-07, α=0.100, ‖θ[1:]‖₁=8.277, γ=834264.019, num_knots=109
2025-09-07 15:15:43,058 - Iter 4180: obj=-2489.746945, change=2.82e-07, α=0.100, ‖θ[1:]‖₁=8.277, γ=832390.259, num_knots=109
2025-09-07 15:15:43,381 - Iter 4190: obj=-2489.747000, change=2.82e-07, α=0.100, ‖θ[1:]‖₁=8.277, γ=830488.796, num_knots=109
2025-09-07 15:15:43,710 - Iter 4200: obj=-2489.747056, change=2.83e-07, α=0.100, ‖θ[1:]‖₁=8.277, γ=828559.042, num_knots=109
2025-09-07 15:15:44,040 - Iter 4210: obj=-2489.747112, change=2.84e-07, α=0.100, ‖θ[1:]‖₁=8.277, γ=826600.701, num_knots=109
2025-09-07 15:15:44,362 - Iter 4220: obj=-2489.747168, change=2.84e-07, α=0.100, ‖θ[1:]‖₁=8.277, γ=824613.291, num_knots=109
2025-09-07 15:15:44,669 - Iter 4230: obj=-2489.747224, change=2.85e-07, α=0.100, ‖θ[1:]‖₁=8.277, γ=822596.339, num_knots=109
2025-09-07 15:15:44,965 - Iter 4240: obj=-2489.747281, change=2.86e-07, α=0.100, ‖θ[1:]‖₁=8.277, γ=820549.512, num_knots=109
2025-09-07 15:15:45,258 - Iter 4250: obj=-2489.747337, change=2.87e-07, α=0.100, ‖θ[1:]‖₁=8.277, γ=818472.241, num_knots=109
2025-09-07 15:15:45,559 - Iter 4260: obj=-2489.747394, change=2.87e-07, α=0.100, ‖θ[1:]‖₁=8.277, γ=816364.174, num_knots=109
2025-09-07 15:15:45,829 - Iter 4270: obj=-2489.747450, change=2.88e-07, α=0.100, ‖θ[1:]‖₁=8.277, γ=814224.621, num_knots=109
2025-09-07 15:15:46,156 - Iter 4280: obj=-2489.747507, change=2.89e-07, α=0.100, ‖θ[1:]‖₁=8.277, γ=812053.446, num_knots=109
2025-09-07 15:15:46,475 - Iter 4290: obj=-2489.747564, change=2.90e-07, α=0.100, ‖θ[1:]‖₁=8.277, γ=809849.904, num_knots=109
2025-09-07 15:15:46,765 - Iter 4300: obj=-2489.747621, change=2.91e-07, α=0.100, ‖θ[1:]‖₁=8.277, γ=807613.550, num_knots=109
2025-09-07 15:15:47,088 - Iter 4310: obj=-2489.747679, change=2.91e-07, α=0.100, ‖θ[1:]‖₁=8.277, γ=805344.004, num_knots=109
2025-09-07 15:15:47,401 - Iter 4320: obj=-2489.747736, change=2.92e-07, α=0.100, ‖θ[1:]‖₁=8.277, γ=803040.629, num_knots=109
2025-09-07 15:15:47,726 - Iter 4330: obj=-2489.747794, change=2.93e-07, α=0.100, ‖θ[1:]‖₁=8.277, γ=800702.983, num_knots=109
2025-09-07 15:15:48,061 - Iter 4340: obj=-2489.747851, change=2.94e-07, α=0.100, ‖θ[1:]‖₁=8.277, γ=798330.450, num_knots=109
2025-09-07 15:15:48,394 - Iter 4350: obj=-2489.747909, change=2.95e-07, α=0.100, ‖θ[1:]‖₁=8.277, γ=795922.724, num_knots=109
2025-09-07 15:15:48,663 - Iter 4360: obj=-2489.747967, change=2.96e-07, α=0.100, ‖θ[1:]‖₁=8.277, γ=793479.062, num_knots=109
2025-09-07 15:15:48,946 - Iter 4370: obj=-2489.748026, change=2.97e-07, α=0.100, ‖θ[1:]‖₁=8.277, γ=790998.990, num_knots=109
2025-09-07 15:15:49,283 - Iter 4380: obj=-2489.748084, change=2.98e-07, α=0.100, ‖θ[1:]‖₁=8.277, γ=788481.950, num_knots=109
2025-09-07 15:15:49,611 - Iter 4390: obj=-2489.748143, change=2.99e-07, α=0.100, ‖θ[1:]‖₁=8.277, γ=785927.323, num_knots=109
2025-09-07 15:15:49,873 - Iter 4400: obj=-2489.748202, change=3.00e-07, α=0.100, ‖θ[1:]‖₁=8.277, γ=783334.727, num_knots=109
2025-09-07 15:15:50,153 - Iter 4410: obj=-2489.748261, change=3.01e-07, α=0.100, ‖θ[1:]‖₁=8.277, γ=780703.317, num_knots=109
2025-09-07 15:15:50,468 - Iter 4420: obj=-2489.748320, change=3.02e-07, α=0.100, ‖θ[1:]‖₁=8.277, γ=778032.700, num_knots=109
2025-09-07 15:15:50,742 - Iter 4430: obj=-2489.748379, change=3.03e-07, α=0.100, ‖θ[1:]‖₁=8.277, γ=775322.198, num_knots=109
2025-09-07 15:15:51,067 - Iter 4440: obj=-2489.748439, change=3.04e-07, α=0.100, ‖θ[1:]‖₁=8.277, γ=772571.280, num_knots=109
2025-09-07 15:15:51,329 - Iter 4450: obj=-2489.748499, change=3.05e-07, α=0.100, ‖θ[1:]‖₁=8.277, γ=769779.243, num_knots=109
2025-09-07 15:15:51,623 - Iter 4460: obj=-2489.748559, change=3.06e-07, α=0.100, ‖θ[1:]‖₁=8.277, γ=766945.545, num_knots=109
2025-09-07 15:15:51,958 - Iter 4470: obj=-2489.748619, change=3.08e-07, α=0.100, ‖θ[1:]‖₁=8.277, γ=764069.453, num_knots=109
2025-09-07 15:15:52,256 - Iter 4480: obj=-2489.748679, change=3.09e-07, α=0.100, ‖θ[1:]‖₁=8.277, γ=761150.356, num_knots=109
2025-09-07 15:15:52,531 - Iter 4490: obj=-2489.748740, change=3.10e-07, α=0.100, ‖θ[1:]‖₁=8.277, γ=758187.705, num_knots=109
2025-09-07 15:15:52,818 - Iter 4500: obj=-2489.748801, change=3.11e-07, α=0.100, ‖θ[1:]‖₁=8.277, γ=755180.650, num_knots=109
2025-09-07 15:15:53,147 - Iter 4510: obj=-2489.748862, change=3.13e-07, α=0.100, ‖θ[1:]‖₁=8.277, γ=752128.613, num_knots=109
2025-09-07 15:15:53,431 - Iter 4520: obj=-2489.748923, change=3.14e-07, α=0.100, ‖θ[1:]‖₁=8.277, γ=749030.996, num_knots=109
2025-09-07 15:15:53,735 - Iter 4530: obj=-2489.748985, change=3.15e-07, α=0.100, ‖θ[1:]‖₁=8.277, γ=745887.061, num_knots=109
2025-09-07 15:15:54,037 - Iter 4540: obj=-2489.749047, change=3.17e-07, α=0.100, ‖θ[1:]‖₁=8.277, γ=742696.009, num_knots=109
2025-09-07 15:15:54,342 - Iter 4550: obj=-2489.749109, change=3.18e-07, α=0.100, ‖θ[1:]‖₁=8.277, γ=739457.206, num_knots=109
2025-09-07 15:15:54,668 - Iter 4560: obj=-2489.749171, change=3.20e-07, α=0.100, ‖θ[1:]‖₁=8.277, γ=736169.874, num_knots=109
2025-09-07 15:15:54,941 - Iter 4570: obj=-2489.749234, change=3.21e-07, α=0.100, ‖θ[1:]‖₁=8.277, γ=732833.380, num_knots=109
2025-09-07 15:15:55,236 - Iter 4580: obj=-2489.749297, change=3.23e-07, α=0.100, ‖θ[1:]‖₁=8.277, γ=729446.889, num_knots=109
2025-09-07 15:15:55,549 - Iter 4590: obj=-2489.749360, change=3.24e-07, α=0.100, ‖θ[1:]‖₁=8.277, γ=726009.687, num_knots=109
2025-09-07 15:15:55,862 - Iter 4600: obj=-2489.749424, change=3.26e-07, α=0.100, ‖θ[1:]‖₁=8.277, γ=722520.992, num_knots=109
2025-09-07 15:15:56,179 - Iter 4610: obj=-2489.749488, change=3.27e-07, α=0.100, ‖θ[1:]‖₁=8.277, γ=718979.986, num_knots=109
2025-09-07 15:15:56,479 - Iter 4620: obj=-2489.749552, change=3.29e-07, α=0.100, ‖θ[1:]‖₁=8.277, γ=715385.866, num_knots=109
2025-09-07 15:15:56,771 - Iter 4630: obj=-2489.749616, change=3.31e-07, α=0.100, ‖θ[1:]‖₁=8.277, γ=711738.027, num_knots=109
2025-09-07 15:15:57,102 - Iter 4640: obj=-2489.749681, change=3.32e-07, α=0.100, ‖θ[1:]‖₁=8.277, γ=708035.468, num_knots=109
2025-09-07 15:15:57,401 - Iter 4650: obj=-2489.749746, change=3.34e-07, α=0.100, ‖θ[1:]‖₁=8.277, γ=704277.393, num_knots=109
2025-09-07 15:15:57,698 - Iter 4660: obj=-2489.749812, change=3.36e-07, α=0.100, ‖θ[1:]‖₁=8.277, γ=700462.806, num_knots=109
2025-09-07 15:15:57,999 - Iter 4670: obj=-2489.749877, change=3.38e-07, α=0.100, ‖θ[1:]‖₁=8.277, γ=696591.227, num_knots=109
2025-09-07 15:15:58,284 - Iter 4680: obj=-2489.749944, change=3.40e-07, α=0.100, ‖θ[1:]‖₁=8.277, γ=692661.587, num_knots=109
2025-09-07 15:15:58,583 - Iter 4690: obj=-2489.750010, change=3.42e-07, α=0.100, ‖θ[1:]‖₁=8.277, γ=688672.977, num_knots=109
2025-09-07 15:15:58,925 - Iter 4700: obj=-2489.750077, change=3.44e-07, α=0.100, ‖θ[1:]‖₁=8.277, γ=684624.647, num_knots=109
2025-09-07 15:15:59,253 - Iter 4710: obj=-2489.750144, change=3.46e-07, α=0.100, ‖θ[1:]‖₁=8.277, γ=680515.546, num_knots=109
2025-09-07 15:15:59,570 - Iter 4720: obj=-2489.750212, change=3.48e-07, α=0.100, ‖θ[1:]‖₁=8.277, γ=676344.908, num_knots=109
2025-09-07 15:15:59,865 - Iter 4730: obj=-2489.750280, change=3.50e-07, α=0.100, ‖θ[1:]‖₁=8.277, γ=672111.689, num_knots=109
2025-09-07 15:16:00,150 - Iter 4740: obj=-2489.750349, change=3.53e-07, α=0.100, ‖θ[1:]‖₁=8.277, γ=667815.093, num_knots=109
2025-09-07 15:16:00,478 - Iter 4750: obj=-2489.750418, change=3.55e-07, α=0.100, ‖θ[1:]‖₁=8.277, γ=663454.052, num_knots=109
2025-09-07 15:16:00,761 - Iter 4760: obj=-2489.750488, change=3.57e-07, α=0.100, ‖θ[1:]‖₁=8.277, γ=659027.636, num_knots=109
2025-09-07 15:16:01,123 - Iter 4770: obj=-2489.750558, change=3.60e-07, α=0.100, ‖θ[1:]‖₁=8.277, γ=654535.084, num_knots=109
2025-09-07 15:16:01,402 - Iter 4780: obj=-2489.750628, change=3.62e-07, α=0.100, ‖θ[1:]‖₁=8.277, γ=649975.067, num_knots=109
2025-09-07 15:16:01,721 - Iter 4790: obj=-2489.750699, change=3.65e-07, α=0.100, ‖θ[1:]‖₁=8.277, γ=645346.866, num_knots=109
2025-09-07 15:16:02,020 - Iter 4800: obj=-2489.750770, change=3.68e-07, α=0.100, ‖θ[1:]‖₁=8.277, γ=640649.330, num_knots=109
2025-09-07 15:16:02,389 - Iter 4810: obj=-2489.750842, change=3.71e-07, α=0.100, ‖θ[1:]‖₁=8.277, γ=635881.517, num_knots=109
2025-09-07 15:16:02,688 - Iter 4820: obj=-2489.750915, change=3.73e-07, α=0.100, ‖θ[1:]‖₁=8.277, γ=631042.428, num_knots=109
2025-09-07 15:16:02,986 - Iter 4830: obj=-2489.750988, change=3.76e-07, α=0.100, ‖θ[1:]‖₁=8.277, γ=626131.042, num_knots=109
2025-09-07 15:16:03,274 - Iter 4840: obj=-2489.751061, change=3.79e-07, α=0.100, ‖θ[1:]‖₁=8.277, γ=621146.124, num_knots=109
2025-09-07 15:16:03,571 - Iter 4850: obj=-2489.751136, change=3.82e-07, α=0.100, ‖θ[1:]‖₁=8.277, γ=616086.766, num_knots=109
2025-09-07 15:16:03,874 - Iter 4860: obj=-2489.751211, change=3.86e-07, α=0.100, ‖θ[1:]‖₁=8.277, γ=610951.987, num_knots=109
2025-09-07 15:16:04,177 - Iter 4870: obj=-2489.751286, change=3.89e-07, α=0.100, ‖θ[1:]‖₁=8.277, γ=605740.614, num_knots=109
2025-09-07 15:16:04,488 - Iter 4880: obj=-2489.751362, change=3.93e-07, α=0.100, ‖θ[1:]‖₁=8.277, γ=600451.444, num_knots=109
2025-09-07 15:16:04,831 - Iter 4890: obj=-2489.751439, change=3.96e-07, α=0.100, ‖θ[1:]‖₁=8.277, γ=595083.514, num_knots=109
2025-09-07 15:16:05,132 - Iter 4900: obj=-2489.751516, change=4.00e-07, α=0.100, ‖θ[1:]‖₁=8.277, γ=589635.814, num_knots=109
2025-09-07 15:16:05,458 - Iter 4910: obj=-2489.751595, change=4.04e-07, α=0.100, ‖θ[1:]‖₁=8.277, γ=584106.924, num_knots=109
2025-09-07 15:16:05,784 - Iter 4920: obj=-2489.751674, change=4.07e-07, α=0.100, ‖θ[1:]‖₁=8.277, γ=578496.073, num_knots=109
2025-09-07 15:16:06,088 - Iter 4930: obj=-2489.751753, change=4.12e-07, α=0.100, ‖θ[1:]‖₁=8.277, γ=572801.891, num_knots=109
2025-09-07 15:16:06,385 - Iter 4940: obj=-2489.751834, change=4.16e-07, α=0.100, ‖θ[1:]‖₁=8.277, γ=567023.266, num_knots=109
2025-09-07 15:16:06,701 - Iter 4950: obj=-2489.751915, change=4.20e-07, α=0.100, ‖θ[1:]‖₁=8.277, γ=561159.079, num_knots=109
2025-09-07 15:16:06,995 - Iter 4960: obj=-2489.751997, change=4.25e-07, α=0.100, ‖θ[1:]‖₁=8.277, γ=555208.241, num_knots=109
2025-09-07 15:16:07,305 - Iter 4970: obj=-2489.752080, change=4.29e-07, α=0.100, ‖θ[1:]‖₁=8.277, γ=549169.444, num_knots=109
2025-09-07 15:16:07,636 - Iter 4980: obj=-2489.752164, change=4.34e-07, α=0.100, ‖θ[1:]‖₁=8.277, γ=543041.765, num_knots=109
2025-09-07 15:16:07,960 - Iter 4990: obj=-2489.752249, change=4.39e-07, α=0.100, ‖θ[1:]‖₁=8.277, γ=536823.743, num_knots=109
2025-09-07 15:16:08,262 - Iter 5000: obj=-2489.752335, change=4.44e-07, α=0.100, ‖θ[1:]‖₁=8.277, γ=530514.488, num_knots=109
2025-09-07 15:16:08,262 - Final: selected_knots=109, iterations=5000
