2025-09-07 13:36:33,250 - ProximalNewton: lam=1.0, n_grid=200, cd_sweeps=2, basis_order=1, n_samples=3200, K=3202
2025-09-07 13:36:41,789 - Iter   0: obj=0.000000, change=1.94e+00, α=1.000, ‖θ[1:]‖₁=9.567, num_selected_knots=3004
2025-09-07 13:36:45,060 - Iter   1: obj=-586.572829, change=2.55e+00, α=1.000, ‖θ[1:]‖₁=23.984, num_selected_knots=3086
2025-09-07 13:36:48,288 - Iter   2: obj=-1533.647800, change=2.89e+00, α=1.000, ‖θ[1:]‖₁=38.273, num_selected_knots=3100
2025-09-07 13:36:51,593 - Iter   3: obj=-2359.651154, change=2.62e+00, α=1.000, ‖θ[1:]‖₁=49.156, num_selected_knots=3109
2025-09-07 13:36:54,784 - Iter   4: obj=-2683.385670, change=1.23e+00, α=1.000, ‖θ[1:]‖₁=55.881, num_selected_knots=3122
2025-09-07 13:36:58,047 - Iter   5: obj=-2723.535940, change=1.72e-01, α=1.000, ‖θ[1:]‖₁=57.396, num_selected_knots=3110
2025-09-07 13:37:01,511 - Iter   6: obj=-2724.108616, change=9.54e-02, α=1.000, ‖θ[1:]‖₁=57.553, num_selected_knots=3107
2025-09-07 13:37:05,093 - Iter   7: obj=-2724.410630, change=4.45e-02, α=1.000, ‖θ[1:]‖₁=57.862, num_selected_knots=3090
2025-09-07 13:37:08,428 - Iter   8: obj=-2724.515050, change=1.29e-01, α=1.000, ‖θ[1:]‖₁=58.461, num_selected_knots=3051
2025-09-07 13:37:11,707 - Iter   9: obj=-2725.023104, change=1.69e-01, α=1.000, ‖θ[1:]‖₁=59.216, num_selected_knots=2998
2025-09-07 13:37:14,988 - Iter  10: obj=-2726.022648, change=1.78e-01, α=1.000, ‖θ[1:]‖₁=60.008, num_selected_knots=2933
2025-09-07 13:37:18,272 - Iter  11: obj=-2727.223453, change=1.75e-01, α=1.000, ‖θ[1:]‖₁=60.757, num_selected_knots=2859
2025-09-07 13:37:21,582 - Iter  12: obj=-2728.380121, change=1.62e-01, α=1.000, ‖θ[1:]‖₁=61.427, num_selected_knots=2825
2025-09-07 13:37:24,854 - Iter  13: obj=-2729.371665, change=1.42e-01, α=1.000, ‖θ[1:]‖₁=62.002, num_selected_knots=2774
2025-09-07 13:37:28,136 - Iter  14: obj=-2730.123411, change=1.47e-01, α=1.000, ‖θ[1:]‖₁=62.471, num_selected_knots=2735
2025-09-07 13:37:31,444 - Iter  15: obj=-2730.674613, change=9.86e-02, α=1.000, ‖θ[1:]‖₁=62.853, num_selected_knots=2709
2025-09-07 13:37:34,711 - Iter  16: obj=-2731.078204, change=2.42e-01, α=1.000, ‖θ[1:]‖₁=63.159, num_selected_knots=2683
2025-09-07 13:37:38,024 - Iter  17: obj=-2731.354685, change=1.74e-01, α=1.000, ‖θ[1:]‖₁=63.401, num_selected_knots=2659
2025-09-07 13:37:41,312 - Iter  18: obj=-2731.551618, change=1.27e-01, α=1.000, ‖θ[1:]‖₁=63.594, num_selected_knots=2637
2025-09-07 13:37:44,639 - Iter  19: obj=-2731.701682, change=1.18e-01, α=1.000, ‖θ[1:]‖₁=63.753, num_selected_knots=2608
2025-09-07 13:37:47,969 - Iter  20: obj=-2731.826663, change=1.46e-01, α=1.000, ‖θ[1:]‖₁=63.894, num_selected_knots=2586
2025-09-07 13:37:51,323 - Iter  21: obj=-2731.934070, change=1.79e-01, α=1.000, ‖θ[1:]‖₁=64.032, num_selected_knots=2562
2025-09-07 13:37:55,048 - Iter  22: obj=-2732.030978, change=1.67e-01, α=1.000, ‖θ[1:]‖₁=64.173, num_selected_knots=2536
2025-09-07 13:37:58,334 - Iter  23: obj=-2732.122778, change=1.64e-01, α=1.000, ‖θ[1:]‖₁=64.303, num_selected_knots=2493
2025-09-07 13:38:04,631 - Iter  24: obj=-2732.212866, change=1.38e-01, α=1.000, ‖θ[1:]‖₁=64.435, num_selected_knots=2459
2025-09-07 13:38:07,799 - Iter  25: obj=-2732.303451, change=1.50e-01, α=1.000, ‖θ[1:]‖₁=64.572, num_selected_knots=2425
2025-09-07 13:38:11,042 - Iter  26: obj=-2732.392085, change=7.79e-02, α=1.000, ‖θ[1:]‖₁=64.714, num_selected_knots=2382
2025-09-07 13:38:14,249 - Iter  27: obj=-2732.480675, change=1.41e-01, α=1.000, ‖θ[1:]‖₁=64.857, num_selected_knots=2355
2025-09-07 13:38:17,404 - Iter  28: obj=-2732.571516, change=1.33e-01, α=1.000, ‖θ[1:]‖₁=65.004, num_selected_knots=2317
2025-09-07 13:38:20,604 - Iter  29: obj=-2732.660869, change=1.25e-01, α=1.000, ‖θ[1:]‖₁=65.153, num_selected_knots=2293
2025-09-07 13:38:23,766 - Iter  30: obj=-2732.750476, change=1.20e-01, α=1.000, ‖θ[1:]‖₁=65.304, num_selected_knots=2269
2025-09-07 13:38:26,928 - Iter  31: obj=-2732.840089, change=1.04e-01, α=1.000, ‖θ[1:]‖₁=65.457, num_selected_knots=2238
2025-09-07 13:38:30,140 - Iter  32: obj=-2732.928649, change=1.10e-01, α=1.000, ‖θ[1:]‖₁=65.610, num_selected_knots=2204
2025-09-07 13:38:33,373 - Iter  33: obj=-2733.012370, change=9.97e-02, α=1.000, ‖θ[1:]‖₁=65.763, num_selected_knots=2186
2025-09-07 13:38:36,550 - Iter  34: obj=-2733.096527, change=9.75e-02, α=1.000, ‖θ[1:]‖₁=65.916, num_selected_knots=2168
2025-09-07 13:38:39,744 - Iter  35: obj=-2733.180755, change=9.55e-02, α=1.000, ‖θ[1:]‖₁=66.068, num_selected_knots=2142
2025-09-07 13:38:42,938 - Iter  36: obj=-2733.264888, change=9.37e-02, α=1.000, ‖θ[1:]‖₁=66.218, num_selected_knots=2121
2025-09-07 13:38:46,306 - Iter  37: obj=-2733.345920, change=8.81e-02, α=1.000, ‖θ[1:]‖₁=66.365, num_selected_knots=2102
2025-09-07 13:38:49,564 - Iter  38: obj=-2733.425180, change=8.15e-02, α=1.000, ‖θ[1:]‖₁=66.510, num_selected_knots=2083
2025-09-07 13:38:52,982 - Iter  39: obj=-2733.503386, change=7.98e-02, α=1.000, ‖θ[1:]‖₁=66.650, num_selected_knots=2064
2025-09-07 13:38:56,423 - Iter  40: obj=-2733.578140, change=7.82e-02, α=1.000, ‖θ[1:]‖₁=66.787, num_selected_knots=2043
2025-09-07 13:39:04,117 - Iter  41: obj=-2733.651038, change=7.68e-02, α=1.000, ‖θ[1:]‖₁=66.919, num_selected_knots=2025
2025-09-07 13:39:07,311 - Iter  42: obj=-2733.722161, change=7.36e-02, α=1.000, ‖θ[1:]‖₁=67.047, num_selected_knots=2012
2025-09-07 13:39:10,438 - Iter  43: obj=-2733.791446, change=7.15e-02, α=1.000, ‖θ[1:]‖₁=67.168, num_selected_knots=1988
2025-09-07 13:39:13,621 - Iter  44: obj=-2733.858287, change=7.07e-02, α=1.000, ‖θ[1:]‖₁=67.285, num_selected_knots=1973
2025-09-07 13:39:16,792 - Iter  45: obj=-2733.921284, change=6.82e-02, α=1.000, ‖θ[1:]‖₁=67.396, num_selected_knots=1942
2025-09-07 13:39:19,915 - Iter  46: obj=-2733.979843, change=6.09e-02, α=1.000, ‖θ[1:]‖₁=67.499, num_selected_knots=1912
2025-09-07 13:39:23,070 - Iter  47: obj=-2734.036717, change=6.74e-02, α=1.000, ‖θ[1:]‖₁=67.597, num_selected_knots=1892
2025-09-07 13:39:26,250 - Iter  48: obj=-2734.091621, change=6.61e-02, α=1.000, ‖θ[1:]‖₁=67.688, num_selected_knots=1883
2025-09-07 13:39:29,414 - Iter  49: obj=-2734.143286, change=6.17e-02, α=1.000, ‖θ[1:]‖₁=67.773, num_selected_knots=1869
2025-09-07 13:39:32,585 - Iter  50: obj=-2734.193178, change=6.06e-02, α=1.000, ‖θ[1:]‖₁=67.852, num_selected_knots=1853
2025-09-07 13:39:35,744 - Iter  51: obj=-2734.241635, change=6.01e-02, α=1.000, ‖θ[1:]‖₁=67.927, num_selected_knots=1839
2025-09-07 13:39:38,922 - Iter  52: obj=-2734.288711, change=5.94e-02, α=1.000, ‖θ[1:]‖₁=67.995, num_selected_knots=1816
2025-09-07 13:39:42,181 - Iter  53: obj=-2734.334275, change=5.87e-02, α=1.000, ‖θ[1:]‖₁=68.057, num_selected_knots=1797
2025-09-07 13:39:45,389 - Iter  54: obj=-2734.377293, change=5.34e-02, α=1.000, ‖θ[1:]‖₁=68.114, num_selected_knots=1784
2025-09-07 13:39:48,940 - Iter  55: obj=-2734.419219, change=5.28e-02, α=1.000, ‖θ[1:]‖₁=68.165, num_selected_knots=1774
2025-09-07 13:39:52,451 - Iter  56: obj=-2734.459612, change=5.21e-02, α=1.000, ‖θ[1:]‖₁=68.211, num_selected_knots=1761
2025-09-07 13:39:55,704 - Iter  57: obj=-2734.499126, change=5.15e-02, α=1.000, ‖θ[1:]‖₁=68.251, num_selected_knots=1748
2025-09-07 13:39:59,938 - Iter  58: obj=-2734.538044, change=5.09e-02, α=1.000, ‖θ[1:]‖₁=68.287, num_selected_knots=1735
2025-09-07 13:40:03,201 - Iter  59: obj=-2734.574850, change=5.03e-02, α=1.000, ‖θ[1:]‖₁=68.317, num_selected_knots=1720
2025-09-07 13:40:06,474 - Iter  60: obj=-2734.610393, change=4.97e-02, α=1.000, ‖θ[1:]‖₁=68.342, num_selected_knots=1710
2025-09-07 13:40:09,688 - Iter  61: obj=-2734.645850, change=4.91e-02, α=1.000, ‖θ[1:]‖₁=68.363, num_selected_knots=1697
2025-09-07 13:40:12,920 - Iter  62: obj=-2734.681321, change=4.81e-02, α=1.000, ‖θ[1:]‖₁=68.378, num_selected_knots=1690
2025-09-07 13:40:16,183 - Iter  63: obj=-2734.716904, change=4.75e-02, α=1.000, ‖θ[1:]‖₁=68.389, num_selected_knots=1678
2025-09-07 13:40:19,400 - Iter  64: obj=-2734.752459, change=4.65e-02, α=1.000, ‖θ[1:]‖₁=68.396, num_selected_knots=1666
2025-09-07 13:40:22,947 - Iter  65: obj=-2734.787459, change=4.67e-02, α=1.000, ‖θ[1:]‖₁=68.398, num_selected_knots=1654
2025-09-07 13:40:30,587 - Iter  66: obj=-2734.822338, change=4.58e-02, α=1.000, ‖θ[1:]‖₁=68.396, num_selected_knots=1640
2025-09-07 13:40:33,792 - Iter  67: obj=-2734.857212, change=4.53e-02, α=1.000, ‖θ[1:]‖₁=68.389, num_selected_knots=1621
2025-09-07 13:40:36,968 - Iter  68: obj=-2734.891856, change=4.84e-02, α=1.000, ‖θ[1:]‖₁=68.379, num_selected_knots=1613
2025-09-07 13:40:40,101 - Iter  69: obj=-2734.926547, change=4.75e-02, α=1.000, ‖θ[1:]‖₁=68.365, num_selected_knots=1599
2025-09-07 13:40:43,301 - Iter  70: obj=-2734.961302, change=4.70e-02, α=1.000, ‖θ[1:]‖₁=68.348, num_selected_knots=1587
2025-09-07 13:40:46,589 - Iter  71: obj=-2734.996147, change=3.94e-02, α=1.000, ‖θ[1:]‖₁=68.327, num_selected_knots=1574
2025-09-07 13:40:50,097 - Iter  72: obj=-2735.030566, change=3.91e-02, α=1.000, ‖θ[1:]‖₁=68.303, num_selected_knots=1561
2025-09-07 13:40:53,325 - Iter  73: obj=-2735.065236, change=3.87e-02, α=1.000, ‖θ[1:]‖₁=68.277, num_selected_knots=1544
2025-09-07 13:40:56,624 - Iter  74: obj=-2735.100030, change=3.85e-02, α=1.000, ‖θ[1:]‖₁=68.249, num_selected_knots=1527
2025-09-07 13:41:00,351 - Iter  75: obj=-2735.134747, change=3.82e-02, α=1.000, ‖θ[1:]‖₁=68.218, num_selected_knots=1513
2025-09-07 13:41:05,476 - Iter  76: obj=-2735.169455, change=3.79e-02, α=1.000, ‖θ[1:]‖₁=68.186, num_selected_knots=1503
2025-09-07 13:41:08,762 - Iter  77: obj=-2735.204283, change=3.77e-02, α=1.000, ‖θ[1:]‖₁=68.152, num_selected_knots=1490
2025-09-07 13:41:12,023 - Iter  78: obj=-2735.238873, change=3.75e-02, α=1.000, ‖θ[1:]‖₁=68.116, num_selected_knots=1478
2025-09-07 13:41:15,187 - Iter  79: obj=-2735.273714, change=3.71e-02, α=1.000, ‖θ[1:]‖₁=68.078, num_selected_knots=1470
2025-09-07 13:41:21,617 - Iter  80: obj=-2735.308794, change=3.67e-02, α=1.000, ‖θ[1:]‖₁=68.039, num_selected_knots=1458
2025-09-07 13:41:24,826 - Iter  81: obj=-2735.344176, change=3.64e-02, α=1.000, ‖θ[1:]‖₁=67.999, num_selected_knots=1445
2025-09-07 13:41:28,031 - Iter  82: obj=-2735.379441, change=3.62e-02, α=1.000, ‖θ[1:]‖₁=67.957, num_selected_knots=1437
2025-09-07 13:41:31,199 - Iter  83: obj=-2735.414711, change=3.59e-02, α=1.000, ‖θ[1:]‖₁=67.913, num_selected_knots=1426
2025-09-07 13:41:34,479 - Iter  84: obj=-2735.450206, change=3.57e-02, α=1.000, ‖θ[1:]‖₁=67.868, num_selected_knots=1418
2025-09-07 13:41:37,680 - Iter  85: obj=-2735.485946, change=3.55e-02, α=1.000, ‖θ[1:]‖₁=67.823, num_selected_knots=1406
2025-09-07 13:41:40,947 - Iter  86: obj=-2735.520705, change=3.56e-02, α=1.000, ‖θ[1:]‖₁=67.785, num_selected_knots=1398
2025-09-07 13:41:44,252 - Iter  87: obj=-2735.554921, change=3.73e-02, α=1.000, ‖θ[1:]‖₁=67.739, num_selected_knots=1388
2025-09-07 13:41:47,448 - Iter  88: obj=-2735.589455, change=4.03e-02, α=1.000, ‖θ[1:]‖₁=67.696, num_selected_knots=1373
2025-09-07 13:41:50,858 - Iter  89: obj=-2735.624164, change=4.14e-02, α=1.000, ‖θ[1:]‖₁=67.649, num_selected_knots=1366
2025-09-07 13:41:54,229 - Iter  90: obj=-2735.659071, change=4.06e-02, α=1.000, ‖θ[1:]‖₁=67.602, num_selected_knots=1359
2025-09-07 13:41:57,487 - Iter  91: obj=-2735.693567, change=4.05e-02, α=1.000, ‖θ[1:]‖₁=67.555, num_selected_knots=1351
2025-09-07 13:42:04,466 - Iter  92: obj=-2735.727384, change=4.06e-02, α=1.000, ‖θ[1:]‖₁=67.507, num_selected_knots=1338
2025-09-07 13:42:12,971 - Iter  93: obj=-2735.760944, change=4.05e-02, α=1.000, ‖θ[1:]‖₁=67.459, num_selected_knots=1331
2025-09-07 13:42:16,389 - Iter  94: obj=-2735.793954, change=3.97e-02, α=1.000, ‖θ[1:]‖₁=67.411, num_selected_knots=1323
2025-09-07 13:42:19,697 - Iter  95: obj=-2735.826540, change=3.93e-02, α=1.000, ‖θ[1:]‖₁=67.361, num_selected_knots=1314
2025-09-07 13:42:22,908 - Iter  96: obj=-2735.858704, change=3.93e-02, α=1.000, ‖θ[1:]‖₁=67.312, num_selected_knots=1308
2025-09-07 13:42:26,162 - Iter  97: obj=-2735.890533, change=3.92e-02, α=1.000, ‖θ[1:]‖₁=67.262, num_selected_knots=1299
2025-09-07 13:42:31,804 - Iter  98: obj=-2735.922144, change=3.89e-02, α=1.000, ‖θ[1:]‖₁=67.212, num_selected_knots=1291
2025-09-07 13:42:34,943 - Iter  99: obj=-2735.953473, change=4.22e-02, α=1.000, ‖θ[1:]‖₁=67.162, num_selected_knots=1276
2025-09-07 13:42:38,064 - Iter 100: obj=-2735.984327, change=4.48e-02, α=1.000, ‖θ[1:]‖₁=67.111, num_selected_knots=1263
2025-09-07 13:42:41,210 - Iter 101: obj=-2736.014649, change=4.45e-02, α=1.000, ‖θ[1:]‖₁=67.061, num_selected_knots=1261
2025-09-07 13:42:44,570 - Iter 102: obj=-2736.044216, change=4.03e-02, α=1.000, ‖θ[1:]‖₁=67.011, num_selected_knots=1256
2025-09-07 13:42:47,741 - Iter 103: obj=-2736.073341, change=3.79e-02, α=1.000, ‖θ[1:]‖₁=66.960, num_selected_knots=1251
2025-09-07 13:42:50,927 - Iter 104: obj=-2736.101871, change=3.77e-02, α=1.000, ‖θ[1:]‖₁=66.911, num_selected_knots=1245
2025-09-07 13:42:54,069 - Iter 105: obj=-2736.130009, change=3.76e-02, α=1.000, ‖θ[1:]‖₁=66.862, num_selected_knots=1233
2025-09-07 13:42:57,243 - Iter 106: obj=-2736.157627, change=3.74e-02, α=1.000, ‖θ[1:]‖₁=66.814, num_selected_knots=1227
2025-09-07 13:43:04,615 - Iter 107: obj=-2736.184519, change=3.74e-02, α=1.000, ‖θ[1:]‖₁=66.767, num_selected_knots=1218
2025-09-07 13:43:07,711 - Iter 108: obj=-2736.210798, change=3.74e-02, α=1.000, ‖θ[1:]‖₁=66.721, num_selected_knots=1207
2025-09-07 13:43:10,807 - Iter 109: obj=-2736.236358, change=3.75e-02, α=1.000, ‖θ[1:]‖₁=66.676, num_selected_knots=1200
2025-09-07 13:43:13,960 - Iter 110: obj=-2736.261505, change=3.75e-02, α=1.000, ‖θ[1:]‖₁=66.632, num_selected_knots=1190
2025-09-07 13:43:17,072 - Iter 111: obj=-2736.285872, change=3.75e-02, α=1.000, ‖θ[1:]‖₁=66.588, num_selected_knots=1185
2025-09-07 13:43:20,202 - Iter 112: obj=-2736.309791, change=3.74e-02, α=1.000, ‖θ[1:]‖₁=66.546, num_selected_knots=1176
2025-09-07 13:43:23,315 - Iter 113: obj=-2736.333328, change=3.74e-02, α=1.000, ‖θ[1:]‖₁=66.504, num_selected_knots=1170
2025-09-07 13:43:26,459 - Iter 114: obj=-2736.356297, change=3.74e-02, α=1.000, ‖θ[1:]‖₁=66.462, num_selected_knots=1163
2025-09-07 13:43:29,574 - Iter 115: obj=-2736.378822, change=3.73e-02, α=1.000, ‖θ[1:]‖₁=66.422, num_selected_knots=1159
2025-09-07 13:43:32,733 - Iter 116: obj=-2736.400982, change=3.73e-02, α=1.000, ‖θ[1:]‖₁=66.382, num_selected_knots=1151
2025-09-07 13:43:35,854 - Iter 117: obj=-2736.422545, change=3.73e-02, α=1.000, ‖θ[1:]‖₁=66.343, num_selected_knots=1146
2025-09-07 13:43:38,987 - Iter 118: obj=-2736.443671, change=3.72e-02, α=1.000, ‖θ[1:]‖₁=66.304, num_selected_knots=1143
2025-09-07 13:43:42,272 - Iter 119: obj=-2736.464393, change=3.72e-02, α=1.000, ‖θ[1:]‖₁=66.267, num_selected_knots=1135
2025-09-07 13:43:45,686 - Iter 120: obj=-2736.484815, change=3.72e-02, α=1.000, ‖θ[1:]‖₁=66.229, num_selected_knots=1125
2025-09-07 13:43:48,851 - Iter 121: obj=-2736.504965, change=3.71e-02, α=1.000, ‖θ[1:]‖₁=66.193, num_selected_knots=1119
2025-09-07 13:43:52,041 - Iter 122: obj=-2736.524843, change=3.71e-02, α=1.000, ‖θ[1:]‖₁=66.157, num_selected_knots=1111
2025-09-07 13:43:55,256 - Iter 123: obj=-2736.543954, change=3.54e-02, α=1.000, ‖θ[1:]‖₁=66.122, num_selected_knots=1104
2025-09-07 13:43:58,659 - Iter 124: obj=-2736.562553, change=3.54e-02, α=1.000, ‖θ[1:]‖₁=66.088, num_selected_knots=1100
2025-09-07 13:44:01,882 - Iter 125: obj=-2736.580826, change=3.54e-02, α=1.000, ‖θ[1:]‖₁=66.054, num_selected_knots=1090
2025-09-07 13:44:05,170 - Iter 126: obj=-2736.598540, change=3.53e-02, α=1.000, ‖θ[1:]‖₁=66.020, num_selected_knots=1088
2025-09-07 13:44:08,383 - Iter 127: obj=-2736.615925, change=3.53e-02, α=1.000, ‖θ[1:]‖₁=65.988, num_selected_knots=1084
2025-09-07 13:44:11,875 - Iter 128: obj=-2736.632963, change=3.51e-02, α=1.000, ‖θ[1:]‖₁=65.956, num_selected_knots=1077
2025-09-07 13:44:15,341 - Iter 129: obj=-2736.649680, change=3.50e-02, α=1.000, ‖θ[1:]‖₁=65.925, num_selected_knots=1075
2025-09-07 13:44:18,553 - Iter 130: obj=-2736.666139, change=3.50e-02, α=1.000, ‖θ[1:]‖₁=65.894, num_selected_knots=1071
2025-09-07 13:44:22,450 - Iter 131: obj=-2736.682411, change=3.50e-02, α=1.000, ‖θ[1:]‖₁=65.863, num_selected_knots=1066
2025-09-07 13:44:25,642 - Iter 132: obj=-2736.698460, change=3.50e-02, α=1.000, ‖θ[1:]‖₁=65.833, num_selected_knots=1064
2025-09-07 13:44:28,868 - Iter 133: obj=-2736.714253, change=3.50e-02, α=1.000, ‖θ[1:]‖₁=65.803, num_selected_knots=1060
2025-09-07 13:44:34,623 - Iter 134: obj=-2736.729826, change=3.38e-02, α=1.000, ‖θ[1:]‖₁=65.774, num_selected_knots=1053
2025-09-07 13:44:37,728 - Iter 135: obj=-2736.744853, change=1.76e-02, α=1.000, ‖θ[1:]‖₁=65.744, num_selected_knots=1051
2025-09-07 13:44:40,854 - Iter 136: obj=-2736.759000, change=1.65e-02, α=1.000, ‖θ[1:]‖₁=65.715, num_selected_knots=1046
2025-09-07 13:44:43,981 - Iter 137: obj=-2736.772756, change=1.73e-02, α=1.000, ‖θ[1:]‖₁=65.687, num_selected_knots=1040
2025-09-07 13:44:47,121 - Iter 138: obj=-2736.786297, change=1.62e-02, α=1.000, ‖θ[1:]‖₁=65.659, num_selected_knots=1033
2025-09-07 13:44:50,373 - Iter 139: obj=-2736.799633, change=1.70e-02, α=1.000, ‖θ[1:]‖₁=65.632, num_selected_knots=1029
2025-09-07 13:44:53,552 - Iter 140: obj=-2736.812741, change=1.60e-02, α=1.000, ‖θ[1:]‖₁=65.605, num_selected_knots=1022
2025-09-07 13:44:56,702 - Iter 141: obj=-2736.825591, change=1.58e-02, α=1.000, ‖θ[1:]‖₁=65.579, num_selected_knots=1017
2025-09-07 13:45:00,231 - Iter 142: obj=-2736.838071, change=1.54e-02, α=1.000, ‖θ[1:]‖₁=65.554, num_selected_knots=1005
2025-09-07 13:45:03,472 - Iter 143: obj=-2736.850168, change=1.62e-02, α=1.000, ‖θ[1:]‖₁=65.530, num_selected_knots=1000
2025-09-07 13:45:06,765 - Iter 144: obj=-2736.862246, change=1.60e-02, α=1.000, ‖θ[1:]‖₁=65.506, num_selected_knots=993
2025-09-07 13:45:10,300 - Iter 145: obj=-2736.874132, change=1.60e-02, α=1.000, ‖θ[1:]‖₁=65.484, num_selected_knots=987
2025-09-07 13:45:18,253 - Iter 146: obj=-2736.885890, change=1.59e-02, α=1.000, ‖θ[1:]‖₁=65.461, num_selected_knots=983
2025-09-07 13:45:21,358 - Iter 147: obj=-2736.897521, change=1.48e-02, α=1.000, ‖θ[1:]‖₁=65.438, num_selected_knots=979
2025-09-07 13:45:24,420 - Iter 148: obj=-2736.909104, change=1.50e-02, α=1.000, ‖θ[1:]‖₁=65.416, num_selected_knots=977
2025-09-07 13:45:27,552 - Iter 149: obj=-2736.920542, change=1.27e-02, α=1.000, ‖θ[1:]‖₁=65.395, num_selected_knots=970
2025-09-07 13:45:30,648 - Iter 150: obj=-2736.931763, change=1.43e-02, α=1.000, ‖θ[1:]‖₁=65.373, num_selected_knots=967
2025-09-07 13:45:33,749 - Iter 151: obj=-2736.942681, change=1.51e-02, α=1.000, ‖θ[1:]‖₁=65.353, num_selected_knots=963
2025-09-07 13:45:36,846 - Iter 152: obj=-2736.953454, change=1.40e-02, α=1.000, ‖θ[1:]‖₁=65.332, num_selected_knots=957
2025-09-07 13:45:39,953 - Iter 153: obj=-2736.963987, change=1.38e-02, α=1.000, ‖θ[1:]‖₁=65.313, num_selected_knots=951
2025-09-07 13:45:43,030 - Iter 154: obj=-2736.974290, change=1.46e-02, α=1.000, ‖θ[1:]‖₁=65.294, num_selected_knots=944
2025-09-07 13:45:46,137 - Iter 155: obj=-2736.984396, change=1.45e-02, α=1.000, ‖θ[1:]‖₁=65.275, num_selected_knots=937
2025-09-07 13:45:49,209 - Iter 156: obj=-2736.994374, change=1.44e-02, α=1.000, ‖θ[1:]‖₁=65.257, num_selected_knots=933
2025-09-07 13:45:52,299 - Iter 157: obj=-2737.004234, change=1.33e-02, α=1.000, ‖θ[1:]‖₁=65.240, num_selected_knots=926
2025-09-07 13:45:55,399 - Iter 158: obj=-2737.013993, change=1.32e-02, α=1.000, ‖θ[1:]‖₁=65.223, num_selected_knots=920
2025-09-07 13:45:58,501 - Iter 159: obj=-2737.023633, change=1.31e-02, α=1.000, ‖θ[1:]‖₁=65.207, num_selected_knots=916
2025-09-07 13:46:01,600 - Iter 160: obj=-2737.033118, change=1.40e-02, α=1.000, ‖θ[1:]‖₁=65.191, num_selected_knots=911
2025-09-07 13:46:04,645 - Iter 161: obj=-2737.042401, change=1.39e-02, α=1.000, ‖θ[1:]‖₁=65.176, num_selected_knots=905
2025-09-07 13:46:07,733 - Iter 162: obj=-2737.051556, change=1.38e-02, α=1.000, ‖θ[1:]‖₁=65.161, num_selected_knots=899
2025-09-07 13:46:10,869 - Iter 163: obj=-2737.060639, change=1.28e-02, α=1.000, ‖θ[1:]‖₁=65.147, num_selected_knots=891
2025-09-07 13:46:13,967 - Iter 164: obj=-2737.069691, change=1.28e-02, α=1.000, ‖θ[1:]‖₁=65.133, num_selected_knots=888
2025-09-07 13:46:17,056 - Iter 165: obj=-2737.078495, change=1.32e-02, α=1.000, ‖θ[1:]‖₁=65.120, num_selected_knots=883
2025-09-07 13:46:20,139 - Iter 166: obj=-2737.087170, change=1.28e-02, α=1.000, ‖θ[1:]‖₁=65.107, num_selected_knots=875
2025-09-07 13:46:23,230 - Iter 167: obj=-2737.095609, change=1.28e-02, α=1.000, ‖θ[1:]‖₁=65.095, num_selected_knots=868
2025-09-07 13:46:26,302 - Iter 168: obj=-2737.104158, change=1.28e-02, α=1.000, ‖θ[1:]‖₁=65.083, num_selected_knots=863
2025-09-07 13:46:29,380 - Iter 169: obj=-2737.112605, change=1.53e-02, α=1.000, ‖θ[1:]‖₁=65.072, num_selected_knots=860
2025-09-07 13:46:32,469 - Iter 170: obj=-2737.121400, change=1.78e-02, α=1.000, ‖θ[1:]‖₁=65.061, num_selected_knots=854
2025-09-07 13:46:35,554 - Iter 171: obj=-2737.130668, change=1.76e-02, α=1.000, ‖θ[1:]‖₁=65.052, num_selected_knots=852
2025-09-07 13:46:38,644 - Iter 172: obj=-2737.140047, change=1.71e-02, α=1.000, ‖θ[1:]‖₁=65.044, num_selected_knots=846
2025-09-07 13:46:41,762 - Iter 173: obj=-2737.149298, change=1.70e-02, α=1.000, ‖θ[1:]‖₁=65.035, num_selected_knots=843
2025-09-07 13:46:44,857 - Iter 174: obj=-2737.158501, change=1.69e-02, α=1.000, ‖θ[1:]‖₁=65.026, num_selected_knots=840
2025-09-07 13:46:48,006 - Iter 175: obj=-2737.167729, change=1.68e-02, α=1.000, ‖θ[1:]‖₁=65.016, num_selected_knots=832
2025-09-07 13:46:51,093 - Iter 176: obj=-2737.177414, change=1.66e-02, α=1.000, ‖θ[1:]‖₁=65.007, num_selected_knots=823
2025-09-07 13:46:54,215 - Iter 177: obj=-2737.187713, change=1.66e-02, α=1.000, ‖θ[1:]‖₁=64.999, num_selected_knots=822
2025-09-07 13:46:57,332 - Iter 178: obj=-2737.197943, change=1.59e-02, α=1.000, ‖θ[1:]‖₁=64.990, num_selected_knots=818
2025-09-07 13:47:00,564 - Iter 179: obj=-2737.207983, change=1.58e-02, α=1.000, ‖θ[1:]‖₁=64.982, num_selected_knots=817
2025-09-07 13:47:03,676 - Iter 180: obj=-2737.217865, change=1.58e-02, α=1.000, ‖θ[1:]‖₁=64.974, num_selected_knots=813
2025-09-07 13:47:06,778 - Iter 181: obj=-2737.227693, change=1.57e-02, α=1.000, ‖θ[1:]‖₁=64.966, num_selected_knots=809
2025-09-07 13:47:09,931 - Iter 182: obj=-2737.237463, change=1.57e-02, α=1.000, ‖θ[1:]‖₁=64.958, num_selected_knots=807
2025-09-07 13:47:13,249 - Iter 183: obj=-2737.247164, change=1.57e-02, α=1.000, ‖θ[1:]‖₁=64.950, num_selected_knots=802
2025-09-07 13:47:16,545 - Iter 184: obj=-2737.256733, change=1.56e-02, α=1.000, ‖θ[1:]‖₁=64.942, num_selected_knots=798
2025-09-07 13:47:19,740 - Iter 185: obj=-2737.266106, change=1.56e-02, α=1.000, ‖θ[1:]‖₁=64.934, num_selected_knots=796
2025-09-07 13:47:22,945 - Iter 186: obj=-2737.275348, change=1.53e-02, α=1.000, ‖θ[1:]‖₁=64.927, num_selected_knots=792
2025-09-07 13:47:26,151 - Iter 187: obj=-2737.284521, change=1.53e-02, α=1.000, ‖θ[1:]‖₁=64.919, num_selected_knots=788
2025-09-07 13:47:29,342 - Iter 188: obj=-2737.293638, change=1.52e-02, α=1.000, ‖θ[1:]‖₁=64.912, num_selected_knots=786
2025-09-07 13:47:32,658 - Iter 189: obj=-2737.302708, change=1.52e-02, α=1.000, ‖θ[1:]‖₁=64.905, num_selected_knots=784
2025-09-07 13:47:35,881 - Iter 190: obj=-2737.311723, change=1.56e-02, α=1.000, ‖θ[1:]‖₁=64.898, num_selected_knots=780
2025-09-07 13:47:39,132 - Iter 191: obj=-2737.320742, change=1.53e-02, α=1.000, ‖θ[1:]‖₁=64.891, num_selected_knots=777
2025-09-07 13:47:42,345 - Iter 192: obj=-2737.329656, change=1.52e-02, α=1.000, ‖θ[1:]‖₁=64.885, num_selected_knots=774
2025-09-07 13:47:45,556 - Iter 193: obj=-2737.338583, change=1.52e-02, α=1.000, ‖θ[1:]‖₁=64.878, num_selected_knots=770
2025-09-07 13:47:48,792 - Iter 194: obj=-2737.347579, change=1.51e-02, α=1.000, ‖θ[1:]‖₁=64.872, num_selected_knots=769
2025-09-07 13:47:52,011 - Iter 195: obj=-2737.356781, change=1.49e-02, α=1.000, ‖θ[1:]‖₁=64.867, num_selected_knots=764
2025-09-07 13:47:55,210 - Iter 196: obj=-2737.365891, change=1.48e-02, α=1.000, ‖θ[1:]‖₁=64.861, num_selected_knots=761
2025-09-07 13:47:58,432 - Iter 197: obj=-2737.374962, change=1.48e-02, α=1.000, ‖θ[1:]‖₁=64.856, num_selected_knots=758
2025-09-07 13:48:01,702 - Iter 198: obj=-2737.384005, change=1.46e-02, α=1.000, ‖θ[1:]‖₁=64.852, num_selected_knots=747
2025-09-07 13:48:04,927 - Iter 199: obj=-2737.393036, change=1.46e-02, α=1.000, ‖θ[1:]‖₁=64.847, num_selected_knots=746
2025-09-07 13:48:08,163 - Iter 200: obj=-2737.402289, change=1.41e-02, α=1.000, ‖θ[1:]‖₁=64.843, num_selected_knots=741
2025-09-07 13:48:11,457 - Iter 201: obj=-2737.411449, change=1.41e-02, α=1.000, ‖θ[1:]‖₁=64.840, num_selected_knots=740
2025-09-07 13:48:14,779 - Iter 202: obj=-2737.420482, change=1.41e-02, α=1.000, ‖θ[1:]‖₁=64.836, num_selected_knots=740
2025-09-07 13:48:18,001 - Iter 203: obj=-2737.429485, change=1.40e-02, α=1.000, ‖θ[1:]‖₁=64.833, num_selected_knots=735
2025-09-07 13:48:21,224 - Iter 204: obj=-2737.438408, change=1.40e-02, α=1.000, ‖θ[1:]‖₁=64.830, num_selected_knots=733
2025-09-07 13:48:24,437 - Iter 205: obj=-2737.447244, change=1.40e-02, α=1.000, ‖θ[1:]‖₁=64.826, num_selected_knots=732
2025-09-07 13:48:27,661 - Iter 206: obj=-2737.456033, change=1.40e-02, α=1.000, ‖θ[1:]‖₁=64.823, num_selected_knots=729
2025-09-07 13:48:30,896 - Iter 207: obj=-2737.464737, change=1.38e-02, α=1.000, ‖θ[1:]‖₁=64.820, num_selected_knots=726
2025-09-07 13:48:34,311 - Iter 208: obj=-2737.473243, change=1.38e-02, α=1.000, ‖θ[1:]‖₁=64.818, num_selected_knots=723
2025-09-07 13:48:42,443 - Iter 209: obj=-2737.481578, change=1.37e-02, α=1.000, ‖θ[1:]‖₁=64.815, num_selected_knots=721
2025-09-07 13:48:45,875 - Iter 210: obj=-2737.489648, change=1.37e-02, α=1.000, ‖θ[1:]‖₁=64.813, num_selected_knots=720
2025-09-07 13:48:49,074 - Iter 211: obj=-2737.497671, change=1.37e-02, α=1.000, ‖θ[1:]‖₁=64.810, num_selected_knots=716
2025-09-07 13:48:52,250 - Iter 212: obj=-2737.505663, change=1.35e-02, α=1.000, ‖θ[1:]‖₁=64.808, num_selected_knots=714
2025-09-07 13:48:55,607 - Iter 213: obj=-2737.513614, change=1.35e-02, α=1.000, ‖θ[1:]‖₁=64.805, num_selected_knots=714
2025-09-07 13:48:59,056 - Iter 214: obj=-2737.521519, change=1.35e-02, α=1.000, ‖θ[1:]‖₁=64.803, num_selected_knots=713
2025-09-07 13:49:02,270 - Iter 215: obj=-2737.529415, change=1.35e-02, α=1.000, ‖θ[1:]‖₁=64.800, num_selected_knots=712
2025-09-07 13:49:05,511 - Iter 216: obj=-2737.537270, change=1.35e-02, α=1.000, ‖θ[1:]‖₁=64.798, num_selected_knots=710
2025-09-07 13:49:08,721 - Iter 217: obj=-2737.545098, change=1.32e-02, α=1.000, ‖θ[1:]‖₁=64.796, num_selected_knots=709
2025-09-07 13:49:11,936 - Iter 218: obj=-2737.552899, change=1.32e-02, α=1.000, ‖θ[1:]‖₁=64.793, num_selected_knots=706
2025-09-07 13:49:15,135 - Iter 219: obj=-2737.560637, change=1.32e-02, α=1.000, ‖θ[1:]‖₁=64.791, num_selected_knots=705
2025-09-07 13:49:18,311 - Iter 220: obj=-2737.568351, change=1.32e-02, α=1.000, ‖θ[1:]‖₁=64.789, num_selected_knots=700
2025-09-07 13:49:21,559 - Iter 221: obj=-2737.576020, change=1.32e-02, α=1.000, ‖θ[1:]‖₁=64.787, num_selected_knots=700
2025-09-07 13:49:24,790 - Iter 222: obj=-2737.583632, change=1.31e-02, α=1.000, ‖θ[1:]‖₁=64.785, num_selected_knots=699
2025-09-07 13:49:28,007 - Iter 223: obj=-2737.591228, change=1.30e-02, α=1.000, ‖θ[1:]‖₁=64.783, num_selected_knots=697
2025-09-07 13:49:31,215 - Iter 224: obj=-2737.598787, change=1.29e-02, α=1.000, ‖θ[1:]‖₁=64.781, num_selected_knots=694
2025-09-07 13:49:34,451 - Iter 225: obj=-2737.606270, change=1.29e-02, α=1.000, ‖θ[1:]‖₁=64.779, num_selected_knots=694
2025-09-07 13:49:37,672 - Iter 226: obj=-2737.613662, change=1.29e-02, α=1.000, ‖θ[1:]‖₁=64.777, num_selected_knots=692
2025-09-07 13:49:40,876 - Iter 227: obj=-2737.621041, change=1.29e-02, α=1.000, ‖θ[1:]‖₁=64.775, num_selected_knots=691
2025-09-07 13:49:44,115 - Iter 228: obj=-2737.628410, change=1.27e-02, α=1.000, ‖θ[1:]‖₁=64.773, num_selected_knots=689
2025-09-07 13:49:47,358 - Iter 229: obj=-2737.635755, change=1.27e-02, α=1.000, ‖θ[1:]‖₁=64.772, num_selected_knots=687
2025-09-07 13:49:50,708 - Iter 230: obj=-2737.643073, change=1.27e-02, α=1.000, ‖θ[1:]‖₁=64.770, num_selected_knots=682
2025-09-07 13:49:53,905 - Iter 231: obj=-2737.650380, change=1.26e-02, α=1.000, ‖θ[1:]‖₁=64.768, num_selected_knots=680
2025-09-07 13:49:57,122 - Iter 232: obj=-2737.657624, change=1.25e-02, α=1.000, ‖θ[1:]‖₁=64.767, num_selected_knots=678
2025-09-07 13:50:00,400 - Iter 233: obj=-2737.664812, change=1.25e-02, α=1.000, ‖θ[1:]‖₁=64.765, num_selected_knots=676
2025-09-07 13:50:03,648 - Iter 234: obj=-2737.671981, change=1.25e-02, α=1.000, ‖θ[1:]‖₁=64.763, num_selected_knots=670
2025-09-07 13:50:07,008 - Iter 235: obj=-2737.679128, change=1.25e-02, α=1.000, ‖θ[1:]‖₁=64.762, num_selected_knots=666
2025-09-07 13:50:10,291 - Iter 236: obj=-2737.686187, change=1.25e-02, α=1.000, ‖θ[1:]‖₁=64.760, num_selected_knots=664
2025-09-07 13:50:13,524 - Iter 237: obj=-2737.693213, change=1.25e-02, α=1.000, ‖θ[1:]‖₁=64.759, num_selected_knots=662
2025-09-07 13:50:17,202 - Iter 238: obj=-2737.700223, change=1.25e-02, α=1.000, ‖θ[1:]‖₁=64.757, num_selected_knots=655
2025-09-07 13:50:24,687 - Iter 239: obj=-2737.707223, change=1.25e-02, α=1.000, ‖θ[1:]‖₁=64.755, num_selected_knots=650
2025-09-07 13:50:27,837 - Iter 240: obj=-2737.714257, change=1.25e-02, α=1.000, ‖θ[1:]‖₁=64.754, num_selected_knots=644
2025-09-07 13:50:30,950 - Iter 241: obj=-2737.721351, change=1.25e-02, α=1.000, ‖θ[1:]‖₁=64.752, num_selected_knots=639
2025-09-07 13:50:34,243 - Iter 242: obj=-2737.728387, change=1.31e-02, α=1.000, ‖θ[1:]‖₁=64.751, num_selected_knots=636
2025-09-07 13:50:37,408 - Iter 243: obj=-2737.735446, change=1.30e-02, α=1.000, ‖θ[1:]‖₁=64.750, num_selected_knots=636
2025-09-07 13:50:40,531 - Iter 244: obj=-2737.742482, change=1.25e-02, α=1.000, ‖θ[1:]‖₁=64.749, num_selected_knots=632
2025-09-07 13:50:43,700 - Iter 245: obj=-2737.749500, change=1.25e-02, α=1.000, ‖θ[1:]‖₁=64.748, num_selected_knots=630
2025-09-07 13:50:47,111 - Iter 246: obj=-2737.756471, change=1.25e-02, α=1.000, ‖θ[1:]‖₁=64.746, num_selected_knots=628
2025-09-07 13:50:50,397 - Iter 247: obj=-2737.763372, change=1.25e-02, α=1.000, ‖θ[1:]‖₁=64.745, num_selected_knots=628
2025-09-07 13:50:53,685 - Iter 248: obj=-2737.770270, change=1.25e-02, α=1.000, ‖θ[1:]‖₁=64.743, num_selected_knots=627
2025-09-07 13:50:56,957 - Iter 249: obj=-2737.777132, change=1.25e-02, α=1.000, ‖θ[1:]‖₁=64.742, num_selected_knots=627
2025-09-07 13:51:00,409 - Iter 250: obj=-2737.783969, change=1.25e-02, α=1.000, ‖θ[1:]‖₁=64.740, num_selected_knots=627
2025-09-07 13:51:03,671 - Iter 251: obj=-2737.790807, change=1.25e-02, α=1.000, ‖θ[1:]‖₁=64.738, num_selected_knots=625
2025-09-07 13:51:06,976 - Iter 252: obj=-2737.797594, change=1.25e-02, α=1.000, ‖θ[1:]‖₁=64.736, num_selected_knots=623
2025-09-07 13:51:10,190 - Iter 253: obj=-2737.804345, change=1.26e-02, α=1.000, ‖θ[1:]‖₁=64.734, num_selected_knots=622
2025-09-07 13:51:13,475 - Iter 254: obj=-2737.811055, change=1.25e-02, α=1.000, ‖θ[1:]‖₁=64.732, num_selected_knots=620
2025-09-07 13:51:16,738 - Iter 255: obj=-2737.817628, change=1.25e-02, α=1.000, ‖θ[1:]‖₁=64.730, num_selected_knots=620
2025-09-07 13:51:20,000 - Iter 256: obj=-2737.824104, change=1.25e-02, α=1.000, ‖θ[1:]‖₁=64.728, num_selected_knots=617
2025-09-07 13:51:23,245 - Iter 257: obj=-2737.830537, change=1.25e-02, α=1.000, ‖θ[1:]‖₁=64.725, num_selected_knots=613
2025-09-07 13:51:26,507 - Iter 258: obj=-2737.836912, change=1.25e-02, α=1.000, ‖θ[1:]‖₁=64.723, num_selected_knots=612
2025-09-07 13:51:29,707 - Iter 259: obj=-2737.843272, change=1.25e-02, α=1.000, ‖θ[1:]‖₁=64.721, num_selected_knots=611
2025-09-07 13:51:32,958 - Iter 260: obj=-2737.849627, change=1.25e-02, α=1.000, ‖θ[1:]‖₁=64.719, num_selected_knots=609
2025-09-07 13:51:36,221 - Iter 261: obj=-2737.855958, change=1.25e-02, α=1.000, ‖θ[1:]‖₁=64.716, num_selected_knots=609
2025-09-07 13:51:39,432 - Iter 262: obj=-2737.862118, change=1.25e-02, α=1.000, ‖θ[1:]‖₁=64.714, num_selected_knots=609
2025-09-07 13:51:42,638 - Iter 263: obj=-2737.868271, change=1.25e-02, α=1.000, ‖θ[1:]‖₁=64.712, num_selected_knots=608
2025-09-07 13:51:45,859 - Iter 264: obj=-2737.874418, change=1.25e-02, α=1.000, ‖θ[1:]‖₁=64.709, num_selected_knots=608
2025-09-07 13:51:49,086 - Iter 265: obj=-2737.880559, change=1.25e-02, α=1.000, ‖θ[1:]‖₁=64.707, num_selected_knots=607
2025-09-07 13:51:52,323 - Iter 266: obj=-2737.886673, change=1.25e-02, α=1.000, ‖θ[1:]‖₁=64.705, num_selected_knots=607
2025-09-07 13:51:55,529 - Iter 267: obj=-2737.892779, change=1.25e-02, α=1.000, ‖θ[1:]‖₁=64.702, num_selected_knots=603
2025-09-07 13:51:58,752 - Iter 268: obj=-2737.898842, change=1.25e-02, α=1.000, ‖θ[1:]‖₁=64.700, num_selected_knots=602
2025-09-07 13:52:02,011 - Iter 269: obj=-2737.904892, change=1.25e-02, α=1.000, ‖θ[1:]‖₁=64.697, num_selected_knots=600
2025-09-07 13:52:05,385 - Iter 270: obj=-2737.910922, change=1.25e-02, α=1.000, ‖θ[1:]‖₁=64.694, num_selected_knots=598
2025-09-07 13:52:09,195 - Iter 271: obj=-2737.916901, change=1.25e-02, α=1.000, ‖θ[1:]‖₁=64.692, num_selected_knots=597
2025-09-07 13:52:12,518 - Iter 272: obj=-2737.922859, change=1.25e-02, α=1.000, ‖θ[1:]‖₁=64.689, num_selected_knots=597
2025-09-07 13:52:15,801 - Iter 273: obj=-2737.928809, change=1.25e-02, α=1.000, ‖θ[1:]‖₁=64.687, num_selected_knots=597
2025-09-07 13:52:19,129 - Iter 274: obj=-2737.934754, change=1.25e-02, α=1.000, ‖θ[1:]‖₁=64.684, num_selected_knots=596
2025-09-07 13:52:22,422 - Iter 275: obj=-2737.940670, change=1.25e-02, α=1.000, ‖θ[1:]‖₁=64.681, num_selected_knots=590
2025-09-07 13:52:25,643 - Iter 276: obj=-2737.946539, change=1.25e-02, α=1.000, ‖θ[1:]‖₁=64.679, num_selected_knots=589
2025-09-07 13:52:28,892 - Iter 277: obj=-2737.952310, change=1.25e-02, α=1.000, ‖θ[1:]‖₁=64.676, num_selected_knots=589
2025-09-07 13:52:32,132 - Iter 278: obj=-2737.958060, change=1.25e-02, α=1.000, ‖θ[1:]‖₁=64.673, num_selected_knots=586
2025-09-07 13:52:35,345 - Iter 279: obj=-2737.963671, change=1.25e-02, α=1.000, ‖θ[1:]‖₁=64.671, num_selected_knots=585
2025-09-07 13:52:38,611 - Iter 280: obj=-2737.969186, change=1.25e-02, α=1.000, ‖θ[1:]‖₁=64.668, num_selected_knots=583
2025-09-07 13:52:46,634 - Iter 281: obj=-2737.974689, change=1.25e-02, α=1.000, ‖θ[1:]‖₁=64.665, num_selected_knots=582
2025-09-07 13:52:49,806 - Iter 282: obj=-2737.980115, change=1.25e-02, α=1.000, ‖θ[1:]‖₁=64.662, num_selected_knots=582
2025-09-07 13:52:52,956 - Iter 283: obj=-2737.985481, change=1.25e-02, α=1.000, ‖θ[1:]‖₁=64.660, num_selected_knots=581
2025-09-07 13:52:56,103 - Iter 284: obj=-2737.990842, change=1.25e-02, α=1.000, ‖θ[1:]‖₁=64.657, num_selected_knots=581
2025-09-07 13:52:59,538 - Iter 285: obj=-2737.996196, change=1.25e-02, α=1.000, ‖θ[1:]‖₁=64.654, num_selected_knots=580
2025-09-07 13:53:02,712 - Iter 286: obj=-2738.001530, change=1.25e-02, α=1.000, ‖θ[1:]‖₁=64.651, num_selected_knots=580
2025-09-07 13:53:05,831 - Iter 287: obj=-2738.006839, change=1.25e-02, α=1.000, ‖θ[1:]‖₁=64.648, num_selected_knots=579
2025-09-07 13:53:09,011 - Iter 288: obj=-2738.012142, change=1.25e-02, α=1.000, ‖θ[1:]‖₁=64.645, num_selected_knots=579
2025-09-07 13:53:12,182 - Iter 289: obj=-2738.017440, change=1.25e-02, α=1.000, ‖θ[1:]‖₁=64.643, num_selected_knots=578
2025-09-07 13:53:15,381 - Iter 290: obj=-2738.022716, change=1.25e-02, α=1.000, ‖θ[1:]‖₁=64.640, num_selected_knots=577
2025-09-07 13:53:18,543 - Iter 291: obj=-2738.027986, change=1.25e-02, α=1.000, ‖θ[1:]‖₁=64.637, num_selected_knots=576
2025-09-07 13:53:21,694 - Iter 292: obj=-2738.033251, change=1.25e-02, α=1.000, ‖θ[1:]‖₁=64.634, num_selected_knots=572
2025-09-07 13:53:24,859 - Iter 293: obj=-2738.038504, change=1.25e-02, α=1.000, ‖θ[1:]‖₁=64.631, num_selected_knots=568
2025-09-07 13:53:28,185 - Iter 294: obj=-2738.043707, change=1.25e-02, α=1.000, ‖θ[1:]‖₁=64.628, num_selected_knots=567
2025-09-07 13:53:31,360 - Iter 295: obj=-2738.048872, change=1.25e-02, α=1.000, ‖θ[1:]‖₁=64.625, num_selected_knots=567
2025-09-07 13:53:34,559 - Iter 296: obj=-2738.054017, change=1.26e-02, α=1.000, ‖θ[1:]‖₁=64.622, num_selected_knots=565
2025-09-07 13:53:37,730 - Iter 297: obj=-2738.059139, change=1.27e-02, α=1.000, ‖θ[1:]‖₁=64.619, num_selected_knots=564
2025-09-07 13:53:40,883 - Iter 298: obj=-2738.064227, change=1.27e-02, α=1.000, ‖θ[1:]‖₁=64.616, num_selected_knots=564
2025-09-07 13:53:44,063 - Iter 299: obj=-2738.069284, change=1.27e-02, α=1.000, ‖θ[1:]‖₁=64.614, num_selected_knots=562
2025-09-07 13:53:47,246 - Iter 300: obj=-2738.074318, change=1.27e-02, α=1.000, ‖θ[1:]‖₁=64.611, num_selected_knots=562
2025-09-07 13:53:50,405 - Iter 301: obj=-2738.079338, change=1.27e-02, α=1.000, ‖θ[1:]‖₁=64.608, num_selected_knots=562
2025-09-07 13:53:53,583 - Iter 302: obj=-2738.084350, change=1.27e-02, α=1.000, ‖θ[1:]‖₁=64.605, num_selected_knots=561
2025-09-07 13:53:56,717 - Iter 303: obj=-2738.089352, change=1.27e-02, α=1.000, ‖θ[1:]‖₁=64.602, num_selected_knots=560
2025-09-07 13:53:59,872 - Iter 304: obj=-2738.094298, change=1.27e-02, α=1.000, ‖θ[1:]‖₁=64.599, num_selected_knots=559
2025-09-07 13:54:03,032 - Iter 305: obj=-2738.099208, change=1.27e-02, α=1.000, ‖θ[1:]‖₁=64.596, num_selected_knots=559
2025-09-07 13:54:06,207 - Iter 306: obj=-2738.104110, change=1.27e-02, α=1.000, ‖θ[1:]‖₁=64.593, num_selected_knots=557
2025-09-07 13:54:09,367 - Iter 307: obj=-2738.108978, change=1.27e-02, α=1.000, ‖θ[1:]‖₁=64.590, num_selected_knots=556
2025-09-07 13:54:12,537 - Iter 308: obj=-2738.113754, change=1.27e-02, α=1.000, ‖θ[1:]‖₁=64.587, num_selected_knots=555
2025-09-07 13:54:15,759 - Iter 309: obj=-2738.118519, change=1.27e-02, α=1.000, ‖θ[1:]‖₁=64.585, num_selected_knots=555
2025-09-07 13:54:18,997 - Iter 310: obj=-2738.123276, change=1.27e-02, α=1.000, ‖θ[1:]‖₁=64.582, num_selected_knots=555
2025-09-07 13:54:22,463 - Iter 311: obj=-2738.128026, change=1.27e-02, α=1.000, ‖θ[1:]‖₁=64.579, num_selected_knots=554
2025-09-07 13:54:25,673 - Iter 312: obj=-2738.132767, change=1.27e-02, α=1.000, ‖θ[1:]‖₁=64.576, num_selected_knots=552
2025-09-07 13:54:28,869 - Iter 313: obj=-2738.137502, change=1.27e-02, α=1.000, ‖θ[1:]‖₁=64.573, num_selected_knots=550
2025-09-07 13:54:32,067 - Iter 314: obj=-2738.142219, change=1.27e-02, α=1.000, ‖θ[1:]‖₁=64.571, num_selected_knots=550
2025-09-07 13:54:35,233 - Iter 315: obj=-2738.146928, change=1.27e-02, α=1.000, ‖θ[1:]‖₁=64.568, num_selected_knots=549
2025-09-07 13:54:38,489 - Iter 316: obj=-2738.151631, change=1.27e-02, α=1.000, ‖θ[1:]‖₁=64.565, num_selected_knots=548
2025-09-07 13:54:41,684 - Iter 317: obj=-2738.156296, change=1.27e-02, α=1.000, ‖θ[1:]‖₁=64.562, num_selected_knots=547
2025-09-07 13:54:44,889 - Iter 318: obj=-2738.160955, change=1.27e-02, α=1.000, ‖θ[1:]‖₁=64.559, num_selected_knots=547
2025-09-07 13:54:48,143 - Iter 319: obj=-2738.165592, change=1.27e-02, α=1.000, ‖θ[1:]‖₁=64.557, num_selected_knots=546
2025-09-07 13:54:51,460 - Iter 320: obj=-2738.170214, change=1.27e-02, α=1.000, ‖θ[1:]‖₁=64.554, num_selected_knots=545
2025-09-07 13:54:54,704 - Iter 321: obj=-2738.174816, change=1.27e-02, α=1.000, ‖θ[1:]‖₁=64.551, num_selected_knots=545
2025-09-07 13:54:57,902 - Iter 322: obj=-2738.179401, change=1.27e-02, α=1.000, ‖θ[1:]‖₁=64.548, num_selected_knots=544
2025-09-07 13:55:01,295 - Iter 323: obj=-2738.183980, change=1.27e-02, α=1.000, ‖θ[1:]‖₁=64.545, num_selected_knots=541
2025-09-07 13:55:04,527 - Iter 324: obj=-2738.188531, change=1.27e-02, α=1.000, ‖θ[1:]‖₁=64.543, num_selected_knots=540
2025-09-07 13:55:07,757 - Iter 325: obj=-2738.193061, change=1.27e-02, α=1.000, ‖θ[1:]‖₁=64.540, num_selected_knots=536
2025-09-07 13:55:11,087 - Iter 326: obj=-2738.197581, change=1.27e-02, α=1.000, ‖θ[1:]‖₁=64.537, num_selected_knots=536
2025-09-07 13:55:19,140 - Iter 327: obj=-2738.202080, change=1.27e-02, α=1.000, ‖θ[1:]‖₁=64.534, num_selected_knots=533
2025-09-07 13:55:22,302 - Iter 328: obj=-2738.206558, change=1.27e-02, α=1.000, ‖θ[1:]‖₁=64.532, num_selected_knots=531
2025-09-07 13:55:25,471 - Iter 329: obj=-2738.210997, change=1.27e-02, α=1.000, ‖θ[1:]‖₁=64.529, num_selected_knots=531
2025-09-07 13:55:28,666 - Iter 330: obj=-2738.215427, change=1.27e-02, α=1.000, ‖θ[1:]‖₁=64.526, num_selected_knots=528
2025-09-07 13:55:31,880 - Iter 331: obj=-2738.219793, change=1.27e-02, α=1.000, ‖θ[1:]‖₁=64.523, num_selected_knots=525
2025-09-07 13:55:35,324 - Iter 332: obj=-2738.224005, change=1.27e-02, α=1.000, ‖θ[1:]‖₁=64.521, num_selected_knots=525
2025-09-07 13:55:38,511 - Iter 333: obj=-2738.228177, change=1.27e-02, α=1.000, ‖θ[1:]‖₁=64.518, num_selected_knots=525
2025-09-07 13:55:41,784 - Iter 334: obj=-2738.232339, change=1.27e-02, α=1.000, ‖θ[1:]‖₁=64.515, num_selected_knots=523
2025-09-07 13:55:44,978 - Iter 335: obj=-2738.236397, change=1.27e-02, α=1.000, ‖θ[1:]‖₁=64.513, num_selected_knots=523
2025-09-07 13:55:48,400 - Iter 336: obj=-2738.240441, change=1.27e-02, α=1.000, ‖θ[1:]‖₁=64.510, num_selected_knots=521
2025-09-07 13:55:51,702 - Iter 337: obj=-2738.244478, change=1.27e-02, α=1.000, ‖θ[1:]‖₁=64.507, num_selected_knots=519
2025-09-07 13:55:54,901 - Iter 338: obj=-2738.248486, change=1.27e-02, α=1.000, ‖θ[1:]‖₁=64.505, num_selected_knots=518
2025-09-07 13:55:58,181 - Iter 339: obj=-2738.252395, change=1.27e-02, α=1.000, ‖θ[1:]‖₁=64.502, num_selected_knots=516
2025-09-07 13:56:01,526 - Iter 340: obj=-2738.256291, change=1.27e-02, α=1.000, ‖θ[1:]‖₁=64.499, num_selected_knots=516
2025-09-07 13:56:04,705 - Iter 341: obj=-2738.260163, change=1.27e-02, α=1.000, ‖θ[1:]‖₁=64.497, num_selected_knots=516
2025-09-07 13:56:08,035 - Iter 342: obj=-2738.264031, change=1.27e-02, α=1.000, ‖θ[1:]‖₁=64.494, num_selected_knots=516
2025-09-07 13:56:11,325 - Iter 343: obj=-2738.267894, change=1.27e-02, α=1.000, ‖θ[1:]‖₁=64.491, num_selected_knots=516
2025-09-07 13:56:14,569 - Iter 344: obj=-2738.271753, change=1.27e-02, α=1.000, ‖θ[1:]‖₁=64.489, num_selected_knots=516
2025-09-07 13:56:17,906 - Iter 345: obj=-2738.275608, change=1.27e-02, α=1.000, ‖θ[1:]‖₁=64.486, num_selected_knots=516
2025-09-07 13:56:21,211 - Iter 346: obj=-2738.279459, change=1.27e-02, α=1.000, ‖θ[1:]‖₁=64.484, num_selected_knots=514
2025-09-07 13:56:24,462 - Iter 347: obj=-2738.283280, change=1.27e-02, α=1.000, ‖θ[1:]‖₁=64.481, num_selected_knots=514
2025-09-07 13:56:30,591 - Iter 348: obj=-2738.287062, change=1.27e-02, α=1.000, ‖θ[1:]‖₁=64.478, num_selected_knots=513
2025-09-07 13:56:33,742 - Iter 349: obj=-2738.290838, change=1.27e-02, α=1.000, ‖θ[1:]‖₁=64.476, num_selected_knots=511
2025-09-07 13:56:36,894 - Iter 350: obj=-2738.294610, change=1.27e-02, α=1.000, ‖θ[1:]‖₁=64.473, num_selected_knots=511
2025-09-07 13:56:39,996 - Iter 351: obj=-2738.298377, change=1.27e-02, α=1.000, ‖θ[1:]‖₁=64.470, num_selected_knots=509
2025-09-07 13:56:43,117 - Iter 352: obj=-2738.302141, change=1.27e-02, α=1.000, ‖θ[1:]‖₁=64.468, num_selected_knots=508
2025-09-07 13:56:46,331 - Iter 353: obj=-2738.305901, change=1.27e-02, α=1.000, ‖θ[1:]‖₁=64.465, num_selected_knots=507
2025-09-07 13:56:49,516 - Iter 354: obj=-2738.309649, change=1.27e-02, α=1.000, ‖θ[1:]‖₁=64.462, num_selected_knots=507
2025-09-07 13:56:52,754 - Iter 355: obj=-2738.313389, change=1.27e-02, α=1.000, ‖θ[1:]‖₁=64.460, num_selected_knots=507
2025-09-07 13:56:55,962 - Iter 356: obj=-2738.317123, change=1.27e-02, α=1.000, ‖θ[1:]‖₁=64.457, num_selected_knots=507
2025-09-07 13:56:59,560 - Iter 357: obj=-2738.320853, change=1.27e-02, α=1.000, ‖θ[1:]‖₁=64.455, num_selected_knots=506
2025-09-07 13:57:03,383 - Iter 358: obj=-2738.324577, change=1.27e-02, α=1.000, ‖θ[1:]‖₁=64.452, num_selected_knots=506
2025-09-07 13:57:06,633 - Iter 359: obj=-2738.328287, change=1.27e-02, α=1.000, ‖θ[1:]‖₁=64.450, num_selected_knots=505
2025-09-07 13:57:09,878 - Iter 360: obj=-2738.331992, change=1.27e-02, α=1.000, ‖θ[1:]‖₁=64.447, num_selected_knots=503
2025-09-07 13:57:16,593 - Iter 361: obj=-2738.335682, change=1.27e-02, α=1.000, ‖θ[1:]‖₁=64.445, num_selected_knots=502
2025-09-07 13:57:19,889 - Iter 362: obj=-2738.339353, change=1.27e-02, α=1.000, ‖θ[1:]‖₁=64.442, num_selected_knots=501
2025-09-07 13:57:23,163 - Iter 363: obj=-2738.342961, change=1.27e-02, α=1.000, ‖θ[1:]‖₁=64.439, num_selected_knots=501
2025-09-07 13:57:26,549 - Iter 364: obj=-2738.346548, change=1.27e-02, α=1.000, ‖θ[1:]‖₁=64.437, num_selected_knots=501
2025-09-07 13:57:29,781 - Iter 365: obj=-2738.350131, change=1.27e-02, α=1.000, ‖θ[1:]‖₁=64.434, num_selected_knots=501
2025-09-07 13:57:33,011 - Iter 366: obj=-2738.353710, change=1.27e-02, α=1.000, ‖θ[1:]‖₁=64.432, num_selected_knots=501
2025-09-07 13:57:36,355 - Iter 367: obj=-2738.357285, change=1.27e-02, α=1.000, ‖θ[1:]‖₁=64.429, num_selected_knots=501
2025-09-07 13:57:39,637 - Iter 368: obj=-2738.360856, change=1.27e-02, α=1.000, ‖θ[1:]‖₁=64.426, num_selected_knots=500
2025-09-07 13:57:42,870 - Iter 369: obj=-2738.364422, change=1.27e-02, α=1.000, ‖θ[1:]‖₁=64.424, num_selected_knots=498
2025-09-07 13:57:46,221 - Iter 370: obj=-2738.367981, change=1.27e-02, α=1.000, ‖θ[1:]‖₁=64.421, num_selected_knots=495
2025-09-07 13:57:49,497 - Iter 371: obj=-2738.371531, change=1.27e-02, α=1.000, ‖θ[1:]‖₁=64.418, num_selected_knots=494
2025-09-07 13:57:57,411 - Iter 372: obj=-2738.375075, change=1.27e-02, α=1.000, ‖θ[1:]‖₁=64.416, num_selected_knots=494
2025-09-07 13:58:00,621 - Iter 373: obj=-2738.378612, change=1.27e-02, α=1.000, ‖θ[1:]‖₁=64.413, num_selected_knots=492
2025-09-07 13:58:03,768 - Iter 374: obj=-2738.382145, change=1.26e-02, α=1.000, ‖θ[1:]‖₁=64.410, num_selected_knots=490
2025-09-07 13:58:06,861 - Iter 375: obj=-2738.385667, change=1.26e-02, α=1.000, ‖θ[1:]‖₁=64.408, num_selected_knots=488
2025-09-07 13:58:10,023 - Iter 376: obj=-2738.389166, change=1.26e-02, α=1.000, ‖θ[1:]‖₁=64.405, num_selected_knots=487
2025-09-07 13:58:13,234 - Iter 377: obj=-2738.392628, change=1.26e-02, α=1.000, ‖θ[1:]‖₁=64.402, num_selected_knots=487
2025-09-07 13:58:16,342 - Iter 378: obj=-2738.396078, change=1.26e-02, α=1.000, ‖θ[1:]‖₁=64.399, num_selected_knots=487
2025-09-07 13:58:19,493 - Iter 379: obj=-2738.399525, change=1.26e-02, α=1.000, ‖θ[1:]‖₁=64.397, num_selected_knots=487
2025-09-07 13:58:22,662 - Iter 380: obj=-2738.402967, change=1.26e-02, α=1.000, ‖θ[1:]‖₁=64.394, num_selected_knots=487
2025-09-07 13:58:25,807 - Iter 381: obj=-2738.406406, change=1.26e-02, α=1.000, ‖θ[1:]‖₁=64.391, num_selected_knots=486
2025-09-07 13:58:29,011 - Iter 382: obj=-2738.409840, change=1.26e-02, α=1.000, ‖θ[1:]‖₁=64.388, num_selected_knots=483
2025-09-07 13:58:32,222 - Iter 383: obj=-2738.413268, change=1.26e-02, α=1.000, ‖θ[1:]‖₁=64.386, num_selected_knots=483
2025-09-07 13:58:35,405 - Iter 384: obj=-2738.416685, change=1.26e-02, α=1.000, ‖θ[1:]‖₁=64.383, num_selected_knots=483
2025-09-07 13:58:38,708 - Iter 385: obj=-2738.420096, change=8.07e-03, α=1.000, ‖θ[1:]‖₁=64.380, num_selected_knots=480
2025-09-07 13:58:41,890 - Iter 386: obj=-2738.423452, change=8.03e-03, α=1.000, ‖θ[1:]‖₁=64.377, num_selected_knots=479
2025-09-07 13:58:45,278 - Iter 387: obj=-2738.426774, change=8.56e-03, α=1.000, ‖θ[1:]‖₁=64.374, num_selected_knots=477
2025-09-07 13:58:48,521 - Iter 388: obj=-2738.430077, change=8.56e-03, α=1.000, ‖θ[1:]‖₁=64.372, num_selected_knots=476
2025-09-07 13:58:51,758 - Iter 389: obj=-2738.433347, change=8.55e-03, α=1.000, ‖θ[1:]‖₁=64.369, num_selected_knots=474
2025-09-07 13:58:55,048 - Iter 390: obj=-2738.436613, change=8.55e-03, α=1.000, ‖θ[1:]‖₁=64.366, num_selected_knots=474
2025-09-07 13:58:58,366 - Iter 391: obj=-2738.439872, change=8.55e-03, α=1.000, ‖θ[1:]‖₁=64.364, num_selected_knots=474
2025-09-07 13:59:06,117 - Iter 392: obj=-2738.443126, change=7.50e-03, α=1.000, ‖θ[1:]‖₁=64.361, num_selected_knots=473
2025-09-07 13:59:09,277 - Iter 393: obj=-2738.446380, change=7.54e-03, α=1.000, ‖θ[1:]‖₁=64.358, num_selected_knots=472
2025-09-07 13:59:12,446 - Iter 394: obj=-2738.449643, change=7.53e-03, α=1.000, ‖θ[1:]‖₁=64.355, num_selected_knots=471
2025-09-07 13:59:15,533 - Iter 395: obj=-2738.452898, change=8.53e-03, α=1.000, ‖θ[1:]‖₁=64.353, num_selected_knots=471
2025-09-07 13:59:18,663 - Iter 396: obj=-2738.456147, change=7.48e-03, α=1.000, ‖θ[1:]‖₁=64.350, num_selected_knots=470
2025-09-07 13:59:21,788 - Iter 397: obj=-2738.459359, change=8.15e-03, α=1.000, ‖θ[1:]‖₁=64.347, num_selected_knots=469
2025-09-07 13:59:24,926 - Iter 398: obj=-2738.462487, change=8.15e-03, α=1.000, ‖θ[1:]‖₁=64.345, num_selected_knots=468
2025-09-07 13:59:28,054 - Iter 399: obj=-2738.465609, change=8.14e-03, α=1.000, ‖θ[1:]‖₁=64.342, num_selected_knots=467
2025-09-07 13:59:31,198 - Iter 400: obj=-2738.468723, change=7.39e-03, α=1.000, ‖θ[1:]‖₁=64.340, num_selected_knots=465
2025-09-07 13:59:34,303 - Iter 401: obj=-2738.471737, change=8.02e-03, α=1.000, ‖θ[1:]‖₁=64.337, num_selected_knots=465
2025-09-07 13:59:37,427 - Iter 402: obj=-2738.474726, change=8.02e-03, α=1.000, ‖θ[1:]‖₁=64.335, num_selected_knots=465
2025-09-07 13:59:40,581 - Iter 403: obj=-2738.477710, change=8.01e-03, α=1.000, ‖θ[1:]‖₁=64.332, num_selected_knots=463
2025-09-07 13:59:43,696 - Iter 404: obj=-2738.480679, change=8.01e-03, α=1.000, ‖θ[1:]‖₁=64.330, num_selected_knots=463
2025-09-07 13:59:46,814 - Iter 405: obj=-2738.483629, change=8.00e-03, α=1.000, ‖θ[1:]‖₁=64.327, num_selected_knots=463
2025-09-07 13:59:50,290 - Iter 406: obj=-2738.486575, change=8.00e-03, α=1.000, ‖θ[1:]‖₁=64.325, num_selected_knots=462
2025-09-07 13:59:53,731 - Iter 407: obj=-2738.489517, change=7.99e-03, α=1.000, ‖θ[1:]‖₁=64.322, num_selected_knots=462
2025-09-07 13:59:57,018 - Iter 408: obj=-2738.492454, change=7.99e-03, α=1.000, ‖θ[1:]‖₁=64.320, num_selected_knots=460
2025-09-07 14:00:00,294 - Iter 409: obj=-2738.495362, change=7.99e-03, α=1.000, ‖θ[1:]‖₁=64.317, num_selected_knots=457
2025-09-07 14:00:03,510 - Iter 410: obj=-2738.498256, change=7.98e-03, α=1.000, ‖θ[1:]‖₁=64.315, num_selected_knots=457
2025-09-07 14:00:06,748 - Iter 411: obj=-2738.501141, change=7.98e-03, α=1.000, ‖θ[1:]‖₁=64.313, num_selected_knots=457
2025-09-07 14:00:09,987 - Iter 412: obj=-2738.504022, change=7.98e-03, α=1.000, ‖θ[1:]‖₁=64.310, num_selected_knots=457
2025-09-07 14:00:13,253 - Iter 413: obj=-2738.506900, change=7.97e-03, α=1.000, ‖θ[1:]‖₁=64.308, num_selected_knots=457
2025-09-07 14:00:21,048 - Iter 414: obj=-2738.509773, change=7.97e-03, α=1.000, ‖θ[1:]‖₁=64.305, num_selected_knots=456
2025-09-07 14:00:24,223 - Iter 415: obj=-2738.512640, change=7.97e-03, α=1.000, ‖θ[1:]‖₁=64.303, num_selected_knots=456
2025-09-07 14:00:27,323 - Iter 416: obj=-2738.515490, change=7.96e-03, α=1.000, ‖θ[1:]‖₁=64.301, num_selected_knots=456
2025-09-07 14:00:30,437 - Iter 417: obj=-2738.518337, change=7.96e-03, α=1.000, ‖θ[1:]‖₁=64.298, num_selected_knots=456
2025-09-07 14:00:33,545 - Iter 418: obj=-2738.521180, change=7.96e-03, α=1.000, ‖θ[1:]‖₁=64.296, num_selected_knots=456
2025-09-07 14:00:36,664 - Iter 419: obj=-2738.524019, change=7.95e-03, α=1.000, ‖θ[1:]‖₁=64.293, num_selected_knots=456
2025-09-07 14:00:39,793 - Iter 420: obj=-2738.526855, change=7.95e-03, α=1.000, ‖θ[1:]‖₁=64.291, num_selected_knots=455
2025-09-07 14:00:42,913 - Iter 421: obj=-2738.529677, change=7.95e-03, α=1.000, ‖θ[1:]‖₁=64.288, num_selected_knots=454
2025-09-07 14:00:46,062 - Iter 422: obj=-2738.532470, change=7.94e-03, α=1.000, ‖θ[1:]‖₁=64.286, num_selected_knots=452
2025-09-07 14:00:49,197 - Iter 423: obj=-2738.535218, change=7.94e-03, α=1.000, ‖θ[1:]‖₁=64.284, num_selected_knots=451
2025-09-07 14:00:52,331 - Iter 424: obj=-2738.537960, change=7.94e-03, α=1.000, ‖θ[1:]‖₁=64.281, num_selected_knots=451
2025-09-07 14:00:55,420 - Iter 425: obj=-2738.540678, change=7.93e-03, α=1.000, ‖θ[1:]‖₁=64.279, num_selected_knots=449
2025-09-07 14:00:58,802 - Iter 426: obj=-2738.543392, change=7.93e-03, α=1.000, ‖θ[1:]‖₁=64.276, num_selected_knots=448
2025-09-07 14:01:02,159 - Iter 427: obj=-2738.546103, change=7.93e-03, α=1.000, ‖θ[1:]‖₁=64.274, num_selected_knots=448
2025-09-07 14:01:05,478 - Iter 428: obj=-2738.548810, change=7.92e-03, α=1.000, ‖θ[1:]‖₁=64.272, num_selected_knots=447
2025-09-07 14:01:08,718 - Iter 429: obj=-2738.551512, change=7.92e-03, α=1.000, ‖θ[1:]‖₁=64.269, num_selected_knots=447
2025-09-07 14:01:11,978 - Iter 430: obj=-2738.554210, change=7.37e-03, α=1.000, ‖θ[1:]‖₁=64.267, num_selected_knots=445
2025-09-07 14:01:15,187 - Iter 431: obj=-2738.556894, change=7.94e-03, α=1.000, ‖θ[1:]‖₁=64.264, num_selected_knots=444
2025-09-07 14:01:18,418 - Iter 432: obj=-2738.559566, change=7.94e-03, α=1.000, ‖θ[1:]‖₁=64.262, num_selected_knots=443
2025-09-07 14:01:21,757 - Iter 433: obj=-2738.562239, change=7.93e-03, α=1.000, ‖θ[1:]‖₁=64.260, num_selected_knots=441
2025-09-07 14:01:24,959 - Iter 434: obj=-2738.564909, change=7.93e-03, α=1.000, ‖θ[1:]‖₁=64.257, num_selected_knots=440
2025-09-07 14:01:28,322 - Iter 435: obj=-2738.567525, change=7.93e-03, α=1.000, ‖θ[1:]‖₁=64.255, num_selected_knots=440
2025-09-07 14:01:31,637 - Iter 436: obj=-2738.570132, change=7.93e-03, α=1.000, ‖θ[1:]‖₁=64.253, num_selected_knots=439
2025-09-07 14:01:34,929 - Iter 437: obj=-2738.572741, change=7.26e-03, α=1.000, ‖θ[1:]‖₁=64.250, num_selected_knots=438
2025-09-07 14:01:38,224 - Iter 438: obj=-2738.575353, change=7.28e-03, α=1.000, ‖θ[1:]‖₁=64.248, num_selected_knots=437
2025-09-07 14:01:41,492 - Iter 439: obj=-2738.577958, change=7.30e-03, α=1.000, ‖θ[1:]‖₁=64.245, num_selected_knots=437
2025-09-07 14:01:44,798 - Iter 440: obj=-2738.580556, change=7.64e-03, α=1.000, ‖θ[1:]‖₁=64.243, num_selected_knots=436
2025-09-07 14:01:48,092 - Iter 441: obj=-2738.583140, change=7.82e-03, α=1.000, ‖θ[1:]‖₁=64.240, num_selected_knots=436
2025-09-07 14:01:51,316 - Iter 442: obj=-2738.585723, change=7.82e-03, α=1.000, ‖θ[1:]‖₁=64.238, num_selected_knots=436
2025-09-07 14:01:54,558 - Iter 443: obj=-2738.588303, change=7.81e-03, α=1.000, ‖θ[1:]‖₁=64.235, num_selected_knots=435
2025-09-07 14:01:57,766 - Iter 444: obj=-2738.590877, change=7.36e-03, α=1.000, ‖θ[1:]‖₁=64.232, num_selected_knots=434
2025-09-07 14:02:00,989 - Iter 445: obj=-2738.593431, change=7.77e-03, α=1.000, ‖θ[1:]‖₁=64.230, num_selected_knots=434
2025-09-07 14:02:04,253 - Iter 446: obj=-2738.595975, change=7.37e-03, α=1.000, ‖θ[1:]‖₁=64.227, num_selected_knots=432
2025-09-07 14:02:07,521 - Iter 447: obj=-2738.598500, change=7.73e-03, α=1.000, ‖θ[1:]‖₁=64.225, num_selected_knots=432
2025-09-07 14:02:10,731 - Iter 448: obj=-2738.601015, change=7.73e-03, α=1.000, ‖θ[1:]‖₁=64.222, num_selected_knots=432
2025-09-07 14:02:14,020 - Iter 449: obj=-2738.603526, change=7.72e-03, α=1.000, ‖θ[1:]‖₁=64.220, num_selected_knots=432
2025-09-07 14:02:17,247 - Iter 450: obj=-2738.606031, change=7.71e-03, α=1.000, ‖θ[1:]‖₁=64.217, num_selected_knots=432
2025-09-07 14:02:20,497 - Iter 451: obj=-2738.608532, change=7.39e-03, α=1.000, ‖θ[1:]‖₁=64.215, num_selected_knots=431
2025-09-07 14:02:23,758 - Iter 452: obj=-2738.611024, change=7.39e-03, α=1.000, ‖θ[1:]‖₁=64.212, num_selected_knots=429
2025-09-07 14:02:27,003 - Iter 453: obj=-2738.613495, change=7.66e-03, α=1.000, ‖θ[1:]‖₁=64.210, num_selected_knots=428
2025-09-07 14:02:30,282 - Iter 454: obj=-2738.615954, change=7.65e-03, α=1.000, ‖θ[1:]‖₁=64.207, num_selected_knots=428
2025-09-07 14:02:33,606 - Iter 455: obj=-2738.618405, change=7.64e-03, α=1.000, ‖θ[1:]‖₁=64.205, num_selected_knots=428
2025-09-07 14:02:36,852 - Iter 456: obj=-2738.620851, change=7.64e-03, α=1.000, ‖θ[1:]‖₁=64.203, num_selected_knots=428
2025-09-07 14:02:40,109 - Iter 457: obj=-2738.623292, change=7.63e-03, α=1.000, ‖θ[1:]‖₁=64.200, num_selected_knots=428
2025-09-07 14:02:43,464 - Iter 458: obj=-2738.625729, change=7.62e-03, α=1.000, ‖θ[1:]‖₁=64.198, num_selected_knots=428
2025-09-07 14:02:46,797 - Iter 459: obj=-2738.628161, change=7.62e-03, α=1.000, ‖θ[1:]‖₁=64.196, num_selected_knots=428
2025-09-07 14:02:50,033 - Iter 460: obj=-2738.630589, change=7.61e-03, α=1.000, ‖θ[1:]‖₁=64.194, num_selected_knots=427
2025-09-07 14:02:53,310 - Iter 461: obj=-2738.633006, change=7.61e-03, α=1.000, ‖θ[1:]‖₁=64.192, num_selected_knots=427
2025-09-07 14:02:56,559 - Iter 462: obj=-2738.635417, change=7.61e-03, α=1.000, ‖θ[1:]‖₁=64.189, num_selected_knots=427
2025-09-07 14:03:03,728 - Iter 463: obj=-2738.637824, change=7.40e-03, α=1.000, ‖θ[1:]‖₁=64.187, num_selected_knots=425
2025-09-07 14:03:06,945 - Iter 464: obj=-2738.640227, change=7.64e-03, α=1.000, ‖θ[1:]‖₁=64.185, num_selected_knots=425
2025-09-07 14:03:10,104 - Iter 465: obj=-2738.642630, change=7.64e-03, α=1.000, ‖θ[1:]‖₁=64.183, num_selected_knots=424
2025-09-07 14:03:13,257 - Iter 466: obj=-2738.645022, change=7.63e-03, α=1.000, ‖θ[1:]‖₁=64.181, num_selected_knots=424
2025-09-07 14:03:16,465 - Iter 467: obj=-2738.647405, change=7.63e-03, α=1.000, ‖θ[1:]‖₁=64.179, num_selected_knots=424
2025-09-07 14:03:19,942 - Iter 468: obj=-2738.649785, change=7.40e-03, α=1.000, ‖θ[1:]‖₁=64.177, num_selected_knots=423
2025-09-07 14:03:23,136 - Iter 469: obj=-2738.652164, change=7.61e-03, α=1.000, ‖θ[1:]‖₁=64.175, num_selected_knots=423
2025-09-07 14:03:26,332 - Iter 470: obj=-2738.654541, change=7.60e-03, α=1.000, ‖θ[1:]‖₁=64.173, num_selected_knots=423
2025-09-07 14:03:29,529 - Iter 471: obj=-2738.656915, change=7.60e-03, α=1.000, ‖θ[1:]‖₁=64.171, num_selected_knots=421
2025-09-07 14:03:32,785 - Iter 472: obj=-2738.659284, change=7.60e-03, α=1.000, ‖θ[1:]‖₁=64.169, num_selected_knots=420
2025-09-07 14:03:36,039 - Iter 473: obj=-2738.661649, change=7.59e-03, α=1.000, ‖θ[1:]‖₁=64.167, num_selected_knots=420
2025-09-07 14:03:39,279 - Iter 474: obj=-2738.664010, change=7.39e-03, α=1.000, ‖θ[1:]‖₁=64.165, num_selected_knots=419
2025-09-07 14:03:42,480 - Iter 475: obj=-2738.666369, change=7.39e-03, α=1.000, ‖θ[1:]‖₁=64.164, num_selected_knots=417
2025-09-07 14:03:45,832 - Iter 476: obj=-2738.668646, change=7.39e-03, α=1.000, ‖θ[1:]‖₁=64.162, num_selected_knots=417
2025-09-07 14:03:49,173 - Iter 477: obj=-2738.670861, change=7.39e-03, α=1.000, ‖θ[1:]‖₁=64.160, num_selected_knots=417
2025-09-07 14:03:52,473 - Iter 478: obj=-2738.673071, change=7.39e-03, α=1.000, ‖θ[1:]‖₁=64.158, num_selected_knots=417
2025-09-07 14:03:55,718 - Iter 479: obj=-2738.675278, change=7.39e-03, α=1.000, ‖θ[1:]‖₁=64.156, num_selected_knots=417
2025-09-07 14:03:58,995 - Iter 480: obj=-2738.677482, change=7.39e-03, α=1.000, ‖θ[1:]‖₁=64.155, num_selected_knots=417
2025-09-07 14:04:02,251 - Iter 481: obj=-2738.679682, change=7.39e-03, α=1.000, ‖θ[1:]‖₁=64.153, num_selected_knots=415
2025-09-07 14:04:05,465 - Iter 482: obj=-2738.681819, change=7.39e-03, α=1.000, ‖θ[1:]‖₁=64.151, num_selected_knots=415
2025-09-07 14:04:08,710 - Iter 483: obj=-2738.683866, change=7.39e-03, α=1.000, ‖θ[1:]‖₁=64.150, num_selected_knots=415
2025-09-07 14:04:11,952 - Iter 484: obj=-2738.685910, change=7.39e-03, α=1.000, ‖θ[1:]‖₁=64.148, num_selected_knots=415
2025-09-07 14:04:15,158 - Iter 485: obj=-2738.687950, change=7.39e-03, α=1.000, ‖θ[1:]‖₁=64.146, num_selected_knots=415
2025-09-07 14:04:18,440 - Iter 486: obj=-2738.689987, change=7.39e-03, α=1.000, ‖θ[1:]‖₁=64.145, num_selected_knots=415
2025-09-07 14:04:21,665 - Iter 487: obj=-2738.692021, change=7.39e-03, α=1.000, ‖θ[1:]‖₁=64.143, num_selected_knots=415
2025-09-07 14:04:24,865 - Iter 488: obj=-2738.694052, change=7.39e-03, α=1.000, ‖θ[1:]‖₁=64.142, num_selected_knots=415
2025-09-07 14:04:28,121 - Iter 489: obj=-2738.696081, change=7.39e-03, α=1.000, ‖θ[1:]‖₁=64.140, num_selected_knots=415
2025-09-07 14:04:31,397 - Iter 490: obj=-2738.698106, change=7.39e-03, α=1.000, ‖θ[1:]‖₁=64.139, num_selected_knots=415
2025-09-07 14:04:34,638 - Iter 491: obj=-2738.700130, change=7.39e-03, α=1.000, ‖θ[1:]‖₁=64.137, num_selected_knots=414
2025-09-07 14:04:37,920 - Iter 492: obj=-2738.702144, change=7.38e-03, α=1.000, ‖θ[1:]‖₁=64.136, num_selected_knots=414
2025-09-07 14:04:41,133 - Iter 493: obj=-2738.704140, change=7.38e-03, α=1.000, ‖θ[1:]‖₁=64.134, num_selected_knots=414
2025-09-07 14:04:44,366 - Iter 494: obj=-2738.706133, change=7.38e-03, α=1.000, ‖θ[1:]‖₁=64.133, num_selected_knots=414
2025-09-07 14:04:47,657 - Iter 495: obj=-2738.708124, change=7.38e-03, α=1.000, ‖θ[1:]‖₁=64.131, num_selected_knots=413
2025-09-07 14:04:55,284 - Iter 496: obj=-2738.710113, change=7.38e-03, α=1.000, ‖θ[1:]‖₁=64.130, num_selected_knots=413
2025-09-07 14:04:58,582 - Iter 497: obj=-2738.712095, change=7.38e-03, α=1.000, ‖θ[1:]‖₁=64.128, num_selected_knots=413
2025-09-07 14:05:01,846 - Iter 498: obj=-2738.714075, change=7.38e-03, α=1.000, ‖θ[1:]‖₁=64.127, num_selected_knots=413
2025-09-07 14:05:05,018 - Iter 499: obj=-2738.716053, change=7.38e-03, α=1.000, ‖θ[1:]‖₁=64.125, num_selected_knots=412
2025-09-07 14:05:08,185 - Iter 500: obj=-2738.718029, change=7.38e-03, α=1.000, ‖θ[1:]‖₁=64.124, num_selected_knots=412
2025-09-07 14:05:08,200 - Final: obj=-2738.720003, selected_knots=412, iterations=501
