2025-09-07 12:47:09,074 - ProximalNewton: lam=40, n_grid=200, cd_sweeps=2, basis_order=0, n_samples=3200, K=3201
2025-09-07 12:47:16,960 - Iter   0: obj=0.000000, change=3.26e+00, α=1.000, ‖θ[1:]‖₁=8.587, num_selected_knots=1543
2025-09-07 12:47:22,834 - Iter   1: obj=-663.045554, change=1.51e+00, α=0.500, ‖θ[1:]‖₁=10.573, num_selected_knots=1605
2025-09-07 12:47:28,734 - Iter   2: obj=-1890.667549, change=2.14e-01, α=0.500, ‖θ[1:]‖₁=10.384, num_selected_knots=1645
2025-09-07 12:47:34,617 - Iter   3: obj=-2192.846607, change=1.14e+00, α=1.000, ‖θ[1:]‖₁=8.730, num_selected_knots=374
2025-09-07 12:47:40,473 - Iter   4: obj=-2361.103925, change=8.13e-01, α=1.000, ‖θ[1:]‖₁=8.528, num_selected_knots=362
2025-09-07 12:47:46,468 - Iter   5: obj=-2429.954900, change=2.84e-01, α=1.000, ‖θ[1:]‖₁=8.242, num_selected_knots=259
2025-09-07 12:47:52,479 - Iter   6: obj=-2442.068768, change=7.49e-01, α=1.000, ‖θ[1:]‖₁=8.726, num_selected_knots=207
2025-09-07 12:47:58,433 - Iter   7: obj=-2461.799907, change=4.91e-01, α=1.000, ‖θ[1:]‖₁=8.399, num_selected_knots=204
2025-09-07 12:48:04,390 - Iter   8: obj=-2477.351983, change=1.92e-01, α=1.000, ‖θ[1:]‖₁=8.173, num_selected_knots=179
2025-09-07 12:48:10,295 - Iter   9: obj=-2481.070287, change=1.52e-01, α=1.000, ‖θ[1:]‖₁=8.353, num_selected_knots=162
2025-09-07 12:48:16,227 - Iter  10: obj=-2483.575250, change=1.09e-01, α=1.000, ‖θ[1:]‖₁=8.459, num_selected_knots=139
2025-09-07 12:48:22,283 - Iter  11: obj=-2485.587021, change=1.18e-01, α=1.000, ‖θ[1:]‖₁=8.389, num_selected_knots=128
2025-09-07 12:48:28,127 - Iter  12: obj=-2486.980004, change=6.21e-02, α=1.000, ‖θ[1:]‖₁=8.294, num_selected_knots=115
2025-09-07 12:48:34,032 - Iter  13: obj=-2487.775995, change=4.51e-02, α=1.000, ‖θ[1:]‖₁=8.272, num_selected_knots=110
2025-09-07 12:48:39,931 - Iter  14: obj=-2488.408138, change=2.87e-02, α=1.000, ‖θ[1:]‖₁=8.284, num_selected_knots=105
2025-09-07 12:48:45,781 - Iter  15: obj=-2488.884888, change=2.88e-02, α=1.000, ‖θ[1:]‖₁=8.299, num_selected_knots=104
2025-09-07 12:48:51,774 - Iter  16: obj=-2489.215922, change=2.95e-02, α=1.000, ‖θ[1:]‖₁=8.302, num_selected_knots=100
2025-09-07 12:48:57,926 - Iter  17: obj=-2489.496767, change=2.88e-02, α=1.000, ‖θ[1:]‖₁=8.300, num_selected_knots=97
2025-09-07 12:49:04,106 - Iter  18: obj=-2489.752265, change=2.88e-02, α=1.000, ‖θ[1:]‖₁=8.299, num_selected_knots=96
2025-09-07 12:49:10,059 - Iter  19: obj=-2489.991918, change=2.88e-02, α=1.000, ‖θ[1:]‖₁=8.303, num_selected_knots=95
2025-09-07 12:49:15,977 - Iter  20: obj=-2490.223914, change=2.88e-02, α=1.000, ‖θ[1:]‖₁=8.308, num_selected_knots=92
2025-09-07 12:49:21,931 - Iter  21: obj=-2490.431363, change=2.88e-02, α=1.000, ‖θ[1:]‖₁=8.317, num_selected_knots=87
2025-09-07 12:49:27,933 - Iter  22: obj=-2490.614162, change=1.76e-02, α=1.000, ‖θ[1:]‖₁=8.322, num_selected_knots=86
2025-09-07 12:49:34,105 - Iter  23: obj=-2490.739673, change=1.66e-02, α=1.000, ‖θ[1:]‖₁=8.320, num_selected_knots=85
2025-09-07 12:49:40,068 - Iter  24: obj=-2490.859800, change=1.59e-02, α=1.000, ‖θ[1:]‖₁=8.320, num_selected_knots=84
2025-09-07 12:49:46,030 - Iter  25: obj=-2490.950902, change=1.54e-02, α=1.000, ‖θ[1:]‖₁=8.320, num_selected_knots=84
2025-09-07 12:49:52,077 - Iter  26: obj=-2491.037779, change=1.49e-02, α=1.000, ‖θ[1:]‖₁=8.321, num_selected_knots=81
2025-09-07 12:49:57,963 - Iter  27: obj=-2491.118734, change=1.44e-02, α=1.000, ‖θ[1:]‖₁=8.321, num_selected_knots=82
2025-09-07 12:50:03,878 - Iter  28: obj=-2491.206162, change=1.61e-02, α=1.000, ‖θ[1:]‖₁=8.322, num_selected_knots=79
2025-09-07 12:50:09,783 - Iter  29: obj=-2491.291826, change=1.58e-02, α=1.000, ‖θ[1:]‖₁=8.323, num_selected_knots=79
2025-09-07 12:50:15,741 - Iter  30: obj=-2491.374176, change=1.48e-02, α=1.000, ‖θ[1:]‖₁=8.323, num_selected_knots=78
2025-09-07 12:50:21,764 - Iter  31: obj=-2491.449219, change=1.40e-02, α=1.000, ‖θ[1:]‖₁=8.323, num_selected_knots=78
2025-09-07 12:50:27,622 - Iter  32: obj=-2491.517753, change=1.32e-02, α=1.000, ‖θ[1:]‖₁=8.323, num_selected_knots=78
2025-09-07 12:50:33,525 - Iter  33: obj=-2491.583994, change=1.25e-02, α=1.000, ‖θ[1:]‖₁=8.323, num_selected_knots=77
2025-09-07 12:50:39,431 - Iter  34: obj=-2491.647803, change=1.24e-02, α=1.000, ‖θ[1:]‖₁=8.323, num_selected_knots=76
2025-09-07 12:50:45,333 - Iter  35: obj=-2491.709308, change=1.24e-02, α=1.000, ‖θ[1:]‖₁=8.323, num_selected_knots=77
2025-09-07 12:50:51,285 - Iter  36: obj=-2491.768861, change=1.24e-02, α=1.000, ‖θ[1:]‖₁=8.322, num_selected_knots=75
2025-09-07 12:50:57,144 - Iter  37: obj=-2491.824389, change=1.24e-02, α=1.000, ‖θ[1:]‖₁=8.322, num_selected_knots=74
2025-09-07 12:51:03,222 - Iter  38: obj=-2491.874812, change=1.24e-02, α=1.000, ‖θ[1:]‖₁=8.322, num_selected_knots=74
2025-09-07 12:51:09,112 - Iter  39: obj=-2491.920269, change=1.24e-02, α=1.000, ‖θ[1:]‖₁=8.322, num_selected_knots=74
2025-09-07 12:51:15,059 - Iter  40: obj=-2491.964859, change=1.24e-02, α=1.000, ‖θ[1:]‖₁=8.321, num_selected_knots=74
2025-09-07 12:51:20,922 - Iter  41: obj=-2492.014232, change=1.39e-02, α=1.000, ‖θ[1:]‖₁=8.321, num_selected_knots=73
2025-09-07 12:51:26,834 - Iter  42: obj=-2492.063819, change=1.41e-02, α=1.000, ‖θ[1:]‖₁=8.320, num_selected_knots=73
2025-09-07 12:51:32,726 - Iter  43: obj=-2492.112747, change=1.36e-02, α=1.000, ‖θ[1:]‖₁=8.319, num_selected_knots=73
2025-09-07 12:51:38,592 - Iter  44: obj=-2492.160952, change=1.32e-02, α=1.000, ‖θ[1:]‖₁=8.317, num_selected_knots=71
2025-09-07 12:51:44,495 - Iter  45: obj=-2492.207637, change=1.30e-02, α=1.000, ‖θ[1:]‖₁=8.315, num_selected_knots=71
2025-09-07 12:51:50,484 - Iter  46: obj=-2492.251825, change=1.28e-02, α=1.000, ‖θ[1:]‖₁=8.313, num_selected_knots=71
2025-09-07 12:51:56,633 - Iter  47: obj=-2492.293897, change=1.25e-02, α=1.000, ‖θ[1:]‖₁=8.312, num_selected_knots=71
2025-09-07 12:52:02,470 - Iter  48: obj=-2492.333439, change=1.23e-02, α=1.000, ‖θ[1:]‖₁=8.311, num_selected_knots=70
2025-09-07 12:52:08,342 - Iter  49: obj=-2492.370384, change=1.25e-02, α=1.000, ‖θ[1:]‖₁=8.310, num_selected_knots=69
2025-09-07 12:52:14,368 - Iter  50: obj=-2492.407416, change=1.21e-02, α=1.000, ‖θ[1:]‖₁=8.308, num_selected_knots=68
2025-09-07 12:52:20,348 - Iter  51: obj=-2492.439006, change=1.20e-02, α=1.000, ‖θ[1:]‖₁=8.308, num_selected_knots=68
2025-09-07 12:52:26,261 - Iter  52: obj=-2492.465076, change=1.18e-02, α=1.000, ‖θ[1:]‖₁=8.307, num_selected_knots=68
2025-09-07 12:52:32,145 - Iter  53: obj=-2492.490732, change=1.16e-02, α=1.000, ‖θ[1:]‖₁=8.306, num_selected_knots=68
2025-09-07 12:52:37,999 - Iter  54: obj=-2492.515982, change=9.02e-03, α=1.000, ‖θ[1:]‖₁=8.306, num_selected_knots=67
2025-09-07 12:52:43,937 - Iter  55: obj=-2492.536625, change=8.37e-03, α=1.000, ‖θ[1:]‖₁=8.306, num_selected_knots=67
2025-09-07 12:52:50,070 - Iter  56: obj=-2492.554231, change=7.35e-03, α=1.000, ‖θ[1:]‖₁=8.304, num_selected_knots=67
2025-09-07 12:52:55,989 - Iter  57: obj=-2492.570675, change=6.34e-03, α=1.000, ‖θ[1:]‖₁=8.302, num_selected_knots=68
2025-09-07 12:53:02,150 - Iter  58: obj=-2492.586011, change=5.87e-03, α=1.000, ‖θ[1:]‖₁=8.301, num_selected_knots=68
2025-09-07 12:53:08,038 - Iter  59: obj=-2492.600584, change=5.73e-03, α=1.000, ‖θ[1:]‖₁=8.300, num_selected_knots=68
2025-09-07 12:53:13,863 - Iter  60: obj=-2492.614617, change=5.44e-03, α=1.000, ‖θ[1:]‖₁=8.299, num_selected_knots=68
2025-09-07 12:53:19,729 - Iter  61: obj=-2492.628238, change=5.07e-03, α=1.000, ‖θ[1:]‖₁=8.299, num_selected_knots=67
2025-09-07 12:53:25,669 - Iter  62: obj=-2492.638830, change=4.69e-03, α=1.000, ‖θ[1:]‖₁=8.299, num_selected_knots=66
2025-09-07 12:53:31,621 - Iter  63: obj=-2492.649112, change=4.53e-03, α=1.000, ‖θ[1:]‖₁=8.299, num_selected_knots=66
2025-09-07 12:53:37,666 - Iter  64: obj=-2492.659188, change=4.53e-03, α=1.000, ‖θ[1:]‖₁=8.299, num_selected_knots=66
2025-09-07 12:53:43,669 - Iter  65: obj=-2492.669108, change=4.54e-03, α=1.000, ‖θ[1:]‖₁=8.299, num_selected_knots=66
2025-09-07 12:53:49,702 - Iter  66: obj=-2492.678885, change=4.55e-03, α=1.000, ‖θ[1:]‖₁=8.300, num_selected_knots=66
2025-09-07 12:53:55,724 - Iter  67: obj=-2492.688526, change=4.56e-03, α=1.000, ‖θ[1:]‖₁=8.300, num_selected_knots=66
2025-09-07 12:54:01,815 - Iter  68: obj=-2492.698019, change=3.75e-03, α=1.000, ‖θ[1:]‖₁=8.301, num_selected_knots=65
2025-09-07 12:54:07,775 - Iter  69: obj=-2492.706552, change=3.73e-03, α=1.000, ‖θ[1:]‖₁=8.302, num_selected_knots=65
2025-09-07 12:54:13,694 - Iter  70: obj=-2492.714786, change=3.49e-03, α=1.000, ‖θ[1:]‖₁=8.302, num_selected_knots=65
2025-09-07 12:54:19,674 - Iter  71: obj=-2492.722705, change=3.46e-03, α=1.000, ‖θ[1:]‖₁=8.303, num_selected_knots=66
2025-09-07 12:54:25,628 - Iter  72: obj=-2492.730309, change=3.47e-03, α=1.000, ‖θ[1:]‖₁=8.303, num_selected_knots=66
2025-09-07 12:54:31,657 - Iter  73: obj=-2492.737684, change=3.47e-03, α=1.000, ‖θ[1:]‖₁=8.303, num_selected_knots=66
2025-09-07 12:54:37,631 - Iter  74: obj=-2492.744827, change=3.45e-03, α=1.000, ‖θ[1:]‖₁=8.304, num_selected_knots=66
2025-09-07 12:54:43,564 - Iter  75: obj=-2492.751742, change=3.45e-03, α=1.000, ‖θ[1:]‖₁=8.304, num_selected_knots=66
2025-09-07 12:54:49,695 - Iter  76: obj=-2492.758436, change=3.45e-03, α=1.000, ‖θ[1:]‖₁=8.304, num_selected_knots=66
2025-09-07 12:54:55,720 - Iter  77: obj=-2492.764918, change=3.45e-03, α=1.000, ‖θ[1:]‖₁=8.305, num_selected_knots=66
2025-09-07 12:55:01,892 - Iter  78: obj=-2492.771201, change=3.44e-03, α=1.000, ‖θ[1:]‖₁=8.305, num_selected_knots=66
2025-09-07 12:55:07,930 - Iter  79: obj=-2492.777292, change=3.44e-03, α=1.000, ‖θ[1:]‖₁=8.305, num_selected_knots=66
2025-09-07 12:55:13,891 - Iter  80: obj=-2492.783198, change=3.45e-03, α=1.000, ‖θ[1:]‖₁=8.306, num_selected_knots=66
2025-09-07 12:55:19,824 - Iter  81: obj=-2492.788929, change=3.45e-03, α=1.000, ‖θ[1:]‖₁=8.306, num_selected_knots=66
2025-09-07 12:55:25,772 - Iter  82: obj=-2492.794492, change=3.45e-03, α=1.000, ‖θ[1:]‖₁=8.306, num_selected_knots=66
2025-09-07 12:55:31,690 - Iter  83: obj=-2492.799895, change=3.46e-03, α=1.000, ‖θ[1:]‖₁=8.306, num_selected_knots=66
2025-09-07 12:55:37,593 - Iter  84: obj=-2492.805144, change=3.46e-03, α=1.000, ‖θ[1:]‖₁=8.306, num_selected_knots=66
2025-09-07 12:55:43,484 - Iter  85: obj=-2492.810245, change=3.46e-03, α=1.000, ‖θ[1:]‖₁=8.307, num_selected_knots=66
2025-09-07 12:55:49,485 - Iter  86: obj=-2492.815205, change=3.45e-03, α=1.000, ‖θ[1:]‖₁=8.307, num_selected_knots=67
2025-09-07 12:55:55,436 - Iter  87: obj=-2492.822797, change=5.68e-03, α=1.000, ‖θ[1:]‖₁=8.307, num_selected_knots=66
2025-09-07 12:56:01,291 - Iter  88: obj=-2492.830526, change=5.82e-03, α=1.000, ‖θ[1:]‖₁=8.307, num_selected_knots=66
2025-09-07 12:56:07,116 - Iter  89: obj=-2492.837934, change=5.60e-03, α=1.000, ‖θ[1:]‖₁=8.307, num_selected_knots=66
2025-09-07 12:56:12,953 - Iter  90: obj=-2492.845031, change=5.41e-03, α=1.000, ‖θ[1:]‖₁=8.307, num_selected_knots=66
2025-09-07 12:56:18,878 - Iter  91: obj=-2492.851842, change=5.23e-03, α=1.000, ‖θ[1:]‖₁=8.307, num_selected_knots=66
2025-09-07 12:56:24,718 - Iter  92: obj=-2492.858393, change=4.11e-03, α=1.000, ‖θ[1:]‖₁=8.307, num_selected_knots=65
2025-09-07 12:56:30,685 - Iter  93: obj=-2492.865588, change=4.46e-03, α=1.000, ‖θ[1:]‖₁=8.306, num_selected_knots=65
2025-09-07 12:56:36,561 - Iter  94: obj=-2492.871901, change=3.86e-03, α=1.000, ‖θ[1:]‖₁=8.306, num_selected_knots=65
2025-09-07 12:56:42,479 - Iter  95: obj=-2492.877450, change=3.49e-03, α=1.000, ‖θ[1:]‖₁=8.306, num_selected_knots=65
2025-09-07 12:56:48,538 - Iter  96: obj=-2492.882528, change=3.25e-03, α=1.000, ‖θ[1:]‖₁=8.306, num_selected_knots=65
2025-09-07 12:56:54,435 - Iter  97: obj=-2492.887309, change=3.10e-03, α=1.000, ‖θ[1:]‖₁=8.307, num_selected_knots=65
2025-09-07 12:57:00,454 - Iter  98: obj=-2492.891901, change=2.99e-03, α=1.000, ‖θ[1:]‖₁=8.307, num_selected_knots=65
2025-09-07 12:57:06,448 - Iter  99: obj=-2492.896367, change=2.91e-03, α=1.000, ‖θ[1:]‖₁=8.307, num_selected_knots=64
2025-09-07 12:57:12,278 - Iter 100: obj=-2492.900819, change=2.85e-03, α=1.000, ‖θ[1:]‖₁=8.306, num_selected_knots=64
2025-09-07 12:57:18,164 - Iter 101: obj=-2492.905254, change=2.81e-03, α=1.000, ‖θ[1:]‖₁=8.306, num_selected_knots=64
2025-09-07 12:57:24,082 - Iter 102: obj=-2492.909625, change=2.78e-03, α=1.000, ‖θ[1:]‖₁=8.306, num_selected_knots=64
2025-09-07 12:57:29,921 - Iter 103: obj=-2492.913940, change=2.75e-03, α=1.000, ‖θ[1:]‖₁=8.306, num_selected_knots=64
2025-09-07 12:57:35,844 - Iter 104: obj=-2492.918207, change=2.73e-03, α=1.000, ‖θ[1:]‖₁=8.306, num_selected_knots=64
2025-09-07 12:57:41,838 - Iter 105: obj=-2492.922430, change=2.72e-03, α=1.000, ‖θ[1:]‖₁=8.306, num_selected_knots=64
2025-09-07 12:57:47,882 - Iter 106: obj=-2492.926616, change=2.70e-03, α=1.000, ‖θ[1:]‖₁=8.306, num_selected_knots=64
2025-09-07 12:57:53,823 - Iter 107: obj=-2492.930766, change=2.69e-03, α=1.000, ‖θ[1:]‖₁=8.306, num_selected_knots=63
2025-09-07 12:57:59,855 - Iter 108: obj=-2492.934968, change=2.68e-03, α=1.000, ‖θ[1:]‖₁=8.306, num_selected_knots=63
2025-09-07 12:58:05,768 - Iter 109: obj=-2492.939317, change=2.67e-03, α=1.000, ‖θ[1:]‖₁=8.306, num_selected_knots=63
2025-09-07 12:58:11,714 - Iter 110: obj=-2492.943636, change=2.67e-03, α=1.000, ‖θ[1:]‖₁=8.306, num_selected_knots=63
2025-09-07 12:58:17,585 - Iter 111: obj=-2492.947927, change=2.66e-03, α=1.000, ‖θ[1:]‖₁=8.306, num_selected_knots=62
2025-09-07 12:58:23,390 - Iter 112: obj=-2492.951901, change=2.65e-03, α=1.000, ‖θ[1:]‖₁=8.306, num_selected_knots=63
2025-09-07 12:58:29,208 - Iter 113: obj=-2492.955900, change=2.64e-03, α=1.000, ‖θ[1:]‖₁=8.305, num_selected_knots=63
2025-09-07 12:58:35,013 - Iter 114: obj=-2492.960385, change=2.62e-03, α=1.000, ‖θ[1:]‖₁=8.305, num_selected_knots=63
2025-09-07 12:58:40,858 - Iter 115: obj=-2492.965321, change=2.59e-03, α=1.000, ‖θ[1:]‖₁=8.305, num_selected_knots=62
2025-09-07 12:58:46,927 - Iter 116: obj=-2492.970405, change=2.60e-03, α=1.000, ‖θ[1:]‖₁=8.305, num_selected_knots=63
2025-09-07 12:58:52,878 - Iter 117: obj=-2492.975416, change=2.60e-03, α=1.000, ‖θ[1:]‖₁=8.305, num_selected_knots=63
2025-09-07 12:58:58,906 - Iter 118: obj=-2492.980358, change=2.60e-03, α=1.000, ‖θ[1:]‖₁=8.305, num_selected_knots=63
2025-09-07 12:59:04,951 - Iter 119: obj=-2492.985229, change=2.60e-03, α=1.000, ‖θ[1:]‖₁=8.304, num_selected_knots=62
2025-09-07 12:59:10,859 - Iter 120: obj=-2492.990030, change=2.60e-03, α=1.000, ‖θ[1:]‖₁=8.304, num_selected_knots=62
2025-09-07 12:59:16,726 - Iter 121: obj=-2492.994770, change=2.59e-03, α=1.000, ‖θ[1:]‖₁=8.304, num_selected_knots=62
2025-09-07 12:59:22,478 - Iter 122: obj=-2492.999460, change=2.60e-03, α=1.000, ‖θ[1:]‖₁=8.304, num_selected_knots=62
2025-09-07 12:59:28,344 - Iter 123: obj=-2493.004108, change=2.60e-03, α=1.000, ‖θ[1:]‖₁=8.304, num_selected_knots=62
2025-09-07 12:59:34,125 - Iter 124: obj=-2493.008719, change=2.61e-03, α=1.000, ‖θ[1:]‖₁=8.304, num_selected_knots=62
2025-09-07 12:59:40,025 - Iter 125: obj=-2493.013297, change=2.61e-03, α=1.000, ‖θ[1:]‖₁=8.304, num_selected_knots=62
2025-09-07 12:59:45,935 - Iter 126: obj=-2493.017843, change=2.61e-03, α=1.000, ‖θ[1:]‖₁=8.304, num_selected_knots=62
2025-09-07 12:59:52,076 - Iter 127: obj=-2493.022360, change=2.61e-03, α=1.000, ‖θ[1:]‖₁=8.304, num_selected_knots=62
2025-09-07 12:59:58,018 - Iter 128: obj=-2493.026851, change=2.61e-03, α=1.000, ‖θ[1:]‖₁=8.304, num_selected_knots=62
2025-09-07 13:00:03,949 - Iter 129: obj=-2493.031316, change=2.61e-03, α=1.000, ‖θ[1:]‖₁=8.304, num_selected_knots=62
2025-09-07 13:00:09,903 - Iter 130: obj=-2493.035758, change=2.61e-03, α=1.000, ‖θ[1:]‖₁=8.304, num_selected_knots=62
2025-09-07 13:00:15,787 - Iter 131: obj=-2493.040178, change=2.61e-03, α=1.000, ‖θ[1:]‖₁=8.304, num_selected_knots=62
2025-09-07 13:00:21,590 - Iter 132: obj=-2493.044577, change=2.62e-03, α=1.000, ‖θ[1:]‖₁=8.304, num_selected_knots=62
2025-09-07 13:00:27,421 - Iter 133: obj=-2493.048956, change=2.62e-03, α=1.000, ‖θ[1:]‖₁=8.304, num_selected_knots=62
2025-09-07 13:00:33,236 - Iter 134: obj=-2493.053317, change=2.63e-03, α=1.000, ‖θ[1:]‖₁=8.304, num_selected_knots=62
2025-09-07 13:00:39,101 - Iter 135: obj=-2493.057659, change=2.63e-03, α=1.000, ‖θ[1:]‖₁=8.304, num_selected_knots=62
2025-09-07 13:00:45,040 - Iter 136: obj=-2493.061985, change=2.63e-03, α=1.000, ‖θ[1:]‖₁=8.304, num_selected_knots=62
2025-09-07 13:00:50,964 - Iter 137: obj=-2493.066295, change=2.64e-03, α=1.000, ‖θ[1:]‖₁=8.304, num_selected_knots=62
2025-09-07 13:00:57,042 - Iter 138: obj=-2493.070589, change=2.64e-03, α=1.000, ‖θ[1:]‖₁=8.304, num_selected_knots=62
2025-09-07 13:01:03,036 - Iter 139: obj=-2493.074869, change=2.64e-03, α=1.000, ‖θ[1:]‖₁=8.303, num_selected_knots=62
2025-09-07 13:01:09,068 - Iter 140: obj=-2493.079136, change=2.64e-03, α=1.000, ‖θ[1:]‖₁=8.303, num_selected_knots=62
2025-09-07 13:01:14,913 - Iter 141: obj=-2493.083390, change=2.65e-03, α=1.000, ‖θ[1:]‖₁=8.303, num_selected_knots=62
2025-09-07 13:01:20,715 - Iter 142: obj=-2493.087632, change=2.65e-03, α=1.000, ‖θ[1:]‖₁=8.303, num_selected_knots=62
2025-09-07 13:01:26,475 - Iter 143: obj=-2493.091863, change=2.65e-03, α=1.000, ‖θ[1:]‖₁=8.303, num_selected_knots=62
2025-09-07 13:01:32,293 - Iter 144: obj=-2493.097859, change=4.08e-03, α=1.000, ‖θ[1:]‖₁=8.303, num_selected_knots=60
2025-09-07 13:01:38,131 - Iter 145: obj=-2493.104426, change=4.31e-03, α=1.000, ‖θ[1:]‖₁=8.303, num_selected_knots=60
2025-09-07 13:01:43,994 - Iter 146: obj=-2493.110618, change=4.15e-03, α=1.000, ‖θ[1:]‖₁=8.303, num_selected_knots=60
2025-09-07 13:01:49,941 - Iter 147: obj=-2493.116441, change=3.99e-03, α=1.000, ‖θ[1:]‖₁=8.303, num_selected_knots=60
2025-09-07 13:01:55,792 - Iter 148: obj=-2493.121904, change=3.86e-03, α=1.000, ‖θ[1:]‖₁=8.303, num_selected_knots=60
2025-09-07 13:02:01,622 - Iter 149: obj=-2493.127032, change=3.74e-03, α=1.000, ‖θ[1:]‖₁=8.303, num_selected_knots=60
2025-09-07 13:02:07,463 - Iter 150: obj=-2493.131861, change=3.63e-03, α=1.000, ‖θ[1:]‖₁=8.303, num_selected_knots=60
2025-09-07 13:02:13,300 - Iter 151: obj=-2493.136433, change=3.53e-03, α=1.000, ‖θ[1:]‖₁=8.303, num_selected_knots=60
2025-09-07 13:02:19,101 - Iter 152: obj=-2493.140789, change=3.44e-03, α=1.000, ‖θ[1:]‖₁=8.303, num_selected_knots=59
2025-09-07 13:02:24,905 - Iter 153: obj=-2493.144959, change=3.36e-03, α=1.000, ‖θ[1:]‖₁=8.303, num_selected_knots=59
2025-09-07 13:02:30,788 - Iter 154: obj=-2493.148973, change=3.28e-03, α=1.000, ‖θ[1:]‖₁=8.303, num_selected_knots=59
2025-09-07 13:02:36,706 - Iter 155: obj=-2493.152854, change=3.20e-03, α=1.000, ‖θ[1:]‖₁=8.303, num_selected_knots=59
2025-09-07 13:02:42,628 - Iter 156: obj=-2493.156619, change=3.13e-03, α=1.000, ‖θ[1:]‖₁=8.303, num_selected_knots=59
2025-09-07 13:02:48,760 - Iter 157: obj=-2493.160281, change=3.07e-03, α=1.000, ‖θ[1:]‖₁=8.303, num_selected_knots=59
2025-09-07 13:02:54,734 - Iter 158: obj=-2493.163850, change=3.00e-03, α=1.000, ‖θ[1:]‖₁=8.303, num_selected_knots=59
2025-09-07 13:03:00,885 - Iter 159: obj=-2493.167336, change=2.95e-03, α=1.000, ‖θ[1:]‖₁=8.303, num_selected_knots=59
2025-09-07 13:03:06,740 - Iter 160: obj=-2493.170746, change=2.89e-03, α=1.000, ‖θ[1:]‖₁=8.303, num_selected_knots=59
2025-09-07 13:03:12,522 - Iter 161: obj=-2493.174086, change=2.85e-03, α=1.000, ‖θ[1:]‖₁=8.303, num_selected_knots=59
2025-09-07 13:03:18,305 - Iter 162: obj=-2493.177363, change=2.80e-03, α=1.000, ‖θ[1:]‖₁=8.303, num_selected_knots=59
2025-09-07 13:03:24,165 - Iter 163: obj=-2493.180582, change=2.76e-03, α=1.000, ‖θ[1:]‖₁=8.303, num_selected_knots=59
2025-09-07 13:03:30,652 - Iter 164: obj=-2493.183748, change=2.72e-03, α=1.000, ‖θ[1:]‖₁=8.303, num_selected_knots=59
2025-09-07 13:03:36,702 - Iter 165: obj=-2493.186865, change=2.68e-03, α=1.000, ‖θ[1:]‖₁=8.303, num_selected_knots=59
2025-09-07 13:03:42,774 - Iter 166: obj=-2493.189937, change=2.64e-03, α=1.000, ‖θ[1:]‖₁=8.303, num_selected_knots=59
2025-09-07 13:03:49,162 - Iter 167: obj=-2493.192968, change=2.61e-03, α=1.000, ‖θ[1:]‖₁=8.303, num_selected_knots=59
2025-09-07 13:03:55,876 - Iter 168: obj=-2493.195961, change=2.58e-03, α=1.000, ‖θ[1:]‖₁=8.303, num_selected_knots=59
2025-09-07 13:04:02,152 - Iter 169: obj=-2493.198919, change=2.55e-03, α=1.000, ‖θ[1:]‖₁=8.303, num_selected_knots=59
2025-09-07 13:04:08,219 - Iter 170: obj=-2493.201846, change=2.53e-03, α=1.000, ‖θ[1:]‖₁=8.303, num_selected_knots=58
2025-09-07 13:04:14,285 - Iter 171: obj=-2493.204742, change=2.50e-03, α=1.000, ‖θ[1:]‖₁=8.303, num_selected_knots=58
2025-09-07 13:04:20,226 - Iter 172: obj=-2493.207611, change=2.48e-03, α=1.000, ‖θ[1:]‖₁=8.303, num_selected_knots=58
2025-09-07 13:04:26,075 - Iter 173: obj=-2493.210455, change=2.46e-03, α=1.000, ‖θ[1:]‖₁=8.303, num_selected_knots=58
2025-09-07 13:04:32,266 - Iter 174: obj=-2493.213277, change=2.44e-03, α=1.000, ‖θ[1:]‖₁=8.303, num_selected_knots=58
2025-09-07 13:04:38,710 - Iter 175: obj=-2493.216077, change=2.42e-03, α=1.000, ‖θ[1:]‖₁=8.303, num_selected_knots=58
2025-09-07 13:04:44,799 - Iter 176: obj=-2493.218858, change=2.40e-03, α=1.000, ‖θ[1:]‖₁=8.303, num_selected_knots=58
2025-09-07 13:04:51,022 - Iter 177: obj=-2493.221620, change=2.39e-03, α=1.000, ‖θ[1:]‖₁=8.303, num_selected_knots=58
2025-09-07 13:04:56,983 - Iter 178: obj=-2493.224365, change=2.37e-03, α=1.000, ‖θ[1:]‖₁=8.303, num_selected_knots=58
2025-09-07 13:05:03,093 - Iter 179: obj=-2493.227095, change=2.36e-03, α=1.000, ‖θ[1:]‖₁=8.303, num_selected_knots=58
2025-09-07 13:05:09,015 - Iter 180: obj=-2493.229810, change=2.34e-03, α=1.000, ‖θ[1:]‖₁=8.303, num_selected_knots=58
2025-09-07 13:05:14,815 - Iter 181: obj=-2493.232511, change=2.33e-03, α=1.000, ‖θ[1:]‖₁=8.303, num_selected_knots=58
2025-09-07 13:05:20,795 - Iter 182: obj=-2493.235200, change=2.32e-03, α=1.000, ‖θ[1:]‖₁=8.303, num_selected_knots=58
2025-09-07 13:05:26,709 - Iter 183: obj=-2493.237876, change=2.31e-03, α=1.000, ‖θ[1:]‖₁=8.303, num_selected_knots=58
2025-09-07 13:05:32,664 - Iter 184: obj=-2493.240542, change=2.29e-03, α=1.000, ‖θ[1:]‖₁=8.303, num_selected_knots=58
2025-09-07 13:05:38,752 - Iter 185: obj=-2493.243197, change=2.28e-03, α=1.000, ‖θ[1:]‖₁=8.303, num_selected_knots=58
2025-09-07 13:05:44,767 - Iter 186: obj=-2493.245842, change=2.27e-03, α=1.000, ‖θ[1:]‖₁=8.303, num_selected_knots=58
2025-09-07 13:05:50,856 - Iter 187: obj=-2493.248478, change=2.27e-03, α=1.000, ‖θ[1:]‖₁=8.303, num_selected_knots=58
2025-09-07 13:05:56,820 - Iter 188: obj=-2493.251106, change=2.26e-03, α=1.000, ‖θ[1:]‖₁=8.303, num_selected_knots=58
2025-09-07 13:06:02,885 - Iter 189: obj=-2493.253726, change=2.25e-03, α=1.000, ‖θ[1:]‖₁=8.303, num_selected_knots=58
2025-09-07 13:06:08,828 - Iter 190: obj=-2493.256338, change=2.24e-03, α=1.000, ‖θ[1:]‖₁=8.303, num_selected_knots=58
2025-09-07 13:06:14,736 - Iter 191: obj=-2493.258942, change=2.24e-03, α=1.000, ‖θ[1:]‖₁=8.303, num_selected_knots=58
2025-09-07 13:06:20,634 - Iter 192: obj=-2493.261594, change=2.23e-03, α=1.000, ‖θ[1:]‖₁=8.303, num_selected_knots=58
2025-09-07 13:06:26,611 - Iter 193: obj=-2493.266389, change=4.06e-03, α=1.000, ‖θ[1:]‖₁=8.303, num_selected_knots=57
2025-09-07 13:06:32,586 - Iter 194: obj=-2493.271090, change=3.92e-03, α=1.000, ‖θ[1:]‖₁=8.303, num_selected_knots=57
2025-09-07 13:06:38,875 - Iter 195: obj=-2493.275641, change=3.79e-03, α=1.000, ‖θ[1:]‖₁=8.303, num_selected_knots=57
2025-09-07 13:06:44,783 - Iter 196: obj=-2493.280057, change=3.67e-03, α=1.000, ‖θ[1:]‖₁=8.303, num_selected_knots=57
2025-09-07 13:06:50,791 - Iter 197: obj=-2493.284352, change=3.57e-03, α=1.000, ‖θ[1:]‖₁=8.303, num_selected_knots=57
2025-09-07 13:06:56,778 - Iter 198: obj=-2493.288544, change=3.48e-03, α=1.000, ‖θ[1:]‖₁=8.303, num_selected_knots=57
2025-09-07 13:07:02,878 - Iter 199: obj=-2493.292643, change=3.41e-03, α=1.000, ‖θ[1:]‖₁=8.303, num_selected_knots=57
2025-09-07 13:07:08,834 - Iter 200: obj=-2493.296659, change=3.34e-03, α=1.000, ‖θ[1:]‖₁=8.303, num_selected_knots=57
2025-09-07 13:07:14,729 - Iter 201: obj=-2493.300602, change=3.28e-03, α=1.000, ‖θ[1:]‖₁=8.303, num_selected_knots=57
2025-09-07 13:07:20,699 - Iter 202: obj=-2493.304476, change=3.23e-03, α=1.000, ‖θ[1:]‖₁=8.303, num_selected_knots=57
2025-09-07 13:07:26,611 - Iter 203: obj=-2493.308290, change=3.18e-03, α=1.000, ‖θ[1:]‖₁=8.303, num_selected_knots=57
2025-09-07 13:07:32,578 - Iter 204: obj=-2493.312046, change=3.14e-03, α=1.000, ‖θ[1:]‖₁=8.303, num_selected_knots=57
2025-09-07 13:07:38,759 - Iter 205: obj=-2493.315751, change=3.10e-03, α=1.000, ‖θ[1:]‖₁=8.303, num_selected_knots=57
2025-09-07 13:07:45,500 - Iter 206: obj=-2493.319406, change=3.06e-03, α=1.000, ‖θ[1:]‖₁=8.303, num_selected_knots=57
2025-09-07 13:07:51,627 - Iter 207: obj=-2493.323016, change=3.03e-03, α=1.000, ‖θ[1:]‖₁=8.303, num_selected_knots=57
2025-09-07 13:07:57,560 - Iter 208: obj=-2493.326583, change=3.00e-03, α=1.000, ‖θ[1:]‖₁=8.303, num_selected_knots=57
2025-09-07 13:08:03,817 - Iter 209: obj=-2493.330110, change=2.97e-03, α=1.000, ‖θ[1:]‖₁=8.303, num_selected_knots=57
2025-09-07 13:08:10,089 - Iter 210: obj=-2493.333599, change=2.94e-03, α=1.000, ‖θ[1:]‖₁=8.303, num_selected_knots=57
2025-09-07 13:08:16,686 - Iter 211: obj=-2493.337051, change=2.91e-03, α=1.000, ‖θ[1:]‖₁=8.303, num_selected_knots=57
2025-09-07 13:08:23,087 - Iter 212: obj=-2493.340469, change=2.89e-03, α=1.000, ‖θ[1:]‖₁=8.303, num_selected_knots=57
2025-09-07 13:08:28,965 - Iter 213: obj=-2493.343854, change=2.86e-03, α=1.000, ‖θ[1:]‖₁=8.303, num_selected_knots=57
2025-09-07 13:08:34,894 - Iter 214: obj=-2493.347208, change=2.84e-03, α=1.000, ‖θ[1:]‖₁=8.303, num_selected_knots=57
2025-09-07 13:08:40,814 - Iter 215: obj=-2493.350533, change=2.82e-03, α=1.000, ‖θ[1:]‖₁=8.303, num_selected_knots=57
2025-09-07 13:08:46,760 - Iter 216: obj=-2493.353830, change=2.80e-03, α=1.000, ‖θ[1:]‖₁=8.303, num_selected_knots=57
2025-09-07 13:08:52,556 - Iter 217: obj=-2493.357100, change=2.78e-03, α=1.000, ‖θ[1:]‖₁=8.303, num_selected_knots=57
2025-09-07 13:08:58,472 - Iter 218: obj=-2493.360344, change=2.76e-03, α=1.000, ‖θ[1:]‖₁=8.303, num_selected_knots=57
2025-09-07 13:09:04,443 - Iter 219: obj=-2493.363563, change=2.74e-03, α=1.000, ‖θ[1:]‖₁=8.303, num_selected_knots=57
2025-09-07 13:09:10,226 - Iter 220: obj=-2493.366760, change=2.73e-03, α=1.000, ‖θ[1:]‖₁=8.303, num_selected_knots=57
2025-09-07 13:09:16,035 - Iter 221: obj=-2493.369934, change=2.46e-03, α=1.000, ‖θ[1:]‖₁=8.302, num_selected_knots=57
2025-09-07 13:09:21,943 - Iter 222: obj=-2493.373999, change=2.65e-03, α=1.000, ‖θ[1:]‖₁=8.301, num_selected_knots=58
2025-09-07 13:09:27,774 - Iter 223: obj=-2493.377591, change=2.37e-03, α=1.000, ‖θ[1:]‖₁=8.302, num_selected_knots=58
2025-09-07 13:09:33,553 - Iter 224: obj=-2493.380882, change=2.20e-03, α=1.000, ‖θ[1:]‖₁=8.302, num_selected_knots=58
2025-09-07 13:09:39,344 - Iter 225: obj=-2493.384728, change=2.76e-03, α=1.000, ‖θ[1:]‖₁=8.301, num_selected_knots=57
2025-09-07 13:09:45,122 - Iter 226: obj=-2493.388414, change=2.65e-03, α=1.000, ‖θ[1:]‖₁=8.301, num_selected_knots=57
2025-09-07 13:09:51,022 - Iter 227: obj=-2493.391841, change=2.53e-03, α=1.000, ‖θ[1:]‖₁=8.301, num_selected_knots=57
2025-09-07 13:09:56,863 - Iter 228: obj=-2493.395036, change=2.43e-03, α=1.000, ‖θ[1:]‖₁=8.301, num_selected_knots=57
2025-09-07 13:10:02,741 - Iter 229: obj=-2493.398034, change=2.34e-03, α=1.000, ‖θ[1:]‖₁=8.301, num_selected_knots=57
2025-09-07 13:10:08,644 - Iter 230: obj=-2493.400866, change=2.26e-03, α=1.000, ‖θ[1:]‖₁=8.301, num_selected_knots=57
2025-09-07 13:10:14,493 - Iter 231: obj=-2493.403563, change=2.19e-03, α=1.000, ‖θ[1:]‖₁=8.301, num_selected_knots=57
2025-09-07 13:10:20,316 - Iter 232: obj=-2493.406149, change=2.12e-03, α=1.000, ‖θ[1:]‖₁=8.301, num_selected_knots=57
2025-09-07 13:10:26,094 - Iter 233: obj=-2493.408643, change=2.06e-03, α=1.000, ‖θ[1:]‖₁=8.301, num_selected_knots=57
2025-09-07 13:10:31,983 - Iter 234: obj=-2493.411063, change=2.01e-03, α=1.000, ‖θ[1:]‖₁=8.301, num_selected_knots=57
2025-09-07 13:10:37,830 - Iter 235: obj=-2493.413420, change=1.97e-03, α=1.000, ‖θ[1:]‖₁=8.301, num_selected_knots=57
2025-09-07 13:10:43,692 - Iter 236: obj=-2493.415724, change=1.92e-03, α=1.000, ‖θ[1:]‖₁=8.301, num_selected_knots=57
2025-09-07 13:10:49,589 - Iter 237: obj=-2493.417985, change=1.89e-03, α=1.000, ‖θ[1:]‖₁=8.301, num_selected_knots=57
2025-09-07 13:10:55,468 - Iter 238: obj=-2493.420207, change=1.85e-03, α=1.000, ‖θ[1:]‖₁=8.301, num_selected_knots=57
2025-09-07 13:11:01,395 - Iter 239: obj=-2493.422398, change=1.82e-03, α=1.000, ‖θ[1:]‖₁=8.301, num_selected_knots=57
2025-09-07 13:11:07,279 - Iter 240: obj=-2493.424561, change=1.79e-03, α=1.000, ‖θ[1:]‖₁=8.301, num_selected_knots=57
2025-09-07 13:11:13,034 - Iter 241: obj=-2493.426700, change=1.77e-03, α=1.000, ‖θ[1:]‖₁=8.301, num_selected_knots=57
2025-09-07 13:11:18,793 - Iter 242: obj=-2493.428818, change=1.75e-03, α=1.000, ‖θ[1:]‖₁=8.301, num_selected_knots=57
2025-09-07 13:11:24,660 - Iter 243: obj=-2493.430917, change=1.73e-03, α=1.000, ‖θ[1:]‖₁=8.301, num_selected_knots=57
2025-09-07 13:11:30,483 - Iter 244: obj=-2493.432999, change=1.71e-03, α=1.000, ‖θ[1:]‖₁=8.301, num_selected_knots=56
2025-09-07 13:11:36,537 - Iter 245: obj=-2493.435065, change=1.69e-03, α=1.000, ‖θ[1:]‖₁=8.301, num_selected_knots=56
2025-09-07 13:11:42,361 - Iter 246: obj=-2493.437117, change=1.67e-03, α=1.000, ‖θ[1:]‖₁=8.301, num_selected_knots=56
2025-09-07 13:11:48,275 - Iter 247: obj=-2493.439156, change=1.66e-03, α=1.000, ‖θ[1:]‖₁=8.301, num_selected_knots=56
2025-09-07 13:11:54,066 - Iter 248: obj=-2493.441185, change=1.65e-03, α=1.000, ‖θ[1:]‖₁=8.301, num_selected_knots=56
2025-09-07 13:11:59,879 - Iter 249: obj=-2493.443203, change=1.64e-03, α=1.000, ‖θ[1:]‖₁=8.301, num_selected_knots=56
2025-09-07 13:12:05,721 - Iter 250: obj=-2493.445212, change=1.62e-03, α=1.000, ‖θ[1:]‖₁=8.301, num_selected_knots=56
2025-09-07 13:12:11,532 - Iter 251: obj=-2493.447212, change=1.61e-03, α=1.000, ‖θ[1:]‖₁=8.301, num_selected_knots=56
2025-09-07 13:12:17,316 - Iter 252: obj=-2493.449204, change=1.61e-03, α=1.000, ‖θ[1:]‖₁=8.301, num_selected_knots=56
2025-09-07 13:12:23,109 - Iter 253: obj=-2493.451189, change=1.60e-03, α=1.000, ‖θ[1:]‖₁=8.301, num_selected_knots=56
2025-09-07 13:12:28,886 - Iter 254: obj=-2493.453166, change=1.59e-03, α=1.000, ‖θ[1:]‖₁=8.301, num_selected_knots=56
2025-09-07 13:12:34,815 - Iter 255: obj=-2493.455137, change=1.58e-03, α=1.000, ‖θ[1:]‖₁=8.301, num_selected_knots=56
2025-09-07 13:12:40,660 - Iter 256: obj=-2493.457102, change=1.58e-03, α=1.000, ‖θ[1:]‖₁=8.301, num_selected_knots=56
2025-09-07 13:12:46,487 - Iter 257: obj=-2493.459061, change=1.57e-03, α=1.000, ‖θ[1:]‖₁=8.301, num_selected_knots=56
2025-09-07 13:12:52,276 - Iter 258: obj=-2493.461015, change=1.56e-03, α=1.000, ‖θ[1:]‖₁=8.301, num_selected_knots=56
2025-09-07 13:12:58,145 - Iter 259: obj=-2493.462963, change=1.56e-03, α=1.000, ‖θ[1:]‖₁=8.301, num_selected_knots=56
2025-09-07 13:13:04,096 - Iter 260: obj=-2493.464907, change=1.55e-03, α=1.000, ‖θ[1:]‖₁=8.301, num_selected_knots=56
2025-09-07 13:13:09,848 - Iter 261: obj=-2493.466845, change=1.55e-03, α=1.000, ‖θ[1:]‖₁=8.301, num_selected_knots=56
2025-09-07 13:13:15,625 - Iter 262: obj=-2493.468779, change=1.54e-03, α=1.000, ‖θ[1:]‖₁=8.301, num_selected_knots=56
2025-09-07 13:13:21,479 - Iter 263: obj=-2493.470709, change=1.54e-03, α=1.000, ‖θ[1:]‖₁=8.301, num_selected_knots=56
2025-09-07 13:13:27,304 - Iter 264: obj=-2493.472635, change=1.54e-03, α=1.000, ‖θ[1:]‖₁=8.301, num_selected_knots=56
2025-09-07 13:13:33,089 - Iter 265: obj=-2493.474556, change=1.53e-03, α=1.000, ‖θ[1:]‖₁=8.301, num_selected_knots=56
2025-09-07 13:13:38,944 - Iter 266: obj=-2493.476474, change=1.53e-03, α=1.000, ‖θ[1:]‖₁=8.301, num_selected_knots=56
2025-09-07 13:13:44,844 - Iter 267: obj=-2493.478388, change=1.53e-03, α=1.000, ‖θ[1:]‖₁=8.301, num_selected_knots=56
2025-09-07 13:13:50,732 - Iter 268: obj=-2493.480299, change=1.52e-03, α=1.000, ‖θ[1:]‖₁=8.301, num_selected_knots=56
2025-09-07 13:13:56,672 - Iter 269: obj=-2493.482206, change=1.52e-03, α=1.000, ‖θ[1:]‖₁=8.301, num_selected_knots=56
2025-09-07 13:14:02,548 - Iter 270: obj=-2493.484110, change=1.52e-03, α=1.000, ‖θ[1:]‖₁=8.301, num_selected_knots=56
2025-09-07 13:14:08,509 - Iter 271: obj=-2493.486011, change=1.51e-03, α=1.000, ‖θ[1:]‖₁=8.301, num_selected_knots=56
2025-09-07 13:14:14,316 - Iter 272: obj=-2493.487909, change=1.51e-03, α=1.000, ‖θ[1:]‖₁=8.301, num_selected_knots=56
2025-09-07 13:14:20,152 - Iter 273: obj=-2493.489804, change=1.51e-03, α=1.000, ‖θ[1:]‖₁=8.301, num_selected_knots=56
2025-09-07 13:14:25,994 - Iter 274: obj=-2493.491695, change=1.51e-03, α=1.000, ‖θ[1:]‖₁=8.301, num_selected_knots=56
2025-09-07 13:14:31,943 - Iter 275: obj=-2493.493585, change=1.50e-03, α=1.000, ‖θ[1:]‖₁=8.301, num_selected_knots=56
2025-09-07 13:14:37,771 - Iter 276: obj=-2493.495471, change=1.50e-03, α=1.000, ‖θ[1:]‖₁=8.301, num_selected_knots=56
2025-09-07 13:14:43,810 - Iter 277: obj=-2493.497355, change=1.50e-03, α=1.000, ‖θ[1:]‖₁=8.301, num_selected_knots=56
2025-09-07 13:14:49,844 - Iter 278: obj=-2493.499237, change=1.50e-03, α=1.000, ‖θ[1:]‖₁=8.301, num_selected_knots=56
2025-09-07 13:14:55,743 - Iter 279: obj=-2493.501116, change=1.50e-03, α=1.000, ‖θ[1:]‖₁=8.301, num_selected_knots=56
2025-09-07 13:15:01,838 - Iter 280: obj=-2493.502992, change=1.50e-03, α=1.000, ‖θ[1:]‖₁=8.301, num_selected_knots=56
2025-09-07 13:15:07,683 - Iter 281: obj=-2493.504866, change=1.49e-03, α=1.000, ‖θ[1:]‖₁=8.301, num_selected_knots=56
2025-09-07 13:15:13,539 - Iter 282: obj=-2493.506738, change=1.49e-03, α=1.000, ‖θ[1:]‖₁=8.301, num_selected_knots=56
2025-09-07 13:15:19,390 - Iter 283: obj=-2493.508608, change=1.49e-03, α=1.000, ‖θ[1:]‖₁=8.301, num_selected_knots=56
2025-09-07 13:15:25,226 - Iter 284: obj=-2493.510476, change=1.49e-03, α=1.000, ‖θ[1:]‖₁=8.301, num_selected_knots=56
2025-09-07 13:15:31,044 - Iter 285: obj=-2493.512342, change=1.49e-03, α=1.000, ‖θ[1:]‖₁=8.301, num_selected_knots=56
2025-09-07 13:15:36,889 - Iter 286: obj=-2493.514206, change=1.49e-03, α=1.000, ‖θ[1:]‖₁=8.301, num_selected_knots=56
2025-09-07 13:15:42,732 - Iter 287: obj=-2493.516068, change=1.46e-03, α=1.000, ‖θ[1:]‖₁=8.301, num_selected_knots=55
2025-09-07 13:15:48,809 - Iter 288: obj=-2493.519256, change=2.61e-03, α=1.000, ‖θ[1:]‖₁=8.301, num_selected_knots=55
2025-09-07 13:15:54,694 - Iter 289: obj=-2493.522365, change=2.51e-03, α=1.000, ‖θ[1:]‖₁=8.301, num_selected_knots=55
2025-09-07 13:16:00,554 - Iter 290: obj=-2493.525377, change=2.42e-03, α=1.000, ‖θ[1:]‖₁=8.301, num_selected_knots=55
2025-09-07 13:16:06,483 - Iter 291: obj=-2493.528301, change=2.35e-03, α=1.000, ‖θ[1:]‖₁=8.301, num_selected_knots=55
2025-09-07 13:16:12,331 - Iter 292: obj=-2493.531151, change=2.28e-03, α=1.000, ‖θ[1:]‖₁=8.301, num_selected_knots=55
2025-09-07 13:16:18,119 - Iter 293: obj=-2493.533934, change=2.23e-03, α=1.000, ‖θ[1:]‖₁=8.301, num_selected_knots=55
2025-09-07 13:16:23,977 - Iter 294: obj=-2493.536660, change=2.18e-03, α=1.000, ‖θ[1:]‖₁=8.301, num_selected_knots=55
2025-09-07 13:16:29,898 - Iter 295: obj=-2493.539332, change=2.14e-03, α=1.000, ‖θ[1:]‖₁=8.301, num_selected_knots=55
2025-09-07 13:16:35,794 - Iter 296: obj=-2493.541958, change=2.10e-03, α=1.000, ‖θ[1:]‖₁=8.301, num_selected_knots=55
2025-09-07 13:16:41,644 - Iter 297: obj=-2493.544540, change=2.06e-03, α=1.000, ‖θ[1:]‖₁=8.301, num_selected_knots=55
2025-09-07 13:16:47,562 - Iter 298: obj=-2493.547082, change=2.03e-03, α=1.000, ‖θ[1:]‖₁=8.301, num_selected_knots=55
2025-09-07 13:16:53,499 - Iter 299: obj=-2493.549587, change=2.00e-03, α=1.000, ‖θ[1:]‖₁=8.301, num_selected_knots=55
2025-09-07 13:16:59,465 - Iter 300: obj=-2493.552057, change=1.97e-03, α=1.000, ‖θ[1:]‖₁=8.301, num_selected_knots=55
2025-09-07 13:17:05,356 - Iter 301: obj=-2493.554495, change=1.95e-03, α=1.000, ‖θ[1:]‖₁=8.301, num_selected_knots=55
2025-09-07 13:17:11,218 - Iter 302: obj=-2493.556902, change=1.92e-03, α=1.000, ‖θ[1:]‖₁=8.301, num_selected_knots=55
2025-09-07 13:17:16,999 - Iter 303: obj=-2493.559280, change=1.90e-03, α=1.000, ‖θ[1:]‖₁=8.301, num_selected_knots=55
2025-09-07 13:17:22,820 - Iter 304: obj=-2493.561630, change=1.88e-03, α=1.000, ‖θ[1:]‖₁=8.301, num_selected_knots=55
2025-09-07 13:17:28,634 - Iter 305: obj=-2493.563955, change=1.86e-03, α=1.000, ‖θ[1:]‖₁=8.301, num_selected_knots=55
2025-09-07 13:17:34,588 - Iter 306: obj=-2493.566255, change=1.84e-03, α=1.000, ‖θ[1:]‖₁=8.301, num_selected_knots=55
2025-09-07 13:17:40,378 - Iter 307: obj=-2493.568532, change=1.82e-03, α=1.000, ‖θ[1:]‖₁=8.301, num_selected_knots=56
2025-09-07 13:17:46,315 - Iter 308: obj=-2493.570813, change=1.59e-03, α=1.000, ‖θ[1:]‖₁=8.301, num_selected_knots=55
2025-09-07 13:17:52,241 - Iter 309: obj=-2493.572253, change=1.46e-03, α=1.000, ‖θ[1:]‖₁=8.301, num_selected_knots=55
2025-09-07 13:17:58,213 - Iter 310: obj=-2493.573589, change=1.31e-03, α=1.000, ‖θ[1:]‖₁=8.301, num_selected_knots=55
2025-09-07 13:18:04,204 - Iter 311: obj=-2493.574859, change=1.16e-03, α=1.000, ‖θ[1:]‖₁=8.301, num_selected_knots=55
2025-09-07 13:18:10,098 - Iter 312: obj=-2493.576021, change=1.03e-03, α=1.000, ‖θ[1:]‖₁=8.301, num_selected_knots=55
2025-09-07 13:18:15,941 - Iter 313: obj=-2493.577093, change=9.10e-04, α=1.000, ‖θ[1:]‖₁=8.301, num_selected_knots=55
2025-09-07 13:18:21,881 - Iter 314: obj=-2493.578086, change=8.09e-04, α=1.000, ‖θ[1:]‖₁=8.301, num_selected_knots=55
2025-09-07 13:18:27,744 - Iter 315: obj=-2493.579014, change=7.21e-04, α=1.000, ‖θ[1:]‖₁=8.301, num_selected_knots=55
2025-09-07 13:18:33,602 - Iter 316: obj=-2493.579891, change=6.46e-04, α=1.000, ‖θ[1:]‖₁=8.301, num_selected_knots=55
2025-09-07 13:18:39,474 - Iter 317: obj=-2493.580727, change=5.99e-04, α=1.000, ‖θ[1:]‖₁=8.301, num_selected_knots=54
2025-09-07 13:18:45,411 - Iter 318: obj=-2493.581530, change=5.63e-04, α=1.000, ‖θ[1:]‖₁=8.301, num_selected_knots=54
2025-09-07 13:18:51,284 - Iter 319: obj=-2493.582309, change=5.30e-04, α=1.000, ‖θ[1:]‖₁=8.301, num_selected_knots=54
2025-09-07 13:18:57,133 - Iter 320: obj=-2493.583067, change=5.00e-04, α=1.000, ‖θ[1:]‖₁=8.301, num_selected_knots=54
2025-09-07 13:19:03,214 - Iter 321: obj=-2493.583810, change=4.82e-04, α=1.000, ‖θ[1:]‖₁=8.301, num_selected_knots=54
2025-09-07 13:19:09,139 - Iter 322: obj=-2493.584540, change=4.71e-04, α=1.000, ‖θ[1:]‖₁=8.301, num_selected_knots=54
2025-09-07 13:19:15,011 - Iter 323: obj=-2493.585260, change=4.83e-04, α=1.000, ‖θ[1:]‖₁=8.301, num_selected_knots=54
2025-09-07 13:19:20,885 - Iter 324: obj=-2493.585972, change=4.95e-04, α=1.000, ‖θ[1:]‖₁=8.301, num_selected_knots=54
2025-09-07 13:19:26,685 - Iter 325: obj=-2493.586679, change=5.06e-04, α=1.000, ‖θ[1:]‖₁=8.301, num_selected_knots=54
2025-09-07 13:19:32,562 - Iter 326: obj=-2493.587380, change=5.17e-04, α=1.000, ‖θ[1:]‖₁=8.301, num_selected_knots=54
2025-09-07 13:19:38,499 - Iter 327: obj=-2493.588079, change=5.28e-04, α=1.000, ‖θ[1:]‖₁=8.301, num_selected_knots=54
2025-09-07 13:19:44,322 - Iter 328: obj=-2493.588775, change=5.38e-04, α=1.000, ‖θ[1:]‖₁=8.301, num_selected_knots=54
2025-09-07 13:19:50,287 - Iter 329: obj=-2493.589470, change=5.48e-04, α=1.000, ‖θ[1:]‖₁=8.301, num_selected_knots=54
2025-09-07 13:19:56,208 - Iter 330: obj=-2493.590165, change=5.58e-04, α=1.000, ‖θ[1:]‖₁=8.301, num_selected_knots=54
2025-09-07 13:20:02,099 - Iter 331: obj=-2493.590859, change=5.67e-04, α=1.000, ‖θ[1:]‖₁=8.301, num_selected_knots=54
2025-09-07 13:20:08,031 - Iter 332: obj=-2493.591554, change=5.77e-04, α=1.000, ‖θ[1:]‖₁=8.301, num_selected_knots=54
2025-09-07 13:20:13,844 - Iter 333: obj=-2493.592250, change=5.86e-04, α=1.000, ‖θ[1:]‖₁=8.301, num_selected_knots=54
2025-09-07 13:20:19,819 - Iter 334: obj=-2493.592948, change=5.94e-04, α=1.000, ‖θ[1:]‖₁=8.301, num_selected_knots=54
2025-09-07 13:20:25,739 - Iter 335: obj=-2493.593648, change=6.02e-04, α=1.000, ‖θ[1:]‖₁=8.301, num_selected_knots=54
2025-09-07 13:20:31,617 - Iter 336: obj=-2493.594350, change=6.10e-04, α=1.000, ‖θ[1:]‖₁=8.301, num_selected_knots=54
2025-09-07 13:20:37,750 - Iter 337: obj=-2493.595054, change=6.18e-04, α=1.000, ‖θ[1:]‖₁=8.301, num_selected_knots=54
2025-09-07 13:20:43,825 - Iter 338: obj=-2493.595761, change=6.26e-04, α=1.000, ‖θ[1:]‖₁=8.301, num_selected_knots=54
2025-09-07 13:20:49,803 - Iter 339: obj=-2493.596471, change=6.33e-04, α=1.000, ‖θ[1:]‖₁=8.301, num_selected_knots=54
2025-09-07 13:20:55,780 - Iter 340: obj=-2493.597184, change=6.40e-04, α=1.000, ‖θ[1:]‖₁=8.301, num_selected_knots=54
2025-09-07 13:21:01,911 - Iter 341: obj=-2493.597900, change=6.46e-04, α=1.000, ‖θ[1:]‖₁=8.301, num_selected_knots=54
2025-09-07 13:21:07,938 - Iter 342: obj=-2493.598620, change=6.53e-04, α=1.000, ‖θ[1:]‖₁=8.301, num_selected_knots=54
2025-09-07 13:21:13,862 - Iter 343: obj=-2493.599343, change=6.59e-04, α=1.000, ‖θ[1:]‖₁=8.301, num_selected_knots=54
2025-09-07 13:21:19,763 - Iter 344: obj=-2493.600069, change=6.65e-04, α=1.000, ‖θ[1:]‖₁=8.301, num_selected_knots=54
2025-09-07 13:21:25,738 - Iter 345: obj=-2493.600798, change=6.71e-04, α=1.000, ‖θ[1:]‖₁=8.301, num_selected_knots=53
2025-09-07 13:21:31,557 - Iter 346: obj=-2493.601527, change=6.76e-04, α=1.000, ‖θ[1:]‖₁=8.301, num_selected_knots=53
2025-09-07 13:21:37,388 - Iter 347: obj=-2493.602257, change=6.81e-04, α=1.000, ‖θ[1:]‖₁=8.301, num_selected_knots=53
2025-09-07 13:21:43,262 - Iter 348: obj=-2493.602991, change=6.85e-04, α=1.000, ‖θ[1:]‖₁=8.301, num_selected_knots=53
2025-09-07 13:21:49,336 - Iter 349: obj=-2493.603728, change=6.89e-04, α=1.000, ‖θ[1:]‖₁=8.301, num_selected_knots=53
2025-09-07 13:21:55,366 - Iter 350: obj=-2493.604469, change=6.93e-04, α=1.000, ‖θ[1:]‖₁=8.301, num_selected_knots=53
2025-09-07 13:22:01,316 - Iter 351: obj=-2493.605214, change=6.96e-04, α=1.000, ‖θ[1:]‖₁=8.301, num_selected_knots=53
2025-09-07 13:22:07,160 - Iter 352: obj=-2493.605962, change=7.00e-04, α=1.000, ‖θ[1:]‖₁=8.301, num_selected_knots=53
2025-09-07 13:22:13,104 - Iter 353: obj=-2493.606714, change=7.03e-04, α=1.000, ‖θ[1:]‖₁=8.301, num_selected_knots=53
2025-09-07 13:22:19,095 - Iter 354: obj=-2493.607469, change=7.06e-04, α=1.000, ‖θ[1:]‖₁=8.301, num_selected_knots=53
2025-09-07 13:22:24,933 - Iter 355: obj=-2493.608227, change=7.09e-04, α=1.000, ‖θ[1:]‖₁=8.301, num_selected_knots=53
2025-09-07 13:22:30,789 - Iter 356: obj=-2493.608988, change=7.12e-04, α=1.000, ‖θ[1:]‖₁=8.301, num_selected_knots=53
2025-09-07 13:22:36,670 - Iter 357: obj=-2493.609752, change=7.15e-04, α=1.000, ‖θ[1:]‖₁=8.301, num_selected_knots=53
2025-09-07 13:22:42,544 - Iter 358: obj=-2493.610519, change=7.18e-04, α=1.000, ‖θ[1:]‖₁=8.301, num_selected_knots=53
2025-09-07 13:22:48,531 - Iter 359: obj=-2493.611289, change=7.15e-04, α=1.000, ‖θ[1:]‖₁=8.301, num_selected_knots=53
2025-09-07 13:22:54,412 - Iter 360: obj=-2493.612671, change=1.23e-03, α=1.000, ‖θ[1:]‖₁=8.301, num_selected_knots=52
2025-09-07 13:23:00,562 - Iter 361: obj=-2493.614437, change=1.60e-03, α=1.000, ‖θ[1:]‖₁=8.301, num_selected_knots=52
2025-09-07 13:23:06,415 - Iter 362: obj=-2493.616169, change=1.56e-03, α=1.000, ‖θ[1:]‖₁=8.301, num_selected_knots=52
2025-09-07 13:23:12,297 - Iter 363: obj=-2493.617860, change=1.52e-03, α=1.000, ‖θ[1:]‖₁=8.301, num_selected_knots=52
2025-09-07 13:23:18,167 - Iter 364: obj=-2493.619513, change=1.49e-03, α=1.000, ‖θ[1:]‖₁=8.301, num_selected_knots=52
2025-09-07 13:23:24,119 - Iter 365: obj=-2493.621128, change=1.46e-03, α=1.000, ‖θ[1:]‖₁=8.301, num_selected_knots=52
2025-09-07 13:23:30,045 - Iter 366: obj=-2493.622709, change=1.43e-03, α=1.000, ‖θ[1:]‖₁=8.301, num_selected_knots=52
2025-09-07 13:23:35,900 - Iter 367: obj=-2493.624257, change=1.41e-03, α=1.000, ‖θ[1:]‖₁=8.301, num_selected_knots=52
2025-09-07 13:23:41,895 - Iter 368: obj=-2493.625776, change=1.39e-03, α=1.000, ‖θ[1:]‖₁=8.301, num_selected_knots=52
2025-09-07 13:23:48,097 - Iter 369: obj=-2493.627267, change=1.36e-03, α=1.000, ‖θ[1:]‖₁=8.301, num_selected_knots=52
2025-09-07 13:23:53,967 - Iter 370: obj=-2493.628732, change=1.34e-03, α=1.000, ‖θ[1:]‖₁=8.301, num_selected_knots=52
2025-09-07 13:23:59,961 - Iter 371: obj=-2493.630173, change=1.32e-03, α=1.000, ‖θ[1:]‖₁=8.301, num_selected_knots=52
2025-09-07 13:24:05,839 - Iter 372: obj=-2493.631592, change=1.31e-03, α=1.000, ‖θ[1:]‖₁=8.301, num_selected_knots=52
2025-09-07 13:24:11,689 - Iter 373: obj=-2493.632988, change=1.29e-03, α=1.000, ‖θ[1:]‖₁=8.301, num_selected_knots=52
2025-09-07 13:24:17,520 - Iter 374: obj=-2493.634365, change=1.27e-03, α=1.000, ‖θ[1:]‖₁=8.301, num_selected_knots=52
2025-09-07 13:24:23,358 - Iter 375: obj=-2493.635723, change=1.26e-03, α=1.000, ‖θ[1:]‖₁=8.301, num_selected_knots=52
2025-09-07 13:24:29,322 - Iter 376: obj=-2493.637063, change=1.25e-03, α=1.000, ‖θ[1:]‖₁=8.301, num_selected_knots=52
2025-09-07 13:24:35,178 - Iter 377: obj=-2493.638385, change=1.23e-03, α=1.000, ‖θ[1:]‖₁=8.301, num_selected_knots=52
2025-09-07 13:24:41,069 - Iter 378: obj=-2493.639692, change=1.22e-03, α=1.000, ‖θ[1:]‖₁=8.301, num_selected_knots=52
2025-09-07 13:24:46,926 - Iter 379: obj=-2493.640983, change=1.21e-03, α=1.000, ‖θ[1:]‖₁=8.301, num_selected_knots=52
2025-09-07 13:24:52,961 - Iter 380: obj=-2493.642260, change=1.19e-03, α=1.000, ‖θ[1:]‖₁=8.301, num_selected_knots=52
2025-09-07 13:24:58,938 - Iter 381: obj=-2493.643524, change=1.18e-03, α=1.000, ‖θ[1:]‖₁=8.301, num_selected_knots=52
2025-09-07 13:25:04,952 - Iter 382: obj=-2493.644774, change=1.17e-03, α=1.000, ‖θ[1:]‖₁=8.301, num_selected_knots=52
2025-09-07 13:25:10,817 - Iter 383: obj=-2493.646011, change=1.16e-03, α=1.000, ‖θ[1:]‖₁=8.301, num_selected_knots=52
2025-09-07 13:25:16,759 - Iter 384: obj=-2493.647237, change=1.15e-03, α=1.000, ‖θ[1:]‖₁=8.301, num_selected_knots=52
2025-09-07 13:25:22,664 - Iter 385: obj=-2493.648452, change=1.14e-03, α=1.000, ‖θ[1:]‖₁=8.301, num_selected_knots=52
2025-09-07 13:25:28,474 - Iter 386: obj=-2493.649656, change=1.13e-03, α=1.000, ‖θ[1:]‖₁=8.301, num_selected_knots=52
2025-09-07 13:25:34,404 - Iter 387: obj=-2493.650850, change=1.13e-03, α=1.000, ‖θ[1:]‖₁=8.301, num_selected_knots=52
2025-09-07 13:25:40,310 - Iter 388: obj=-2493.652034, change=1.12e-03, α=1.000, ‖θ[1:]‖₁=8.301, num_selected_knots=52
2025-09-07 13:25:46,241 - Iter 389: obj=-2493.653209, change=1.11e-03, α=1.000, ‖θ[1:]‖₁=8.301, num_selected_knots=52
2025-09-07 13:25:52,279 - Iter 390: obj=-2493.654375, change=1.10e-03, α=1.000, ‖θ[1:]‖₁=8.301, num_selected_knots=52
2025-09-07 13:25:58,178 - Iter 391: obj=-2493.655532, change=1.09e-03, α=1.000, ‖θ[1:]‖₁=8.301, num_selected_knots=52
2025-09-07 13:26:04,085 - Iter 392: obj=-2493.656682, change=1.09e-03, α=1.000, ‖θ[1:]‖₁=8.301, num_selected_knots=52
2025-09-07 13:26:09,962 - Iter 393: obj=-2493.657824, change=1.08e-03, α=1.000, ‖θ[1:]‖₁=8.301, num_selected_knots=52
2025-09-07 13:26:15,799 - Iter 394: obj=-2493.658960, change=1.07e-03, α=1.000, ‖θ[1:]‖₁=8.301, num_selected_knots=52
2025-09-07 13:26:21,655 - Iter 395: obj=-2493.660088, change=1.07e-03, α=1.000, ‖θ[1:]‖₁=8.301, num_selected_knots=52
2025-09-07 13:26:27,547 - Iter 396: obj=-2493.661210, change=1.06e-03, α=1.000, ‖θ[1:]‖₁=8.301, num_selected_knots=52
2025-09-07 13:26:33,491 - Iter 397: obj=-2493.662326, change=1.05e-03, α=1.000, ‖θ[1:]‖₁=8.301, num_selected_knots=52
2025-09-07 13:26:39,324 - Iter 398: obj=-2493.663436, change=1.05e-03, α=1.000, ‖θ[1:]‖₁=8.301, num_selected_knots=52
2025-09-07 13:26:45,207 - Iter 399: obj=-2493.664540, change=1.04e-03, α=1.000, ‖θ[1:]‖₁=8.301, num_selected_knots=52
2025-09-07 13:26:51,165 - Iter 400: obj=-2493.665640, change=1.04e-03, α=1.000, ‖θ[1:]‖₁=8.301, num_selected_knots=53
2025-09-07 13:26:57,005 - Iter 401: obj=-2493.666734, change=1.03e-03, α=1.000, ‖θ[1:]‖₁=8.301, num_selected_knots=53
2025-09-07 13:27:03,071 - Iter 402: obj=-2493.667823, change=1.03e-03, α=1.000, ‖θ[1:]‖₁=8.301, num_selected_knots=53
2025-09-07 13:27:08,838 - Iter 403: obj=-2493.668907, change=1.02e-03, α=1.000, ‖θ[1:]‖₁=8.301, num_selected_knots=53
2025-09-07 13:27:14,766 - Iter 404: obj=-2493.669987, change=1.02e-03, α=1.000, ‖θ[1:]‖₁=8.301, num_selected_knots=53
2025-09-07 13:27:20,606 - Iter 405: obj=-2493.671063, change=1.01e-03, α=1.000, ‖θ[1:]‖₁=8.301, num_selected_knots=53
2025-09-07 13:27:26,476 - Iter 406: obj=-2493.672135, change=1.01e-03, α=1.000, ‖θ[1:]‖₁=8.301, num_selected_knots=53
2025-09-07 13:27:32,334 - Iter 407: obj=-2493.673203, change=1.00e-03, α=1.000, ‖θ[1:]‖₁=8.301, num_selected_knots=53
2025-09-07 13:27:38,299 - Iter 408: obj=-2493.674267, change=1.00e-03, α=1.000, ‖θ[1:]‖₁=8.301, num_selected_knots=53
2025-09-07 13:27:44,236 - Iter 409: obj=-2493.675328, change=9.96e-04, α=1.000, ‖θ[1:]‖₁=8.301, num_selected_knots=53
2025-09-07 13:27:50,201 - Iter 410: obj=-2493.676385, change=9.92e-04, α=1.000, ‖θ[1:]‖₁=8.301, num_selected_knots=53
2025-09-07 13:27:56,022 - Iter 411: obj=-2493.677439, change=9.89e-04, α=1.000, ‖θ[1:]‖₁=8.300, num_selected_knots=53
2025-09-07 13:28:01,910 - Iter 412: obj=-2493.679037, change=1.45e-03, α=1.000, ‖θ[1:]‖₁=8.300, num_selected_knots=52
2025-09-07 13:28:07,838 - Iter 413: obj=-2493.680714, change=1.49e-03, α=1.000, ‖θ[1:]‖₁=8.300, num_selected_knots=52
2025-09-07 13:28:13,680 - Iter 414: obj=-2493.682329, change=1.44e-03, α=1.000, ‖θ[1:]‖₁=8.300, num_selected_knots=52
2025-09-07 13:28:20,423 - Iter 415: obj=-2493.683891, change=1.39e-03, α=1.000, ‖θ[1:]‖₁=8.300, num_selected_knots=52
2025-09-07 13:28:26,699 - Iter 416: obj=-2493.685404, change=1.35e-03, α=1.000, ‖θ[1:]‖₁=8.300, num_selected_knots=52
2025-09-07 13:28:32,926 - Iter 417: obj=-2493.686870, change=1.31e-03, α=1.000, ‖θ[1:]‖₁=8.300, num_selected_knots=52
2025-09-07 13:28:38,732 - Iter 418: obj=-2493.688293, change=1.27e-03, α=1.000, ‖θ[1:]‖₁=8.300, num_selected_knots=52
2025-09-07 13:28:44,501 - Iter 419: obj=-2493.689678, change=1.24e-03, α=1.000, ‖θ[1:]‖₁=8.300, num_selected_knots=52
2025-09-07 13:28:50,282 - Iter 420: obj=-2493.691029, change=1.22e-03, α=1.000, ‖θ[1:]‖₁=8.300, num_selected_knots=52
2025-09-07 13:28:56,090 - Iter 421: obj=-2493.692347, change=1.19e-03, α=1.000, ‖θ[1:]‖₁=8.300, num_selected_knots=52
2025-09-07 13:29:02,045 - Iter 422: obj=-2493.693636, change=1.17e-03, α=1.000, ‖θ[1:]‖₁=8.300, num_selected_knots=52
2025-09-07 13:29:07,740 - Iter 423: obj=-2493.694899, change=1.15e-03, α=1.000, ‖θ[1:]‖₁=8.300, num_selected_knots=52
2025-09-07 13:29:13,416 - Iter 424: obj=-2493.696136, change=1.13e-03, α=1.000, ‖θ[1:]‖₁=8.300, num_selected_knots=52
2025-09-07 13:29:19,068 - Iter 425: obj=-2493.697351, change=1.11e-03, α=1.000, ‖θ[1:]‖₁=8.300, num_selected_knots=52
2025-09-07 13:29:24,695 - Iter 426: obj=-2493.698546, change=1.10e-03, α=1.000, ‖θ[1:]‖₁=8.300, num_selected_knots=52
2025-09-07 13:29:30,322 - Iter 427: obj=-2493.699721, change=1.08e-03, α=1.000, ‖θ[1:]‖₁=8.300, num_selected_knots=52
2025-09-07 13:29:36,023 - Iter 428: obj=-2493.700878, change=1.07e-03, α=1.000, ‖θ[1:]‖₁=8.300, num_selected_knots=52
2025-09-07 13:29:41,717 - Iter 429: obj=-2493.702019, change=1.05e-03, α=1.000, ‖θ[1:]‖₁=8.300, num_selected_knots=52
2025-09-07 13:29:47,536 - Iter 430: obj=-2493.703146, change=1.04e-03, α=1.000, ‖θ[1:]‖₁=8.300, num_selected_knots=52
2025-09-07 13:29:53,318 - Iter 431: obj=-2493.704258, change=1.03e-03, α=1.000, ‖θ[1:]‖₁=8.300, num_selected_knots=52
2025-09-07 13:29:59,022 - Iter 432: obj=-2493.705358, change=1.02e-03, α=1.000, ‖θ[1:]‖₁=8.300, num_selected_knots=52
2025-09-07 13:30:04,693 - Iter 433: obj=-2493.706445, change=1.01e-03, α=1.000, ‖θ[1:]‖₁=8.300, num_selected_knots=52
2025-09-07 13:30:10,388 - Iter 434: obj=-2493.707522, change=9.98e-04, α=1.000, ‖θ[1:]‖₁=8.300, num_selected_knots=52
2025-09-07 13:30:16,071 - Iter 435: obj=-2493.708588, change=9.89e-04, α=1.000, ‖θ[1:]‖₁=8.300, num_selected_knots=52
2025-09-07 13:30:21,682 - Iter 436: obj=-2493.709644, change=9.80e-04, α=1.000, ‖θ[1:]‖₁=8.300, num_selected_knots=52
2025-09-07 13:30:27,421 - Iter 437: obj=-2493.710691, change=9.72e-04, α=1.000, ‖θ[1:]‖₁=8.300, num_selected_knots=52
2025-09-07 13:30:33,096 - Iter 438: obj=-2493.711730, change=9.64e-04, α=1.000, ‖θ[1:]‖₁=8.300, num_selected_knots=52
2025-09-07 13:30:38,723 - Iter 439: obj=-2493.712761, change=9.56e-04, α=1.000, ‖θ[1:]‖₁=8.300, num_selected_knots=52
2025-09-07 13:30:44,345 - Iter 440: obj=-2493.713784, change=9.49e-04, α=1.000, ‖θ[1:]‖₁=8.300, num_selected_knots=52
2025-09-07 13:30:50,186 - Iter 441: obj=-2493.714801, change=9.43e-04, α=1.000, ‖θ[1:]‖₁=8.300, num_selected_knots=52
2025-09-07 13:30:55,916 - Iter 442: obj=-2493.715810, change=9.36e-04, α=1.000, ‖θ[1:]‖₁=8.300, num_selected_knots=52
2025-09-07 13:31:01,754 - Iter 443: obj=-2493.716814, change=9.30e-04, α=1.000, ‖θ[1:]‖₁=8.300, num_selected_knots=52
2025-09-07 13:31:07,416 - Iter 444: obj=-2493.717811, change=9.24e-04, α=1.000, ‖θ[1:]‖₁=8.300, num_selected_knots=52
2025-09-07 13:31:13,053 - Iter 445: obj=-2493.718803, change=9.19e-04, α=1.000, ‖θ[1:]‖₁=8.300, num_selected_knots=52
2025-09-07 13:31:18,688 - Iter 446: obj=-2493.720270, change=1.32e-03, α=1.000, ‖θ[1:]‖₁=8.300, num_selected_knots=51
2025-09-07 13:31:24,362 - Iter 447: obj=-2493.721896, change=1.44e-03, α=1.000, ‖θ[1:]‖₁=8.300, num_selected_knots=51
2025-09-07 13:31:30,009 - Iter 448: obj=-2493.723472, change=1.39e-03, α=1.000, ‖θ[1:]‖₁=8.300, num_selected_knots=51
2025-09-07 13:31:35,620 - Iter 449: obj=-2493.725001, change=1.35e-03, α=1.000, ‖θ[1:]‖₁=8.300, num_selected_knots=51
2025-09-07 13:31:41,298 - Iter 450: obj=-2493.726484, change=1.31e-03, α=1.000, ‖θ[1:]‖₁=8.300, num_selected_knots=51
2025-09-07 13:31:47,016 - Iter 451: obj=-2493.727925, change=1.27e-03, α=1.000, ‖θ[1:]‖₁=8.300, num_selected_knots=51
2025-09-07 13:31:52,655 - Iter 452: obj=-2493.729324, change=1.24e-03, α=1.000, ‖θ[1:]‖₁=8.300, num_selected_knots=51
2025-09-07 13:31:58,295 - Iter 453: obj=-2493.730687, change=1.21e-03, α=1.000, ‖θ[1:]‖₁=8.300, num_selected_knots=51
2025-09-07 13:32:04,002 - Iter 454: obj=-2493.732016, change=1.18e-03, α=1.000, ‖θ[1:]‖₁=8.300, num_selected_knots=51
2025-09-07 13:32:09,706 - Iter 455: obj=-2493.733313, change=1.16e-03, α=1.000, ‖θ[1:]‖₁=8.300, num_selected_knots=51
2025-09-07 13:32:15,356 - Iter 456: obj=-2493.734582, change=1.14e-03, α=1.000, ‖θ[1:]‖₁=8.300, num_selected_knots=51
2025-09-07 13:32:21,031 - Iter 457: obj=-2493.735825, change=1.12e-03, α=1.000, ‖θ[1:]‖₁=8.300, num_selected_knots=51
2025-09-07 13:32:26,644 - Iter 458: obj=-2493.737298, change=1.13e-03, α=1.000, ‖θ[1:]‖₁=8.300, num_selected_knots=50
2025-09-07 13:32:32,292 - Iter 459: obj=-2493.738834, change=1.12e-03, α=1.000, ‖θ[1:]‖₁=8.300, num_selected_knots=51
2025-09-07 13:32:37,925 - Iter 460: obj=-2493.740219, change=1.02e-03, α=1.000, ‖θ[1:]‖₁=8.300, num_selected_knots=51
2025-09-07 13:32:43,665 - Iter 461: obj=-2493.741507, change=9.55e-04, α=1.000, ‖θ[1:]‖₁=8.300, num_selected_knots=51
2025-09-07 13:32:49,406 - Iter 462: obj=-2493.742711, change=9.14e-04, α=1.000, ‖θ[1:]‖₁=8.300, num_selected_knots=51
2025-09-07 13:32:55,089 - Iter 463: obj=-2493.743843, change=8.84e-04, α=1.000, ‖θ[1:]‖₁=8.300, num_selected_knots=52
2025-09-07 13:33:00,902 - Iter 464: obj=-2493.744918, change=8.60e-04, α=1.000, ‖θ[1:]‖₁=8.300, num_selected_knots=52
2025-09-07 13:33:06,599 - Iter 465: obj=-2493.745949, change=8.42e-04, α=1.000, ‖θ[1:]‖₁=8.300, num_selected_knots=52
2025-09-07 13:33:12,246 - Iter 466: obj=-2493.746945, change=8.26e-04, α=1.000, ‖θ[1:]‖₁=8.299, num_selected_knots=52
2025-09-07 13:33:17,900 - Iter 467: obj=-2493.747912, change=8.12e-04, α=1.000, ‖θ[1:]‖₁=8.299, num_selected_knots=52
2025-09-07 13:33:23,524 - Iter 468: obj=-2493.748855, change=8.00e-04, α=1.000, ‖θ[1:]‖₁=8.299, num_selected_knots=52
2025-09-07 13:33:29,178 - Iter 469: obj=-2493.749779, change=7.90e-04, α=1.000, ‖θ[1:]‖₁=8.299, num_selected_knots=52
2025-09-07 13:33:34,929 - Iter 470: obj=-2493.750685, change=7.81e-04, α=1.000, ‖θ[1:]‖₁=8.299, num_selected_knots=51
2025-09-07 13:33:40,850 - Iter 471: obj=-2493.751577, change=7.73e-04, α=1.000, ‖θ[1:]‖₁=8.299, num_selected_knots=51
2025-09-07 13:33:46,718 - Iter 472: obj=-2493.752457, change=7.66e-04, α=1.000, ‖θ[1:]‖₁=8.299, num_selected_knots=51
2025-09-07 13:33:52,495 - Iter 473: obj=-2493.753326, change=7.59e-04, α=1.000, ‖θ[1:]‖₁=8.299, num_selected_knots=51
2025-09-07 13:33:58,202 - Iter 474: obj=-2493.754186, change=7.54e-04, α=1.000, ‖θ[1:]‖₁=8.299, num_selected_knots=51
2025-09-07 13:34:03,901 - Iter 475: obj=-2493.755039, change=7.48e-04, α=1.000, ‖θ[1:]‖₁=8.299, num_selected_knots=51
2025-09-07 13:34:09,684 - Iter 476: obj=-2493.755884, change=7.44e-04, α=1.000, ‖θ[1:]‖₁=8.299, num_selected_knots=51
2025-09-07 13:34:15,442 - Iter 477: obj=-2493.756723, change=7.39e-04, α=1.000, ‖θ[1:]‖₁=8.299, num_selected_knots=51
2025-09-07 13:34:21,155 - Iter 478: obj=-2493.757556, change=7.36e-04, α=1.000, ‖θ[1:]‖₁=8.299, num_selected_knots=51
2025-09-07 13:34:26,858 - Iter 479: obj=-2493.758384, change=7.32e-04, α=1.000, ‖θ[1:]‖₁=8.299, num_selected_knots=51
2025-09-07 13:34:32,452 - Iter 480: obj=-2493.759208, change=7.29e-04, α=1.000, ‖θ[1:]‖₁=8.299, num_selected_knots=51
2025-09-07 13:34:38,392 - Iter 481: obj=-2493.760028, change=7.26e-04, α=1.000, ‖θ[1:]‖₁=8.299, num_selected_knots=51
2025-09-07 13:34:44,198 - Iter 482: obj=-2493.760844, change=7.23e-04, α=1.000, ‖θ[1:]‖₁=8.299, num_selected_knots=51
2025-09-07 13:34:50,184 - Iter 483: obj=-2493.761656, change=7.20e-04, α=1.000, ‖θ[1:]‖₁=8.299, num_selected_knots=51
2025-09-07 13:34:56,108 - Iter 484: obj=-2493.762466, change=7.18e-04, α=1.000, ‖θ[1:]‖₁=8.299, num_selected_knots=51
2025-09-07 13:35:02,245 - Iter 485: obj=-2493.763273, change=7.16e-04, α=1.000, ‖θ[1:]‖₁=8.299, num_selected_knots=51
2025-09-07 13:35:08,008 - Iter 486: obj=-2493.764077, change=7.14e-04, α=1.000, ‖θ[1:]‖₁=8.299, num_selected_knots=51
2025-09-07 13:35:13,733 - Iter 487: obj=-2493.764879, change=7.12e-04, α=1.000, ‖θ[1:]‖₁=8.299, num_selected_knots=51
2025-09-07 13:35:19,412 - Iter 488: obj=-2493.765680, change=7.10e-04, α=1.000, ‖θ[1:]‖₁=8.299, num_selected_knots=51
2025-09-07 13:35:25,168 - Iter 489: obj=-2493.766478, change=7.09e-04, α=1.000, ‖θ[1:]‖₁=8.299, num_selected_knots=51
2025-09-07 13:35:30,874 - Iter 490: obj=-2493.767274, change=7.07e-04, α=1.000, ‖θ[1:]‖₁=8.299, num_selected_knots=51
2025-09-07 13:35:36,625 - Iter 491: obj=-2493.768069, change=7.06e-04, α=1.000, ‖θ[1:]‖₁=8.299, num_selected_knots=51
2025-09-07 13:35:42,301 - Iter 492: obj=-2493.768862, change=7.05e-04, α=1.000, ‖θ[1:]‖₁=8.299, num_selected_knots=51
2025-09-07 13:35:48,091 - Iter 493: obj=-2493.769653, change=7.03e-04, α=1.000, ‖θ[1:]‖₁=8.299, num_selected_knots=51
2025-09-07 13:35:53,670 - Iter 494: obj=-2493.770444, change=7.02e-04, α=1.000, ‖θ[1:]‖₁=8.299, num_selected_knots=51
2025-09-07 13:35:59,300 - Iter 495: obj=-2493.771233, change=7.01e-04, α=1.000, ‖θ[1:]‖₁=8.299, num_selected_knots=51
2025-09-07 13:36:05,046 - Iter 496: obj=-2493.772021, change=7.00e-04, α=1.000, ‖θ[1:]‖₁=8.299, num_selected_knots=51
2025-09-07 13:36:10,704 - Iter 497: obj=-2493.772808, change=6.99e-04, α=1.000, ‖θ[1:]‖₁=8.299, num_selected_knots=51
2025-09-07 13:36:16,408 - Iter 498: obj=-2493.773594, change=6.98e-04, α=1.000, ‖θ[1:]‖₁=8.299, num_selected_knots=51
2025-09-07 13:36:22,079 - Iter 499: obj=-2493.774379, change=6.97e-04, α=1.000, ‖θ[1:]‖₁=8.299, num_selected_knots=51
2025-09-07 13:36:27,875 - Iter 500: obj=-2493.775163, change=6.97e-04, α=1.000, ‖θ[1:]‖₁=8.299, num_selected_knots=51
2025-09-07 13:36:27,883 - Final: obj=-2493.775947, selected_knots=51, iterations=501
